root@iranexpedia:~# dotnet-dump analyze /root/core_20251123_141914
Loading core dump: /root/core_20251123_141914 ...
Ready to process analysis commands. Type 'help' to list available commands or 'help [command]' to get detailed help on a command.
Type 'quit' or 'exit' to exit the session.
> dumpheap -stat                                                                                                                                                                                     
Statistics:
          MT   Count   TotalSize Class Name
7a5abc0ecc30       1          24 System.Collections.Generic.StringEqualityComparer
7a5abc1808a8       1          24 System.OrdinalCaseSensitiveComparer
7a5abc0efe70       1          24 System.Collections.Generic.NonRandomizedStringEqualityComparer+OrdinalIgnoreCaseComparer
7a5abc180ca8       1          24 System.OrdinalIgnoreCaseComparer
7a5abc19dd98       1          24 Program+<>c__DisplayClass0_0
7a5abd665dc0       1          24 Microsoft.Extensions.Primitives.ChangeToken+<>c
7a5abd6661e0       1          24 Microsoft.Extensions.Primitives.ChangeToken+ChangeTokenRegistration<System.Action>+<>c
7a5abd666610       1          24 Microsoft.Extensions.Configuration.ConfigurationReloadToken+<>c
7a5abd667c40       1          24 Microsoft.Extensions.Primitives.ChangeToken+ChangeTokenRegistration<System.Action>+NoopDisposable
7a5abd837e70       1          24 Microsoft.Extensions.Hosting.HostApplicationBuilder+<>c
7a5abc0eda98       1          24 System.Collections.Generic.ObjectEqualityComparer<System.Object>
7a5abda23e58       1          24 Microsoft.Extensions.Hosting.HostBuilder+<>c
7a5abda27660       1          24 Microsoft.Extensions.DependencyInjection.LoggingServiceCollectionExtensions+<>c
7a5abda28358       1          24 Microsoft.Extensions.Logging.DefaultLoggerLevelConfigureOptions
7a5abda28a98       1          24 Microsoft.Extensions.Logging.DefaultLoggerLevelConfigureOptions+<>c__DisplayClass0_0
7a5abd854a80       1          24 Microsoft.Extensions.Hosting.HostApplicationBuilder+LoggingBuilder
7a5abd854c30       1          24 Microsoft.Extensions.Hosting.HostApplicationBuilder+MetricsBuilder
7a5abdca2e48       1          24 System.Reflection.CerHashtable<System.Reflection.RuntimeMethodInfo, System.Reflection.RuntimeMethodInfo>
7a5abdd31280       1          24 Microsoft.Extensions.FileProviders.Physical.Internal.PathUtils+<>c
7a5abdeb2e10       1          24 System.Collections.Generic.ObjectEqualityComparer<Microsoft.Extensions.FileProviders.IPollingChangeToken>
7a5abdf62138       1          24 System.IO.Enumeration.FileSystemEnumerableFactory+<>c
7a5abdf81320       1          24 System.Buffers.SharedArrayPool<System.Char>+<>c
7a5abdf82728       1          24 System.IO.FileSystemWatcher+RunningInstance+<>c
7a5abdf831c0       1          24 Microsoft.Extensions.Primitives.CancellationChangeToken+<>c
7a5abdf854b0       1          24 Microsoft.Extensions.Logging.LoggerFilterConfigureOptions
7a5abdf84fb8       1          24 Microsoft.Extensions.Logging.Configuration.LoggingConfiguration
7a5abdf8e180       1          24 Microsoft.Extensions.Logging.LoggerFilterRule[]
7a5abe383c68       1          24 System.Collections.Generic.ObjectEqualityComparer<System.RuntimeType>
7a5abe3881c0       1          24 System.Reflection.Missing
7a5abe388340       1          24 System.Type+<>c
7a5abe3b6e98       1          24 Microsoft.Extensions.Hosting.HostingHostBuilderExtensions+<>c
7a5abe3b7ab0       1          24 Microsoft.Extensions.Diagnostics.Metrics.Configuration.MetricsConfigureOptions
7a5abe3b7610       1          24 Microsoft.Extensions.Diagnostics.Metrics.Configuration.MetricsConfiguration
7a5abe3b9e90       1          24 Microsoft.AspNetCore.Builder.WebApplicationBuilder+<>c
7a5abe3ba780       1          24 Microsoft.Extensions.Hosting.GenericHostWebHostBuilderExtensions+<>c
7a5abe3bcca0       1          24 Microsoft.AspNetCore.WebHost+<>c
7a5abe3be460       1          24 Microsoft.AspNetCore.Hosting.WebHostBuilderKestrelExtensions+<>c
7a5abe3be988       1          24 Microsoft.AspNetCore.Hosting.WebHostBuilderQuicExtensions+<>c__DisplayClass1_0
7a5abea415e8       1          24 System.Collections.Generic.GenericEqualityComparer<System.Guid>
7a5abea41de8       1          24 System.Net.NetEventSource+<>c
7a5abea44588       1          24 System.Collections.Generic.ObjectEqualityComparer<System.Diagnostics.Metrics.Instrument>
7a5abea45118       1          24 Microsoft.AspNetCore.Hosting.WebHostBuilderKestrelExtensions+<>c__DisplayClass6_0
7a5abea45238       1          24 Microsoft.AspNetCore.WebHost+<>c__DisplayClass12_0
7a5abea499d8       1          24 System.Exception[]
7a5abea49c70       1          24 System.Collections.Generic.ObjectEqualityComparer<System.Reflection.Assembly>
7a5abeb80eb8       1          24 Microsoft.AspNetCore.Hosting.GenericWebHostBuilder+<>c
7a5abeb812e8       1          24 System.Diagnostics.LegacyPropagator
7a5abeb88218       1          24 Microsoft.AspNetCore.WebHost+<>c__DisplayClass12_1
7a5abee60628       1          24 Microsoft.Extensions.DependencyInjection.RoutingServiceCollectionExtensions+<>c__DisplayClass1_0
7a5abee63378       1          24 Microsoft.Extensions.DependencyInjection.RoutingServiceCollectionExtensions+<>c
7a5abee64678       1          24 System.Action<Microsoft.Extensions.Hosting.HostBuilderContext, System.Object>[]
7a5abcdb5710       1          24 Program+<>c
7a5abee69870       1          24 Serilog.Core.Pipeline.SilentLogger
7a5abee66f60       1          24 Serilog.SerilogServiceCollectionExtensions+<>c
7a5abee69dd8       1          24 Serilog.SerilogServiceCollectionExtensions+<>c__DisplayClass4_0
7a5abee6b440       1          24 Microsoft.Extensions.DependencyInjection.MvcCoreServiceCollectionExtensions+<>c__3<Microsoft.AspNetCore.Hosting.IWebHostEnvironment>
7a5abee6d3b0       1          24 Microsoft.Extensions.DependencyInjection.MvcCoreServiceCollectionExtensions+<>c__3<Microsoft.AspNetCore.Mvc.ApplicationParts.ApplicationPartManager>
7a5abee6f0e0       1          24 Microsoft.AspNetCore.Mvc.ApplicationParts.ApplicationPartManager+<>c
7a5abeed08b8       1          24 System.Reflection.Assembly[]
7a5abef161a0       1          24 Microsoft.AspNetCore.Mvc.ApplicationParts.AssemblyPart
7a5abef16400       1          24 Microsoft.AspNetCore.Mvc.ApplicationParts.CompiledRazorAssemblyPart
7a5abef16e98       1          24 System.WeakReference<System.Runtime.Loader.AssemblyLoadContext>
7a5abef1a7f0       1          24 Microsoft.AspNetCore.Mvc.ApplicationParts.RelatedAssemblyAttribute[]
7a5abef1af90       1          24 Microsoft.AspNetCore.Mvc.Controllers.ControllerFeatureProvider
7a5abf05b478       1          24 Microsoft.Extensions.DependencyInjection.MvcCoreServiceCollectionExtensions+<>c
7a5abf05ca28       1          24 Microsoft.Extensions.DependencyInjection.MvcApiExplorerMvcCoreBuilderExtensions+<>c
7a5abf2857a8       1          24 Microsoft.AspNetCore.Mvc.ViewComponents.ViewComponentFeatureProvider
7a5abf9a46c0       1          24 Microsoft.Extensions.DependencyInjection.DataProtectionServiceCollectionExtensions+<>c
7a5abf9a6d28       1          24 Microsoft.Extensions.DependencyInjection.AntiforgeryServiceCollectionExtensions+<>c
7a5abf9a9340       1          24 Microsoft.Extensions.DependencyInjection.EncoderServiceCollectionExtensions+<>c
7a5abf9a9fb0       1          24 Microsoft.Extensions.DependencyInjection.MvcViewFeaturesMvcCoreBuilderExtensions+<>c
7a5abff64608       1          24 Microsoft.Extensions.DependencyInjection.RazorComponentsServiceCollectionExtensions+<>c
7a5abff65350       1          24 Microsoft.Extensions.DependencyInjection.CascadingValueServiceCollectionExtensions+<>c__DisplayClass3_0<Microsoft.AspNetCore.Http.HttpContext>
7a5abff662b0       1          24 Microsoft.AspNetCore.Components.Forms.Mapping.SupplyParameterFromFormServiceCollectionExtensions+<>c
7a5abff665e8       1          24 Microsoft.AspNetCore.Mvc.Razor.TagHelpers.TagHelperFeatureProvider
7a5abff669b0       1          24 Microsoft.AspNetCore.Mvc.ApplicationParts.RazorCompiledItemFeatureProvider
7a5abff6f1c8       1          24 Microsoft.Extensions.DependencyInjection.NewtonsoftJsonMvcCoreBuilderExtensions+<>c
7a5ac0220980       1          24 System.Collections.Generic.ObjectEqualityComparer<Microsoft.Extensions.DependencyInjection.ServiceDescriptor>
7a5ac0221538       1          24 Microsoft.Extensions.DependencyInjection.EntityFrameworkServiceCollectionExtensions+<>c__DisplayClass1_0<ForexExchange.Models.ForexDbContext, ForexExchange.Models.ForexDbContext>
7a5ac0228e10       1          24 Microsoft.Extensions.DependencyInjection.EntityFrameworkServiceCollectionExtensions+<>c__DisplayClass18_0<ForexExchange.Models.ForexDbContext>
7a5ac0229108       1          24 Microsoft.Extensions.DependencyInjection.EntityFrameworkServiceCollectionExtensions+<>c__19<ForexExchange.Models.ForexDbContext>
7a5ac02291d8       1          24 Microsoft.Extensions.DependencyInjection.EntityFrameworkServiceCollectionExtensions+<>c__10<ForexExchange.Models.ForexDbContext, ForexExchange.Models.ForexDbContext>7a5ac022a850       1          24 Microsoft.Extensions.DependencyInjection.IdentityServiceCollectionExtensions+<>c__1<ForexExchange.Models.ApplicationUser, Microsoft.AspNetCore.Identity.IdentityRole>7a5ac022b528       1          24 System.TimeProvider+SystemTimeProvider
7a5ac022c1a8       1          24 Microsoft.Extensions.DependencyInjection.CookieExtensions+<>c
7a5ac026d1b8       1          24 Microsoft.Extensions.DependencyInjection.HttpClientFactoryServiceCollectionExtensions+<>c
7a5ac026a2b0       1          24 Microsoft.Extensions.DependencyInjection.DefaultHttpClientConfigurationTracker
7a5ac0590a38       1          24 Microsoft.Extensions.DependencyInjection.SignalRDependencyInjectionExtensions+<>c
7a5ac0591b50       1          24 Microsoft.AspNetCore.SignalR.Internal.SignalRServerActivitySource
7a5ac0595020       1          24 System.Diagnostics.ActivityListener[]
7a5ac05917f8       1          24 Microsoft.AspNetCore.SignalR.Internal.SignalRServerBuilder
7a5ac05958d0       1          24 Microsoft.Extensions.DependencyInjection.JsonProtocolDependencyInjectionExtensions+<>c__0<Microsoft.AspNetCore.SignalR.Internal.SignalRServerBuilder>
7a5ac0607ed8       1          24 System.Collections.Generic.GenericEqualityComparer<Microsoft.Extensions.DependencyInjection.ServiceLookup.ServiceIdentifier>
7a5ac060bbd8       1          24 Microsoft.Extensions.DependencyInjection.ServiceLookup.CallSiteFactory+<>c
7a5ac060d0d8       1          24 Microsoft.Extensions.DependencyInjection.ServiceLookup.CallSiteRuntimeResolver
7a5ac0a60770       1          24 Microsoft.Extensions.DependencyInjection.KeyedService+AnyKeyObj
7a5ac0a60890       1          24 System.Collections.Generic.KeyValuePair<System.Int32, Microsoft.Extensions.DependencyInjection.ServiceLookup.ServiceCallSite>[]
7a5ac0a60fd8       1          24 Serilog.Configuration.ILoggerSettings[]
7a5ac0623bc8       1          24 System.Collections.Generic.ObjectEqualityComparer<System.Type>
7a5ac062b858       1          24 Microsoft.Extensions.DependencyModel.FileWrapper
7a5ac062ba18       1          24 Microsoft.Extensions.DependencyModel.DirectoryWrapper
7a5ac0628560       1          24 Microsoft.Extensions.DependencyModel.DependencyContextLoader+<>c
7a5ac067d698       1          24 System.Buffers.SharedArrayPool<System.Boolean>+<>c
7a5ac06895b8       1          24 System.Text.EncoderExceptionFallback
7a5ac0689778       1          24 System.Text.DecoderExceptionFallback
7a5ac068e098       1          24 Microsoft.Extensions.DependencyModel.DependencyContextJsonReader+Target[]
7a5ac067ac98       1          24 Microsoft.Extensions.DependencyModel.DependencyContextJsonReader+<>c
7a5ac06ad0c8       1          24 System.Buffers.SharedArrayPool<Microsoft.Extensions.DependencyModel.CompilationLibrary>+<>c
7a5ac06addb0       1          24 Microsoft.Extensions.DependencyModel.ResourceAssembly[]
7a5ac06c2400       1          24 System.Buffers.SharedArrayPool<Microsoft.Extensions.DependencyModel.RuntimeLibrary>+<>c
7a5ac06c4138       1          24 System.Buffers.SharedArrayPool<System.Byte>+<>c
7a5ac629e700       1          24 Microsoft.EntityFrameworkCore.Query.Internal.CompiledQueryCache+<>c__3<System.Collections.Generic.IAsyncEnumerable<<>f__AnonymousType219<System.Int64, System.Int32, System.String, System.Decimal, System.DateTime, System.String>>>
7a5ac634dc78       1          24 Microsoft.EntityFrameworkCore.ChangeTracking.Internal.Snapshot<System.Int64, System.Int32, System.Object>+<>c
7a5ac06c85e0       1          24 System.Collections.Generic.ObjectEqualityComparer<Microsoft.Extensions.DependencyModel.RuntimeFallbacks>
7a5ac06cc490       1          24 System.GenericEmptyEnumerator<System.Collections.Generic.KeyValuePair<System.String, System.String>>
7a5ac06cc798       1          24 Microsoft.Extensions.Configuration.ConfigurationKeyComparer
7a5ac06cfb48       1          24 System.Reflection.AssemblyName[]
7a5ac06cfe18       1          24 Serilog.Settings.Configuration.Assemblies.DependencyContextAssemblyFinder+<>c
7a5ac06e83d8       1          24 Microsoft.Extensions.DependencyModel.RuntimeAssetGroup+<>c
7a5ac06e9cf0       1          24 System.Buffers.SharedArrayPool<System.Reflection.AssemblyName>+<>c
7a5ac06ea028       1          24 Serilog.Settings.Configuration.Assemblies.DllScanningAssemblyFinder+<>c
7a5ac0709bf0       1          24 System.DefaultBinder
7a5ac0a23860       1          24 System.Collections.Immutable.ImmutableArray<System.Reflection.PortableExecutable.SectionHeader>
7a5ac0a2ada0       1          24 System.Reflection.PortableExecutable.SectionHeader[]
7a5ac0a2e668       1          24 System.Reflection.Metadata.MetadataStringDecoder
7a5ac06c9578       1          24 Serilog.Settings.Configuration.ConfigurationReader+<>c
7a5ac0a604f8       1          24 Microsoft.Extensions.DependencyInjection.ServiceProvider+<>c
7a5ac3a8c7b8       1          24 Microsoft.AspNetCore.Builder.HubEndpointRouteBuilderExtensions+<>c__DisplayClass2_0<ForexExchange.Hubs.NotificationHub>
7a5ac0a61a78       1          24 Serilog.Context.LogContextEnricher
7a5ac0a62308       1          24 Serilog.Sinks.SystemConsole.Output.OutputTemplateRenderer
7a5ac0a66e30       1          24 Serilog.Sinks.SystemConsole.Output.ExceptionTokenRenderer
7a5ac0afc7b0       1          24 System.Text.RegularExpressions.RegexNode[]
7a5ac0c889b8       1          24 System.Collections.Generic.ObjectEqualityComparer<System.Text.RegularExpressions.RegexNode>
7a5ac0c8b5e8       1          24 System.Reflection.Emit.LocalBuilder[]
7a5ac0ca7c38       1          24 System.Threading.Tasks.Task+<>c
7a5ac0ca7de0       1          24 System.Threading.Tasks.ThreadPoolTaskScheduler
7a5ac0ca8710       1          24 System.Threading.Tasks.ThreadPoolTaskScheduler+<>c
7a5ac0ca9080       1          24 Serilog.LoggerConfiguration+<>c__DisplayClass33_0
7a5ac0cab908       1          24 System.Threading.CancellationTokenSource+LinkedNCancellationTokenSource+<>c
7a5ac0caa818       1          24 Serilog.Core.Sinks.SafeAggregateSink
7a5ac0cac5c8       1          24 Serilog.Policies.PrimitiveScalarConversionPolicy
7a5ac0cac770       1          24 Serilog.Policies.SimpleScalarConversionPolicy
7a5ac0cac858       1          24 Serilog.Policies.EnumScalarConversionPolicy
7a5ac0cac948       1          24 Serilog.Policies.ByteArrayScalarConversionPolicy
7a5ac0caca78       1          24 Serilog.Policies.ByteMemoryScalarConversionPolicy
7a5ac0cacb78       1          24 Serilog.Policies.DelegateDestructuringPolicy
7a5ac0cacc68       1          24 Serilog.Policies.ReflectionTypesScalarDestructuringPolicy
7a5ac0d52928       1          24 Serilog.Core.Pipeline.ByReferenceStringComparer
7a5ac0d527b0       1          24 Serilog.Capturing.PropertyBinder
7a5ac0ca9b70       1          24 Serilog.LoggerConfiguration+<>c
7a5abee66cd0       1          24 Serilog.SerilogServiceCollectionExtensions+RegisteredLogger
7a5ac0d53ee0       1          24 System.Threading.AsyncLocal<Serilog.Extensions.Logging.SerilogLoggerScope>
7a5ac060f918       1          24 Microsoft.Extensions.Logging.Logger<Microsoft.Extensions.Hosting.Internal.ApplicationLifetime>
7a5ac0d566e8       1          24 System.Collections.Generic.GenericEqualityComparer<Microsoft.Extensions.DependencyInjection.ServiceLookup.ServiceCacheKey>
7a5ac0d564b0       1          24 Microsoft.Extensions.Logging.Logger<Microsoft.Extensions.Hosting.Internal.Host>
7a5ac0d58740       1          24 Microsoft.Extensions.Options.IConfigureOptions<Microsoft.Extensions.Hosting.ConsoleLifetimeOptions>[]
7a5ac0d58800       1          24 Microsoft.Extensions.Options.IPostConfigureOptions<Microsoft.Extensions.Hosting.ConsoleLifetimeOptions>[]
7a5ac0d588c0       1          24 Microsoft.Extensions.Options.IValidateOptions<Microsoft.Extensions.Hosting.ConsoleLifetimeOptions>[]
7a5ac0d58ab0       1          24 Microsoft.Extensions.Options.IPostConfigureOptions<Microsoft.Extensions.Hosting.HostOptions>[]
7a5ac0d58b70       1          24 Microsoft.Extensions.Options.IValidateOptions<Microsoft.Extensions.Hosting.HostOptions>[]
7a5ac0d573b0       1          24 Microsoft.Extensions.Hosting.ConsoleLifetimeOptions
7a5abeb85568       1          24 Microsoft.AspNetCore.Server.Kestrel.Core.Internal.KestrelServerOptionsSetup
7a5ac0d5c708       1          24 Microsoft.Extensions.Options.IPostConfigureOptions<Microsoft.AspNetCore.Server.Kestrel.Core.KestrelServerOptions>[]
7a5ac0d5c7c8       1          24 Microsoft.Extensions.Options.IValidateOptions<Microsoft.AspNetCore.Server.Kestrel.Core.KestrelServerOptions>[]
7a5ac0d5c948       1          24 Microsoft.Extensions.Options.IConfigureOptions<Microsoft.AspNetCore.Server.Kestrel.Transport.Sockets.SocketTransportOptions>[]
7a5ac0d5ca08       1          24 Microsoft.Extensions.Options.IPostConfigureOptions<Microsoft.AspNetCore.Server.Kestrel.Transport.Sockets.SocketTransportOptions>[]
7a5ac0d5cac8       1          24 Microsoft.Extensions.Options.IValidateOptions<Microsoft.AspNetCore.Server.Kestrel.Transport.Sockets.SocketTransportOptions>[]
7a5ac0d5c2e8       1          24 Microsoft.Extensions.Logging.Logger<Microsoft.AspNetCore.Server.Kestrel.Core.KestrelServer>
7a5ac0d5c3b8       1          24 Microsoft.Extensions.Logging.Logger<Microsoft.AspNetCore.Server.Kestrel.Https.Internal.HttpsConnectionMiddleware>
7a5ac0ddb058       1          24 System.Collections.Generic.GenericComparer<System.Double>
7a5ac0df4d78       1          24 Microsoft.AspNetCore.Server.Kestrel.Core.KestrelServerOptions+<>c
7a5ac0df5318       1          24 Microsoft.AspNetCore.Server.Kestrel.Core.Http3Limits
7a5ac0df6348       1          24 Microsoft.Extensions.Logging.Logger<Microsoft.AspNetCore.Server.Kestrel.Core.Internal.CertificatePathWatcher>
7a5ac0df65b8       1          24 Microsoft.AspNetCore.Server.Kestrel.Core.Internal.CertificatePathWatcher+<>c
7a5ac0df87b0       1          24 System.Action[]
7a5ac0df8bf0       1          24 Microsoft.AspNetCore.Server.Kestrel.Core.Internal.Infrastructure.ResourceCounter+UnlimitedCounter
7a5ac0dfbac8       1          24 Microsoft.AspNetCore.Server.Kestrel.Core.Internal.Infrastructure.DebuggerWrapper
7a5ac0dfc138       1          24 Microsoft.AspNetCore.Server.Kestrel.Core.Internal.Infrastructure.Heartbeat+<>c
7a5ac0dfc378       1          24 System.IO.Pipelines.ThreadPoolScheduler
7a5ac0dfc260       1          24 System.IO.Pipelines.InlineScheduler
7a5ac0df2d78       1          24 Microsoft.AspNetCore.Server.Kestrel.Core.Internal.Http.HttpParser<Microsoft.AspNetCore.Server.Kestrel.Core.Internal.Http.Http1ParsingHandler>
7a5ac0e01700       1          24 Microsoft.AspNetCore.Http.DebuggerWrapper
7a5ac0e018e8       1          24 Microsoft.Extensions.Logging.Logger<Program>
7a5ac0e044c0       1          24 Microsoft.EntityFrameworkCore.Internal.TypeFullNameComparer
7a5ac0e0d590       1          24 System.Collections.Generic.ObjectComparer<System.Type>
7a5ac0e0dab0       1          24 System.Collections.Generic.GenericEqualityComparer<System.ValueTuple<Microsoft.EntityFrameworkCore.Infrastructure.IDbContextOptionsExtension, System.Int32>>
7a5ac0e10218       1          24 System.Collections.Generic.KeyValuePair<System.Type, System.ValueTuple<Microsoft.EntityFrameworkCore.Infrastructure.IDbContextOptionsExtension, System.Int32>>[]
7a5ac0e08640       1          24 Microsoft.EntityFrameworkCore.DbContextOptions+<>c
7a5ac0e1dac8       1          24 System.GenericEmptyEnumerator<System.Collections.Generic.KeyValuePair<System.Type, Microsoft.EntityFrameworkCore.Infrastructure.IDbContextOptionsExtension>>
7a5ac0dda148       1          24 System.Collections.Generic.GenericComparer<System.Int32>
7a5ac0e22d10       1          24 System.Collections.Generic.GenericEqualityComparer<System.ValueTuple<System.Nullable<Microsoft.EntityFrameworkCore.WarningBehavior>, System.Nullable<Microsoft.Extensions.Logging.LogLevel>>>
7a5ac0e4fc50       1          24 System.Collections.Generic.ObjectEqualityComparer<Microsoft.EntityFrameworkCore.Infrastructure.IDbContextOptionsExtension>
7a5ac11900f8       1          24 Microsoft.EntityFrameworkCore.Internal.ServiceProviderCache
7a5ac1193450       1          24 System.Collections.Generic.ObjectEqualityComparer<Microsoft.EntityFrameworkCore.Infrastructure.IDbContextOptions>
7a5ac11938d0       1          24 Microsoft.EntityFrameworkCore.Internal.ServiceProviderCache+<>c
7a5ac11b0000       1          24 System.Collections.Immutable.ImmutableSortedDictionary<System.Type, System.ValueTuple<Microsoft.EntityFrameworkCore.Infrastructure.IDbContextOptionsExtension, System.Int32>>+Node+<>c
7a5ac11d0118       1          24 System.Linq.Enumerable+EnumerableSorter<System.ValueTuple<Microsoft.EntityFrameworkCore.Infrastructure.IDbContextOptionsExtension, System.Int32>>+<>c
7a5ac11d7b20       1          24 System.Collections.Generic.ObjectComparer<System.Collections.Generic.Dictionary<System.String, System.String>+KeyCollection>
7a5ac11df580       1          24 System.Linq.Enumerable+EnumerableSorter<System.Collections.Generic.KeyValuePair<System.String, System.String>>+<>c
7a5ac1267b00       1          24 Microsoft.Extensions.DependencyInjection.SqliteServiceCollectionExtensions+<>c
7a5ac13430f8       1          24 Microsoft.EntityFrameworkCore.Infrastructure.EntityFrameworkRelationalServicesBuilder+<>c
7a5ac13772f0       1          24 Microsoft.EntityFrameworkCore.Infrastructure.EntityFrameworkServicesBuilder+<>c
7a5ac1389eb0       1          24 Microsoft.EntityFrameworkCore.Internal.RegisteredServices
7a5ac571bba0       1          24 System.Collections.Generic.ObjectEqualityComparer<Microsoft.Extensions.Caching.Memory.CacheEntry>
7a5ac13a3078       1          24 Microsoft.EntityFrameworkCore.Diagnostics.Internal.CoreResources+<>c
7a5ac13a9ae8       1          24 System.Resources.FastResourceComparer
7a5ac1375df0       1          24 Microsoft.EntityFrameworkCore.Infrastructure.Internal.DbSetFinder
7a5ac1376200       1          24 Microsoft.EntityFrameworkCore.Internal.DbSetSource
7a5ac13b2478       1          24 Microsoft.EntityFrameworkCore.Metadata.Internal.ClrPropertySetterFactory
7a5ac13b27e8       1          24 Microsoft.EntityFrameworkCore.Infrastructure.Internal.DbSetFinder+<>c
7a5ac13b3e30       1          24 System.Collections.Generic.GenericComparer<System.String>
7a5ac1566fe0       1          24 System.Buffers.SharedArrayPool<System.Reflection.PropertyInfo>+<>c
7a5ac1567d38       1          24 System.Linq.Enumerable+EnumerableSorter<System.Reflection.PropertyInfo>+<>c
7a5ac15a0128       1          24 System.Collections.Generic.ObjectEqualityComparer<System.Linq.Expressions.ParameterExpression>
7a5ac15a0e50       1          24 Microsoft.EntityFrameworkCore.Metadata.Internal.ClrPropertySetter<ForexExchange.Models.ForexDbContext, Microsoft.EntityFrameworkCore.DbSet<ForexExchange.Models.AccountingDocument>>
7a5ac15a7140       1          24 System.Collections.Generic.ObjectEqualityComparer<System.Linq.Expressions.LambdaExpression>
7a5ac15a7360       1          24 System.Linq.Expressions.Compiler.CompilerScope[]
7a5ac15a7558       1          24 System.Linq.Expressions.Compiler.BoundConstants[]
7a5ac15b0098       1          24 System.Collections.Generic.ReferenceEqualityComparer
7a5ac15b3a88       1          24 System.Collections.Generic.ObjectEqualityComparer<System.Linq.Expressions.LabelTarget>
7a5ac15b5a00       1          24 System.Reflection.Emit.RuntimeMethodBuilder[]
7a5ac15be478       1          24 Microsoft.EntityFrameworkCore.Metadata.Internal.ClrPropertySetter<ForexExchange.Models.ForexDbContext, Microsoft.EntityFrameworkCore.DbSet<ForexExchange.Models.AdminActivity>>
7a5ac15bed88       1          24 Microsoft.EntityFrameworkCore.Metadata.Internal.ClrPropertySetter<ForexExchange.Models.ForexDbContext, Microsoft.EntityFrameworkCore.DbSet<ForexExchange.Models.BankAccountBalanceHistory>>
7a5ac15bf698       1          24 Microsoft.EntityFrameworkCore.Metadata.Internal.ClrPropertySetter<ForexExchange.Models.ForexDbContext, Microsoft.EntityFrameworkCore.DbSet<ForexExchange.Models.BankAccountBalance>>
7a5ac15c0018       1          24 Microsoft.EntityFrameworkCore.Metadata.Internal.ClrPropertySetter<ForexExchange.Models.ForexDbContext, Microsoft.EntityFrameworkCore.DbSet<ForexExchange.Models.BankAccount>>
7a5ac44e9700       1          24 Microsoft.EntityFrameworkCore.EntityFrameworkQueryableExtensions+<>c
7a5ac15c0928       1          24 Microsoft.EntityFrameworkCore.Metadata.Internal.ClrPropertySetter<ForexExchange.Models.ForexDbContext, Microsoft.EntityFrameworkCore.DbSet<ForexExchange.Models.Currency>>
7a5ac15c1238       1          24 Microsoft.EntityFrameworkCore.Metadata.Internal.ClrPropertySetter<ForexExchange.Models.ForexDbContext, Microsoft.EntityFrameworkCore.DbSet<ForexExchange.Models.CurrencyPoolHistory>>
7a5ac15c1b48       1          24 Microsoft.EntityFrameworkCore.Metadata.Internal.ClrPropertySetter<ForexExchange.Models.ForexDbContext, Microsoft.EntityFrameworkCore.DbSet<ForexExchange.Models.CurrencyPool>>
7a5ac15c2458       1          24 Microsoft.EntityFrameworkCore.Metadata.Internal.ClrPropertySetter<ForexExchange.Models.ForexDbContext, Microsoft.EntityFrameworkCore.DbSet<ForexExchange.Models.CustomerBalanceHistory>>
7a5ac15c4050       1          24 Microsoft.EntityFrameworkCore.Metadata.Internal.ClrPropertySetter<ForexExchange.Models.ForexDbContext, Microsoft.EntityFrameworkCore.DbSet<ForexExchange.Models.CustomerBalance>>
7a5ac15c4960       1          24 Microsoft.EntityFrameworkCore.Metadata.Internal.ClrPropertySetter<ForexExchange.Models.ForexDbContext, Microsoft.EntityFrameworkCore.DbSet<ForexExchange.Models.Customer>>
7a5ac15c5270       1          24 Microsoft.EntityFrameworkCore.Metadata.Internal.ClrPropertySetter<ForexExchange.Models.ForexDbContext, Microsoft.EntityFrameworkCore.DbSet<ForexExchange.Models.ExchangeRate>>
7a5ac15c5b80       1          24 Microsoft.EntityFrameworkCore.Metadata.Internal.ClrPropertySetter<ForexExchange.Models.ForexDbContext, Microsoft.EntityFrameworkCore.DbSet<ForexExchange.Models.Notification>>
7a5ac15c6490       1          24 Microsoft.EntityFrameworkCore.Metadata.Internal.ClrPropertySetter<ForexExchange.Models.ForexDbContext, Microsoft.EntityFrameworkCore.DbSet<ForexExchange.Models.Order>>
7a5ac15c6da0       1          24 Microsoft.EntityFrameworkCore.Metadata.Internal.ClrPropertySetter<ForexExchange.Models.ForexDbContext, Microsoft.EntityFrameworkCore.DbSet<ForexExchange.Models.PushNotificationLog>>
7a5ac15c76b0       1          24 Microsoft.EntityFrameworkCore.Metadata.Internal.ClrPropertySetter<ForexExchange.Models.ForexDbContext, Microsoft.EntityFrameworkCore.DbSet<ForexExchange.Models.PushSubscription>>
7a5ac15c7fc0       1          24 Microsoft.EntityFrameworkCore.Metadata.Internal.ClrPropertySetter<Microsoft.AspNetCore.Identity.EntityFrameworkCore.IdentityDbContext<ForexExchange.Models.ApplicationUser, Microsoft.AspNetCore.Identity.IdentityRole, System.String, Microsoft.AspNetCore.Identity.IdentityUserClaim<System.String>, Microsoft.AspNetCore.Identity.IdentityUserRole<System.String>, Microsoft.AspNetCore.Identity.IdentityUserLogin<System.String>, Microsoft.AspNetCore.Identity.IdentityRoleClaim<System.String>, Microsoft.AspNetCore.Identity.IdentityUserToken<System.String>>, Microsoft.EntityFrameworkCore.DbSet<Microsoft.AspNetCore.Identity.IdentityRoleClaim<System.String>>>
7a5ac15c88d0       1          24 Microsoft.EntityFrameworkCore.Metadata.Internal.ClrPropertySetter<Microsoft.AspNetCore.Identity.EntityFrameworkCore.IdentityDbContext<ForexExchange.Models.ApplicationUser, Microsoft.AspNetCore.Identity.IdentityRole, System.String, Microsoft.AspNetCore.Identity.IdentityUserClaim<System.String>, Microsoft.AspNetCore.Identity.IdentityUserRole<System.String>, Microsoft.AspNetCore.Identity.IdentityUserLogin<System.String>, Microsoft.AspNetCore.Identity.IdentityRoleClaim<System.String>, Microsoft.AspNetCore.Identity.IdentityUserToken<System.String>>, Microsoft.EntityFrameworkCore.DbSet<Microsoft.AspNetCore.Identity.IdentityRole>>
7a5ac15c91e0       1          24 Microsoft.EntityFrameworkCore.Metadata.Internal.ClrPropertySetter<ForexExchange.Models.ForexDbContext, Microsoft.EntityFrameworkCore.DbSet<ForexExchange.Models.ShareableLink>>
7a5ac15c9af0       1          24 Microsoft.EntityFrameworkCore.Metadata.Internal.ClrPropertySetter<ForexExchange.Models.ForexDbContext, Microsoft.EntityFrameworkCore.DbSet<ForexExchange.Models.SystemSettings>>
7a5ac15ca400       1          24 Microsoft.EntityFrameworkCore.Metadata.Internal.ClrPropertySetter<ForexExchange.Models.ForexDbContext, Microsoft.EntityFrameworkCore.DbSet<ForexExchange.Models.TaskItem>>
7a5ac15cad10       1          24 Microsoft.EntityFrameworkCore.Metadata.Internal.ClrPropertySetter<Microsoft.AspNetCore.Identity.EntityFrameworkCore.IdentityUserContext<ForexExchange.Models.ApplicationUser, System.String, Microsoft.AspNetCore.Identity.IdentityUserClaim<System.String>, Microsoft.AspNetCore.Identity.IdentityUserLogin<System.String>, Microsoft.AspNetCore.Identity.IdentityUserToken<System.String>>, Microsoft.EntityFrameworkCore.DbSet<Microsoft.AspNetCore.Identity.IdentityUserClaim<System.String>>>
7a5ac15cb620       1          24 Microsoft.EntityFrameworkCore.Metadata.Internal.ClrPropertySetter<Microsoft.AspNetCore.Identity.EntityFrameworkCore.IdentityUserContext<ForexExchange.Models.ApplicationUser, System.String, Microsoft.AspNetCore.Identity.IdentityUserClaim<System.String>, Microsoft.AspNetCore.Identity.IdentityUserLogin<System.String>, Microsoft.AspNetCore.Identity.IdentityUserToken<System.String>>, Microsoft.EntityFrameworkCore.DbSet<Microsoft.AspNetCore.Identity.IdentityUserLogin<System.String>>>
7a5ac15cbf30       1          24 Microsoft.EntityFrameworkCore.Metadata.Internal.ClrPropertySetter<Microsoft.AspNetCore.Identity.EntityFrameworkCore.IdentityDbContext<ForexExchange.Models.ApplicationUser, Microsoft.AspNetCore.Identity.IdentityRole, System.String, Microsoft.AspNetCore.Identity.IdentityUserClaim<System.String>, Microsoft.AspNetCore.Identity.IdentityUserRole<System.String>, Microsoft.AspNetCore.Identity.IdentityUserLogin<System.String>, Microsoft.AspNetCore.Identity.IdentityRoleClaim<System.String>, Microsoft.AspNetCore.Identity.IdentityUserToken<System.String>>, Microsoft.EntityFrameworkCore.DbSet<Microsoft.AspNetCore.Identity.IdentityUserRole<System.String>>>
7a5ac15cc840       1          24 Microsoft.EntityFrameworkCore.Metadata.Internal.ClrPropertySetter<Microsoft.AspNetCore.Identity.EntityFrameworkCore.IdentityUserContext<ForexExchange.Models.ApplicationUser, System.String, Microsoft.AspNetCore.Identity.IdentityUserClaim<System.String>, Microsoft.AspNetCore.Identity.IdentityUserLogin<System.String>, Microsoft.AspNetCore.Identity.IdentityUserToken<System.String>>, Microsoft.EntityFrameworkCore.DbSet<ForexExchange.Models.ApplicationUser>>
7a5ac15cd150       1          24 Microsoft.EntityFrameworkCore.Metadata.Internal.ClrPropertySetter<Microsoft.AspNetCore.Identity.EntityFrameworkCore.IdentityUserContext<ForexExchange.Models.ApplicationUser, System.String, Microsoft.AspNetCore.Identity.IdentityUserClaim<System.String>, Microsoft.AspNetCore.Identity.IdentityUserLogin<System.String>, Microsoft.AspNetCore.Identity.IdentityUserToken<System.String>>, Microsoft.EntityFrameworkCore.DbSet<Microsoft.AspNetCore.Identity.IdentityUserToken<System.String>>>
7a5ac15cda60       1          24 Microsoft.EntityFrameworkCore.Metadata.Internal.ClrPropertySetter<ForexExchange.Models.ForexDbContext, Microsoft.EntityFrameworkCore.DbSet<ForexExchange.Models.VapidConfiguration>>
7a5ac15cf3f0       1          24 System.Buffers.SharedArrayPool<Microsoft.EntityFrameworkCore.Infrastructure.DbSetProperty>+<>c
7a5ac13b0ed8       1          24 Microsoft.EntityFrameworkCore.Internal.DbSetInitializer+<>c
7a5ac15e32f8       1          24 Microsoft.EntityFrameworkCore.Internal.DbSetSource+<>c
7a5ac15e3fe0       1          24 Microsoft.EntityFrameworkCore.Internal.DbSetSource+<>c__5<ForexExchange.Models.AccountingDocument>
7a5ac15e7e88       1          24 Microsoft.EntityFrameworkCore.Internal.DbSetSource+<>c__5<ForexExchange.Models.AdminActivity>
7a5ac15e8230       1          24 Microsoft.EntityFrameworkCore.Internal.DbSetSource+<>c__5<ForexExchange.Models.BankAccountBalanceHistory>
7a5ac15e85d8       1          24 Microsoft.EntityFrameworkCore.Internal.DbSetSource+<>c__5<ForexExchange.Models.BankAccountBalance>
7a5ac15e8c10       1          24 Microsoft.EntityFrameworkCore.Internal.DbSetSource+<>c__5<ForexExchange.Models.BankAccount>
7a5ac15e8fb8       1          24 Microsoft.EntityFrameworkCore.Internal.DbSetSource+<>c__5<ForexExchange.Models.Currency>
7a5ac15e9360       1          24 Microsoft.EntityFrameworkCore.Internal.DbSetSource+<>c__5<ForexExchange.Models.CurrencyPoolHistory>
7a5ac15e9708       1          24 Microsoft.EntityFrameworkCore.Internal.DbSetSource+<>c__5<ForexExchange.Models.CurrencyPool>
7a5ac15e9ab0       1          24 Microsoft.EntityFrameworkCore.Internal.DbSetSource+<>c__5<ForexExchange.Models.CustomerBalanceHistory>
7a5ac15e9e58       1          24 Microsoft.EntityFrameworkCore.Internal.DbSetSource+<>c__5<ForexExchange.Models.CustomerBalance>
7a5ac15ea200       1          24 Microsoft.EntityFrameworkCore.Internal.DbSetSource+<>c__5<ForexExchange.Models.Customer>
7a5ac15ea5a8       1          24 Microsoft.EntityFrameworkCore.Internal.DbSetSource+<>c__5<ForexExchange.Models.ExchangeRate>
7a5ac15ea950       1          24 Microsoft.EntityFrameworkCore.Internal.DbSetSource+<>c__5<ForexExchange.Models.Notification>
7a5ac15eacf8       1          24 Microsoft.EntityFrameworkCore.Internal.DbSetSource+<>c__5<ForexExchange.Models.Order>
7a5ac15eb0a0       1          24 Microsoft.EntityFrameworkCore.Internal.DbSetSource+<>c__5<ForexExchange.Models.PushNotificationLog>
7a5ac15eb448       1          24 Microsoft.EntityFrameworkCore.Internal.DbSetSource+<>c__5<ForexExchange.Models.PushSubscription>
7a5ac15eb7f0       1          24 Microsoft.EntityFrameworkCore.Internal.DbSetSource+<>c__5<Microsoft.AspNetCore.Identity.IdentityRoleClaim<System.String>>
7a5ac15ebb98       1          24 Microsoft.EntityFrameworkCore.Internal.DbSetSource+<>c__5<Microsoft.AspNetCore.Identity.IdentityRole>
7a5ac15ebf40       1          24 Microsoft.EntityFrameworkCore.Internal.DbSetSource+<>c__5<ForexExchange.Models.ShareableLink>
7a5ac15ec2e8       1          24 Microsoft.EntityFrameworkCore.Internal.DbSetSource+<>c__5<ForexExchange.Models.SystemSettings>
7a5ac15ec690       1          24 Microsoft.EntityFrameworkCore.Internal.DbSetSource+<>c__5<ForexExchange.Models.TaskItem>
7a5ac15eca38       1          24 Microsoft.EntityFrameworkCore.Internal.DbSetSource+<>c__5<Microsoft.AspNetCore.Identity.IdentityUserClaim<System.String>>
7a5ac15ecde0       1          24 Microsoft.EntityFrameworkCore.Internal.DbSetSource+<>c__5<Microsoft.AspNetCore.Identity.IdentityUserLogin<System.String>>
7a5ac15ed188       1          24 Microsoft.EntityFrameworkCore.Internal.DbSetSource+<>c__5<Microsoft.AspNetCore.Identity.IdentityUserRole<System.String>>
7a5ac15ed530       1          24 Microsoft.EntityFrameworkCore.Internal.DbSetSource+<>c__5<ForexExchange.Models.ApplicationUser>
7a5ac15ed8d8       1          24 Microsoft.EntityFrameworkCore.Internal.DbSetSource+<>c__5<Microsoft.AspNetCore.Identity.IdentityUserToken<System.String>>
7a5ac15edc80       1          24 Microsoft.EntityFrameworkCore.Internal.DbSetSource+<>c__5<ForexExchange.Models.VapidConfiguration>
7a5ac15eef70       1          24 Microsoft.EntityFrameworkCore.Infrastructure.Internal.EntityFrameworkMetrics+<>c
7a5ac15fe6f8       1          24 System.Collections.Generic.ObjectEqualityComparer<System.Collections.Generic.KeyValuePair<System.Int32, System.ValueTuple<System.Nullable<Microsoft.EntityFrameworkCore.WarningBehavior>, System.Nullable<Microsoft.Extensions.Logging.LogLevel>>>>
7a5ac1610000       1          24 System.Collections.Generic.NullableEqualityComparer<Microsoft.EntityFrameworkCore.WarningBehavior>
7a5ac1610a08       1          24 System.Collections.Generic.EnumEqualityComparer<Microsoft.EntityFrameworkCore.WarningBehavior>
7a5ac1610e40       1          24 System.Collections.Generic.NullableEqualityComparer<Microsoft.Extensions.Logging.LogLevel>
7a5ac1612d08       1          24 System.Collections.Concurrent.ConcurrentQueue<System.Object>[]
7a5ac1612f28       1          24 System.Threading.ThreadPool+<>c
7a5ac1614d40       1          24 System.Threading.PortableThreadPool+WorkerThread+<>c
7a5ac1614c40       1          24 System.Threading.Semaphore
7a5ac13825b8       1          24 Microsoft.EntityFrameworkCore.Storage.DatabaseProviderDependencies
7a5ac1262098       1          24 Microsoft.EntityFrameworkCore.Storage.DatabaseProvider<Microsoft.EntityFrameworkCore.Sqlite.Infrastructure.Internal.SqliteOptionsExtension>
7a5ac161d018       1          24 Microsoft.EntityFrameworkCore.Diagnostics.Internal.Interceptors+<>c
7a5ac1376418       1          24 Microsoft.EntityFrameworkCore.Internal.EntityFinderSource
7a5ac13779e8       1          24 Microsoft.EntityFrameworkCore.ChangeTracking.Internal.EntityEntryGraphIterator
7a5ac13819f0       1          24 Microsoft.EntityFrameworkCore.Storage.Internal.ExceptionDetector
7a5ac134a658       1          24 Microsoft.EntityFrameworkCore.Storage.RelationalSqlGenerationHelperDependencies
7a5ac1264dc0       1          24 Microsoft.EntityFrameworkCore.Sqlite.Storage.Internal.SqliteSqlGenerationHelper
7a5ac134bef8       1          24 Microsoft.EntityFrameworkCore.Storage.RelationalTransactionFactoryDependencies
7a5ac13442f0       1          24 Microsoft.EntityFrameworkCore.Storage.RelationalTransactionFactory
7a5ac1383e28       1          24 Microsoft.EntityFrameworkCore.Storage.ValueConversion.ValueConverterSelectorDependencies
7a5ac13853a8       1          24 Microsoft.EntityFrameworkCore.Storage.Json.JsonValueReaderWriterSourceDependencies
7a5ac1381c58       1          24 Microsoft.EntityFrameworkCore.Storage.Json.JsonValueReaderWriterSource
7a5ac1634138       1          24 Microsoft.EntityFrameworkCore.Storage.ITypeMappingSourcePlugin[]
7a5ac1634228       1          24 Microsoft.EntityFrameworkCore.Storage.IRelationalTypeMappingSourcePlugin[]
7a5ac134aa80       1          24 Microsoft.EntityFrameworkCore.Storage.RelationalTypeMappingSourceDependencies
7a5ac163ad20       1          24 Microsoft.EntityFrameworkCore.Storage.Json.JsonInt64ReaderWriter
7a5ac163c730       1          24 Microsoft.EntityFrameworkCore.Storage.Json.JsonDoubleReaderWriter
7a5ac163cbd0       1          24 Microsoft.EntityFrameworkCore.Sqlite.Storage.Json.Internal.SqliteJsonByteArrayReaderWriter
7a5ac163cee0       1          24 Microsoft.EntityFrameworkCore.Storage.Json.JsonStringReaderWriter
7a5ac163d620       1          24 Microsoft.EntityFrameworkCore.Storage.Json.JsonBoolReaderWriter
7a5ac163da00       1          24 Microsoft.EntityFrameworkCore.Storage.Json.JsonByteReaderWriter
7a5ac163dde0       1          24 Microsoft.EntityFrameworkCore.Storage.Json.JsonCharReaderWriter
7a5ac163e1c0       1          24 Microsoft.EntityFrameworkCore.Storage.Json.JsonInt32ReaderWriter
7a5ac163e5a0       1          24 Microsoft.EntityFrameworkCore.Storage.Json.JsonSByteReaderWriter
7a5ac163e980       1          24 Microsoft.EntityFrameworkCore.Storage.Json.JsonInt16ReaderWriter
7a5ac163ed60       1          24 Microsoft.EntityFrameworkCore.Storage.Json.JsonUInt32ReaderWriter
7a5ac163f170       1          24 Microsoft.EntityFrameworkCore.Storage.Json.JsonUInt64ReaderWriter
7a5ac163f550       1          24 Microsoft.EntityFrameworkCore.Storage.Json.JsonUInt16ReaderWriter
7a5ac163f950       1          24 Microsoft.EntityFrameworkCore.Sqlite.Storage.Json.Internal.SqliteJsonDateTimeReaderWriter
7a5ac163fd70       1          24 Microsoft.EntityFrameworkCore.Sqlite.Storage.Json.Internal.SqliteJsonDateTimeOffsetReaderWriter
7a5ac16501d8       1          24 Microsoft.EntityFrameworkCore.Storage.Json.JsonTimeSpanReaderWriter
7a5ac16505e8       1          24 Microsoft.EntityFrameworkCore.Storage.Json.JsonDateOnlyReaderWriter
7a5ac16509e8       1          24 Microsoft.EntityFrameworkCore.Storage.Json.JsonTimeOnlyReaderWriter
7a5ac1650df8       1          24 Microsoft.EntityFrameworkCore.Sqlite.Storage.Json.Internal.SqliteJsonDecimalReaderWriter
7a5ac16511f8       1          24 Microsoft.EntityFrameworkCore.Storage.Json.JsonFloatReaderWriter
7a5ac16515f8       1          24 Microsoft.EntityFrameworkCore.Sqlite.Storage.Json.Internal.SqliteJsonGuidReaderWriter
7a5ac163a4f0       1          24 Microsoft.EntityFrameworkCore.Sqlite.Storage.Internal.SqliteTypeMappingSource+<>c
7a5ac1341528       1          24 Microsoft.EntityFrameworkCore.Storage.RelationalCommandBuilderFactory
7a5ac134bb60       1          24 Microsoft.EntityFrameworkCore.Storage.ParameterNameGeneratorDependencies
7a5ac128e458       1          24 Microsoft.EntityFrameworkCore.Storage.ParameterNameGeneratorFactory
7a5ac1659fb8       1          24 Microsoft.Extensions.Logging.Abstractions.NullLoggerFactory
7a5ac165bb28       1          24 Microsoft.Extensions.Logging.Abstractions.NullLogger
7a5ac137c2e8       1          24 Microsoft.EntityFrameworkCore.Query.Internal.CompiledQueryCache
7a5ac13837d8       1          24 Microsoft.EntityFrameworkCore.Infrastructure.ModelCustomizerDependencies
7a5ac128f358       1          24 Microsoft.EntityFrameworkCore.Infrastructure.RelationalModelCustomizer
7a5ac1383b00       1          24 Microsoft.EntityFrameworkCore.Infrastructure.ModelCacheKeyFactoryDependencies
7a5ac1376e58       1          24 Microsoft.EntityFrameworkCore.Infrastructure.ModelCacheKeyFactory
7a5ac1380470       1          24 Microsoft.EntityFrameworkCore.Metadata.Internal.PropertyParameterBindingFactory
7a5ac1382290       1          24 Microsoft.EntityFrameworkCore.Metadata.LazyLoaderParameterBindingFactoryDependencies
7a5ac1380b58       1          24 Microsoft.EntityFrameworkCore.Metadata.Internal.ContextParameterBindingFactory
7a5ac1380d38       1          24 Microsoft.EntityFrameworkCore.Metadata.Internal.EntityTypeParameterBindingFactory
7a5ac134b510       1          24 Microsoft.EntityFrameworkCore.Metadata.RelationalAnnotationProviderDependencies
7a5ac1265860       1          24 Microsoft.EntityFrameworkCore.Sqlite.Metadata.Internal.SqliteAnnotationProvider
7a5ac166c078       1          24 SQLitePCL.SQLite3Provider_e_sqlite3
7a5ac13830a8       1          24 Microsoft.EntityFrameworkCore.Infrastructure.ModelValidatorDependencies
7a5ac134ae10       1          24 Microsoft.EntityFrameworkCore.Infrastructure.RelationalModelValidatorDependencies
7a5ac128e9e8       1          24 Microsoft.EntityFrameworkCore.Update.Internal.RowKeyValueFactoryFactory
7a5ac128ec38       1          24 Microsoft.EntityFrameworkCore.Update.Internal.RowForeignKeyValueFactoryFactory
7a5ac128ee50       1          24 Microsoft.EntityFrameworkCore.Update.Internal.RowIndexValueFactoryFactory
7a5ac16e2358       1          24 Microsoft.EntityFrameworkCore.Metadata.Conventions.IModelInitializedConvention[]
7a5ac16e2418       1          24 Microsoft.EntityFrameworkCore.Metadata.Conventions.IModelFinalizingConvention[]
7a5ac16e24d8       1          24 Microsoft.EntityFrameworkCore.Metadata.Conventions.IModelFinalizedConvention[]
7a5ac16e2598       1          24 Microsoft.EntityFrameworkCore.Metadata.Conventions.IModelAnnotationChangedConvention[]
7a5ac16e2658       1          24 Microsoft.EntityFrameworkCore.Metadata.Conventions.IModelEmbeddedDiscriminatorNameConvention[]
7a5ac16e2718       1          24 Microsoft.EntityFrameworkCore.Metadata.Conventions.ITypeIgnoredConvention[]
7a5ac16e27d8       1          24 Microsoft.EntityFrameworkCore.Metadata.Conventions.IEntityTypeAddedConvention[]
7a5ac16e2898       1          24 Microsoft.EntityFrameworkCore.Metadata.Conventions.IEntityTypeRemovedConvention[]
7a5ac16e2958       1          24 Microsoft.EntityFrameworkCore.Metadata.Conventions.IEntityTypeMemberIgnoredConvention[]
7a5ac16e2a18       1          24 Microsoft.EntityFrameworkCore.Metadata.Conventions.IDiscriminatorPropertySetConvention[]
7a5ac16e2ad8       1          24 Microsoft.EntityFrameworkCore.Metadata.Conventions.IEntityTypeBaseTypeChangedConvention[]
7a5ac16e2b98       1          24 Microsoft.EntityFrameworkCore.Metadata.Conventions.IEntityTypePrimaryKeyChangedConvention[]
7a5ac16e2c58       1          24 Microsoft.EntityFrameworkCore.Metadata.Conventions.IEntityTypeAnnotationChangedConvention[]
7a5ac16e2d18       1          24 Microsoft.EntityFrameworkCore.Metadata.Conventions.IComplexTypeMemberIgnoredConvention[]
7a5ac16e2dd8       1          24 Microsoft.EntityFrameworkCore.Metadata.Conventions.IComplexTypeAnnotationChangedConvention[]
7a5ac16e2e98       1          24 Microsoft.EntityFrameworkCore.Metadata.Conventions.IComplexPropertyAddedConvention[]
7a5ac16e2f58       1          24 Microsoft.EntityFrameworkCore.Metadata.Conventions.IComplexPropertyRemovedConvention[]
7a5ac16e3018       1          24 Microsoft.EntityFrameworkCore.Metadata.Conventions.IComplexPropertyNullabilityChangedConvention[]
7a5ac16e30d8       1          24 Microsoft.EntityFrameworkCore.Metadata.Conventions.IComplexPropertyFieldChangedConvention[]
7a5ac16e3198       1          24 Microsoft.EntityFrameworkCore.Metadata.Conventions.IComplexPropertyAnnotationChangedConvention[]
7a5ac16e3258       1          24 Microsoft.EntityFrameworkCore.Metadata.Conventions.IForeignKeyAddedConvention[]
7a5ac16e3318       1          24 Microsoft.EntityFrameworkCore.Metadata.Conventions.IForeignKeyRemovedConvention[]
7a5ac16e33d8       1          24 Microsoft.EntityFrameworkCore.Metadata.Conventions.IForeignKeyPrincipalEndChangedConvention[]
7a5ac16e3498       1          24 Microsoft.EntityFrameworkCore.Metadata.Conventions.IForeignKeyPropertiesChangedConvention[]
7a5ac16e3558       1          24 Microsoft.EntityFrameworkCore.Metadata.Conventions.IForeignKeyUniquenessChangedConvention[]
7a5ac16e3618       1          24 Microsoft.EntityFrameworkCore.Metadata.Conventions.IForeignKeyRequirednessChangedConvention[]
7a5ac16e36d8       1          24 Microsoft.EntityFrameworkCore.Metadata.Conventions.IForeignKeyDependentRequirednessChangedConvention[]
7a5ac16e3798       1          24 Microsoft.EntityFrameworkCore.Metadata.Conventions.IForeignKeyOwnershipChangedConvention[]
7a5ac16e3858       1          24 Microsoft.EntityFrameworkCore.Metadata.Conventions.IForeignKeyAnnotationChangedConvention[]
7a5ac16e3918       1          24 Microsoft.EntityFrameworkCore.Metadata.Conventions.IForeignKeyNullNavigationSetConvention[]
7a5ac16e39d8       1          24 Microsoft.EntityFrameworkCore.Metadata.Conventions.INavigationAddedConvention[]
7a5ac16e3a98       1          24 Microsoft.EntityFrameworkCore.Metadata.Conventions.INavigationAnnotationChangedConvention[]
7a5ac16e3b58       1          24 Microsoft.EntityFrameworkCore.Metadata.Conventions.INavigationRemovedConvention[]
7a5ac16e3c18       1          24 Microsoft.EntityFrameworkCore.Metadata.Conventions.ISkipNavigationAddedConvention[]
7a5ac16e3cd8       1          24 Microsoft.EntityFrameworkCore.Metadata.Conventions.ISkipNavigationAnnotationChangedConvention[]
7a5ac16e3d98       1          24 Microsoft.EntityFrameworkCore.Metadata.Conventions.ISkipNavigationForeignKeyChangedConvention[]
7a5ac16e3e58       1          24 Microsoft.EntityFrameworkCore.Metadata.Conventions.ISkipNavigationInverseChangedConvention[]
7a5ac16e3f18       1          24 Microsoft.EntityFrameworkCore.Metadata.Conventions.ISkipNavigationRemovedConvention[]
7a5ac16e3fd8       1          24 Microsoft.EntityFrameworkCore.Metadata.Conventions.ITriggerAddedConvention[]
7a5ac16e4098       1          24 Microsoft.EntityFrameworkCore.Metadata.Conventions.ITriggerRemovedConvention[]
7a5ac16e4158       1          24 Microsoft.EntityFrameworkCore.Metadata.Conventions.IKeyAddedConvention[]
7a5ac16e4218       1          24 Microsoft.EntityFrameworkCore.Metadata.Conventions.IKeyRemovedConvention[]
7a5ac16e42d8       1          24 Microsoft.EntityFrameworkCore.Metadata.Conventions.IKeyAnnotationChangedConvention[]
7a5ac16e4398       1          24 Microsoft.EntityFrameworkCore.Metadata.Conventions.IIndexAddedConvention[]
7a5ac16e4458       1          24 Microsoft.EntityFrameworkCore.Metadata.Conventions.IIndexRemovedConvention[]
7a5ac16e4518       1          24 Microsoft.EntityFrameworkCore.Metadata.Conventions.IIndexUniquenessChangedConvention[]
7a5ac16e45d8       1          24 Microsoft.EntityFrameworkCore.Metadata.Conventions.IIndexSortOrderChangedConvention[]
7a5ac16e4698       1          24 Microsoft.EntityFrameworkCore.Metadata.Conventions.IIndexAnnotationChangedConvention[]
7a5ac16e4758       1          24 Microsoft.EntityFrameworkCore.Metadata.Conventions.IPropertyAddedConvention[]
7a5ac16e4818       1          24 Microsoft.EntityFrameworkCore.Metadata.Conventions.IPropertyNullabilityChangedConvention[]
7a5ac16e48d8       1          24 Microsoft.EntityFrameworkCore.Metadata.Conventions.IPropertyFieldChangedConvention[]
7a5ac16e4998       1          24 Microsoft.EntityFrameworkCore.Metadata.Conventions.IPropertyElementTypeChangedConvention[]
7a5ac16e4a58       1          24 Microsoft.EntityFrameworkCore.Metadata.Conventions.IPropertyAnnotationChangedConvention[]
7a5ac16e4b18       1          24 Microsoft.EntityFrameworkCore.Metadata.Conventions.IPropertyRemovedConvention[]
7a5ac16e4bd8       1          24 Microsoft.EntityFrameworkCore.Metadata.Conventions.IElementTypeNullabilityChangedConvention[]
7a5ac16e4c98       1          24 Microsoft.EntityFrameworkCore.Metadata.Conventions.IElementTypeAnnotationChangedConvention[]
7a5ac1710fb0       1          24 Microsoft.EntityFrameworkCore.Metadata.TypeBaseNameComparer
7a5ac171f070       1          24 System.Collections.Generic.ObjectEqualityComparer<Microsoft.EntityFrameworkCore.Metadata.IConventionForeignKey>
7a5ac1725b28       1          24 Microsoft.EntityFrameworkCore.Metadata.Internal.Model+<>c
7a5ac172d588       1          24 Microsoft.EntityFrameworkCore.Metadata.ForeignKeyComparer
7a5ac1734ab0       1          24 Microsoft.EntityFrameworkCore.Metadata.Internal.PropertyListComparer
7a5ac1750ca8       1          24 System.SharedTypeExtensions+<>c
7a5ac1753a60       1          24 Microsoft.EntityFrameworkCore.Metadata.Conventions.Internal.ConventionDispatcher+ConventionNode[]
7a5ac1755030       1          24 Microsoft.EntityFrameworkCore.Metadata.Conventions.RelationalDbFunctionAttributeConvention+<>c
7a5ac17582e0       1          24 Microsoft.EntityFrameworkCore.Metadata.Conventions.Internal.ConventionDispatcher+ConventionScope[]
7a5ac1782ac8       1          24 Microsoft.EntityFrameworkCore.Metadata.Internal.TypeBase[]
7a5ac178cf38       1          24 System.Collections.Generic.ObjectEqualityComparer<System.Reflection.PropertyInfo>
7a5ac178fc48       1          24 System.Reflection.PropertyInfoExtensions+<>c
7a5ac1793190       1          24 Microsoft.EntityFrameworkCore.Storage.RelationalTypeMappingSource+<>c
7a5ac1794388       1          24 System.Collections.Generic.GenericEqualityComparer<Microsoft.EntityFrameworkCore.Storage.TypeMappingInfo>
7a5ac1794bf8       1          24 System.Collections.Generic.ObjectEqualityComparer<Microsoft.EntityFrameworkCore.Storage.CoreTypeMapping>
7a5ac1794d98       1          24 System.Collections.Generic.GenericEqualityComparer<System.Boolean>
7a5abc0ef3a8       1          24 System.Collections.Generic.NullableEqualityComparer<System.Int32>
7a5ac17951b0       1          24 System.Collections.Generic.NullableEqualityComparer<System.Boolean>
7a5ac17953f0       1          24 System.Collections.Generic.ObjectEqualityComparer<Microsoft.EntityFrameworkCore.Storage.Json.JsonValueReaderWriter>
7a5ac1795670       1          24 System.Collections.Generic.NullableEqualityComparer<System.Data.DbType>
7a5ac1789c20       1          24 Microsoft.EntityFrameworkCore.Infrastructure.Internal.MemberInfoNameComparer
7a5ac18388f0       1          24 System.Collections.Generic.GenericEqualityComparer<System.ValueTuple<Microsoft.EntityFrameworkCore.Storage.RelationalTypeMappingInfo, System.Type, Microsoft.EntityFrameworkCore.Storage.ValueConversion.ValueConverter, Microsoft.EntityFrameworkCore.Storage.CoreTypeMapping>>
7a5ac1839c90       1          24 System.Collections.Generic.GenericEqualityComparer<Microsoft.EntityFrameworkCore.Storage.RelationalTypeMappingInfo>
7a5ac183a428       1          24 System.Collections.Generic.ObjectEqualityComparer<Microsoft.EntityFrameworkCore.Storage.ValueConversion.ValueConverter>
7a5ac183f800       1          24 System.ValueTuple<System.Reflection.PropertyInfo, System.Type>[]
7a5ac185c1f0       1          24 Microsoft.EntityFrameworkCore.Metadata.Internal.EntityType[]
7a5ac185c970       1          24 Microsoft.EntityFrameworkCore.Metadata.Internal.ServiceProperty[]
7a5ac185cd98       1          24 Microsoft.EntityFrameworkCore.Metadata.Internal.ComplexProperty[]
7a5ac185d280       1          24 Microsoft.EntityFrameworkCore.Metadata.Internal.Navigation[]
7a5ac185d620       1          24 Microsoft.EntityFrameworkCore.Metadata.Internal.SkipNavigation[]
7a5ac1866528       1          24 System.Collections.Generic.ObjectEqualityComparer<Microsoft.EntityFrameworkCore.Metadata.Internal.Property>
7a5ac1799138       1          24 Microsoft.EntityFrameworkCore.Storage.ValueConversion.ValueConverterSelector+<>c
7a5ac186b640       1          24 Microsoft.EntityFrameworkCore.Storage.ValueConversion.EnumToNumberConverter<ForexExchange.Models.PayerType, System.Int32>+<>c
7a5ac186fde8       1          24 Microsoft.EntityFrameworkCore.Storage.ValueConversion.EnumToNumberConverter<ForexExchange.Models.ReceiverType, System.Int32>+<>c
7a5ac1901430       1          24 Microsoft.EntityFrameworkCore.Storage.ValueConversion.EnumToNumberConverter<ForexExchange.Models.DocumentType, System.Int32>+<>c
7a5ac19050e0       1          24 Microsoft.EntityFrameworkCore.Metadata.Conventions.KeyDiscoveryConvention+<>c
7a5ac1907650       1          24 Microsoft.EntityFrameworkCore.Metadata.Conventions.RelationalKeyDiscoveryConvention+<>c
7a5ac1919c10       1          24 Microsoft.EntityFrameworkCore.Utilities.Check+<>c__4<Microsoft.EntityFrameworkCore.Metadata.Internal.Property>
7a5ac1919d68       1          24 Microsoft.EntityFrameworkCore.Utilities.Check+<>c__4<Microsoft.EntityFrameworkCore.Metadata.IReadOnlyProperty>
7a5ac1931630       1          24 System.Collections.Generic.GenericEqualityComparer<System.Int32>
7a5ac1937440       1          24 System.Collections.Generic.ObjectEqualityComparer<Microsoft.EntityFrameworkCore.Metadata.IConventionEntityType>
7a5ac1937b30       1          24 Microsoft.EntityFrameworkCore.Metadata.MemberIdentity
7a5ac19390e0       1          24 Microsoft.EntityFrameworkCore.Metadata.Conventions.RelationshipDiscoveryConvention+RelationshipCandidate[]
7a5ac193b460       1          24 Microsoft.EntityFrameworkCore.Metadata.Conventions.RelationshipDiscoveryConvention+<>c
7a5ac193e9e0       1          24 System.Collections.Generic.ObjectEqualityComparer<Microsoft.EntityFrameworkCore.Metadata.Conventions.RelationshipDiscoveryConvention+RelationshipCandidate>
7a5ac19416d8       1          24 Microsoft.EntityFrameworkCore.Metadata.IReadOnlyNavigation[]
7a5ac1940fe8       1          24 Microsoft.EntityFrameworkCore.Metadata.Internal.EntityTypeExtensions+<>c
7a5ac194ddd8       1          24 Microsoft.EntityFrameworkCore.Metadata.Internal.InternalForeignKeyBuilder+<>c
7a5ac15fe980       1          24 System.Reflection.FieldInfo[]
7a5ac1953ed8       1          24 Microsoft.EntityFrameworkCore.Metadata.Internal.InternalTypeBaseBuilder+<>c
7a5ac1955e18       1          24 Microsoft.EntityFrameworkCore.Metadata.Internal.ForeignKey+<>c
7a5ac1979c30       1          24 System.ValueTuple<Microsoft.EntityFrameworkCore.Metadata.Internal.InternalForeignKeyBuilder, System.Boolean, Microsoft.EntityFrameworkCore.Metadata.Internal.InternalForeignKeyBuilder+Resolution, System.Boolean>[]
7a5ac1990420       1          24 Microsoft.EntityFrameworkCore.Storage.ValueConversion.EnumToNumberConverter<ForexExchange.Models.AdminActivityType, System.Int32>+<>c
7a5ac1991b48       1          24 Microsoft.EntityFrameworkCore.Storage.ValueConversion.EnumToNumberConverter<ForexExchange.Models.BankAccountTransactionType, System.Int32>+<>c
7a5ac190b250       1          24 Microsoft.EntityFrameworkCore.Metadata.Internal.InternalEntityTypeBuilder+<>c
7a5ac19d71e8       1          24 System.Collections.Generic.ObjectEqualityComparer<Microsoft.EntityFrameworkCore.Metadata.Internal.ForeignKey>
7a5ac19db3c8       1          24 Microsoft.EntityFrameworkCore.Metadata.Internal.RelationshipSnapshot[]
7a5ac19dd068       1          24 System.Collections.Generic.ObjectEqualityComparer<Microsoft.EntityFrameworkCore.Metadata.Internal.Key>
7a5ac19de668       1          24 System.Collections.Generic.ObjectEqualityComparer<Microsoft.EntityFrameworkCore.Metadata.Internal.InternalForeignKeyBuilder>
7a5ac19eb2a8       1          24 System.Collections.Generic.ObjectComparer<System.Reflection.MemberInfo>
7a5ac19eca18       1          24 System.Collections.Generic.KeyValuePair<System.Reflection.MemberInfo, System.Type>[]
7a5ac19f6080       1          24 Microsoft.EntityFrameworkCore.Storage.ValueConversion.EnumToNumberConverter<ForexExchange.Models.CurrencyPoolTransactionType, System.Int32>+<>c
7a5ac19f76a0       1          24 Microsoft.EntityFrameworkCore.Storage.ValueConversion.EnumToNumberConverter<ForexExchange.Models.PoolRiskLevel, System.Int32>+<>c
7a5ac19f91c8       1          24 Microsoft.EntityFrameworkCore.Storage.ValueConversion.EnumToNumberConverter<ForexExchange.Models.CustomerBalanceTransactionType, System.Int32>+<>c
7a5ac19fa7e8       1          24 Microsoft.EntityFrameworkCore.Storage.ValueConversion.EnumToNumberConverter<ForexExchange.Services.Notifications.NotificationPriority, System.Int32>+<>c
7a5ac19fbe08       1          24 Microsoft.EntityFrameworkCore.Storage.ValueConversion.EnumToNumberConverter<ForexExchange.Services.Notifications.NotificationEventType, System.Int32>+<>c
7a5ac19fe3b0       1          24 Microsoft.EntityFrameworkCore.Storage.ValueConversion.EnumToNumberConverter<ForexExchange.Models.ShareableLinkType, System.Int32>+<>c
7a5ac1a11b98       1          24 Microsoft.EntityFrameworkCore.Storage.ValueConversion.EnumToNumberConverter<ForexExchange.Models.TaskStatus, System.Int32>+<>c
7a5ac1905e50       1          24 Microsoft.EntityFrameworkCore.Metadata.IConventionProperty[]
7a5ac1a13e58       1          24 Microsoft.EntityFrameworkCore.Storage.ValueConversion.EnumToNumberConverter<ForexExchange.Models.UserRole, System.Int32>+<>c
7a5ac1a2ee40       1          24 System.Collections.Generic.ObjectEqualityComparer<Microsoft.EntityFrameworkCore.Metadata.IConventionProperty>
7a5ac1a2f230       1          24 System.Collections.Generic.ObjectEqualityComparer<Microsoft.EntityFrameworkCore.Metadata.IReadOnlyProperty>
7a5ac1a1bb38       1          24 Microsoft.EntityFrameworkCore.Metadata.Conventions.ForeignKeyPropertyDiscoveryConvention+<>c
7a5ac1ab22c8       1          24 System.ComponentModel.DataAnnotations.RequiredAttribute+<>c
7a5ac1ab6aa0       1          24 Microsoft.EntityFrameworkCore.Metadata.Conventions.BackingFieldConvention+<>c
7a5ac1ab94a0       1          24 System.Linq.Enumerable+EnumerableSorter<System.Collections.Generic.KeyValuePair<System.String, System.Reflection.FieldInfo>>+<>c
7a5ac1abdfd8       1          24 System.ComponentModel.DataAnnotations.StringLengthAttribute+<>c
7a5ac1ad20e0       1          24 System.Collections.Generic.ObjectEqualityComparer<System.Reflection.Module>
7a5ac1ad23a0       1          24 System.Collections.Generic.ObjectEqualityComparer<System.Reflection.MemberInfo>
7a5ac1ad2cd0       1          24 System.Reflection.CustomAttributeCtorParameter[]
7a5ac1ab3418       1          24 System.Reflection.NullabilityInfo[]
7a5ac1ad2718       1          24 System.Reflection.CustomAttributeData[]
7a5ac1ad83b8       1          24 Microsoft.EntityFrameworkCore.Metadata.Conventions.ForeignKeyIndexConvention+<>c
7a5ac1ad9f28       1          24 Microsoft.EntityFrameworkCore.Metadata.IConventionIndex[]
7a5ac1ae04a8       1          24 Microsoft.EntityFrameworkCore.RelationalEntityTypeExtensions+<>c
7a5ac1ae3d10       1          24 Microsoft.EntityFrameworkCore.RelationalPropertyExtensions+<>c
7a5ac1ae8c18       1          24 Microsoft.EntityFrameworkCore.Metadata.Conventions.ValueGenerationConvention+<>c
7a5ac1914bc8       1          24 Microsoft.EntityFrameworkCore.Metadata.Internal.Property+<>c
7a5ac1b00038       1          24 System.Linq.Enumerable+EnumerableSorter<Microsoft.EntityFrameworkCore.Metadata.Internal.ForeignKey>+<>c
7a5ac1b05900       1          24 Microsoft.EntityFrameworkCore.Metadata.Internal.InternalIndexBuilder[]
7a5ac1b0caf0       1          24 System.ComponentModel.DataAnnotations.Schema.InversePropertyAttribute[]
7a5ac1b0d310       1          24 Microsoft.EntityFrameworkCore.BackingFieldAttribute[]
7a5ac1ab2388       1          24 System.ComponentModel.DataAnnotations.RequiredAttribute[]
7a5ac1b0f418       1          24 System.Text.Json.Serialization.JsonPropertyNameAttribute[]
7a5ac1b0ef28       1          24 Microsoft.EntityFrameworkCore.Metadata.Conventions.NonNullableNavigationConvention+<>c
7a5ac1b3a438       1          24 System.Buffers.SharedArrayPool<Microsoft.EntityFrameworkCore.Metadata.IConventionForeignKey>+<>c
7a5ac1b3a6c0       1          24 System.ComponentModel.DataAnnotations.MaxLengthAttribute+<>c
7a5ac1ab6530       1          24 System.Collections.Generic.KeyValuePair<System.String, System.Reflection.FieldInfo>[]
7a5ac1aecce0       1          24 Microsoft.EntityFrameworkCore.Metadata.Conventions.ForeignKeyAttributeConvention+<>c
7a5ac1b4e738       1          24 Microsoft.Extensions.Options.IPostConfigureOptions<Microsoft.AspNetCore.Identity.IdentityOptions>[]
7a5ac1b4e7f8       1          24 Microsoft.Extensions.Options.IValidateOptions<Microsoft.AspNetCore.Identity.IdentityOptions>[]
7a5ac1b4f098       1          24 Microsoft.AspNetCore.Identity.SignInOptions
7a5ac1b8bae8       1          24 Microsoft.EntityFrameworkCore.Infrastructure.ExpressionExtensions+<>c
7a5ac1b920c0       1          24 Microsoft.EntityFrameworkCore.Metadata.IMutableEntityType[]
7a5ac1b9e320       1          24 System.Collections.Generic.ObjectEqualityComparer<Microsoft.EntityFrameworkCore.Metadata.Internal.Index>
7a5ac1ba10b8       1          24 Microsoft.AspNetCore.Identity.EntityFrameworkCore.IdentityUserContext<ForexExchange.Models.ApplicationUser, System.String, Microsoft.AspNetCore.Identity.IdentityUserClaim<System.String>, Microsoft.AspNetCore.Identity.IdentityUserLogin<System.String>, Microsoft.AspNetCore.Identity.IdentityUserToken<System.String>>+<>c
7a5ac1ba4350       1          24 System.Collections.ObjectModel.ReadOnlyCollection<System.Reflection.MemberInfo>
7a5ac1ba53c8       1          24 Microsoft.EntityFrameworkCore.Internal.ExpressionExtensions+<>c__1<System.Reflection.MemberInfo>
7a5ac1ba9558       1          24 Microsoft.AspNetCore.Identity.EntityFrameworkCore.IdentityDbContext<ForexExchange.Models.ApplicationUser, Microsoft.AspNetCore.Identity.IdentityRole, System.String, Microsoft.AspNetCore.Identity.IdentityUserClaim<System.String>, Microsoft.AspNetCore.Identity.IdentityUserRole<System.String>, Microsoft.AspNetCore.Identity.IdentityUserLogin<System.String>, Microsoft.AspNetCore.Identity.IdentityRoleClaim<System.String>, Microsoft.AspNetCore.Identity.IdentityUserToken<System.String>>+<>c
7a5ac1b452a0       1          24 ForexExchange.Models.ForexDbContext+<>c
7a5ac1bd3eb0       1          24 System.Threading.TimerQueueTimer+<>c
7a5ac1bf2618       1          24 Microsoft.EntityFrameworkCore.Infrastructure.Annotation[]
7a5ac1c1a5d0       1          24 Microsoft.EntityFrameworkCore.Metadata.Conventions.ModelCleanupConvention+GraphAdapter+<>c
7a5ac1ca3958       1          24 Microsoft.EntityFrameworkCore.Metadata.Conventions.ComplexPropertyDiscoveryConvention+<>c
7a5ac1ca5130       1          24 System.Collections.Generic.KeyValuePair<System.String, System.Reflection.MemberInfo>[]
7a5ac1ca88a8       1          24 Microsoft.EntityFrameworkCore.Metadata.Internal.ConstructorBindingFactory+<>c
7a5ac1cab8f8       1          24 Microsoft.EntityFrameworkCore.Metadata.InstantiationBinding[]
7a5ac1cab9b8       1          24 System.Collections.Generic.IEnumerable<System.Reflection.ParameterInfo>[]
7a5ac1caba60       1          24 Microsoft.EntityFrameworkCore.Metadata.Internal.ConstructorBindingFactory+<>c__8<Microsoft.EntityFrameworkCore.Metadata.IMutableEntityType>
7a5ac1cc7688       1          24 Microsoft.EntityFrameworkCore.Metadata.IProperty[]
7a5ac1ccf028       1          24 System.Collections.Generic.ObjectEqualityComparer<Microsoft.EntityFrameworkCore.Metadata.IProperty>
7a5ac1ccf560       1          24 System.Collections.Generic.GenericEqualityComparer<System.ValueTuple<System.Type, System.Type>>
7a5ac1ce2d90       1          24 Microsoft.EntityFrameworkCore.Metadata.IDbFunction[]
7a5ac1cee7d0       1          24 Microsoft.EntityFrameworkCore.Metadata.IConventionEntityTypeMappingFragment[]
7a5ac1cee940       1          24 Microsoft.EntityFrameworkCore.Metadata.Conventions.DiscriminatorLengthConvention+<>c
7a5ac1d0bf38       1          24 Microsoft.EntityFrameworkCore.Metadata.Internal.RelationalForeignKeyExtensions+<>c
7a5ac1d107d8       1          24 System.Text.StringBuilderExtensions+<>c
7a5ac1d141b8       1          24 Microsoft.EntityFrameworkCore.Metadata.Internal.RelationalIndexExtensions+<>c
7a5ac1d1b530       1          24 Microsoft.EntityFrameworkCore.Metadata.ICheckConstraint[]
7a5ac1d1c7b8       1          24 Microsoft.EntityFrameworkCore.Metadata.Internal.Trigger[]
7a5ac1d1cb38       1          24 Microsoft.EntityFrameworkCore.Metadata.Conventions.RelationalMapToJsonConvention+<>c
7a5ac1bf2228       1          24 Microsoft.EntityFrameworkCore.Infrastructure.AnnotatableBase+<>c
7a5ac1d38090       1          24 Microsoft.EntityFrameworkCore.Infrastructure.ModelValidator+<>c
7a5ac1d59c70       1          24 Microsoft.EntityFrameworkCore.Infrastructure.RelationalModelValidator+<>c
7a5ac1d60ef0       1          24 System.Collections.Generic.ObjectEqualityComparer<Microsoft.EntityFrameworkCore.Metadata.IEntityType>
7a5ac1d67878       1          24 System.Collections.Generic.List<Microsoft.EntityFrameworkCore.Metadata.IEntityType>[]
7a5ac1d6d020       1          24 Microsoft.EntityFrameworkCore.Sqlite.Infrastructure.Internal.SqliteModelValidator+<>c
7a5ac1d79cb8       1          24 System.Collections.Generic.ObjectEqualityComparer<Microsoft.EntityFrameworkCore.Metadata.IPropertyBase>
7a5ac1d7a220       1          24 System.Collections.Generic.ObjectEqualityComparer<System.Reflection.FieldInfo>
7a5ac1a1b0c8       1          24 Microsoft.EntityFrameworkCore.Metadata.Internal.EntityType+<>c
7a5ac1d88a98       1          24 System.Collections.Generic.ObjectEqualityComparer<Microsoft.EntityFrameworkCore.Metadata.IKey>
7a5ac1d8d338       1          24 System.Collections.Generic.IDictionary<System.String, System.Object>[]
7a5ac1d8feb0       1          24 Microsoft.EntityFrameworkCore.Metadata.Internal.PropertyBase+<>c
7a5ac1da0258       1          24 Microsoft.EntityFrameworkCore.ChangeTracking.Internal.CurrentValueComparerFactory
7a5ac1da22c0       1          24 Microsoft.EntityFrameworkCore.Storage.CoreTypeMapping+<>c
7a5ac1dad060       1          24 Microsoft.EntityFrameworkCore.Metadata.IReadOnlyProperty+<>c
7a5ac1db2e70       1          24 Microsoft.EntityFrameworkCore.ChangeTracking.ValueComparer<System.DateTime>+<>c
7a5ac1dbb1d0       1          24 System.Linq.Enumerable+EnumerableSorter<Microsoft.EntityFrameworkCore.Metadata.Internal.Index>+<>c
7a5ac454f908       1          24 System.IO.TextWriter[]
7a5ac1dbced8       1          24 Microsoft.EntityFrameworkCore.EnumerableMethods+<>c
7a5ac451dea8       1          24 System.Collections.Generic.ObjectEqualityComparer<Microsoft.EntityFrameworkCore.Update.IUpdateEntry>
7a5ac0ddac88       1          24 System.Collections.Generic.NullableComparer<System.Int32>
7a5ac453bdb0       1          24 Microsoft.EntityFrameworkCore.ChangeTracking.ValueComparer<System.Nullable<System.Decimal>>+<>c
7a5abf287608       1          24 Microsoft.AspNetCore.Mvc.ViewComponents.DefaultViewComponentDescriptorProvider
7a5ac4574f60       1          24 Microsoft.Extensions.Logging.Logger<ForexExchange.Services.SettingsService>
7a5ac1e386e0       1          24 System.Collections.Generic.GenericComparer<System.Int64>
7a5ac1e3c198       1          24 System.Collections.Generic.GenericComparer<System.Boolean>
7a5ac1e54e28       1          24 Microsoft.Extensions.Logging.LoggerMessage+LogValues<System.String, System.String, System.String>+<>c
7a5ac1e59040       1          24 Serilog.Extensions.Logging.SerilogLogger+<>c
7a5ac1e5d238       1          24 System.Diagnostics.ActivityLink[]
7a5ac1e5d668       1          24 System.Diagnostics.ActivityEvent[]
7a5ac1e5c828       1          24 System.Threading.AsyncLocal<System.Diagnostics.Activity>
7a5ac1e762c8       1          24 System.TimeZoneInfo+<>c
7a5ac1e7dee8       1          24 System.Globalization.CalendarData+<>c
7a5ac1e8fd50       1          24 System.Threading.AsyncLocal<Serilog.Context.EnricherStack>
7a5ac1ea3d68       1          24 System.IO.Stream+NullStream
7a5ac1eb18f0       1          24 System.Collections.Generic.EnumEqualityComparer<Serilog.Events.LogEventLevel>
7a5ac1eb3748       1          24 System.ConsolePal+<>c
7a5ac1eb48c0       1          24 Serilog.Sinks.File.Clock+<>c
7a5ac1eb80c8       1          24 Serilog.Sinks.File.RollingFileSink+<>c
7a5ac1f71f00       1          24 System.Threading.AsyncLocal<System.Boolean>
7a5ac1f76dc8       1          24 System.Collections.Generic.NullableComparer<System.DateTime>
7a5ac1f73580       1          24 System.GenericEmptyEnumerator<System.Collections.Generic.KeyValuePair<System.Int32, System.Collections.Generic.List<System.String>>>
7a5ac1f7bb40       1          24 System.Buffers.SharedArrayPool<Serilog.Sinks.File.RollingLogFile>+<>c
7a5ac1f7e088       1          24 System.Linq.Enumerable+EnumerableSorter<Serilog.Sinks.File.RollingLogFile>+<>c
7a5ac1f7f6c0       1          24 System.Collections.Generic.GenericComparer<System.DateTime>
7a5ac1fa9208       1          24 Microsoft.EntityFrameworkCore.Metadata.ISequence[]
7a5ac1c14f38       1          24 Microsoft.EntityFrameworkCore.Infrastructure.ModelRuntimeInitializer+<>c
7a5ac1fab1a8       1          24 Microsoft.EntityFrameworkCore.Infrastructure.AnnotatableBase+<>c__30<Microsoft.EntityFrameworkCore.Metadata.IModel, Microsoft.EntityFrameworkCore.Metadata.IModel>
7a5ac1fc8248       1          24 Microsoft.EntityFrameworkCore.Metadata.ITypeMappingConfiguration[]
7a5ac1fcacb0       1          24 Microsoft.EntityFrameworkCore.Infrastructure.RuntimeAnnotatableBase+<>c
7a5ac1fcb4d8       1          24 System.ValueTuple<Microsoft.EntityFrameworkCore.Metadata.IEntityType, Microsoft.EntityFrameworkCore.Metadata.RuntimeEntityType>[]
7a5ac1fcc1d0       1          24 Microsoft.EntityFrameworkCore.Metadata.Internal.ModelExtensions+<>c
7a5ac1fc1100       1          24 Microsoft.EntityFrameworkCore.Metadata.Conventions.RuntimeModelConvention+<>c
7a5ac1fd4218       1          24 System.Collections.Generic.ObjectEqualityComparer<System.Collections.Generic.IReadOnlyList<Microsoft.EntityFrameworkCore.Metadata.IReadOnlyProperty>>
7a5ac1fd61d8       1          24 Microsoft.EntityFrameworkCore.Metadata.Conventions.RuntimeModelConvention+<>c__6<Microsoft.EntityFrameworkCore.Metadata.IProperty, Microsoft.EntityFrameworkCore.Metadata.RuntimeProperty>
7a5ac1fd85c0       1          24 System.GenericEmptyEnumerator<System.Collections.Generic.KeyValuePair<System.String, System.Object>>
7a5ac1fd9a70       1          24 System.Linq.Enumerable+EnumerableSorter<Microsoft.EntityFrameworkCore.Infrastructure.Annotation>+<>c
7a5ac1fdabd0       1          24 Microsoft.EntityFrameworkCore.ChangeTracking.ValueComparer<ForexExchange.Models.PayerType>+<>c
7a5ac1560a08       1          24 ForexExchange.Models.PayerType
7a5ac1fe7a80       1          24 Microsoft.EntityFrameworkCore.ChangeTracking.ValueComparer<ForexExchange.Models.ReceiverType>+<>c
7a5ac1560ab0       1          24 ForexExchange.Models.ReceiverType
7a5ac1fe93b8       1          24 Microsoft.EntityFrameworkCore.ChangeTracking.ValueComparer<ForexExchange.Models.DocumentType>+<>c
7a5ac1560960       1          24 ForexExchange.Models.DocumentType
7a5ac1fec978       1          24 Microsoft.EntityFrameworkCore.Metadata.Conventions.RuntimeModelConvention+<>c__6<Microsoft.EntityFrameworkCore.Metadata.IKey, Microsoft.EntityFrameworkCore.Metadata.RuntimeKey>
7a5ac1fedcc8       1          24 Microsoft.EntityFrameworkCore.Metadata.Conventions.RuntimeModelConvention+<>c__6<Microsoft.EntityFrameworkCore.Metadata.IIndex, Microsoft.EntityFrameworkCore.Metadata.RuntimeIndex>
7a5ac1fef7b8       1          24 Microsoft.EntityFrameworkCore.ChangeTracking.ValueComparer<ForexExchange.Models.AdminActivityType>+<>c
7a5ac13bd7c0       1          24 ForexExchange.Models.AdminActivityType
7a5ac20110f8       1          24 Microsoft.EntityFrameworkCore.ChangeTracking.ValueComparer<ForexExchange.Models.UserRole>+<>c
7a5abc2d9328       1          24 ForexExchange.Models.UserRole
7a5ac2012a30       1          24 Microsoft.EntityFrameworkCore.ChangeTracking.ValueComparer<ForexExchange.Models.BankAccountTransactionType>+<>c
7a5ac1564630       1          24 ForexExchange.Models.BankAccountTransactionType
7a5ac2014368       1          24 Microsoft.EntityFrameworkCore.ChangeTracking.ValueComparer<ForexExchange.Models.PoolRiskLevel>+<>c
7a5ac13bc720       1          24 ForexExchange.Models.PoolRiskLevel
7a5ac2015ca0       1          24 Microsoft.EntityFrameworkCore.ChangeTracking.ValueComparer<ForexExchange.Models.CurrencyPoolTransactionType>+<>c
7a5ac210c868       1          24 AspNetCoreGeneratedDocument.Views_ExchangeRates_Index+<>c
7a5ac45cb2e8       1          24 System.Linq.Enumerable+EnumerableSorter<ForexExchange.Models.ExchangeRate>+<>c
7a5ac1563cb8       1          24 ForexExchange.Models.CurrencyPoolTransactionType
7a5ac20175d8       1          24 Microsoft.EntityFrameworkCore.ChangeTracking.ValueComparer<ForexExchange.Models.CustomerBalanceTransactionType>+<>c
7a5ac3a144b0       1          24 Microsoft.AspNetCore.Mvc.Razor.TagHelpers.TagHelperComponentTagHelper+<>c
7a5ac1563300       1          24 ForexExchange.Models.CustomerBalanceTransactionType
7a5ac2018f10       1          24 Microsoft.EntityFrameworkCore.ChangeTracking.ValueComparer<ForexExchange.Services.Notifications.NotificationPriority>+<>c
7a5ac45e8e38       1          24 Microsoft.AspNetCore.Mvc.Razor.ITagHelperInitializer<Microsoft.AspNetCore.Mvc.Razor.TagHelpers.HeadTagHelper>[]
7a5ac2137968       1          24 AspNetCoreGeneratedDocument.Views_Shared__Layout+<>c
7a5ac13bb858       1          24 ForexExchange.Services.Notifications.NotificationPriority
7a5ac201a848       1          24 Microsoft.EntityFrameworkCore.ChangeTracking.ValueComparer<ForexExchange.Services.Notifications.NotificationEventType>+<>c
7a5ac0227138       1          24 System.Reflection.ConstructorInfo[]
7a5ac13bb7b0       1          24 ForexExchange.Services.Notifications.NotificationEventType
7a5ac201c6b8       1          24 Microsoft.EntityFrameworkCore.ChangeTracking.ValueComparer<ForexExchange.Models.ShareableLinkType>+<>c
7a5ac1561308       1          24 ForexExchange.Models.ShareableLinkType
7a5ac201dff0       1          24 Microsoft.EntityFrameworkCore.ChangeTracking.ValueComparer<ForexExchange.Models.TaskStatus>+<>c
7a5ac1564ce8       1          24 ForexExchange.Models.TaskStatus
7a5ac2030238       1          24 Microsoft.EntityFrameworkCore.Metadata.Conventions.RuntimeModelConvention+<>c__6<Microsoft.EntityFrameworkCore.Metadata.INavigation, Microsoft.EntityFrameworkCore.Metadata.RuntimeNavigation>
7a5ac2030490       1          24 Microsoft.EntityFrameworkCore.Metadata.Conventions.RuntimeModelConvention+<>c__6<Microsoft.EntityFrameworkCore.Metadata.IForeignKey, Microsoft.EntityFrameworkCore.Metadata.RuntimeForeignKey>
7a5ac2030840       1          24 Microsoft.EntityFrameworkCore.Metadata.Conventions.RuntimeModelConvention+<>c__6<Microsoft.EntityFrameworkCore.Metadata.IEntityType, Microsoft.EntityFrameworkCore.Metadata.RuntimeEntityType>
7a5ac2033220       1          24 Microsoft.EntityFrameworkCore.Metadata.Conventions.RuntimeModelConvention+<>c__6<Microsoft.EntityFrameworkCore.Metadata.IModel, Microsoft.EntityFrameworkCore.Metadata.RuntimeModel>
7a5ac20391e0       1          24 System.Linq.Enumerable+EnumerableSorter<System.Collections.Generic.KeyValuePair<System.String, Microsoft.EntityFrameworkCore.Infrastructure.Annotation>>+<>c
7a5ac203a0d8       1          24 Microsoft.Extensions.Caching.Memory.PostEvictionCallbackRegistration[]
7a5ac203a7a0       1          24 Microsoft.EntityFrameworkCore.Query.IEvaluatableExpressionFilterPlugin[]
7a5ac1384550       1          24 Microsoft.EntityFrameworkCore.Query.EvaluatableExpressionFilterDependencies
7a5ac134c9d8       1          24 Microsoft.EntityFrameworkCore.Query.RelationalEvaluatableExpressionFilterDependencies
7a5ac1385080       1          24 Microsoft.EntityFrameworkCore.Query.NavigationExpansionExtensibilityHelperDependencies
7a5ac1381850       1          24 Microsoft.EntityFrameworkCore.Query.NavigationExpansionExtensibilityHelper
7a5ac203aa70       1          24 Microsoft.EntityFrameworkCore.Query.IMemberTranslatorPlugin[]
7a5ac203cd78       1          24 Microsoft.EntityFrameworkCore.Query.RelationalMemberTranslatorProvider+<>c
7a5ac203e970       1          24 Microsoft.EntityFrameworkCore.Query.IMethodCallTranslatorPlugin[]
7a5ac20406e0       1          24 Microsoft.EntityFrameworkCore.Query.RelationalMethodCallTranslatorProvider+<>c
7a5ac2042f00       1          24 Microsoft.EntityFrameworkCore.Query.IAggregateMethodCallTranslatorPlugin[]
7a5ac2043c70       1          24 Microsoft.EntityFrameworkCore.Query.RelationalAggregateMethodCallTranslatorProvider+<>c
7a5ac20442f8       1          24 Microsoft.EntityFrameworkCore.Diagnostics.ISingletonInterceptor[]
7a5ac13841c0       1          24 Microsoft.EntityFrameworkCore.Query.Internal.EntityMaterializerSourceDependencies
7a5ac20455d0       1          24 Microsoft.EntityFrameworkCore.Diagnostics.IInstantiationBindingInterceptor[]
7a5ac2046290       1          24 Microsoft.EntityFrameworkCore.Diagnostics.IMaterializationInterceptor[]
7a5ac13856d0       1          24 Microsoft.EntityFrameworkCore.Query.LiftableConstantExpressionDependencies
7a5ac134d560       1          24 Microsoft.EntityFrameworkCore.Query.RelationalLiftableConstantExpressionDependencies
7a5ac126c2d8       1          24 Microsoft.EntityFrameworkCore.Sqlite.Query.Internal.SqliteQuerySqlGeneratorFactory
7a5ac2049378       1          24 Microsoft.EntityFrameworkCore.Query.LiftableConstantProcessor+LiftedConstant[]
7a5ac2049578       1          24 Microsoft.EntityFrameworkCore.Query.ExpressionEqualityComparer
7a5ac204a460       1          24 System.ValueTuple<System.Linq.Expressions.ParameterExpression, System.Linq.Expressions.Expression>[]
7a5ac1348f28       1          24 Microsoft.EntityFrameworkCore.Query.SqlAliasManagerFactory
7a5ac128e5d8       1          24 Microsoft.EntityFrameworkCore.Update.Internal.ModificationCommandComparer
7a5ac1267908       1          24 Microsoft.EntityFrameworkCore.Sqlite.Update.Internal.SqliteModificationCommandFactory
7a5ac204f140       1          24 System.Collections.Generic.ObjectEqualityComparer<Microsoft.EntityFrameworkCore.Update.IReadOnlyModificationCommand>
7a5ac13777e8       1          24 Microsoft.EntityFrameworkCore.ChangeTracking.Internal.InternalEntityEntrySubscriber
7a5ac2060978       1          24 System.Action<Microsoft.EntityFrameworkCore.ChangeTracking.Internal.InternalEntityEntry, Microsoft.EntityFrameworkCore.EntityState>[]
7a5ac1382d10       1          24 Microsoft.EntityFrameworkCore.ValueGeneration.ValueGeneratorCacheDependencies
7a5ac206a190       1          24 System.SharedTypeExtensions+<>c
7a5ac2068c30       1          24 Microsoft.EntityFrameworkCore.Migrations.Internal.MigrationsAssembly+<>c
7a5ac2221240       1          24 System.Buffers.SharedArrayPool<<>f__AnonymousType1<System.Reflection.TypeInfo, System.String>>+<>c
7a5ac22214b8       1          24 System.Linq.Enumerable+EnumerableSorter<<>f__AnonymousType1<System.Reflection.TypeInfo, System.String>>+<>c
7a5ac2221e70       1          24 System.Collections.Generic.GenericArraySortHelper<System.String>
7a5ac22228b8       1          24 System.Collections.Generic.SortedList<System.String, System.Reflection.TypeInfo>+KeyList
7a5ac134b838       1          24 Microsoft.EntityFrameworkCore.Migrations.MigrationsAnnotationProviderDependencies
7a5ac128fb40       1          24 Microsoft.EntityFrameworkCore.Migrations.MigrationsAnnotationProvider
7a5ac128f060       1          24 Microsoft.EntityFrameworkCore.Update.Internal.RowIdentityMapFactory
7a5ac222c640       1          24 System.Text.RegularExpressions.Generated.<RegexGenerator_g>F340A74DFCBD0D4D474D4DCB56725D9F5EC83468BAA59FD4BF796EDA247EFBBF2__CreateConnectionStringValidKeyRegex_0+RunnerFactory
7a5ac222c9d0       1          24 System.Text.RegularExpressions.Generated.<RegexGenerator_g>F340A74DFCBD0D4D474D4DCB56725D9F5EC83468BAA59FD4BF796EDA247EFBBF2__CreateConnectionStringQuoteValueRegex_1+RunnerFactory
7a5ac222cbe0       1          24 System.Text.RegularExpressions.Generated.<RegexGenerator_g>F340A74DFCBD0D4D474D4DCB56725D9F5EC83468BAA59FD4BF796EDA247EFBBF2__CreateConnectionStringQuoteOdbcValueRegex_2+RunnerFactory
7a5ac2231df8       1          24 Microsoft.EntityFrameworkCore.Diagnostics.Internal.RelationalResources+<>c
7a5ac2239d38       1          24 Microsoft.EntityFrameworkCore.Sqlite.Storage.Internal.SqliteRelationalConnection+<>c
7a5ac223ef78       1          24 Microsoft.Data.Sqlite.SqliteConnection+FunctionsKeyComparer
7a5ac223f648       1          24 System.Collections.Generic.GenericEqualityComparer<System.ValueTuple<System.String, System.Int32>>
7a5ac22456d8       1          24 Microsoft.Data.Sqlite.SqliteConnection+<>c__163<System.ValueTuple<System.Decimal, System.UInt64>, System.Nullable<System.Decimal>>
7a5ac2246ca0       1          24 Microsoft.Data.Sqlite.SqliteConnection+<>c__18<System.Nullable<System.Decimal>, System.Nullable<System.Decimal>>
7a5ac2247398       1          24 Microsoft.Data.Sqlite.SqliteConnection+<>c__163<System.Nullable<System.Decimal>, System.Nullable<System.Decimal>>
7a5ac2262210       1          24 System.Collections.Generic.ObjectEqualityComparer<System.Byte[]>
7a5ac22626d0       1          24 System.Collections.Generic.ObjectEqualityComparer<SQLitePCL.FuncName>
7a5ac2264390       1          24 System.Threading.AsyncLocal<System.Transactions.ContextKey>
7a5ac2267620       1          24 System.Collections.ObjectModel.ReadOnlyCollection<System.IDisposable>
7a5ac2273860       1          24 System.Random
7a5ac2274a38       1          24 Microsoft.Data.Sqlite.SqliteConnectionPool+<>c
7a5ac22bf960       1          24 Microsoft.Extensions.Logging.LoggerMessage+LogValues<System.String, System.String, System.Data.CommandType, System.Int32, System.String, System.String>+<>c
7a5ac22c24c8       1          24 System.Buffers.SharedArrayPool<Serilog.Parsing.MessageTemplateToken>+<>c
7a5ac1fa2d30       1          24 Serilog.Formatting.Json.JsonValueFormatter
7a5ac47a02d0       1          24 Microsoft.AspNetCore.Mvc.ModelBinding.IValueProvider[]
7a5ac22236d0       1          24 Microsoft.EntityFrameworkCore.RelationalDatabaseFacadeExtensions+<>c
7a5ac24e7768       1          24 Microsoft.Extensions.Options.IConfigureOptions<Microsoft.AspNetCore.Identity.PasswordHasherOptions>[]
7a5ac24e7828       1          24 Microsoft.Extensions.Options.IPostConfigureOptions<Microsoft.AspNetCore.Identity.PasswordHasherOptions>[]
7a5ac24e78e8       1          24 Microsoft.Extensions.Options.IValidateOptions<Microsoft.AspNetCore.Identity.PasswordHasherOptions>[]
7a5ac24e86f0       1          24 System.Security.Cryptography.RandomNumberGeneratorImplementation
7a5ac24e5df0       1          24 Microsoft.Extensions.Logging.Logger<Microsoft.AspNetCore.Identity.UserManager<ForexExchange.Models.ApplicationUser>>
7a5ac24ea4b8       1          24 System.Collections.Generic.Dictionary<System.String, Microsoft.AspNetCore.Identity.TokenProviderDescriptor>+KeyCollection
7a5abf9a2f48       1          24 Microsoft.AspNetCore.DataProtection.Internal.DataProtectionOptionsSetup
7a5ac24ebee0       1          24 Microsoft.Extensions.Options.IPostConfigureOptions<Microsoft.AspNetCore.DataProtection.DataProtectionOptions>[]
7a5ac24ebfa0       1          24 Microsoft.Extensions.Options.IValidateOptions<Microsoft.AspNetCore.DataProtection.DataProtectionOptions>[]
7a5ac0c85970       1          24 System.DBNull
7a5ac24eccb0       1          24 Microsoft.Extensions.Options.IValidateOptions<Microsoft.AspNetCore.DataProtection.KeyManagement.KeyManagementOptions>[]
7a5ac24ecf38       1          24 Microsoft.AspNetCore.DataProtection.Repositories.DefaultKeyStorageDirectories
7a5ac24efe48       1          24 Microsoft.AspNetCore.DataProtection.KeyManagement.XmlKeyManager+<>c
7a5ac24eff08       1          24 Microsoft.Extensions.Logging.Logger<Microsoft.AspNetCore.DataProtection.KeyManagement.XmlKeyManager>
7a5ac27a0d28       1          24 Microsoft.AspNetCore.DataProtection.KeyManagement.IKeyEscrowSink[]
7a5ac27a11e0       1          24 Microsoft.AspNetCore.DataProtection.AuthenticatedEncryption.CngGcmAuthenticatedEncryptorFactory
7a5ac27a1bf8       1          24 Microsoft.Extensions.Logging.Logger<Microsoft.AspNetCore.DataProtection.AuthenticatedEncryption.CngGcmAuthenticatedEncryptorFactory>
7a5ac27a1000       1          24 Microsoft.AspNetCore.DataProtection.AuthenticatedEncryption.CngCbcAuthenticatedEncryptorFactory
7a5ac27a1d48       1          24 Microsoft.Extensions.Logging.Logger<Microsoft.AspNetCore.DataProtection.AuthenticatedEncryption.CngCbcAuthenticatedEncryptorFactory>
7a5ac27a13e0       1          24 Microsoft.AspNetCore.DataProtection.AuthenticatedEncryption.ManagedAuthenticatedEncryptorFactory
7a5ac27a1e98       1          24 Microsoft.Extensions.Logging.Logger<Microsoft.AspNetCore.DataProtection.AuthenticatedEncryption.ManagedAuthenticatedEncryptorFactory>
7a5ac27a1660       1          24 Microsoft.AspNetCore.DataProtection.AuthenticatedEncryption.AuthenticatedEncryptorFactory
7a5ac27a3558       1          24 System.Collections.Generic.GenericArraySortHelper<System.UInt32>
7a5ac27a5010       1          24 Microsoft.Extensions.Logging.Logger<Microsoft.AspNetCore.DataProtection.Repositories.FileSystemXmlRepository>
7a5ac27a6da0       1          24 Microsoft.AspNetCore.DataProtection.Internal.ContainerUtils+<>c
7a5ac3100b80       1          24 Microsoft.Extensions.Logging.LoggerMessage+LogValues<System.String>+<>c
7a5ac3102f90       1          24 Microsoft.AspNetCore.DataProtection.Internal.DefaultTypeNameResolver
7a5ac3103148       1          24 Microsoft.Extensions.Logging.Logger<Microsoft.AspNetCore.DataProtection.KeyManagement.DefaultKeyResolver>
7a5ac3103330       1          24 Microsoft.Extensions.Logging.Logger<Microsoft.AspNetCore.DataProtection.KeyManagement.KeyRingProvider>
7a5ac3103628       1          24 System.Random+ThreadSafeRandom
7a5ac3103800       1          24 Microsoft.Extensions.Logging.Logger<Microsoft.AspNetCore.DataProtection.KeyManagement.KeyRingBasedDataProtector>
7a5abf9a2df0       1          24 Microsoft.AspNetCore.DataProtection.DataProtectionOptions
7a5ac31044a0       1          24 Microsoft.Extensions.Options.IConfigureOptions<Microsoft.AspNetCore.Identity.DataProtectionTokenProviderOptions>[]
7a5ac3104560       1          24 Microsoft.Extensions.Options.IPostConfigureOptions<Microsoft.AspNetCore.Identity.DataProtectionTokenProviderOptions>[]
7a5ac3104620       1          24 Microsoft.Extensions.Options.IValidateOptions<Microsoft.AspNetCore.Identity.DataProtectionTokenProviderOptions>[]
7a5ac24eb010       1          24 Microsoft.Extensions.Logging.Logger<Microsoft.AspNetCore.Identity.DataProtectorTokenProvider<ForexExchange.Models.ApplicationUser>>
7a5ac24e5fc8       1          24 Microsoft.Extensions.Logging.Logger<Microsoft.AspNetCore.Identity.RoleManager<Microsoft.AspNetCore.Identity.IdentityRole>>
7a5ac24e6098       1          24 Microsoft.Extensions.Logging.Logger<ForexExchange.Services.DataSeedService>
7a5ac20d5d88       1          24 ForexExchange.Services.NullWebScrapingService
7a5ac24e61e8       1          24 Microsoft.Extensions.Logging.Logger<ForexExchange.Services.CentralFinancialService>
7a5ac31057c0       1          24 Microsoft.Extensions.Logging.Logger<ForexExchange.Services.Notifications.NotificationHub>
7a5ac24e72e8       1          24 Microsoft.Extensions.Logging.Logger<Microsoft.AspNetCore.SignalR.DefaultHubLifetimeManager<ForexExchange.Hubs.NotificationHub>>
7a5ac3106120       1          24 Microsoft.AspNetCore.SignalR.HubConnectionStore
7a5ac3106300       1          24 Microsoft.AspNetCore.SignalR.Internal.HubGroupList
7a5ac3107f28       1          24 Microsoft.AspNetCore.SignalR.Internal.ClientResultsManager
7a5ac3105f60       1          24 Microsoft.Extensions.Logging.Logger<ForexExchange.Services.Notifications.Providers.SignalRNotificationProvider>
7a5ac49b94c0       1          24 System.Text.Json.Serialization.Metadata.ReflectionEmitCachingMemberAccessor+Cache<System.ValueTuple<System.String, System.Type, System.Reflection.MemberInfo>>+<>c__6<System.Func<System.Object>>
7a5ac24e7658       1          24 Microsoft.Extensions.Logging.Logger<ForexExchange.Services.VapidService>
7a5ac310d9f8       1          24 Microsoft.Extensions.Logging.Logger<ForexExchange.Services.Notifications.Providers.PushNotificationProvider>
7a5ac310e738       1          24 Microsoft.Extensions.Logging.Logger<ForexExchange.Services.Notifications.Providers.SmsNotificationProvider>
7a5ac310e918       1          24 Microsoft.Extensions.Logging.Logger<ForexExchange.Services.EmailService>
7a5ac310e9e8       1          24 Microsoft.Extensions.Logging.Logger<ForexExchange.Services.Notifications.Providers.EmailNotificationProvider>
7a5ac310eb58       1          24 Microsoft.Extensions.Logging.Logger<ForexExchange.Services.Notifications.Providers.TelegramNotificationProvider>
7a5ac310fe58       1          24 Microsoft.Extensions.Options.IConfigureOptions<Microsoft.Extensions.Http.HttpClientFactoryOptions>[]
7a5ac310ff18       1          24 Microsoft.Extensions.Options.IPostConfigureOptions<Microsoft.Extensions.Http.HttpClientFactoryOptions>[]
7a5ac3120018       1          24 Microsoft.Extensions.Options.IValidateOptions<Microsoft.Extensions.Http.HttpClientFactoryOptions>[]
7a5ac31200d8       1          24 Microsoft.Extensions.Options.IOptionsChangeTokenSource<Microsoft.Extensions.Http.HttpClientFactoryOptions>[]
7a5ac310fd88       1          24 Microsoft.Extensions.Options.OptionsCache<Microsoft.Extensions.Http.HttpClientFactoryOptions>
7a5ac026b158       1          24 Microsoft.Extensions.Http.MetricsFactoryHttpMessageHandlerFilter
7a5ac31237a0       1          24 Microsoft.Extensions.Options.OptionsMonitor<Microsoft.Extensions.Http.HttpClientFactoryOptions>+<>c
7a5ac3123d10       1          24 Microsoft.Extensions.Options.OptionsCache<Microsoft.Extensions.Http.HttpClientFactoryOptions>+<>c__3<Microsoft.Extensions.Options.IOptionsFactory<Microsoft.Extensions.Http.HttpClientFactoryOptions>>
7a5ac3125938       1          24 System.Action<Microsoft.Extensions.Http.HttpMessageHandlerBuilder>[]
7a5ac31259f8       1          24 System.Action<System.Net.Http.HttpClient>[]
7a5ac22484f8       1          24 Microsoft.Extensions.Logging.LogDefineOptions
7a5ac3126770       1          24 Microsoft.Extensions.Http.Logging.LogHelper+<>c
7a5ac3127290       1          24 Microsoft.Extensions.Logging.LoggerMessage+<>c__DisplayClass2_0<System.Net.Http.HttpMethod, System.String>
7a5ac3127bd0       1          24 System.Net.Http.DelegatingHandler[]
7a5ac312ab58       1          24 Microsoft.Extensions.Http.ActiveHandlerTrackingEntry+<>c
7a5ac312b190       1          24 System.Threading.AsyncLocalValueMap+EmptyAsyncLocalValueMap
7a5ac312b258       1          24 System.Threading.IAsyncLocal[]
7a5ac312c298       1          24 Microsoft.Extensions.Logging.FormattedLogValues+<>c
7a5ac24e6338       1          24 Microsoft.Extensions.Logging.Logger<ForexExchange.Services.CurrencyPoolService>
7a5ac24e73b8       1          24 Microsoft.Extensions.Logging.Logger<ForexExchange.Services.AdminNotificationService>
7a5ac24e7508       1          24 Microsoft.Extensions.Logging.Logger<ForexExchange.Services.PushNotificationService>
7a5ac31312b8       1          24 System.Collections.Generic.GenericEqualityComparer<System.ValueTuple<System.Type, System.String>>
7a5ac3136e58       1          24 Microsoft.EntityFrameworkCore.Query.QueryableMethods+<>c
7a5ac3215e18       1          24 Microsoft.EntityFrameworkCore.Metadata.RuntimeModel+<>c
7a5ac3215f88       1          24 Microsoft.EntityFrameworkCore.Metadata.IReadOnlyEntityType+<>c
7a5ac3216318       1          24 Microsoft.EntityFrameworkCore.Internal.InternalDbSet<Microsoft.AspNetCore.Identity.IdentityRole>+<>c
7a5ac321be58       1          24 Microsoft.EntityFrameworkCore.Query.Internal.ExpressionTreeFuncletizer+<>c
7a5ac3247b60       1          24 System.Threading.AsyncLocal<Microsoft.EntityFrameworkCore.Storage.ExecutionStrategy>
7a5ac32490d0       1          24 Microsoft.EntityFrameworkCore.Query.Internal.CompiledQueryCache+<>c__3<System.Threading.Tasks.Task<Microsoft.AspNetCore.Identity.IdentityRole>>
7a5ac324ec68       1          24 Microsoft.EntityFrameworkCore.Query.QueryCompilationContext+NotTranslatedExpressionType
7a5ac3256fc0       1          24 System.Collections.Generic.ObjectEqualityComparer<System.Reflection.MethodInfo>
7a5ac325f9b0       1          24 System.Collections.Generic.ObjectEqualityComparer<Microsoft.EntityFrameworkCore.Metadata.INavigationBase>
7a5ac3270c90       1          24 Microsoft.EntityFrameworkCore.Metadata.INavigationBase[]
7a5ac3273bc0       1          24 Microsoft.EntityFrameworkCore.Metadata.RuntimeSkipNavigation[]
7a5ac32746c8       1          24 Microsoft.EntityFrameworkCore.Metadata.RuntimeNavigation[]
7a5ac325fc58       1          24 Microsoft.EntityFrameworkCore.Query.Internal.NavigationExpandingExpressionVisitor+<>c
7a5ac3277448       1          24 System.ValueTuple<System.Reflection.MethodInfo, System.Linq.Expressions.Expression>[]
7a5ac3286c18       1          24 System.Collections.Generic.ObjectEqualityComparer<Microsoft.EntityFrameworkCore.Query.ProjectionMember>
7a5ac3286e38       1          24 Microsoft.EntityFrameworkCore.Query.ProjectionMember[]
7a5ac328edb8       1          24 Microsoft.EntityFrameworkCore.RelationalModelExtensions+<>c
7a5ac32a03a0       1          24 Microsoft.EntityFrameworkCore.Infrastructure.RuntimeAnnotatableBase+<>c__22<Microsoft.EntityFrameworkCore.Metadata.IRelationalModel, System.Func<Microsoft.EntityFrameworkCore.Metadata.IRelationalModel>>
7a5ac32b8010       1          24 Microsoft.EntityFrameworkCore.Metadata.Internal.NamedListComparer
7a5ac32bafa8       1          24 System.Collections.Generic.GenericEqualityComparer<System.ValueTuple<System.String, System.String, System.Collections.Generic.IReadOnlyList<System.String>>>
7a5ac32bb0d0       1          24 System.Collections.Generic.Dictionary<System.String, Microsoft.EntityFrameworkCore.Metadata.RuntimeEntityType>+ValueCollection
7a5ac32bba00       1          24 System.Linq.Enumerable+EnumerableSorter<Microsoft.EntityFrameworkCore.Metadata.RuntimeEntityType>+<>c
7a5ac32be7f0       1          24 Microsoft.EntityFrameworkCore.Metadata.RuntimeTypeBase[]
7a5ac32bea60       1          24 Microsoft.EntityFrameworkCore.Metadata.Internal.TableMappingBaseComparer
7a5ac32d38f8       1          24 Microsoft.EntityFrameworkCore.Metadata.RuntimeProperty+<>c
7a5ac32d5128       1          24 Microsoft.EntityFrameworkCore.Metadata.Internal.ColumnMappingBaseComparer
7a5ac32d6310       1          24 Microsoft.EntityFrameworkCore.Utilities.EnumerableExtensions+<>c__8<Microsoft.EntityFrameworkCore.Metadata.IColumnMappingBase>
7a5ac32da500       1          24 System.Collections.Generic.ArraySortHelper<Microsoft.EntityFrameworkCore.Metadata.Internal.ColumnMappingBase>
7a5ac32db570       1          24 Microsoft.EntityFrameworkCore.Metadata.RuntimeComplexProperty[]
7a5ac32df6c0       1          24 Microsoft.EntityFrameworkCore.Metadata.Internal.ForeignKeyConstraintComparer
7a5ac32e45f0       1          24 System.Collections.Generic.ArraySortHelper<Microsoft.EntityFrameworkCore.Metadata.Internal.ColumnMapping>
7a5ac32eb5a8       1          24 Microsoft.EntityFrameworkCore.Metadata.Internal.StoredProcedureMapping[]
7a5ac32bd3d8       1          24 Microsoft.EntityFrameworkCore.Metadata.Internal.RelationalModel+<>c
7a5ac32ef718       1          24 System.Collections.Generic.GenericComparer<System.ValueTuple<System.String, System.String>>
7a5ac32f2f00       1          24 System.Linq.Enumerable+EnumerableSorter<System.Collections.Generic.KeyValuePair<System.ValueTuple<System.String, System.String>, Microsoft.EntityFrameworkCore.Metadata.Internal.Table>>+<>c
7a5ac33056f8       1          24 Microsoft.EntityFrameworkCore.Metadata.KeyComparer
7a5ac3307d40       1          24 Microsoft.EntityFrameworkCore.Metadata.Internal.UniqueConstraintComparer
7a5ac3308bc0       1          24 Microsoft.EntityFrameworkCore.Metadata.IndexComparer
7a5ac3308f98       1          24 Microsoft.EntityFrameworkCore.Metadata.Internal.TableIndexComparer
7a5ac3309b30       1          24 Microsoft.EntityFrameworkCore.Metadata.RuntimeTrigger[]
7a5ac330bdd0       1          24 Microsoft.EntityFrameworkCore.Infrastructure.IAnnotation[]
7a5ac3324d50       1          24 System.Collections.Generic.ObjectEqualityComparer<Microsoft.EntityFrameworkCore.Metadata.Internal.Column>
7a5ac33265a8       1          24 System.Collections.Generic.KeyValuePair<System.ValueTuple<System.String, System.String>, Microsoft.EntityFrameworkCore.Metadata.Internal.View>[]
7a5ac3327710       1          24 System.Collections.Generic.KeyValuePair<System.String, Microsoft.EntityFrameworkCore.Metadata.Internal.SqlQuery>[]
7a5ac332d4f8       1          24 System.Collections.Generic.KeyValuePair<System.ValueTuple<System.String, System.String, System.Collections.Generic.IReadOnlyList<System.String>>, Microsoft.EntityFrameworkCore.Metadata.Internal.StoreFunction>[]
7a5ac332e670       1          24 System.Collections.Generic.KeyValuePair<System.ValueTuple<System.String, System.String>, Microsoft.EntityFrameworkCore.Metadata.Internal.StoreStoredProcedure>[]
7a5ac332f248       1          24 Microsoft.EntityFrameworkCore.Metadata.ISqlQueryMapping[]
7a5ac3289bf0       1          24 Microsoft.EntityFrameworkCore.Query.RelationalQueryableMethodTranslatingExpressionVisitor+<>c
7a5ac333ce10       1          24 Microsoft.EntityFrameworkCore.Metadata.IFunctionMapping[]
7a5ac32faa68       1          24 Microsoft.EntityFrameworkCore.Metadata.ITableMappingBase[]
7a5ac333e6b0       1          24 Microsoft.EntityFrameworkCore.Metadata.IEntityType+<>c
7a5ac333fab8       1          24 Microsoft.EntityFrameworkCore.Metadata.Internal.ColumnMappingBase+<>c
7a5ac33402d8       1          24 System.Collections.Generic.ObjectEqualityComparer<Microsoft.EntityFrameworkCore.Metadata.ITableBase>
7a5ac3340f30       1          24 System.Collections.Generic.ObjectEqualityComparer<Microsoft.EntityFrameworkCore.Metadata.INavigation>
7a5ac3346890       1          24 Microsoft.EntityFrameworkCore.Query.RelationalStructuralTypeShaperExpression+<>c
7a5ac334c828       1          24 Microsoft.EntityFrameworkCore.Query.RelationalSqlTranslatingExpressionVisitor+<>c
7a5ac3367458       1          24 Microsoft.EntityFrameworkCore.Query.SqlExpressions.SelectExpression+<>c
7a5ac3331a90       1          24 Microsoft.EntityFrameworkCore.Query.SqlExpressions.ColumnExpression[]
7a5ac33a37e0       1          24 Microsoft.EntityFrameworkCore.Sqlite.Query.Internal.SqliteQueryTranslationPostprocessor+ApplyValidatingVisitor+<>c
7a5ac33a5570       1          24 Microsoft.EntityFrameworkCore.Query.ShapedQueryCompilingExpressionVisitor+<>c
7a5ac33ad3f0       1          24 System.Collections.Generic.ObjectEqualityComparer<Microsoft.EntityFrameworkCore.Query.ProjectionBindingExpression>
7a5ac33d1f70       1          24 Microsoft.EntityFrameworkCore.Query.ShapedQueryCompilingExpressionVisitor+EntityMaterializerInjectingExpressionVisitor+<>c
7a5ac33d4198       1          24 Microsoft.EntityFrameworkCore.Metadata.IComplexType[]
7a5ac33d4dd0       1          24 Microsoft.EntityFrameworkCore.Metadata.RuntimePropertyBase+<>c
7a5ac3274340       1          24 Microsoft.EntityFrameworkCore.Metadata.RuntimeEntityType+<>c
7a5ac33db248       1          24 Microsoft.EntityFrameworkCore.Metadata.RuntimeServiceProperty[]
7a5ac33dc128       1          24 Microsoft.EntityFrameworkCore.ChangeTracking.Internal.Snapshot
7a5ac33e0178       1          24 Microsoft.EntityFrameworkCore.Query.Internal.EntityMaterializerSource+<>c
7a5ac33e1c70       1          24 Microsoft.EntityFrameworkCore.Metadata.IComplexProperty[]
7a5ac33e1f98       1          24 Microsoft.EntityFrameworkCore.Metadata.IServiceProperty[]
7a5ac3244978       1          24 System.Collections.ObjectModel.ReadOnlyCollection<System.Linq.Expressions.SwitchCase>
7a5ac33465d0       1          24 System.Linq.Expressions.SwitchCase[]
7a5ac33f8740       1          24 Microsoft.EntityFrameworkCore.Storage.ValueBuffer+<>c
7a5ac33f97a8       1          24 Microsoft.EntityFrameworkCore.Storage.Json.JsonNullReaderWriter
7a5ac33f9270       1          24 Microsoft.EntityFrameworkCore.Storage.RelationalTypeMapping+<>c
7a5ac33fad08       1          24 System.Reflection.RuntimeEventInfo[]
7a5ac33add00       1          24 Microsoft.EntityFrameworkCore.Query.RelationalShapedQueryCompilingExpressionVisitor+ShaperProcessingExpressionVisitor+<>c
7a5ac33a97b8       1          24 Microsoft.EntityFrameworkCore.Query.RelationalShapedQueryCompilingExpressionVisitor+<>c
7a5ac3427a28       1          24 System.Collections.Generic.GenericEqualityComparer<System.Linq.Expressions.Compiler.BoundConstants+TypedConstant>
7a5ac342b198       1          24 System.Dynamic.Utils.TypeUtils+<>c
7a5ac3433260       1          24 System.Threading.AsyncLocal<System.Int32>
7a5ac3433a70       1          24 Microsoft.EntityFrameworkCore.Query.Internal.SingleQueryingEnumerable<Microsoft.AspNetCore.Identity.IdentityRole>+AsyncEnumerator+<>c
7a5ac3436928       1          24 Microsoft.EntityFrameworkCore.Query.Internal.RelationalCommandCache+<>c
7a5ac3448238       1          24 System.Collections.Generic.EnumEqualityComparer<System.Linq.Expressions.ExpressionType>
7a5ac346ad20       1          24 Microsoft.EntityFrameworkCore.Query.QuerySqlGenerator+<>c__54<Microsoft.EntityFrameworkCore.Query.SqlExpressions.ProjectionExpression>
7a5ac3469d90       1          24 Microsoft.EntityFrameworkCore.Query.QuerySqlGenerator+<>c
7a5ac346ec30       1          24 Microsoft.EntityFrameworkCore.Query.Internal.SingleQueryCollectionContext[]
7a5ac346ee30       1          24 Microsoft.EntityFrameworkCore.Metadata.RuntimeKey+<>c
7a5ac3470730       1          24 Microsoft.EntityFrameworkCore.Metadata.RuntimeKey+<>c__26<System.String>
7a5ac1579fc0       1          24 Microsoft.EntityFrameworkCore.Metadata.Internal.PropertyAccessorsFactory
7a5ac34756a0       1          24 Microsoft.EntityFrameworkCore.ChangeTracking.Internal.InternalEntityEntry+<>c
7a5ac347e608       1          24 Microsoft.EntityFrameworkCore.ChangeTracking.Internal.IdentityMap<System.String>+<>c
7a5ac34968e0       1          24 Microsoft.EntityFrameworkCore.ChangeTracking.Internal.EmptyShadowValuesFactoryFactory
7a5ac3498bd0       1          24 Microsoft.EntityFrameworkCore.Metadata.RuntimeTypeBase+<>c
7a5ac349d2b0       1          24 Microsoft.EntityFrameworkCore.ChangeTracking.ValueComparer<System.String>+<>c
7a5ac34bcc80       1          24 Microsoft.EntityFrameworkCore.ChangeTracking.Internal.OriginalValuesFactoryFactory
7a5ac34d1200       1          24 Microsoft.EntityFrameworkCore.ChangeTracking.ValueComparer+<>c
7a5ac4601ce8       1          24 System.Collections.Generic.ArraySortHelper<Microsoft.AspNetCore.Routing.Tree.OutboundMatchResult>
7a5ac34d9f28       1          24 Microsoft.EntityFrameworkCore.ChangeTracking.Internal.RelationshipSnapshotFactoryFactory
7a5ac34e2408       1          24 Microsoft.EntityFrameworkCore.Internal.InternalDbSet<ForexExchange.Models.ApplicationUser>+<>c
7a5ac34e3168       1          24 Microsoft.EntityFrameworkCore.Query.Internal.CompiledQueryCache+<>c__3<System.Threading.Tasks.Task<ForexExchange.Models.ApplicationUser>>
7a5ac34e6668       1          24 Microsoft.EntityFrameworkCore.Query.Internal.SingleQueryingEnumerable<ForexExchange.Models.ApplicationUser>+AsyncEnumerator+<>c
7a5ac34ea348       1          24 Microsoft.EntityFrameworkCore.Storage.ValueConversion.ValueConverter<ForexExchange.Models.UserRole, System.Int32>+<>c
7a5ac34ebab8       1          24 System.Buffers.SharedArrayPool<Microsoft.EntityFrameworkCore.Metadata.RuntimeProperty>+<>c
7a5ac34ece98       1          24 System.Buffers.SharedArrayPool<Microsoft.EntityFrameworkCore.Metadata.RuntimePropertyBase>+<>c
7a5ac350cc10       1          24 Microsoft.EntityFrameworkCore.ChangeTracking.ValueComparer<System.Nullable<System.DateTime>>+<>c
7a5ac350d8b0       1          24 Microsoft.EntityFrameworkCore.Internal.InternalDbSet<ForexExchange.Models.Currency>+<>c
7a5ac350e500       1          24 Microsoft.EntityFrameworkCore.Query.Internal.CompiledQueryCache+<>c__3<System.Threading.Tasks.Task<System.Boolean>>
7a5ac3523ff8       1          24 Microsoft.EntityFrameworkCore.Query.Internal.SingleQueryingEnumerable<System.Boolean>+AsyncEnumerator+<>c
7a5ac3526508       1          24 Microsoft.EntityFrameworkCore.Internal.InternalDbSet<ForexExchange.Models.CurrencyPool>+<>c
7a5ac3527158       1          24 Microsoft.EntityFrameworkCore.Query.Internal.CompiledQueryCache+<>c__3<System.Threading.Tasks.Task<System.Int32>>
7a5ac3535650       1          24 Microsoft.EntityFrameworkCore.Query.Internal.SingleQueryingEnumerable<System.Int32>+AsyncEnumerator+<>c
7a5ac35394f8       1          24 System.Collections.Generic.ObjectEqualityComparer<Microsoft.EntityFrameworkCore.Query.SqlExpressions.SqlExpression>
7a5ac35395e8       1          24 Microsoft.EntityFrameworkCore.Query.QuerySqlGenerator+<>c__54<Microsoft.EntityFrameworkCore.Query.SqlExpressions.SqlExpression>
7a5ac353ab60       1          24 Microsoft.EntityFrameworkCore.Internal.InternalDbSet<ForexExchange.Models.ExchangeRate>+<>c
7a5ac353c698       1          24 Microsoft.EntityFrameworkCore.Internal.InternalDbSet<ForexExchange.Models.Customer>+<>c
7a5ac353d368       1          24 Microsoft.EntityFrameworkCore.Query.Internal.CompiledQueryCache+<>c__3<System.Threading.Tasks.Task<ForexExchange.Models.Customer>>
7a5ac353ed18       1          24 Microsoft.EntityFrameworkCore.Query.Internal.SingleQueryingEnumerable<ForexExchange.Models.Customer>+AsyncEnumerator+<>c
7a5ac353f6e8       1          24 Microsoft.EntityFrameworkCore.Metadata.RuntimeKey+<>c__26<System.Int32>
7a5ac44cd738       1          24 Microsoft.AspNetCore.Mvc.Infrastructure.ActionMethodExecutor+VoidResultExecutor
7a5ac44cd880       1          24 Microsoft.AspNetCore.Mvc.Infrastructure.ActionMethodExecutor+SyncActionResultExecutor
7a5ac44cd9c8       1          24 Microsoft.AspNetCore.Mvc.Infrastructure.ActionMethodExecutor+SyncObjectResultExecutor
7a5ac44cdb10       1          24 Microsoft.AspNetCore.Mvc.Infrastructure.ActionMethodExecutor+TaskResultExecutor
7a5ac44cdc58       1          24 Microsoft.AspNetCore.Mvc.Infrastructure.ActionMethodExecutor+AwaitableResultExecutor
7a5ac44cdda0       1          24 Microsoft.AspNetCore.Mvc.Infrastructure.ActionMethodExecutor+TaskOfIActionResultExecutor
7a5ac44cdee8       1          24 Microsoft.AspNetCore.Mvc.Infrastructure.ActionMethodExecutor+TaskOfActionResultExecutor
7a5ac44ce030       1          24 Microsoft.AspNetCore.Mvc.Infrastructure.ActionMethodExecutor+AwaitableObjectResultExecutor
7a5ac44cd5f8       1          24 Microsoft.AspNetCore.Mvc.EmptyResult
7a5ac3566da8       1          24 Microsoft.EntityFrameworkCore.ChangeTracking.Internal.IdentityMap<System.Int32>+<>c
7a5ac3567f20       1          24 ForexExchange.Models.Notification[]
7a5ac3567fe0       1          24 ForexExchange.Models.BankAccount[]
7a5ac1da9f88       1          24 Microsoft.EntityFrameworkCore.ChangeTracking.ValueComparer<System.Int32>+<>c
7a5ac356c920       1          24 System.Collections.Generic.Dictionary<System.String, Microsoft.EntityFrameworkCore.ChangeTracking.Internal.InternalEntityEntry>+ValueCollection
7a5ac3573168       1          24 Microsoft.EntityFrameworkCore.Internal.InternalDbSet<ForexExchange.Models.BankAccount>+<>c
7a5ac460d450       1          24 Microsoft.Extensions.Logging.LoggerMessage+LogValues<System.String, System.Double>+<>c
7a5ac35787a0       1          24 ForexExchange.Models.SystemSettings[]
7a5ac3579568       1          24 Microsoft.EntityFrameworkCore.Internal.InternalDbSet<ForexExchange.Models.SystemSettings>+<>c
7a5ac357a238       1          24 Microsoft.EntityFrameworkCore.Query.Internal.CompiledQueryCache+<>c__3<System.Threading.Tasks.Task<ForexExchange.Models.SystemSettings>>
7a5ac357d800       1          24 Microsoft.EntityFrameworkCore.Query.Internal.SingleQueryingEnumerable<ForexExchange.Models.SystemSettings>+AsyncEnumerator+<>c
7a5ac1ae0a90       1          24 Microsoft.EntityFrameworkCore.Metadata.IReadOnlyForeignKey[]
7a5ac3583030       1          24 Microsoft.Extensions.Options.OptionsWrapper<Microsoft.AspNetCore.Builder.ExceptionHandlerOptions>
7a5abee60528       1          24 Microsoft.AspNetCore.Routing.RoutingMarkerService
7a5abf2817a0       1          24 Microsoft.AspNetCore.Authorization.Policy.AuthorizationPolicyMarkerService
7a5ac35ab3b8       1          24 System.Text.Json.JsonSerializerOptions+EqualityComparer
7a5ac35b6fe0       1          24 System.Text.Json.Serialization.JsonConverter[]
7a5ac35b7a30       1          24 Microsoft.AspNetCore.StaticAssets.StaticAssetsManifestJsonContext+<>c
7a5ac35cba70       1          24 System.Text.Json.Serialization.Metadata.JsonPropertyInfo<System.Collections.Generic.List<Microsoft.AspNetCore.StaticAssets.StaticAssetDescriptor>>+<>c__DisplayClass10_0
7a5ac3600c88       1          24 System.Text.Json.Serialization.Metadata.JsonPropertyInfo<System.Collections.Generic.IReadOnlyList<Microsoft.AspNetCore.StaticAssets.StaticAssetSelector>>+<>c__DisplayClass10_0
7a5ac3600fd0       1          24 System.Text.Json.Serialization.Metadata.JsonPropertyInfo<System.Collections.Generic.IReadOnlyList<Microsoft.AspNetCore.StaticAssets.StaticAssetProperty>>+<>c__DisplayClass10_0
7a5ac3601318       1          24 System.Text.Json.Serialization.Metadata.JsonPropertyInfo<System.Collections.Generic.IReadOnlyList<Microsoft.AspNetCore.StaticAssets.StaticAssetResponseHeader>>+<>c__DisplayClass10_0
7a5ac3601a30       1          24 System.Collections.Generic.GenericEqualityComparer<System.Text.Json.Serialization.Metadata.JsonTypeInfo+ParameterLookupKey>
7a5ac44e4ff0       1          24 Microsoft.AspNetCore.Mvc.ViewFeatures.Filters.SaveTempDataFilter+<>c
7a5ac36161e0       1          24 System.Buffers.SharedArrayPool<System.Object>+<>c
7a5ac3616b90       1          24 System.Buffers.SharedArrayPool<System.ValueTuple<System.Text.Json.Serialization.Metadata.JsonPropertyInfo, System.Text.Json.JsonReaderState, System.Int64, System.Byte[], System.String>>+<>c
7a5ac3616d48       1          24 Microsoft.AspNetCore.StaticAssets.StaticAssetEndpointFactory
7a5abef1e870       1          24 Microsoft.Extensions.DependencyInjection.MvcMarkerService
7a5abf051bd8       1          24 Microsoft.AspNetCore.Mvc.Infrastructure.OrderedEndpointsSequenceProviderCache
7a5ac36199e0       1          24 System.Collections.Generic.ObjectEqualityComparer<Microsoft.AspNetCore.Routing.IEndpointRouteBuilder>
7a5abef1ec00       1          24 Microsoft.AspNetCore.Mvc.Routing.ControllerActionEndpointDataSourceIdProvider
7a5ac361d8c8       1          24 Microsoft.Extensions.Options.IConfigureOptions<Microsoft.AspNetCore.Mvc.JsonOptions>[]
7a5ac361d988       1          24 Microsoft.Extensions.Options.IPostConfigureOptions<Microsoft.AspNetCore.Mvc.JsonOptions>[]
7a5ac361da48       1          24 Microsoft.Extensions.Options.IValidateOptions<Microsoft.AspNetCore.Mvc.JsonOptions>[]
7a5abf284400       1          24 Microsoft.AspNetCore.Mvc.DataAnnotations.ValidationAttributeAdapterProvider
7a5ac361db28       1          24 Microsoft.Extensions.Options.IConfigureOptions<Microsoft.AspNetCore.Mvc.DataAnnotations.MvcDataAnnotationsLocalizationOptions>[]
7a5ac361dbe8       1          24 Microsoft.Extensions.Options.IPostConfigureOptions<Microsoft.AspNetCore.Mvc.DataAnnotations.MvcDataAnnotationsLocalizationOptions>[]
7a5ac361dca8       1          24 Microsoft.Extensions.Options.IValidateOptions<Microsoft.AspNetCore.Mvc.DataAnnotations.MvcDataAnnotationsLocalizationOptions>[]
7a5abf28c8c0       1          24 Microsoft.Extensions.DependencyInjection.TempDataMvcOptionsSetup
7a5ac361de48       1          24 Microsoft.Extensions.Options.IPostConfigureOptions<Microsoft.AspNetCore.Mvc.MvcNewtonsoftJsonOptions>[]
7a5ac361df08       1          24 Microsoft.Extensions.Options.IValidateOptions<Microsoft.AspNetCore.Mvc.MvcNewtonsoftJsonOptions>[]
7a5abeb8ecf0       1          24 Microsoft.Extensions.ObjectPool.DefaultObjectPoolProvider
7a5ac36a3000       1          24 Microsoft.AspNetCore.Mvc.Infrastructure.ICompatibilitySwitch[]
7a5ac36a4018       1          24 Microsoft.AspNetCore.Mvc.NewtonsoftJson.ProblemDetailsConverter
7a5ac36a3eb0       1          24 Microsoft.AspNetCore.Mvc.NewtonsoftJson.ValidationProblemDetailsConverter
7a5ac36a8090       1          24 Microsoft.Extensions.Options.IValidateOptions<Microsoft.AspNetCore.Mvc.MvcOptions>[]
7a5ac36ae928       1          24 Microsoft.AspNetCore.Mvc.ApplicationModels.IApplicationModelConvention[]
7a5ac36a8ed8       1          24 Microsoft.AspNetCore.Mvc.Filters.FilterCollection
7a5ac36a8ce8       1          24 Microsoft.AspNetCore.Mvc.Formatters.FormatterMappings
7a5ac36ab1b8       1          24 Microsoft.AspNetCore.Mvc.Formatters.FormatterCollection<Microsoft.AspNetCore.Mvc.Formatters.IInputFormatter>
7a5ac36abd68       1          24 Microsoft.AspNetCore.Mvc.Formatters.FormatterCollection<Microsoft.AspNetCore.Mvc.Formatters.IOutputFormatter>
7a5ac36b1868       1          24 Microsoft.AspNetCore.Mvc.ModelBinding.Metadata.DefaultModelBindingMessageProvider+<>c
7a5ac36b2d90       1          24 Microsoft.AspNetCore.Mvc.ModelBinding.Binders.BinderTypeModelBinderProvider
7a5ac36b3b98       1          24 Microsoft.AspNetCore.Mvc.ModelBinding.Binders.HeaderModelBinderProvider
7a5ac36b38a8       1          24 Microsoft.AspNetCore.Mvc.ModelBinding.Binders.FloatingPointTypeModelBinderProvider
7a5ac36b37c0       1          24 Microsoft.AspNetCore.Mvc.ModelBinding.Binders.EnumTypeModelBinderProvider
7a5ac36b35d8       1          24 Microsoft.AspNetCore.Mvc.ModelBinding.Binders.DateTimeModelBinderProvider
7a5ac36b3ea0       1          24 Microsoft.AspNetCore.Mvc.ModelBinding.Binders.SimpleTypeModelBinderProvider
7a5ac36b3f90       1          24 Microsoft.AspNetCore.Mvc.ModelBinding.Binders.TryParseModelBinderProvider
7a5ac36b32c8       1          24 Microsoft.AspNetCore.Mvc.ModelBinding.Binders.CancellationTokenModelBinderProvider
7a5ac36b31b0       1          24 Microsoft.AspNetCore.Mvc.ModelBinding.Binders.CancellationTokenModelBinder
7a5ac36b3028       1          24 Microsoft.AspNetCore.Mvc.ModelBinding.Binders.ByteArrayModelBinderProvider
7a5ac36b3a88       1          24 Microsoft.AspNetCore.Mvc.ModelBinding.Binders.FormFileModelBinderProvider
7a5ac36b3998       1          24 Microsoft.AspNetCore.Mvc.ModelBinding.Binders.FormCollectionModelBinderProvider
7a5ac36b3c88       1          24 Microsoft.AspNetCore.Mvc.ModelBinding.Binders.KeyValuePairModelBinderProvider
7a5ac36b36c8       1          24 Microsoft.AspNetCore.Mvc.ModelBinding.Binders.DictionaryModelBinderProvider
7a5ac36b2ca0       1          24 Microsoft.AspNetCore.Mvc.ModelBinding.Binders.ArrayModelBinderProvider
7a5ac36b33d8       1          24 Microsoft.AspNetCore.Mvc.ModelBinding.Binders.CollectionModelBinderProvider
7a5ac36b34e8       1          24 Microsoft.AspNetCore.Mvc.ModelBinding.Binders.ComplexObjectModelBinderProvider
7a5ac36b29d0       1          24 Microsoft.AspNetCore.Mvc.ModelBinding.UnsupportedContentTypeFilter
7a5ac36b53e0       1          24 System.Text.Json.JsonCamelCaseNamingPolicy
7a5ac36b5748       1          24 System.Text.Json.JsonSnakeCaseLowerNamingPolicy
7a5ac36b57e0       1          24 System.Text.Json.JsonSnakeCaseUpperNamingPolicy
7a5ac36b5618       1          24 System.Text.Json.JsonKebabCaseLowerNamingPolicy
7a5ac36b56b0       1          24 System.Text.Json.JsonKebabCaseUpperNamingPolicy
7a5ac36b9b10       1          24 System.Text.EncoderLatin1BestFitFallback
7a5ac36b40e8       1          24 Microsoft.AspNetCore.Mvc.Formatters.HttpNoContentOutputFormatter
7a5ac36b41f8       1          24 Microsoft.AspNetCore.Mvc.Formatters.StreamOutputFormatter
7a5ac36b2570       1          24 Microsoft.AspNetCore.Mvc.ModelBinding.FormValueProviderFactory
7a5ac36b2860       1          24 Microsoft.AspNetCore.Mvc.ModelBinding.RouteValueProviderFactory
7a5ac36b2770       1          24 Microsoft.AspNetCore.Mvc.ModelBinding.QueryStringValueProviderFactory
7a5ac36b2680       1          24 Microsoft.AspNetCore.Mvc.ModelBinding.JQueryFormValueProviderFactory
7a5ac36b2460       1          24 Microsoft.AspNetCore.Mvc.ModelBinding.FormFileValueProviderFactory
7a5ac36bdf08       1          24 Microsoft.AspNetCore.Mvc.ModelBinding.Metadata.ExcludeBindingMetadataProvider
7a5ac36bdce8       1          24 Microsoft.AspNetCore.Mvc.ModelBinding.Metadata.DefaultBindingMetadataProvider
7a5ac36bdde0       1          24 Microsoft.AspNetCore.Mvc.ModelBinding.Metadata.DefaultValidationMetadataProvider
7a5ac36b2ba0       1          24 Microsoft.AspNetCore.Mvc.ModelBinding.Validation.DefaultModelValidatorProvider
7a5ac36bee90       1          24 Microsoft.AspNetCore.Mvc.ViewFeatures.SaveTempDataAttribute
7a5ac37c3888       1          24 Microsoft.AspNetCore.Mvc.ModelBinding.Validation.HasValidatorsValidationMetadataProvider+<>c
7a5ac36a8268       1          24 Microsoft.AspNetCore.Mvc.ModelBinding.Metadata.DefaultCompositeMetadataDetailsProvider
7a5ac37cd470       1          24 System.ComponentModel.WeakHashtable+WeakKeyComparer
7a5ac37cfd70       1          24 System.ComponentModel.ReflectTypeDescriptionProvider+<>c
7a5ac37c7078       1          24 System.Runtime.InteropServices.ClassInterfaceAttribute
7a5ac37cec50       1          24 System.ComponentModel.TypeConverterAttribute
7a5ac37cea50       1          24 System.ComponentModel.TypeConverter
7a5ac37e2c38       1          24 Microsoft.AspNetCore.Http.ParameterBindingMethodCache+<>c
7a5ac37ecea8       1          24 Microsoft.AspNetCore.Mvc.ApplicationModels.DefaultApplicationModelProvider+<>c
7a5abf0554a8       1          24 Microsoft.Extensions.DependencyInjection.ApiBehaviorOptionsSetup
7a5ac37ed048       1          24 Microsoft.Extensions.Options.IPostConfigureOptions<Microsoft.AspNetCore.Mvc.ApiBehaviorOptions>[]
7a5ac37ed108       1          24 Microsoft.Extensions.Options.IValidateOptions<Microsoft.AspNetCore.Mvc.ApiBehaviorOptions>[]
7a5abf054430       1          24 Microsoft.AspNetCore.Mvc.ApplicationModels.ApiBehaviorApplicationModelProvider
7a5ac37edac8       1          24 Microsoft.AspNetCore.Mvc.ApplicationModels.ApiVisibilityConvention
7a5ac37edc00       1          24 Microsoft.AspNetCore.Mvc.ApplicationModels.ClientErrorResultFilterConvention
7a5ac37ed630       1          24 Microsoft.AspNetCore.Mvc.Infrastructure.ClientErrorResultFilterFactory
7a5ac37ee0b0       1          24 Microsoft.AspNetCore.Mvc.ApplicationModels.InvalidModelStateFilterConvention
7a5ac37ed770       1          24 Microsoft.AspNetCore.Mvc.Infrastructure.ModelStateInvalidFilterFactory
7a5ac37edd30       1          24 Microsoft.AspNetCore.Mvc.ApplicationModels.ConsumesConstraintForFormFileParameterConvention
7a5ac37ed558       1          24 Microsoft.AspNetCore.Mvc.ProducesErrorResponseTypeAttribute
7a5ac37ed9c0       1          24 Microsoft.AspNetCore.Mvc.ApplicationModels.ApiConventionApplicationModelConvention
7a5ac38a2e90       1          24 Microsoft.Extensions.Options.IConfigureOptions<Microsoft.AspNetCore.Authorization.AuthorizationOptions>[]
7a5ac38a2f50       1          24 Microsoft.Extensions.Options.IPostConfigureOptions<Microsoft.AspNetCore.Authorization.AuthorizationOptions>[]
7a5ac38a3010       1          24 Microsoft.Extensions.Options.IValidateOptions<Microsoft.AspNetCore.Authorization.AuthorizationOptions>[]
7a5ac38a4928       1          24 Microsoft.AspNetCore.Authorization.Infrastructure.DenyAnonymousAuthorizationRequirement
7a5abf282530       1          24 Microsoft.AspNetCore.Mvc.Cors.CorsApplicationModelProvider
7a5abff6f7a0       1          24 Microsoft.AspNetCore.Mvc.NewtonsoftJson.BsonTempDataSerializer
7a5ac38a66c8       1          24 Newtonsoft.Json.Serialization.DefaultSerializationBinder
7a5ac38a9f80       1          24 Newtonsoft.Json.Converters.EntityKeyMemberConverter
7a5ac38aa168       1          24 Newtonsoft.Json.Converters.ExpandoObjectConverter
7a5ac38aa9a0       1          24 Newtonsoft.Json.Converters.BinaryConverter
7a5ac38aab10       1          24 Newtonsoft.Json.Converters.DataSetConverter
7a5ac38aaca8       1          24 Newtonsoft.Json.Converters.DataTableConverter
7a5ac38aae78       1          24 Newtonsoft.Json.Converters.DiscriminatedUnionConverter
7a5ac38ab038       1          24 Newtonsoft.Json.Converters.KeyValuePairConverter
7a5ac38ab1b0       1          24 Newtonsoft.Json.Converters.BsonObjectIdConverter
7a5ac38ab3c8       1          24 Newtonsoft.Json.Converters.RegexConverter
7a5abf286530       1          24 Microsoft.AspNetCore.Mvc.ViewFeatures.Filters.TempDataApplicationModelProvider
7a5abf2866e8       1          24 Microsoft.AspNetCore.Mvc.ViewFeatures.Filters.ViewDataAttributeApplicationModelProvider
7a5ac361cd38       1          24 Microsoft.Extensions.Logging.Logger<Microsoft.AspNetCore.Mvc.Core.Filters.AntiforgeryMiddlewareAuthorizationFilter>
7a5ac361cbf8       1          24 Microsoft.AspNetCore.Mvc.Core.Filters.AntiforgeryMiddlewareAuthorizationFilter
7a5ac38ae3b0       1          24 Microsoft.AspNetCore.Mvc.ApplicationModels.ApplicationModelFactory+<>c
7a5ac38af7e8       1          24 System.Linq.Enumerable+EnumerableSorter<Microsoft.AspNetCore.Mvc.ApplicationModels.IApplicationModelProvider>+<>c
7a5ac361ce08       1          24 Microsoft.Extensions.Logging.Logger<Microsoft.AspNetCore.Mvc.Infrastructure.DefaultActionDescriptorCollectionProvider>
7a5ac38afe20       1          24 Microsoft.AspNetCore.Mvc.Infrastructure.DefaultActionDescriptorCollectionProvider+<>c
7a5abeb8f1a0       1          24 Microsoft.Extensions.DependencyInjection.ConfigureRouteOptions
7a5abeb89168       1          24 Microsoft.Extensions.DependencyInjection.RegexInlineRouteConstraintSetup
7a5abf05a718       1          24 Microsoft.Extensions.DependencyInjection.MvcCoreRouteOptionsSetup
7a5ac3920bb0       1          24 Microsoft.Extensions.Options.IPostConfigureOptions<Microsoft.AspNetCore.Routing.RouteOptions>[]
7a5ac3920c70       1          24 Microsoft.Extensions.Options.IValidateOptions<Microsoft.AspNetCore.Routing.RouteOptions>[]
7a5abeb8c2d8       1          24 Microsoft.AspNetCore.Routing.Patterns.DefaultRoutePatternTransformer
7a5ac3926bb0       1          24 Microsoft.AspNetCore.Mvc.ModelBinding.Validation.ValidatorCache
7a5ac3929630       1          24 System.Collections.Generic.GenericEqualityComparer<Microsoft.AspNetCore.Mvc.ModelBinding.ModelMetadata>
7a5ac3926a38       1          24 Microsoft.AspNetCore.Mvc.ModelBinding.Validation.CompositeModelValidatorProvider
7a5abef1ddd0       1          24 Microsoft.AspNetCore.Mvc.Filters.DefaultFilterProvider
7a5ac392a300       1          24 Microsoft.AspNetCore.Mvc.Infrastructure.TypeActivatorCache+<>c
7a5abf0531a0       1          24 Microsoft.AspNetCore.Mvc.Controllers.DefaultControllerActivator
7a5ac392c600       1          24 Microsoft.AspNetCore.Mvc.Infrastructure.ControllerActionInvokerCache+<>c
7a5abf050db0       1          24 Microsoft.AspNetCore.Mvc.Infrastructure.ActionResultTypeMapper
7a5ac392dc68       1          24 Microsoft.Extensions.Logging.Logger<Microsoft.AspNetCore.Mvc.Infrastructure.ControllerActionInvoker>
7a5ac392df78       1          24 Microsoft.AspNetCore.Mvc.Infrastructure.ActionContextAccessor+NullActionContextAccessor
7a5ac392e040       1          24 System.Threading.AsyncLocal<Microsoft.AspNetCore.Mvc.ActionContext>
7a5ac392e210       1          24 Microsoft.AspNetCore.Mvc.Routing.ActionEndpointFactory+<>c__DisplayClass10_0
7a5ac36188a0       1          24 Microsoft.AspNetCore.Mvc.Infrastructure.OrderedEndpointsSequenceProvider
7a5ac3932b48       1          24 System.Collections.Generic.ObjectEqualityComparer<System.Reflection.TypeInfo>
7a5ac3a160f0       1          24 Microsoft.AspNetCore.Mvc.ApplicationModels.ControllerModel[]
7a5ac3a194c8       1          24 Microsoft.AspNetCore.Mvc.ApplicationModels.ActionModel[]
7a5ac3a19588       1          24 Microsoft.AspNetCore.Mvc.ApplicationModels.PropertyModel[]
7a5ac3a19648       1          24 Microsoft.AspNetCore.Mvc.ApplicationModels.SelectorModel[]
7a5ac3a31628       1          24 System.Collections.Generic.GenericEqualityComparer<Microsoft.AspNetCore.Mvc.ModelBinding.Metadata.ModelMetadataIdentity>
7a5ac3a303c8       1          24 Microsoft.AspNetCore.Mvc.ViewFeatures.ViewDataDictionaryAttribute
7a5ac3a33840       1          24 System.Runtime.CompilerServices.DynamicAttribute
7a5ac37cf408       1          24 System.Runtime.InteropServices.GuidAttribute
7a5ac3a38290       1          24 Microsoft.AspNetCore.Mvc.ModelBinding.Metadata.DefaultModelMetadata+<>c
7a5ac3a39010       1          24 System.Linq.Enumerable+EnumerableSorter<Microsoft.AspNetCore.Mvc.ModelBinding.ModelMetadata>+<>c
7a5ac3a39c68       1          24 Microsoft.AspNetCore.Mvc.ModelBinding.Metadata.DisplayMetadata+<>c
7a5ac3a41848       1          24 Microsoft.AspNetCore.Mvc.ModelBinding.IPropertyFilterProvider[]
7a5ac3a465c8       1          24 System.CLSCompliantAttribute
7a5ac3a46698       1          24 System.ComponentModel.StringConverter
7a5ac3a46fa8       1          24 System.ComponentModel.Int32Converter
7a5ac3a47648       1          24 System.ComponentModel.BooleanConverter
7a5ac3a47b60       1          24 System.ComponentModel.DateTimeConverter
7a5ac3a48b30       1          24 System.ComponentModel.DecimalConverter
7a5ac3a48d10       1          24 System.ComponentModel.Int64Converter
7a5ac3a4a1a0       1          24 System.ComponentModel.CollectionConverter
7a5ac3a622d0       1          24 Microsoft.AspNetCore.Mvc.ApiConventionTypeAttribute[]
7a5ac3a634a8       1          24 Microsoft.AspNetCore.Mvc.ApplicationModels.InferParameterBindingInfoConvention+<>c
7a5ac3a64710       1          24 Microsoft.AspNetCore.Mvc.ApplicationModels.ActionAttributeRouteModel+<>c
7a5ac3a6ead0       1          24 Microsoft.AspNetCore.Routing.Template.InlineConstraint[]
7a5ac3a80330       1          24 Microsoft.AspNetCore.Mvc.ApplicationModels.IControllerModelConvention[]
7a5ac3a816a8       1          24 Microsoft.AspNetCore.Mvc.ApplicationModels.IParameterModelConvention[]
7a5ac3a84b80       1          24 Microsoft.AspNetCore.Mvc.Controllers.ControllerActionDescriptor[]
7a5ac3a84cc0       1          24 System.ValueTuple<Microsoft.AspNetCore.Mvc.ApplicationModels.ActionModel, Microsoft.AspNetCore.Mvc.ApplicationModels.SelectorModel>[]
7a5ac3a85db8       1          24 Microsoft.AspNetCore.Mvc.ApplicationModels.ControllerActionDescriptorBuilder+<>c
7a5ac3a884f8       1          24 Microsoft.AspNetCore.Mvc.Filters.FilterDescriptorOrderComparer
7a5ac3a89898       1          24 System.Linq.Enumerable+EnumerableSorter<Microsoft.AspNetCore.Mvc.Filters.FilterDescriptor>+<>c
7a5ac3a89cb8       1          24 System.GenericEmptyEnumerator<System.Collections.Generic.KeyValuePair<System.Object, System.Object>>
7a5ac026e5d0       1          24 Microsoft.Extensions.DependencyInjection.SignalRMarkerService
7a5ac3a8c8e8       1          24 Microsoft.AspNetCore.Http.Connections.LongPollingOptions
7a5ac3a8dbf8       1          24 System.Collections.Generic.GenericEqualityComparer<System.TimeSpan>
7a5ac3a8e280       1          24 Microsoft.AspNetCore.Builder.HubEndpointRouteBuilderExtensions+<>c__2<ForexExchange.Hubs.NotificationHub>
7a5ac3930388       1          24 System.Collections.ObjectModel.ReadOnlyCollection<Microsoft.AspNetCore.Mvc.Abstractions.ActionDescriptor>
7a5ac3a8b5a8       1          24 Microsoft.AspNetCore.Routing.Patterns.RoutePatternParameterPolicyReference[]
7a5ac05907c8       1          24 Microsoft.AspNetCore.Http.Connections.ConnectionOptionsSetup
7a5ac3a8fae0       1          24 Microsoft.Extensions.Options.IPostConfigureOptions<Microsoft.AspNetCore.Http.Connections.ConnectionOptions>[]
7a5ac3a8fba0       1          24 Microsoft.Extensions.Options.IValidateOptions<Microsoft.AspNetCore.Http.Connections.ConnectionOptions>[]
7a5ac3af4418       1          24 Microsoft.Extensions.Logging.Logger<Microsoft.AspNetCore.Http.Connections.Internal.HttpConnectionManager>
7a5ac3af4568       1          24 Microsoft.Extensions.Logging.Logger<Microsoft.AspNetCore.Http.Connections.Internal.HttpConnectionContext>
7a5ac3af5008       1          24 System.Threading.PeriodicTimer+<>c
7a5ac3af52c8       1          24 System.Threading.CancellationToken+<>c
7a5ac3af5450       1          24 Microsoft.Extensions.Logging.Logger<Microsoft.AspNetCore.Http.Connections.Internal.HttpConnectionDispatcher>
7a5ac05919e8       1          24 Microsoft.AspNetCore.SignalR.Internal.SignalRCoreMarkerService
7a5ac3af7c78       1          24 Microsoft.Extensions.Options.IPostConfigureOptions<Microsoft.AspNetCore.SignalR.JsonHubProtocolOptions>[]
7a5ac3af7d38       1          24 Microsoft.Extensions.Options.IValidateOptions<Microsoft.AspNetCore.SignalR.JsonHubProtocolOptions>[]
7a5ac05964d8       1          24 Microsoft.AspNetCore.SignalR.Protocol.JsonHubProtocol
7a5ac0595510       1          24 Microsoft.AspNetCore.SignalR.JsonHubProtocolOptions
7a5ac3af7098       1          24 Microsoft.Extensions.Logging.Logger<Microsoft.AspNetCore.SignalR.Internal.DefaultHubProtocolResolver>
7a5ac3af8bb0       1          24 System.Collections.Generic.Dictionary<System.String, Microsoft.AspNetCore.SignalR.Protocol.IHubProtocol>+ValueCollection
7a5ac026f1d8       1          24 Microsoft.AspNetCore.SignalR.HubOptionsSetup
7a5ac3af9690       1          24 Microsoft.AspNetCore.SignalR.HubOptionsSetup+<>c
7a5ac3af9900       1          24 Microsoft.Extensions.Options.IPostConfigureOptions<Microsoft.AspNetCore.SignalR.HubOptions>[]
7a5ac3af99c0       1          24 Microsoft.Extensions.Options.IValidateOptions<Microsoft.AspNetCore.SignalR.HubOptions>[]
7a5ac0596d88       1          24 Microsoft.AspNetCore.SignalR.HubOptionsSetup<ForexExchange.Hubs.NotificationHub>
7a5ac3af9c80       1          24 Microsoft.Extensions.Options.IPostConfigureOptions<Microsoft.AspNetCore.SignalR.HubOptions<ForexExchange.Hubs.NotificationHub>>[]
7a5ac3af9d40       1          24 Microsoft.Extensions.Options.IValidateOptions<Microsoft.AspNetCore.SignalR.HubOptions<ForexExchange.Hubs.NotificationHub>>[]
7a5abd3b2e60       1          24 ForexExchange.Services.CustomUserIdProvider
7a5ac3afa7d8       1          24 Microsoft.Extensions.Logging.Logger<Microsoft.AspNetCore.SignalR.HubConnectionHandler<ForexExchange.Hubs.NotificationHub>>
7a5ac3afb328       1          24 Microsoft.Extensions.Logging.Logger<Microsoft.AspNetCore.SignalR.Internal.DefaultHubDispatcher<ForexExchange.Hubs.NotificationHub>>
7a5ac3cc1710       1          24 System.Xml.Linq.XElement[]
7a5ac3b12da0       1          24 Microsoft.AspNetCore.SignalR.Internal.HubMethodDescriptor+<>c
7a5ac3b15ec8       1          24 Microsoft.AspNetCore.Connections.ConnectionBuilder+<>c
7a5ac3b16410       1          24 Microsoft.AspNetCore.Builder.IEndpointConventionBuilder[]
7a5ac3b179a8       1          24 Microsoft.AspNetCore.Builder.ApplicationBuilder+<>c
7a5ac3b1a0b8       1          24 Microsoft.Extensions.Options.IPostConfigureOptions<Microsoft.AspNetCore.Builder.WebSocketOptions>[]
7a5ac3b1a178       1          24 Microsoft.Extensions.Options.IValidateOptions<Microsoft.AspNetCore.Builder.WebSocketOptions>[]
7a5ac3b1aa80       1          24 Microsoft.AspNetCore.WebSockets.WebSocketMiddleware+<>c
7a5abeb8eff8       1          24 Microsoft.AspNetCore.Routing.ConfigureRouteHandlerOptions
7a5ac3b1deb8       1          24 Microsoft.Extensions.Options.IPostConfigureOptions<Microsoft.AspNetCore.Routing.RouteHandlerOptions>[]
7a5ac3b1df78       1          24 Microsoft.Extensions.Options.IValidateOptions<Microsoft.AspNetCore.Routing.RouteHandlerOptions>[]
7a5abeb8eea0       1          24 Microsoft.AspNetCore.Routing.RouteHandlerOptions
7a5ac3b1e870       1          24 Microsoft.AspNetCore.Http.Connections.NegotiateMetadata
7a5ac3a8eac8       1          24 Microsoft.AspNetCore.Http.Timeouts.DisableRequestTimeoutAttribute
7a5ac3cb06e8       1          24 Microsoft.Extensions.Hosting.Internal.ConsoleLifetime+<>c
7a5ac3cb1c58       1          24 System.Collections.Generic.ObjectEqualityComparer<System.Runtime.InteropServices.PosixSignalRegistration+Token>
7a5ac3cb29e8       1          24 Microsoft.Extensions.Logging.Logger<Microsoft.AspNetCore.DataProtection.Internal.DataProtectionHostedService>
7a5ac3cb2bf8       1          24 Microsoft.Extensions.Options.IPostConfigureOptions<Microsoft.AspNetCore.Hosting.GenericWebHostServiceOptions>[]
7a5ac3cb2cb8       1          24 Microsoft.Extensions.Options.IValidateOptions<Microsoft.AspNetCore.Hosting.GenericWebHostServiceOptions>[]
7a5ac0230dd0       1          24 Microsoft.AspNetCore.Http.HttpContextAccessor
7a5ac3cb3860       1          24 Microsoft.Extensions.Options.IConfigureOptions<Microsoft.AspNetCore.Http.Features.FormOptions>[]
7a5ac3cb3920       1          24 Microsoft.Extensions.Options.IPostConfigureOptions<Microsoft.AspNetCore.Http.Features.FormOptions>[]
7a5ac3cb39e0       1          24 Microsoft.Extensions.Options.IValidateOptions<Microsoft.AspNetCore.Http.Features.FormOptions>[]
7a5abea4e890       1          24 Microsoft.AspNetCore.Hosting.Builder.ApplicationBuilderFactory
7a5abeb87058       1          24 Microsoft.AspNetCore.HostFilteringStartupFilter
7a5abeb86ee0       1          24 Microsoft.AspNetCore.ForwardedHeadersStartupFilter
7a5abef1c7b0       1          24 Microsoft.AspNetCore.Mvc.Filters.MiddlewareFilterBuilderStartupFilter
7a5ac3cb7ca8       1          24 Microsoft.Extensions.Options.IPostConfigureOptions<Microsoft.Extensions.Diagnostics.Metrics.MetricsOptions>[]
7a5ac3cb7d68       1          24 Microsoft.Extensions.Options.IValidateOptions<Microsoft.Extensions.Diagnostics.Metrics.MetricsOptions>[]
7a5ac3cb78c8       1          24 Microsoft.Extensions.Options.OptionsCache<Microsoft.Extensions.Diagnostics.Metrics.MetricsOptions>
7a5ac3cb8e98       1          24 Microsoft.Extensions.Primitives.ChangeToken+ChangeTokenRegistration<System.String>+<>c
7a5ac3cb8f48       1          24 Microsoft.Extensions.Primitives.ChangeToken+ChangeTokenRegistration<System.String>+NoopDisposable
7a5ac3cb98f8       1          24 Microsoft.Extensions.Diagnostics.Metrics.ListenerSubscription[]
7a5ac3cba198       1          24 Microsoft.Extensions.Options.OptionsMonitorExtensions+<>c__DisplayClass0_0<Microsoft.Extensions.Diagnostics.Metrics.MetricsOptions>
7a5ac3cba790       1          24 Microsoft.Extensions.Options.OptionsMonitor<Microsoft.Extensions.Diagnostics.Metrics.MetricsOptions>+<>c
7a5ac3cba9e8       1          24 Microsoft.Extensions.Options.OptionsCache<Microsoft.Extensions.Diagnostics.Metrics.MetricsOptions>+<>c__3<Microsoft.Extensions.Options.IOptionsFactory<Microsoft.Extensions.Diagnostics.Metrics.MetricsOptions>>
7a5abe3b7770       1          24 Microsoft.Extensions.Diagnostics.Metrics.MetricsOptions
7a5ac3cbb880       1          24 Microsoft.Extensions.Diagnostics.Metrics.InstrumentRule[]
7a5abda2a868       1          24 Microsoft.Extensions.DependencyInjection.MetricsServiceExtensions+SubscriptionActivator
7a5ac3cbba58       1          24 Microsoft.Extensions.Options.IPostConfigureOptions<Microsoft.Extensions.DependencyInjection.MetricsServiceExtensions+NoOpOptions>[]
7a5ac3cbbb18       1          24 Microsoft.Extensions.Options.IValidateOptions<Microsoft.Extensions.DependencyInjection.MetricsServiceExtensions+NoOpOptions>[]
7a5ac3cbbbd8       1          24 Microsoft.Extensions.Options.IOptionsChangeTokenSource<Microsoft.Extensions.DependencyInjection.MetricsServiceExtensions+NoOpOptions>[]
7a5ac3cb7998       1          24 Microsoft.Extensions.Options.OptionsCache<Microsoft.Extensions.DependencyInjection.MetricsServiceExtensions+NoOpOptions>
7a5ac3cbc870       1          24 Microsoft.Extensions.Options.IPostConfigureOptions<Microsoft.Extensions.Options.StartupValidatorOptions>[]
7a5ac3cbc930       1          24 Microsoft.Extensions.Options.IValidateOptions<Microsoft.Extensions.Options.StartupValidatorOptions>[]
7a5abda2bc78       1          24 Microsoft.Extensions.Options.StartupValidatorOptions
7a5ac3cbe2b8       1          24 System.Collections.Generic.Dictionary<System.ValueTuple<System.Type, System.String>, System.Action>+ValueCollection
7a5ac3cbe470       1          24 Microsoft.Extensions.Options.OptionsMonitor<Microsoft.Extensions.DependencyInjection.MetricsServiceExtensions+NoOpOptions>+<>c
7a5ac3cbe6c8       1          24 Microsoft.Extensions.Options.OptionsCache<Microsoft.Extensions.DependencyInjection.MetricsServiceExtensions+NoOpOptions>+<>c__3<Microsoft.Extensions.Options.IOptionsFactory<Microsoft.Extensions.DependencyInjection.MetricsServiceExtensions+NoOpOptions>>
7a5abda29ae0       1          24 Microsoft.Extensions.DependencyInjection.MetricsServiceExtensions+NoOpOptions
7a5ac3cc2058       1          24 Microsoft.AspNetCore.DataProtection.KeyManagement.KeyRingProvider+<>c
7a5ac3ce3de8       1          24 System.Xml.Linq.XHashtable<System.WeakReference<System.Xml.Linq.XNamespace>>
7a5ac3ced6e0       1          24 System.Xml.XmlQualifiedName[]
7a5ac3d0e870       1          24 Microsoft.AspNetCore.DataProtection.KeyManagement.DefaultKeyResolver+<>c
7a5ac3d0f3f0       1          24 System.Collections.Generic.GenericComparer<System.DateTimeOffset>
7a5ac3d10128       1          24 System.Collections.Generic.GenericComparer<System.Guid>
7a5abf9a0490       1          24 Microsoft.AspNetCore.DataProtection.SimpleActivator
7a5ac3d18cb8       1          24 Microsoft.AspNetCore.DataProtection.AuthenticatedEncryption.ManagedAuthenticatedEncryptorFactory+<>c
7a5ac3d18e78       1          24 Microsoft.AspNetCore.DataProtection.Managed.ManagedGenRandomImpl
7a5ac3d24180       1          24 Microsoft.AspNetCore.DataProtection.Managed.ManagedAuthenticatedEncryptor+<>c
7a5abf052ac8       1          24 Microsoft.AspNetCore.Mvc.Filters.MiddlewareFilterConfigurationProvider
7a5ac3d2ba38       1          24 System.Collections.Generic.ObjectEqualityComparer<Microsoft.AspNetCore.Routing.EndpointDataSource>
7a5ac3d2bbb0       1          24 Microsoft.Extensions.Logging.Logger<Microsoft.AspNetCore.Routing.EndpointMiddleware>
7a5ac3b17888       1          24 Microsoft.AspNetCore.Builder.RunExtensions+<>c__DisplayClass0_0
7a5ac3d2bd30       1          24 Microsoft.Extensions.Logging.Logger<Microsoft.AspNetCore.Authorization.AuthorizationMiddleware>
7a5abf05f880       1          24 Microsoft.AspNetCore.Authorization.Policy.AuthorizationPolicyCache
7a5ac3d2c4e0       1          24 Microsoft.AspNetCore.Authorization.Policy.AuthorizationPolicyCache+<>c
7a5ac3d2e9d8       1          24 Microsoft.AspNetCore.Builder.EndpointBuilder+EmptyServiceProvider
7a5ac3d53288       1          24 Microsoft.Extensions.Logging.Logger<Microsoft.AspNetCore.StaticAssets.StaticAssetsInvoker>
7a5ac3d57728       1          24 Microsoft.AspNetCore.Routing.RouteValueEqualityComparer
7a5ac3d57878       1          24 Microsoft.AspNetCore.Routing.Patterns.RoutePattern+RequiredValueAnySentinal
7a5ac3d5a720       1          24 Microsoft.AspNetCore.Mvc.Routing.ActionEndpointFactory+<>c
7a5ac3d5b148       1          24 System.Func<Microsoft.AspNetCore.Http.EndpointFilterFactoryContext, Microsoft.AspNetCore.Http.EndpointFilterDelegate, Microsoft.AspNetCore.Http.EndpointFilterDelegate>[]
7a5ac3d59ab0       1          24 Microsoft.AspNetCore.Routing.SuppressMatchingMetadata
7a5ac3d59580       1          24 Microsoft.AspNetCore.Routing.EndpointNameMetadata
7a5ac3d5bb18       1          24 Microsoft.Extensions.FileProviders.NullChangeToken
7a5ac3d5bcb0       1          24 Microsoft.Extensions.FileProviders.EmptyDisposable
7a5ac3d5c830       1          24 System.Collections.Generic.ObjectEqualityComparer<Microsoft.AspNetCore.Http.Endpoint>
7a5ac3d5cfe0       1          24 Microsoft.Extensions.Options.IPostConfigureOptions<Microsoft.AspNetCore.Authentication.AuthenticationOptions>[]
7a5ac3d5d0a0       1          24 Microsoft.Extensions.Options.IValidateOptions<Microsoft.AspNetCore.Authentication.AuthenticationOptions>[]
7a5ac3d5fdc0       1          24 System.Collections.Generic.Dictionary<System.String, Microsoft.AspNetCore.Authentication.AuthenticationScheme>+ValueCollection
7a5abeb8d1c8       1          24 Microsoft.AspNetCore.Routing.Matching.DfaMatcherFactory
7a5ac3d703d8       1          24 Microsoft.Extensions.Logging.Logger<Microsoft.AspNetCore.Routing.EndpointRoutingMiddleware>
7a5ac3d70be8       1          24 Microsoft.Extensions.Options.IConfigureOptions<Microsoft.AspNetCore.HttpsPolicy.HttpsRedirectionOptions>[]
7a5ac3d70ca8       1          24 Microsoft.Extensions.Options.IPostConfigureOptions<Microsoft.AspNetCore.HttpsPolicy.HttpsRedirectionOptions>[]
7a5ac3d70d68       1          24 Microsoft.Extensions.Options.IValidateOptions<Microsoft.AspNetCore.HttpsPolicy.HttpsRedirectionOptions>[]
7a5ac3d71378       1          24 Microsoft.Extensions.Logging.Logger<Microsoft.AspNetCore.HttpsPolicy.HttpsRedirectionMiddleware>
7a5ac3d71c60       1          24 Microsoft.Extensions.Options.IConfigureOptions<Microsoft.AspNetCore.HttpsPolicy.HstsOptions>[]
7a5ac3d71d20       1          24 Microsoft.Extensions.Options.IPostConfigureOptions<Microsoft.AspNetCore.HttpsPolicy.HstsOptions>[]
7a5ac3d71de0       1          24 Microsoft.Extensions.Options.IValidateOptions<Microsoft.AspNetCore.HttpsPolicy.HstsOptions>[]
7a5ac3d74290       1          24 Microsoft.Extensions.Logging.Logger<Microsoft.AspNetCore.HttpsPolicy.HstsMiddleware>
7a5ac3d74490       1          24 Microsoft.AspNetCore.Builder.StatusCodePagesOptions
7a5ac3d74a80       1          24 Microsoft.AspNetCore.Builder.StatusCodePagesOptions+<>c
7a5ac3d75078       1          24 Microsoft.AspNetCore.Diagnostics.IExceptionHandler[]
7a5ac3d75a08       1          24 Microsoft.Extensions.Logging.Logger<Microsoft.AspNetCore.Diagnostics.ExceptionHandlerMiddleware>
7a5ac3d75d08       1          24 Microsoft.Extensions.Logging.Logger<Microsoft.AspNetCore.HostFiltering.HostFilteringMiddleware>
7a5ac3d764d0       1          24 Microsoft.Extensions.Options.IConfigureOptions<Microsoft.AspNetCore.HostFiltering.HostFilteringOptions>[]
7a5ac3d76650       1          24 Microsoft.Extensions.Options.IValidateOptions<Microsoft.AspNetCore.HostFiltering.HostFilteringOptions>[]
7a5ac3d76400       1          24 Microsoft.Extensions.Options.OptionsCache<Microsoft.AspNetCore.HostFiltering.HostFilteringOptions>
7a5ac3d775c8       1          24 Microsoft.Extensions.Options.OptionsMonitor<Microsoft.AspNetCore.HostFiltering.HostFilteringOptions>+<>c
7a5ac3d77820       1          24 Microsoft.Extensions.Options.OptionsCache<Microsoft.AspNetCore.HostFiltering.HostFilteringOptions>+<>c__3<Microsoft.Extensions.Options.IOptionsFactory<Microsoft.AspNetCore.HostFiltering.HostFilteringOptions>>
7a5ac3d7a590       1          24 Microsoft.Extensions.Options.OptionsMonitorExtensions+<>c__DisplayClass0_0<Microsoft.AspNetCore.HostFiltering.HostFilteringOptions>
7a5ac3d88328       1          24 Microsoft.AspNetCore.Server.Kestrel.Core.Internal.EndpointConfig[]
7a5ac3d88570       1          24 Microsoft.AspNetCore.Server.Kestrel.Core.Internal.CertificateConfig[]
7a5ac3d8c5c8       1          24 System.Func<Microsoft.AspNetCore.Connections.MultiplexedConnectionDelegate, Microsoft.AspNetCore.Connections.MultiplexedConnectionDelegate>[]
7a5ac3d8e6b8       1          24 Microsoft.AspNetCore.Server.Kestrel.Core.Internal.HttpConnectionBuilderExtensions+<>c__DisplayClass0_0<Microsoft.AspNetCore.Hosting.HostingApplication+Context>
7a5ac3d8eb20       1          24 Microsoft.AspNetCore.Server.Kestrel.Core.ListenOptions+<>c
7a5ac3e04f10       1          24 System.Buffers.ArrayMemoryPool<System.Byte>
7a5ac3e0a808       1          24 System.Net.Sockets.SocketAsyncEngine+<>c
7a5ac3d8fc10       1          24 Microsoft.AspNetCore.Server.Kestrel.Core.Internal.Infrastructure.TransportManager+GenericConnectionListener
7a5ac3e36b90       1          24 System.WeakReference<Microsoft.AspNetCore.Server.Kestrel.Core.KestrelServerOptions>
7a5ac3f72d48       1          24 System.Collections.Generic.GenericEqualityComparer<System.IntPtr>
7a5ac3e38098       1          24 System.Threading.CancellationTokenSource+CallbackNode+<>c
7a5ac3e38c68       1          24 System.Threading.PeriodicTimer+State+<>c
7a5ac3e396f8       1          24 Microsoft.Extensions.Hosting.HostingAbstractionsHostExtensions+<>c
7a5ac3e39b90       1          24 System.Threading.Tasks.Task+DelayPromiseWithCancellation+<>c
7a5ac3f7c8d0       1          24 System.IO.Pipelines.Pipe+<>c
7a5ac3f7d5c0       1          24 Microsoft.AspNetCore.Server.Kestrel.Transport.Sockets.Internal.SocketAwaitableEventArgs+<>c
7a5abd9aa6e0       1          24 System.ModuleHandle
7a5ac3f81c18       1          24 Microsoft.AspNetCore.Connections.CorrelationIdGenerator+<>c
7a5ac3f98c50       1          24 Microsoft.AspNetCore.Server.Kestrel.Core.Internal.HttpConnection+<>c__12<Microsoft.AspNetCore.Hosting.HostingApplication+Context>
7a5ac3fb8d00       1          24 Microsoft.AspNetCore.Server.Kestrel.Core.Internal.Infrastructure.StringUtilities+<>c
7a5ac3fb8970       1          24 Microsoft.AspNetCore.Server.Kestrel.Core.Internal.Infrastructure.HttpUtilities+<>c
7a5ac3fc5748       1          24 System.Threading.AsyncLocal<Microsoft.AspNetCore.Http.HttpContextAccessor+HttpContextHolder>
7a5ac3fc6940       1          24 Microsoft.AspNetCore.Http.DefaultHttpRequest+<>c
7a5ac3fc7cc0       1          24 Microsoft.AspNetCore.Hosting.HostingApplicationDiagnostics+<>c
7a5ac3fc8af8       1          24 System.HexConverter+<>c
7a5ac3fc9e10       1          24 Microsoft.AspNetCore.Http.DefaultHttpContext+<>c
7a5ac3fcbb18       1          24 Microsoft.AspNetCore.Hosting.HostingRequestStartingLog+<>c
7a5ac40d0940       1          24 Microsoft.Extensions.Logging.LoggerMessage+LogValues+<>c
7a5abeb8cf48       1          24 Microsoft.AspNetCore.Routing.Matching.DefaultEndpointSelector
7a5abeb8b448       1          24 Microsoft.AspNetCore.Routing.Matching.HttpMethodMatcherPolicy
7a5ac40d3bb0       1          24 Microsoft.AspNetCore.Routing.Matching.HostMatcherPolicy+HostMetadataEndpointComparer
7a5ac40d3e60       1          24 Microsoft.AspNetCore.Routing.Matching.AcceptsMatcherPolicy+ConsumesMetadataEndpointComparer
7a5abeb8a9e0       1          24 Microsoft.AspNetCore.Routing.Matching.ContentEncodingNegotiationMatcherPolicy
7a5abef1e088       1          24 Microsoft.AspNetCore.Mvc.ActionConstraints.DefaultActionConstraintProvider
7a5ac40d4390       1          24 Microsoft.AspNetCore.Mvc.ActionConstraints.ActionConstraintCache+<>c
7a5abf054c58       1          24 Microsoft.AspNetCore.Mvc.Routing.ActionConstraintMatcherPolicy
7a5ac3d5bde0       1          24 Microsoft.AspNetCore.Routing.RouteEndpoint[]
7a5ac40dbbd0       1          24 Microsoft.AspNetCore.Routing.Matching.DfaMatcherBuilder+<>c
7a5ac40db0a0       1          24 Microsoft.AspNetCore.Routing.Matching.INodeBuilderPolicy[]
7a5ac40db160       1          24 Microsoft.AspNetCore.Routing.Matching.IEndpointComparerPolicy[]
7a5ac40dd720       1          24 System.Linq.Enumerable+EnumerableSorter<Microsoft.AspNetCore.Routing.MatcherPolicy>+<>c
7a5ac40dda10       1          24 Microsoft.AspNetCore.Routing.Matching.EndpointComparer+OrderComparer
7a5ac40ddb58       1          24 Microsoft.AspNetCore.Routing.Matching.EndpointComparer+PrecedenceComparer
7a5ac40f29d8       1          24 Microsoft.AspNetCore.Routing.Matching.DfaNode[]
7a5ac40f4198       1          24 System.Collections.Generic.ArraySortHelper<Microsoft.AspNetCore.Routing.Matching.DfaMatcherBuilder+DfaBuilderWorkerWorkItem>
7a5ac40f6f80       1          24 System.Collections.Generic.ArraySortHelper<Microsoft.AspNetCore.Http.Endpoint>
7a5ac40f7db0       1          24 Microsoft.AspNetCore.Routing.IHostMetadata[]
7a5ac40f8140       1          24 Microsoft.AspNetCore.Http.Metadata.IAcceptsMetadata[]
7a5ac40f8ed8       1          24 Microsoft.AspNetCore.Routing.IDynamicEndpointMetadata[]
7a5ac40fcd60       1          24 System.Collections.Generic.GenericEqualityComparer<Microsoft.AspNetCore.Routing.Matching.HttpMethodMatcherPolicy+EdgeKey>
7a5ac40fde90       1          24 Microsoft.AspNetCore.Routing.Matching.HostMatcherPolicy+<>c
7a5ac40fe640       1          24 Microsoft.AspNetCore.Routing.Matching.AcceptsMatcherPolicy+<>c
7a5ac4100a48       1          24 System.Collections.Generic.GenericArraySortHelper<System.Double>
7a5ac4102c90       1          24 System.GenericEmptyEnumerator<System.Collections.Generic.KeyValuePair<System.String, System.Collections.Generic.IReadOnlyList<Microsoft.AspNetCore.Routing.Patterns.RoutePatternParameterPolicyReference>>>
7a5ac4109f80       1          24 System.Collections.Generic.KeyValuePair<System.String, System.Int32>[]
7a5ac410aeb0       1          24 Microsoft.AspNetCore.Routing.Matching.DictionaryJumpTable+<>c
7a5ac4160a20       1          24 System.Buffers.SharedArrayPool<System.Int32>+<>c
7a5ac4161a58       1          24 System.Collections.Frozen.KeyAnalyzer+<>c
7a5ac4166068       1          24 Microsoft.AspNetCore.Http.Metadata.IRequestSizeLimitMetadata[]
7a5ac4166800       1          24 Microsoft.AspNetCore.Routing.ShortCircuit.ShortCircuitMetadata[]
7a5ac4168318       1          24 Microsoft.AspNetCore.Http.HttpResponse+<>c
7a5ac4168890       1          24 Microsoft.AspNetCore.Http.DefaultHttpResponse+<>c
7a5ac3fcd538       1          24 Microsoft.AspNetCore.Http.QueryString
7a5abf05f588       1          24 Microsoft.AspNetCore.Authentication.NoopClaimsTransformation
7a5ac022bd20       1          24 Microsoft.AspNetCore.Authentication.Cookies.PostConfigureCookieAuthenticationOptions
7a5ac02309e8       1          24 Microsoft.AspNetCore.Authentication.AuthenticationBuilder+PostConfigureAuthenticationSchemeOptions<Microsoft.AspNetCore.Authentication.Cookies.CookieAuthenticationOptions>
7a5ac416d210       1          24 Microsoft.Extensions.Options.IOptionsChangeTokenSource<Microsoft.AspNetCore.Authentication.Cookies.CookieAuthenticationOptions>[]
7a5ac416cee0       1          24 Microsoft.Extensions.Options.OptionsCache<Microsoft.AspNetCore.Authentication.Cookies.CookieAuthenticationOptions>
7a5ac416e5e8       1          24 Microsoft.Extensions.Options.IConfigureOptions<Microsoft.Extensions.WebEncoders.WebEncoderOptions>[]
7a5ac416e6a8       1          24 Microsoft.Extensions.Options.IPostConfigureOptions<Microsoft.Extensions.WebEncoders.WebEncoderOptions>[]
7a5ac416e768       1          24 Microsoft.Extensions.Options.IValidateOptions<Microsoft.Extensions.WebEncoders.WebEncoderOptions>[]
7a5ac416df28       1          24 Microsoft.Extensions.WebEncoders.WebEncoderOptions
7a5ac416ea00       1          24 System.Text.Encodings.Web.DefaultUrlEncoder
7a5ac416ec40       1          24 System.Text.Encodings.Web.DefaultUrlEncoder+EscaperImplementation
7a5ac416f660       1          24 Microsoft.Extensions.Options.OptionsMonitor<Microsoft.AspNetCore.Authentication.Cookies.CookieAuthenticationOptions>+<>c
7a5ac416f8b8       1          24 Microsoft.Extensions.Options.OptionsCache<Microsoft.AspNetCore.Authentication.Cookies.CookieAuthenticationOptions>+<>c__3<Microsoft.Extensions.Options.IOptionsFactory<Microsoft.AspNetCore.Authentication.Cookies.CookieAuthenticationOptions>>
7a5ac4173008       1          24 Microsoft.AspNetCore.Authentication.Cookies.CookieAuthenticationEvents+<>c
7a5ac4174a00       1          24 Microsoft.AspNetCore.Authentication.TicketSerializer
7a5ac41781a8       1          24 Microsoft.AspNetCore.Http.Features.RequestCookiesFeature+<>c
7a5ac417bf60       1          24 System.Collections.Generic.GenericArraySortHelper<System.Char>
7a5ac4227a48       1          24 Microsoft.AspNetCore.Authentication.PropertiesSerializer
7a5ac42294f0       1          24 Microsoft.Extensions.Options.IConfigureOptions<Microsoft.AspNetCore.Identity.SecurityStampValidatorOptions>[]
7a5ac0229dc0       1          24 Microsoft.Extensions.DependencyInjection.IdentityServiceCollectionExtensions+PostConfigureSecurityStampValidatorOptions
7a5ac4229680       1          24 Microsoft.Extensions.Options.IValidateOptions<Microsoft.AspNetCore.Identity.SecurityStampValidatorOptions>[]
7a5ac4229420       1          24 Microsoft.Extensions.Logging.Logger<Microsoft.AspNetCore.Identity.SignInManager<ForexExchange.Models.ApplicationUser>>
7a5ac4242098       1          24 Microsoft.EntityFrameworkCore.Internal.EntityFinderSource+<>c
7a5ac4242710       1          24 Microsoft.EntityFrameworkCore.Internal.EntityFinderSource+<>c__2<ForexExchange.Models.ApplicationUser>
7a5ac4245f80       1          24 Microsoft.EntityFrameworkCore.Internal.EntityFinder<ForexExchange.Models.ApplicationUser>+<>c
7a5ac4247ba8       1          24 System.Buffers.SharedArrayPool<Microsoft.EntityFrameworkCore.Query.Internal.ExpressionTreeFuncletizer+State>+<>c
7a5ac424aca0       1          24 System.Linq.Expressions.Interpreter.DebugInfo[]
7a5ac424c8f0       1          24 System.Linq.Expressions.Interpreter.LoadCachedObjectInstruction
7a5ac424c720       1          24 System.Linq.Expressions.Interpreter.LoadObjectInstruction
7a5ac424e848       1          24 System.Linq.Expressions.Interpreter.CastInstruction+CastInstructionT<System.String>
7a5ac4281f08       1          24 Microsoft.EntityFrameworkCore.Internal.InternalDbSet<Microsoft.AspNetCore.Identity.IdentityUserClaim<System.String>>+<>c
7a5ac42884d8       1          24 Microsoft.EntityFrameworkCore.Query.Internal.CompiledQueryCache+<>c__3<System.Collections.Generic.IAsyncEnumerable<System.Security.Claims.Claim>>
7a5ac428c3d0       1          24 Microsoft.EntityFrameworkCore.Sqlite.Query.Internal.SqliteStringMethodTranslator+<>c
7a5ac428d088       1          24 System.Collections.Generic.ObjectEqualityComparer<Microsoft.EntityFrameworkCore.Query.StructuralTypeProjectionExpression>
7a5ac428fd08       1          24 Microsoft.EntityFrameworkCore.Query.Internal.SingleQueryingEnumerable<System.Security.Claims.Claim>+AsyncEnumerator+<>c
7a5ac449ce38       1          24 Microsoft.EntityFrameworkCore.Internal.InternalDbSet<Microsoft.AspNetCore.Identity.IdentityUserRole<System.String>>+<>c
7a5ac449fec8       1          24 Microsoft.EntityFrameworkCore.Query.Internal.CompiledQueryCache+<>c__3<System.Collections.Generic.IAsyncEnumerable<System.String>>
7a5ac3255be0       1          24 Microsoft.EntityFrameworkCore.Metadata.RuntimeEntityType[]
7a5ac6330998       1          24 Microsoft.EntityFrameworkCore.Query.Internal.CompiledQueryCache+<>c__3<System.Collections.Generic.IAsyncEnumerable<<>f__AnonymousType223<System.Int32, System.DateTime, System.String, System.Decimal, System.String, ForexExchange.Models.PayerType, System.Nullable<System.Int32>, ForexExchange.Models.ReceiverType, System.Nullable<System.Int32>>>>
7a5ac44b5708       1          24 System.Collections.Generic.GenericEqualityComparer<System.Char>
7a5ac44b9618       1          24 Microsoft.EntityFrameworkCore.Query.Internal.SingleQueryingEnumerable<System.String>+AsyncEnumerator+<>c
7a5ac44bd428       1          24 Microsoft.EntityFrameworkCore.Internal.InternalDbSet<Microsoft.AspNetCore.Identity.IdentityRoleClaim<System.String>>+<>c
7a5ac44bf168       1          24 System.Collections.Generic.ObjectEqualityComparer<System.Security.Claims.ClaimsPrincipal>
7a5ac44c19a0       1          24 Microsoft.AspNetCore.Authorization.AuthorizationPolicy[]
7a5ac44c2620       1          24 Microsoft.AspNetCore.Authorization.IAuthorizationRequirementData[]
7a5ac44c2b50       1          24 Microsoft.AspNetCore.Cors.Infrastructure.ICorsMetadata[]
7a5ac44c2ee0       1          24 Microsoft.AspNetCore.Antiforgery.IAntiforgeryMetadata[]
7a5ac44c3518       1          24 Microsoft.Extensions.Logging.LoggerMessage+LogValues<Microsoft.AspNetCore.Http.Endpoint>+<>c
7a5ac44c6ce0       1          24 Microsoft.AspNetCore.Mvc.Filters.FilterFactory+<>c
7a5ac44c77a8       1          24 Microsoft.Extensions.Options.IConfigureOptions<Microsoft.AspNetCore.Mvc.CookieTempDataProviderOptions>[]
7a5ac44c7868       1          24 Microsoft.Extensions.Options.IPostConfigureOptions<Microsoft.AspNetCore.Mvc.CookieTempDataProviderOptions>[]
7a5ac44c7928       1          24 Microsoft.Extensions.Options.IValidateOptions<Microsoft.AspNetCore.Mvc.CookieTempDataProviderOptions>[]
7a5ac44c7c58       1          24 Microsoft.Extensions.Logging.Logger<Microsoft.AspNetCore.Mvc.ViewFeatures.CookieTempDataProvider>
7a5ac44c7170       1          24 Microsoft.AspNetCore.Mvc.CookieTempDataProviderOptions
7a5abf28a4b0       1          24 Microsoft.AspNetCore.Mvc.ViewFeatures.TempDataDictionaryFactory
7a5abf28c358       1          24 Microsoft.AspNetCore.Mvc.ViewFeatures.Filters.SaveTempDataFilter
7a5ac44cb728       1          24 Microsoft.AspNetCore.Mvc.Controllers.DefaultControllerPropertyActivator+<>c
7a5ac44cbe30       1          24 Microsoft.Extensions.Internal.PropertyActivator<Microsoft.AspNetCore.Mvc.ControllerContext>+<>c
7a5ac44e0fd8       1          24 Microsoft.Extensions.Logging.LoggerMessage+LogValues<System.String, System.Reflection.MethodInfo, System.String, System.String>+<>c
7a5ac44e5df8       1          24 Microsoft.Extensions.Logging.Logger<ForexExchange.Controllers.ExchangeRatesController>
7a5ac44ebe78       1          24 ForexExchange.Models.ExchangeRate[]
7a5ac44ecad8       1          24 Microsoft.EntityFrameworkCore.Query.Internal.CompiledQueryCache+<>c__3<System.Collections.Generic.IAsyncEnumerable<ForexExchange.Models.ExchangeRate>>
7a5ac45022d8       1          24 System.Collections.Generic.GenericEqualityComparer<System.ValueTuple<Microsoft.EntityFrameworkCore.Metadata.IForeignKey, System.Boolean>>
7a5ac4502600       1          24 System.Collections.Generic.ObjectEqualityComparer<Microsoft.EntityFrameworkCore.Metadata.IForeignKey>
7a5ac4504640       1          24 Microsoft.EntityFrameworkCore.Metadata.RuntimeNavigation+<>c
7a5ac4504e40       1          24 Microsoft.EntityFrameworkCore.Metadata.Internal.ClrCollectionAccessorFactory
7a5ac4506bf8       1          24 Microsoft.EntityFrameworkCore.Metadata.Internal.CollectionTypeFactory
7a5ac4512898       1          24 Microsoft.EntityFrameworkCore.Query.Internal.SingleQueryingEnumerable<ForexExchange.Models.ExchangeRate>+AsyncEnumerator+<>c
7a5ac4512db8       1          24 Microsoft.EntityFrameworkCore.Query.QuerySqlGenerator+<>c__54<Microsoft.EntityFrameworkCore.Query.SqlExpressions.OrderingExpression>
7a5ac451ea28       1          24 Microsoft.EntityFrameworkCore.Metadata.Internal.ClrPropertyGetterFactory
7a5ac4531ae0       1          24 Microsoft.EntityFrameworkCore.Metadata.Internal.ClrPropertyMaterializationSetterFactory
7a5ac48f1620       1          24 Microsoft.EntityFrameworkCore.Metadata.INavigationBase+<>c
7a5abff68ec0       1          24 Microsoft.AspNetCore.Mvc.Razor.Compilation.DefaultViewCompilerProvider
7a5ac453e8e0       1          24 Microsoft.Extensions.Logging.Logger<Microsoft.AspNetCore.Mvc.Razor.Compilation.DefaultViewCompiler>
7a5ac453f968       1          24 Microsoft.AspNetCore.Mvc.Razor.Compilation.CompiledViewDescriptor[]
7a5ac45411e8       1          24 Microsoft.AspNetCore.Razor.Hosting.RazorCompiledItem[]
7a5ac3a14f08       1          24 Microsoft.AspNetCore.Mvc.ApplicationParts.RazorCompiledItemFeatureProvider+<>c
7a5abff678d8       1          24 Microsoft.AspNetCore.Mvc.Razor.Compilation.DefaultRazorPageFactoryProvider
7a5abef1f298       1          24 Microsoft.AspNetCore.Mvc.Routing.UrlHelperFactory
7a5ac4543610       1          24 System.Text.Encodings.Web.DefaultHtmlEncoder
7a5ac4543890       1          24 System.Text.Encodings.Web.DefaultHtmlEncoder+EscaperImplementation
7a5ac45441f0       1          24 Microsoft.AspNetCore.Mvc.ViewFeatures.LambdaExpressionComparer
7a5abff6ab98       1          24 Microsoft.AspNetCore.Mvc.Razor.RazorViewEngineOptionsSetup
7a5ac4547aa0       1          24 Microsoft.Extensions.Options.IPostConfigureOptions<Microsoft.AspNetCore.Mvc.Razor.RazorViewEngineOptions>[]
7a5ac4547b60       1          24 Microsoft.Extensions.Options.IValidateOptions<Microsoft.AspNetCore.Mvc.Razor.RazorViewEngineOptions>[]
7a5ac45482e0       1          24 Microsoft.AspNetCore.Mvc.Razor.IViewLocationExpander[]
7a5ac4548448       1          24 Microsoft.Extensions.Logging.Logger<Microsoft.AspNetCore.Mvc.Razor.RazorViewEngine>
7a5abff6ad48       1          24 Microsoft.Extensions.DependencyInjection.MvcRazorMvcViewOptionsSetup
7a5ac45485a8       1          24 Microsoft.Extensions.Options.IPostConfigureOptions<Microsoft.AspNetCore.Mvc.MvcViewOptions>[]
7a5ac4548668       1          24 Microsoft.Extensions.Options.IValidateOptions<Microsoft.AspNetCore.Mvc.MvcViewOptions>[]
7a5abf286e28       1          24 Microsoft.AspNetCore.Mvc.ViewEngines.CompositeViewEngine
7a5ac4549a90       1          24 Microsoft.AspNetCore.Mvc.DataAnnotations.DefaultClientModelValidatorProvider
7a5ac4549b80       1          24 Microsoft.AspNetCore.Mvc.DataAnnotations.NumericClientModelValidatorProvider
7a5ac4549f88       1          24 Microsoft.Extensions.Logging.Logger<Microsoft.AspNetCore.Mvc.ViewFeatures.ViewResultExecutor>
7a5ac454af28       1          24 System.Collections.Generic.ObjectEqualityComparer<Microsoft.Extensions.Primitives.IChangeToken>
7a5ac454b658       1          24 System.Linq.Expressions.Expression+<>c
7a5ac1db7cc8       1          24 System.Collections.ObjectModel.ReadOnlyCollection<System.Linq.Expressions.MemberBinding>
7a5ac629fd40       1          24 Microsoft.EntityFrameworkCore.Query.Internal.SingleQueryingEnumerable<<>f__AnonymousType219<System.Int64, System.Int32, System.String, System.Decimal, System.DateTime, System.String>>+AsyncEnumerator+<>c
7a5ac62b0958       1          24 Microsoft.EntityFrameworkCore.Storage.ValueConversion.ValueConverter<ForexExchange.Models.CustomerBalanceTransactionType, System.Int32>+<>c__DisplayClass7_0<ForexExchange.Models.CustomerBalanceTransactionType, System.Int32>
7a5ac62b0fc8       1          24 Microsoft.EntityFrameworkCore.Internal.InternalDbSet<ForexExchange.Models.BankAccountBalanceHistory>+<>c
7a5ac62b2be0       1          24 Microsoft.EntityFrameworkCore.Query.Internal.CompiledQueryCache+<>c__3<System.Collections.Generic.IAsyncEnumerable<<>f__AnonymousType220<System.Int64, System.Int32, System.Decimal, System.DateTime, System.String>>>
7a5ac62b4300       1          24 Microsoft.EntityFrameworkCore.Query.Internal.SingleQueryingEnumerable<<>f__AnonymousType220<System.Int64, System.Int32, System.Decimal, System.DateTime, System.String>>+AsyncEnumerator+<>c
7a5ac62b4918       1          24 Microsoft.EntityFrameworkCore.Storage.ValueConversion.ValueConverter<ForexExchange.Models.BankAccountTransactionType, System.Int32>+<>c
7a5ac62b50d0       1          24 Microsoft.EntityFrameworkCore.Storage.ValueConversion.ValueConverter<ForexExchange.Models.BankAccountTransactionType, System.Int32>+<>c__DisplayClass7_0<ForexExchange.Models.BankAccountTransactionType, System.Int32>
7a5ac62b5740       1          24 Microsoft.EntityFrameworkCore.Internal.InternalDbSet<ForexExchange.Models.CurrencyPoolHistory>+<>c
7a5ac62b6808       1          24 <>f__AnonymousType221<System.Int64, System.String, System.Decimal, System.DateTime, System.String>[]
7a5ac62b7358       1          24 Microsoft.EntityFrameworkCore.Query.Internal.CompiledQueryCache+<>c__3<System.Collections.Generic.IAsyncEnumerable<<>f__AnonymousType221<System.Int64, System.String, System.Decimal, System.DateTime, System.String>>>
7a5ac62ba690       1          24 Microsoft.EntityFrameworkCore.Query.Internal.SingleQueryingEnumerable<<>f__AnonymousType221<System.Int64, System.String, System.Decimal, System.DateTime, System.String>>+AsyncEnumerator+<>c
7a5ac62baca8       1          24 Microsoft.EntityFrameworkCore.Storage.ValueConversion.ValueConverter<ForexExchange.Models.CurrencyPoolTransactionType, System.Int32>+<>c
7a5ac62bb460       1          24 Microsoft.EntityFrameworkCore.Storage.ValueConversion.ValueConverter<ForexExchange.Models.CurrencyPoolTransactionType, System.Int32>+<>c__DisplayClass7_0<ForexExchange.Models.CurrencyPoolTransactionType, System.Int32>
7a5ac3a130e0       1          24 Microsoft.AspNetCore.Mvc.Razor.RazorPagePropertyActivator+<>c
7a5ac455a070       1          24 Microsoft.AspNetCore.Routing.UriBuilderContextPooledObjectPolicy
7a5ac4559e00       1          24 Microsoft.Extensions.Logging.Logger<Microsoft.AspNetCore.Routing.DefaultLinkGenerator>
7a5ac455c278       1          24 Microsoft.AspNetCore.Routing.DefaultLinkGenerator+<>c
7a5ac455b4a8       1          24 Microsoft.AspNetCore.Routing.LinkOptions
7a5abf2870f0       1          24 Microsoft.AspNetCore.Mvc.ViewComponents.DefaultViewComponentActivator
7a5ac455d1a8       1          24 Microsoft.AspNetCore.Mvc.ViewComponents.DefaultViewComponentFactory+<>c
7a5ac455d8e8       1          24 Microsoft.Extensions.Logging.Logger<Microsoft.AspNetCore.Mvc.ViewComponents.DefaultViewComponentInvoker>
7a5abf9a66e8       1          24 Microsoft.AspNetCore.Antiforgery.AntiforgeryOptionsSetup
7a5ac455e958       1          24 Microsoft.Extensions.Options.IPostConfigureOptions<Microsoft.AspNetCore.Antiforgery.AntiforgeryOptions>[]
7a5ac455ea18       1          24 Microsoft.Extensions.Options.IValidateOptions<Microsoft.AspNetCore.Antiforgery.AntiforgeryOptions>[]
7a5ac455eb20       1          24 Microsoft.AspNetCore.Antiforgery.AntiforgerySerializationContextPooledObjectPolicy
7a5abf9a6190       1          24 Microsoft.AspNetCore.Antiforgery.DefaultClaimUidExtractor
7a5abf9a5640       1          24 Microsoft.AspNetCore.Antiforgery.DefaultAntiforgeryAdditionalDataProvider
7a5abf9a5f00       1          24 Microsoft.AspNetCore.Antiforgery.DefaultAntiforgeryTokenStore
7a5ac455fc98       1          24 System.Buffers.Text.Base64Url+<>c
7a5ac4570cb8       1          24 Microsoft.Extensions.Logging.Logger<Microsoft.AspNetCore.Antiforgery.DefaultAntiforgery>
7a5abef1feb8       1          24 Microsoft.AspNetCore.Mvc.ModelBinding.Validation.ClientValidatorCache
7a5ac4573810       1          24 Microsoft.AspNetCore.Mvc.ModelBinding.Validation.CompositeClientModelValidatorProvider
7a5ac4574e18       1          24 System.Buffers.SharedArrayPool<Microsoft.Extensions.Internal.PropertyActivator<Microsoft.AspNetCore.Mvc.Rendering.ViewContext>>+<>c
7a5ac45a3060       1          24 System.Collections.Generic.ObjectEqualityComparer<Microsoft.EntityFrameworkCore.Query.SqlExpressions.ColumnExpression>
7a5abff68090       1          24 Microsoft.AspNetCore.Mvc.Razor.Infrastructure.DefaultTagHelperActivator
7a5ac3a11e20       1          24 Microsoft.AspNetCore.Mvc.Razor.DefaultTagHelperFactory+<>c
7a5ac45a9f90       1          24 Microsoft.Extensions.Internal.PropertyActivator<Microsoft.AspNetCore.Mvc.Rendering.ViewContext>+<>c
7a5ac45aa848       1          24 Microsoft.AspNetCore.Mvc.Razor.ITagHelperInitializer<Microsoft.AspNetCore.Mvc.TagHelpers.AnchorTagHelper>[]
7a5ac3fcfe88       1          24 Microsoft.AspNetCore.Http.FragmentString
7a5abeb8f848       1          24 Microsoft.AspNetCore.Routing.RouteValuesAddressScheme
7a5ac45b0890       1          24 Microsoft.AspNetCore.Routing.NullRouter
7a5ac45b0a28       1          24 Microsoft.AspNetCore.Routing.Template.TemplatePart+<>c
7a5ac45b52f0       1          24 System.Collections.Generic.ObjectEqualityComparer<Microsoft.AspNetCore.Routing.DecisionTree.ItemDescriptor<Microsoft.AspNetCore.Routing.Tree.OutboundMatch>>
7a5ac45ba0c0       1          24 System.Collections.Generic.ObjectEqualityComparer<Microsoft.AspNetCore.Routing.DecisionTree.DecisionCriterionValue>
7a5ac45b22f0       1          24 Microsoft.AspNetCore.Routing.DecisionTree.ItemDescriptor<Microsoft.AspNetCore.Routing.Tree.OutboundMatch>[]
7a5ac45bc940       1          24 Microsoft.AspNetCore.Routing.DecisionTree.DecisionTreeBuilder<Microsoft.AspNetCore.Routing.Tree.OutboundMatch>+<>c
7a5ac45be500       1          24 System.Linq.Enumerable+EnumerableSorter<System.Collections.Generic.KeyValuePair<System.String, Microsoft.AspNetCore.Routing.DecisionTree.DecisionTreeBuilder<Microsoft.AspNetCore.Routing.Tree.OutboundMatch>+Criterion>>+<>c
7a5ac45bdaa0       1          24 System.Collections.Generic.KeyValuePair<System.String, Microsoft.AspNetCore.Routing.DecisionTree.DecisionTreeBuilder<Microsoft.AspNetCore.Routing.Tree.OutboundMatch>+Criterion>[]
7a5ac45c2048       1          24 Microsoft.AspNetCore.Routing.Tree.LinkGenerationDecisionTree+OutboundMatchResultComparer
7a5ac45c3c18       1          24 System.Collections.Generic.ObjectEqualityComparer<Microsoft.AspNetCore.Routing.RouteEndpoint>
7a5ac45c4508       1          24 System.ValueTuple<System.String, Microsoft.AspNetCore.Routing.IParameterPolicy>[]
7a5ac45c5b88       1          24 System.ValueTuple<System.String, Microsoft.AspNetCore.Routing.IRouteConstraint>[]
7a5ac45c5e60       1          24 System.ValueTuple<System.String, Microsoft.AspNetCore.Routing.IOutboundParameterTransformer>[]
7a5ac45c62b8       1          24 Microsoft.AspNetCore.Routing.Template.TemplateBinder+SentinullValue
7a5ac45cf328       1          24 Microsoft.AspNetCore.Antiforgery.DefaultClaimUidExtractor+<>c
7a5ac45e45d8       1          24 System.Collections.Generic.GenericArraySortHelper<System.UInt32, System.String>
7a5ac45e9d70       1          24 Microsoft.AspNetCore.Mvc.Razor.ITagHelperInitializer<Microsoft.AspNetCore.Mvc.Razor.TagHelpers.UrlResolutionTagHelper>[]
7a5abff68ca0       1          24 Microsoft.AspNetCore.Mvc.Razor.Infrastructure.TagHelperMemoryCacheProvider
7a5ac45ec158       1          24 Microsoft.AspNetCore.Mvc.Razor.ITagHelperInitializer<Microsoft.AspNetCore.Mvc.TagHelpers.LinkTagHelper>[]
7a5ac45ec420       1          24 System.Collections.Generic.ArraySortHelper<Microsoft.AspNetCore.Razor.TagHelpers.ITagHelper>
7a5ac45ef358       1          24 Microsoft.AspNetCore.Components.ResourceAssetCollection[]
7a5ac393c580       1          24 Microsoft.AspNetCore.Mvc.TagHelpers.LinkTagHelper+<>c
7a5ac46010c0       1          24 System.Threading.AsyncLocal<Microsoft.Extensions.Caching.Memory.CacheEntry>
7a5ac4603490       1          24 Microsoft.AspNetCore.Mvc.Razor.ITagHelperInitializer<Microsoft.AspNetCore.Mvc.Razor.TagHelpers.BodyTagHelper>[]
7a5ac46042a8       1          24 Microsoft.AspNetCore.Mvc.Razor.ITagHelperInitializer<Microsoft.AspNetCore.Mvc.TagHelpers.ScriptTagHelper>[]
7a5ac393d1a0       1          24 Microsoft.AspNetCore.Mvc.TagHelpers.ScriptTagHelper+<>c
7a5ac4629cf8       1          24 Microsoft.AspNetCore.Http.Metadata.ISkipStatusCodePagesMetadata[]
7a5ac462a218       1          24 System.Buffers.SharedArrayPool<Microsoft.AspNetCore.Mvc.ViewFeatures.Buffers.ViewBufferValue>+<>c
7a5ac462b608       1          24 Microsoft.AspNetCore.Hosting.HostingRequestFinishedLog+<>c
7a5ac463ee88       1          24 System.Collections.Generic.EnumEqualityComparer<Interop+Error>
7a5ac4642340       1          24 Microsoft.AspNetCore.Routing.Matching.ILEmitTrieFactory+<>c
7a5ac4639700       1          24 Microsoft.AspNetCore.Server.Kestrel.Transport.Sockets.Internal.SocketConnection+<>c
7a5ac463fd70       1          24 System.Collections.Generic.GenericEqualityComparer<System.Int64>
7a5ac464c8a8       1          24 System.Collections.Generic.GenericEqualityComparer<System.UInt16>
7a5ac4666c18       1          24 System.Collections.Generic.GenericEqualityComparer<System.UInt64>
7a5ac4680000       1          24 Microsoft.Win32.SafeHandles.SafeFileHandle+ThreadPoolValueTaskSource+<>c
7a5ac4684fd0       1          24 Microsoft.Extensions.Logging.LoggerMessage+LogValues<System.String, System.String>+<>c
7a5ac4791b48       1          24 Microsoft.AspNetCore.Authorization.AuthorizationPolicy+<>c
7a5ac47924d8       1          24 Microsoft.Extensions.Logging.Logger<Microsoft.AspNetCore.Authorization.DefaultAuthorizationService>
7a5ac4794f68       1          24 System.Collections.Generic.ObjectEqualityComparer<Microsoft.AspNetCore.Authorization.IAuthorizationRequirement>
7a5ac4797008       1          24 Microsoft.AspNetCore.Authorization.AuthorizationFailureReason[]
7a5ac479c368       1          24 System.Collections.Generic.GenericEqualityComparer<Microsoft.AspNetCore.Mvc.ModelBinding.ModelBinderFactory+Key>
7a5ac47a2040       1          24 Microsoft.AspNetCore.Http.Features.QueryFeature+<>c
7a5ac47a26e0       1          24 Microsoft.AspNetCore.Http.QueryCollection
7a5ac4912d20       1          24 System.Collections.Generic.GenericEqualityComparer<Microsoft.CSharp.RuntimeBinder.Semantics.SymbolStore+Key>
7a5ac491c668       1          24 System.Collections.Generic.ObjectEqualityComparer<Microsoft.CSharp.RuntimeBinder.Semantics.CType>
7a5ac491e8c0       1          24 System.Collections.Generic.GenericEqualityComparer<Microsoft.CSharp.RuntimeBinder.Semantics.TypeArray+TypeArrayKey>
7a5ac491eae8       1          24 Microsoft.CSharp.RuntimeBinder.BinderEquivalence+BinderEqualityComparer
7a5ac491f780       1          24 System.Collections.Generic.ObjectEqualityComparer<Microsoft.CSharp.RuntimeBinder.ICSharpBinder>
7a5ac49327a8       1          24 <>f__AnonymousType35<System.Int32, System.String, System.String>[]
7a5ac4933408       1          24 Microsoft.EntityFrameworkCore.Query.Internal.CompiledQueryCache+<>c__3<System.Collections.Generic.IAsyncEnumerable<<>f__AnonymousType35<System.Int32, System.String, System.String>>>
7a5ac4935e28       1          24 Microsoft.EntityFrameworkCore.Query.Internal.SingleQueryingEnumerable<<>f__AnonymousType35<System.Int32, System.String, System.String>>+AsyncEnumerator+<>c
7a5ac493ae90       1          24 System.Dynamic.BindingRestrictions+CustomRestriction
7a5ac493b0b8       1          24 System.Dynamic.DynamicMetaObject[]
7a5ac493e9f8       1          24 Microsoft.CSharp.RuntimeBinder.Semantics.TypeManager+StdTypeVarColl
7a5ac4947778       1          24 System.Collections.Generic.GenericEqualityComparer<Microsoft.CSharp.RuntimeBinder.SymbolTable+NameHashKey>
7a5ac494c0d0       1          24 Microsoft.CSharp.RuntimeBinder.Semantics.MethPropWithType[]
7a5ac494a7d0       1          24 Microsoft.CSharp.RuntimeBinder.Semantics.AggregateType[]
7a5ac494e158       1          24 System.Collections.Generic.GenericEqualityComparer<System.ValueTuple<System.Reflection.Assembly, System.Reflection.Assembly>>
7a5ac494e6d8       1          24 System.Collections.Generic.GenericEqualityComparer<Microsoft.CSharp.RuntimeBinder.Semantics.TypeTable+KeyPair<Microsoft.CSharp.RuntimeBinder.Semantics.AggregateSymbol, Microsoft.CSharp.RuntimeBinder.Semantics.TypeTable+KeyPair<Microsoft.CSharp.RuntimeBinder.Semantics.AggregateType, Microsoft.CSharp.RuntimeBinder.Semantics.TypeArray>>>
7a5ac494ea78       1          24 System.Collections.Generic.ObjectEqualityComparer<Microsoft.CSharp.RuntimeBinder.Semantics.AggregateSymbol>
7a5ac494f328       1          24 System.Collections.Generic.GenericEqualityComparer<Microsoft.CSharp.RuntimeBinder.Semantics.TypeTable+KeyPair<Microsoft.CSharp.RuntimeBinder.Semantics.AggregateType, Microsoft.CSharp.RuntimeBinder.Semantics.TypeArray>>
7a5ac494f6d8       1          24 System.Collections.Generic.ObjectEqualityComparer<Microsoft.CSharp.RuntimeBinder.Semantics.AggregateType>
7a5ac494f988       1          24 System.Collections.Generic.ObjectEqualityComparer<Microsoft.CSharp.RuntimeBinder.Semantics.TypeArray>
7a5ac4950cd0       1          24 System.Collections.Generic.ObjectEqualityComparer<System.Dynamic.BindingRestrictions>
7a5ac4951280       1          24 System.Dynamic.BindingRestrictions[]
7a5ac49536b8       1          24 System.Collections.Generic.ObjectEqualityComparer<System.Linq.Expressions.Compiler.LabelScopeInfo>
7a5ac49537a0       1          24 System.Linq.Expressions.Compiler.LabelScopeInfo[]
7a5ac4954878       1          24 System.Collections.Generic.GenericEqualityComparer<Microsoft.AspNetCore.Mvc.Razor.RazorPageActivator+CacheKey>
7a5ac4957ce8       1          24 Microsoft.AspNetCore.Mvc.Razor.ITagHelperInitializer<Microsoft.AspNetCore.Mvc.TagHelpers.FormTagHelper>[]
7a5ac4958628       1          24 Microsoft.AspNetCore.Mvc.Razor.ITagHelperInitializer<Microsoft.AspNetCore.Mvc.TagHelpers.RenderAtEndOfFormTagHelper>[]
7a5ac495e538       1          24 System.Dynamic.DynamicObject+MetaDynamic+<>c
7a5ac4947f78       1          24 Microsoft.CSharp.RuntimeBinder.Semantics.MethodGroupType
7a5ac4971d50       1          24 Microsoft.CSharp.RuntimeBinder.Semantics.VoidType
7a5ac49753a8       1          24 System.Collections.Generic.GenericEqualityComparer<Microsoft.CSharp.RuntimeBinder.Semantics.TypeTable+KeyPair<Microsoft.CSharp.RuntimeBinder.Semantics.CType, System.Int32>>
7a5ac4977f48       1          24 System.Collections.Generic.ObjectEqualityComparer<Microsoft.CSharp.RuntimeBinder.Semantics.ExprCall>
7a5ac497fbe0       1          24 Microsoft.CSharp.RuntimeBinder.Semantics.Expr[]
7a5ac49905b8       1          24 Microsoft.CSharp.RuntimeBinder.Semantics.CandidateFunctionMember[]
7a5ac4992860       1          24 Microsoft.Net.Http.Headers.NameValueHeaderValue[]
7a5ac4995a20       1          24 Microsoft.Extensions.Logging.Logger<ForexExchange.Controllers.HomeController>
7a5ac49b3fe8       1          24 System.Text.Json.Serialization.Metadata.ReflectionEmitMemberAccessor
7a5ac49bb4f0       1          24 System.Text.Json.Serialization.Metadata.ReflectionEmitCachingMemberAccessor+Cache<System.ValueTuple<System.String, System.Type, System.Reflection.MemberInfo>>+<>c__6<System.Func<System.Object, System.String>>
7a5ac49bdde0       1          24 System.Text.Json.Serialization.Metadata.ReflectionEmitCachingMemberAccessor+Cache<System.ValueTuple<System.String, System.Type, System.Reflection.MemberInfo>>+<>c__6<System.Func<System.Object, <>f__AnonymousType38<System.String, System.String, System.String, System.String>[]>>
7a5ac49be860       1          24 System.Text.Json.Serialization.Metadata.ReflectionEmitCachingMemberAccessor+Cache<System.ValueTuple<System.String, System.Type, System.Reflection.MemberInfo>>+<>c__6<System.Func<System.Object, System.String[]>>
7a5ac49bf2e8       1          24 System.Text.Json.Serialization.Metadata.ReflectionEmitCachingMemberAccessor+Cache<System.ValueTuple<System.String, System.Type, System.Reflection.MemberInfo>>+<>c__6<System.Func<System.Object[], <>f__AnonymousType37<System.String, System.String, System.String, <>f__AnonymousType38<System.String, System.String, System.String, System.String>[], System.String, System.String, System.String, System.String, System.String, System.String[], System.String, System.String>>>
7a5ac4a00808       1          24 System.Text.Json.Serialization.Metadata.ReflectionEmitCachingMemberAccessor+Cache<System.ValueTuple<System.String, System.Type, System.Reflection.MemberInfo>>+<>c__6<System.Text.Json.Serialization.Metadata.JsonTypeInfo+ParameterizedConstructorDelegate<<>f__AnonymousType38<System.String, System.String, System.String, System.String>, System.String, System.String, System.String, System.String>>
7a5ac4a03988       1          24 Microsoft.Extensions.Logging.Logger<Microsoft.AspNetCore.Mvc.Infrastructure.ContentResultExecutor>
7a5ac50caeb8       1          24 System.Collections.Generic.ObjectEqualityComparer<System.Threading.ThreadPoolWorkQueue+WorkStealingQueue>
7a5ac500e0a0       1          24 Microsoft.Extensions.Logging.Logger<ForexExchange.Controllers.ErrorController>
7a5ac500fb90       1          24 System.Collections.Generic.ObjectEqualityComparer<Microsoft.AspNetCore.Mvc.ModelBinding.Metadata.DefaultModelMetadata>
7a5ac625d288       1          24 System.Collections.Generic.ObjectEqualityComparer<Microsoft.EntityFrameworkCore.ChangeTracking.Internal.InternalEntityEntry>
7a5ac50115a0       1          24 Microsoft.AspNetCore.Hosting.HostingRequestUnhandledLog+<>c
7a5ac50599d8       1          24 Microsoft.Extensions.Logging.Logger<Microsoft.Extensions.Http.DefaultHttpClientFactory>
7a5ac505aa38       1          24 Microsoft.Extensions.Http.DefaultHttpClientFactory+<>c
7a5ac505b610       1          24 System.Collections.Generic.ObjectEqualityComparer<Microsoft.Data.Sqlite.SqliteConnectionPoolGroup>
7a5ac505b948       1          24 System.Collections.Generic.ObjectEqualityComparer<Microsoft.Data.Sqlite.SqliteConnectionInternal>
7a5ac505bd98       1          24 System.Collections.Generic.ObjectEqualityComparer<Microsoft.Data.Sqlite.SqliteConnectionPool>
7a5ac505d210       1          24 Microsoft.Extensions.Caching.Memory.MemoryCache+<>c
7a5ac50c79f0       1          24 Microsoft.AspNetCore.Server.Kestrel.Core.Internal.Http.HttpProtocol+<>c
7a5ac50cb9c8       1          24 Microsoft.Extensions.Logging.Logger<ForexExchange.Controllers.PoolManagementController>
7a5ac50d11f8       1          24 Microsoft.EntityFrameworkCore.Query.Internal.CompiledQueryCache+<>c__3<System.Collections.Generic.IAsyncEnumerable<ForexExchange.Models.CurrencyPool>>
7a5ac50d8940       1          24 Microsoft.EntityFrameworkCore.Query.Internal.SingleQueryingEnumerable<ForexExchange.Models.CurrencyPool>+AsyncEnumerator+<>c
7a5ac50d92e8       1          24 Microsoft.EntityFrameworkCore.Storage.ValueConversion.ValueConverter<ForexExchange.Models.PoolRiskLevel, System.Int32>+<>c
7a5ac50dde70       1          24 Microsoft.EntityFrameworkCore.Metadata.Internal.ClrPropertySetter<ForexExchange.Models.CurrencyPool, ForexExchange.Models.Currency>
7a5ac21b8710       1          24 ForexExchange.Controllers.PoolManagementController+<>c
7a5ac50de9f8       1          24 Microsoft.Extensions.Logging.Logger<Microsoft.AspNetCore.Mvc.NewtonsoftJson.NewtonsoftJsonResultExecutor>
7a5ac50f48e0       1          24 System.Collections.ObjectModel.ReadOnlyCollection<Microsoft.Net.Http.Headers.NameValueHeaderValue>
7a5ac50f5688       1          24 Microsoft.AspNetCore.Internal.AspNetCoreTempDirectory+<>c
7a5ac62c1120       1          24 Microsoft.EntityFrameworkCore.Internal.InternalDbSet<ForexExchange.Models.Order>+<>c
7a5ac62c36d0       1          24 Microsoft.EntityFrameworkCore.Query.Internal.CompiledQueryCache+<>c__3<System.Collections.Generic.IAsyncEnumerable<<>f__AnonymousType222<System.Int32, System.Int32, System.DateTime, System.Decimal, System.Decimal, System.Decimal, System.String, System.String, System.String>>>
7a5ac62c7880       1          24 Microsoft.EntityFrameworkCore.Query.Internal.SingleQueryingEnumerable<<>f__AnonymousType222<System.Int32, System.Int32, System.DateTime, System.Decimal, System.Decimal, System.Decimal, System.String, System.String, System.String>>+AsyncEnumerator+<>c
7a5ac2147be0       1          24 ForexExchange.Services.CentralFinancialService+<>c
7a5ac50f9348       1          24 Newtonsoft.Json.Utilities.EnumUtils+<>c
7a5ac51ffba0       1          24 Newtonsoft.Json.Utilities.ReflectionUtils+<>c
7a5ac5202e70       1          24 Newtonsoft.Json.Serialization.DefaultContractResolver+<>c
7a5ac520ef88       1          24 System.Linq.Enumerable+EnumerableSorter<Newtonsoft.Json.Serialization.JsonProperty>+<>c
7a5ac520f810       1          24 Newtonsoft.Json.Utilities.DynamicReflectionDelegateFactory
7a5ac5241910       1          24 Newtonsoft.Json.Utilities.ExpressionReflectionDelegateFactory
7a5ac5248ae0       1          24 System.Collections.Generic.GenericEqualityComparer<Newtonsoft.Json.Utilities.StructMultiKey<System.Type, System.Type>>
7a5ac524d1d8       1          24 System.Collections.Generic.GenericEqualityComparer<System.ValueTuple<System.String, System.Type, System.Reflection.MemberInfo>>
7a5ac525a218       1          24 Microsoft.AspNetCore.Http.Connections.AvailableTransport[]
7a5ac525cd48       1          24 Microsoft.Extensions.Options.IConfigureOptions<Microsoft.AspNetCore.Http.ProblemDetailsOptions>[]
7a5ac525ce08       1          24 Microsoft.Extensions.Options.IPostConfigureOptions<Microsoft.AspNetCore.Http.ProblemDetailsOptions>[]
7a5ac525cec8       1          24 Microsoft.Extensions.Options.IValidateOptions<Microsoft.AspNetCore.Http.ProblemDetailsOptions>[]
7a5ac525c710       1          24 Microsoft.AspNetCore.Http.ProblemDetailsOptions
7a5abf051310       1          24 Microsoft.AspNetCore.Mvc.Infrastructure.ProblemDetailsClientErrorFactory
7a5ac525d050       1          24 Microsoft.Extensions.Logging.Logger<Microsoft.AspNetCore.Mvc.Infrastructure.ClientErrorResultFilter>
7a5ac525d538       1          24 Microsoft.Extensions.Logging.Logger<ForexExchange.Controllers.PushController>
7a5ac525f5b0       1          24 Microsoft.EntityFrameworkCore.Internal.InternalDbSet<ForexExchange.Models.VapidConfiguration>+<>c
7a5ac52718a8       1          24 Microsoft.EntityFrameworkCore.Query.Internal.CompiledQueryCache+<>c__3<System.Threading.Tasks.Task<ForexExchange.Models.VapidConfiguration>>
7a5ac52750c0       1          24 Microsoft.EntityFrameworkCore.Query.Internal.SingleQueryingEnumerable<ForexExchange.Models.VapidConfiguration>+AsyncEnumerator+<>c
7a5ac5278b80       1          24 Microsoft.Extensions.Logging.Logger<Microsoft.AspNetCore.Mvc.Infrastructure.DefaultOutputFormatterSelector>
7a5ac52789a8       1          24 System.Collections.ObjectModel.ReadOnlyCollection<Microsoft.AspNetCore.Mvc.Formatters.IOutputFormatter>
7a5ac5278e70       1          24 Microsoft.Extensions.Logging.Logger<Microsoft.AspNetCore.Mvc.Infrastructure.ObjectResultExecutor>
7a5ac5286ef0       1          24 Microsoft.AspNetCore.SignalR.HubConnectionContext+<>c
7a5ac528d348       1          24 System.Threading.Channels.AsyncOperation<System.Int32>[]
7a5ac528d558       1          24 System.Threading.Channels.VoidAsyncOperationWithData<System.Int32>[]
7a5ac527ea50       1          24 Microsoft.AspNetCore.Http.DefaultWebSocketManager+<>c
7a5ac5312b40       1          24 System.Collections.Generic.ObjectEqualityComparer<Microsoft.Net.Http.Headers.MediaTypeHeaderValue>
7a5ac5712d60       1          24 Microsoft.AspNetCore.Http.Connections.Internal.HttpConnectionContext+<>c
7a5ac5714830       1          24 System.Threading.QueueUserWorkItemCallback+<>c
7a5ac5310818       1          24 Microsoft.AspNetCore.SignalR.Protocol.HandshakeResponseMessage
7a5ac578c9e0       1          24 Microsoft.Extensions.Logging.Logger<ForexExchange.Services.TotpService>
7a5ac6332658       1          24 Microsoft.EntityFrameworkCore.Query.Internal.SingleQueryingEnumerable<<>f__AnonymousType223<System.Int32, System.DateTime, System.String, System.Decimal, System.String, ForexExchange.Models.PayerType, System.Nullable<System.Int32>, ForexExchange.Models.ReceiverType, System.Nullable<System.Int32>>>+AsyncEnumerator+<>c
7a5ac57c54e8       1          24 Microsoft.CSharp.RuntimeBinder.Semantics.ExpressionBinder+BinOpFullSig[]
7a5ac57c7fa8       1          24 Microsoft.CSharp.RuntimeBinder.Semantics.NullType
7a5ac20f40a8       1          24 AspNetCoreGeneratedDocument.Views_Account_Login+<>c
7a5ac57cb290       1          24 Microsoft.AspNetCore.Mvc.Razor.ITagHelperInitializer<Microsoft.AspNetCore.Mvc.TagHelpers.ValidationSummaryTagHelper>[]
7a5ac57cbd78       1          24 Microsoft.AspNetCore.Mvc.ModelBinding.ModelStateEntry[]
7a5ac57cc860       1          24 Microsoft.AspNetCore.Mvc.Razor.ITagHelperInitializer<Microsoft.AspNetCore.Mvc.TagHelpers.LabelTagHelper>[]
7a5ac57cde00       1          24 System.ComponentModel.DataAnnotations.RegularExpressionAttribute+<>c
7a5ac57cf030       1          24 Microsoft.AspNetCore.Razor.TagHelpers.NullHtmlEncoder
7a5ac57cf8b8       1          24 Microsoft.AspNetCore.Mvc.Razor.ITagHelperInitializer<Microsoft.AspNetCore.Mvc.TagHelpers.InputTagHelper>[]
7a5ac57e10b0       1          24 Microsoft.AspNetCore.Mvc.ViewFeatures.MemberExpressionCacheKeyComparer
7a5ac57e3f68       1          24 System.Collections.Generic.ObjectEqualityComparer<Microsoft.AspNetCore.Mvc.ViewFeatures.MemberExpressionCacheKey>
7a5ac57ee560       1          24 Microsoft.AspNetCore.Mvc.Razor.ITagHelperInitializer<Microsoft.AspNetCore.Mvc.TagHelpers.ValidationMessageTagHelper>[]
7a5ac5805580       1          24 Microsoft.AspNetCore.Html.IHtmlContent[]
7a5ac57e78e0       1          24 Microsoft.AspNetCore.Mvc.ModelBinding.Validation.ClientValidatorItem[]
7a5ac62ce038       1          24 System.Linq.Enumerable+EnumerableSorter<System.ValueTuple<System.String, System.DateTime, System.String, System.Nullable<System.Int32>, System.Decimal, System.String, System.String>>+<>c
7a5ac62fbeb0       1          24 Microsoft.EntityFrameworkCore.ChangeTracking.Internal.Snapshot<System.Int64>+<>c
7a5ac58b9fd8       1          24 Microsoft.Extensions.Logging.Logger<ForexExchange.Controllers.ReportsController>
7a5ac58ba128       1          24 Microsoft.Extensions.Logging.Logger<ForexExchange.Services.CustomerFinancialHistoryService>
7a5ac6303f80       1          24 System.Collections.Generic.GenericEqualityComparer<Microsoft.EntityFrameworkCore.ValueGeneration.ValueGeneratorCache+CacheKey>
7a5ac58d4b48       1          24 Microsoft.AspNetCore.Mvc.Razor.ITagHelperInitializer<Microsoft.AspNetCore.Mvc.TagHelpers.OptionTagHelper>[]
7a5ac58da598       1          24 <>f__AnonymousType66<System.Int32, System.String, System.String, System.String, System.DateTime, System.Boolean, System.Collections.Generic.List<<>f__AnonymousType67<System.String, System.String, System.Decimal>>, System.Decimal>[]
7a5ac58db608       1          24 Microsoft.EntityFrameworkCore.Query.Internal.CompiledQueryCache+<>c__3<System.Collections.Generic.IAsyncEnumerable<<>f__AnonymousType66<System.Int32, System.String, System.String, System.String, System.DateTime, System.Boolean, System.Collections.Generic.List<<>f__AnonymousType67<System.String, System.String, System.Decimal>>, System.Decimal>>>
7a5ac32537d0       1          24 Microsoft.EntityFrameworkCore.Query.Internal.QueryableMethodNormalizingExpressionVisitor+<>c
7a5ac3389b48       1          24 Microsoft.EntityFrameworkCore.Query.SqlExpressions.SelectExpression+IdentifierComparer
7a5ac58f5fd0       1          24 System.Collections.Generic.GenericEqualityComparer<System.ValueTuple<Microsoft.EntityFrameworkCore.Query.SqlExpressions.ColumnExpression, Microsoft.EntityFrameworkCore.ChangeTracking.ValueComparer>>
7a5ac58f7648       1          24 Microsoft.EntityFrameworkCore.ChangeTracking.ValueComparer[]
7a5ac5b1a5a8       1          24 Microsoft.EntityFrameworkCore.Query.Internal.SingleQueryingEnumerable<<>f__AnonymousType66<System.Int32, System.String, System.String, System.String, System.DateTime, System.Boolean, System.Collections.Generic.List<<>f__AnonymousType67<System.String, System.String, System.Decimal>>, System.Decimal>>+AsyncEnumerator+<>c
7a5ac5b1a050       1          24 <>f__AnonymousType67<System.String, System.String, System.Decimal>[]
7a5ac5b1e538       1          24 Microsoft.EntityFrameworkCore.Query.RelationalShapedQueryCompilingExpressionVisitor+ShaperProcessingExpressionVisitor+<>c__28<System.Collections.Generic.List<<>f__AnonymousType67<System.String, System.String, System.Decimal>>, <>f__AnonymousType67<System.String, System.String, System.Decimal>, <>f__AnonymousType67<System.String, System.String, System.Decimal>>
7a5ac21bbd28       1          24 ForexExchange.Controllers.ReportsController+<>c
7a5ac5b4d2f8       1          24 <>f__AnonymousType17<System.Int32, System.String, System.String, System.Int32>[]
7a5ac5b4dd38       1          24 Microsoft.EntityFrameworkCore.Query.Internal.CompiledQueryCache+<>c__3<System.Collections.Generic.IAsyncEnumerable<<>f__AnonymousType17<System.Int32, System.String, System.String, System.Int32>>>
7a5ac5b4f5f8       1          24 Microsoft.EntityFrameworkCore.Query.Internal.SingleQueryingEnumerable<<>f__AnonymousType17<System.Int32, System.String, System.String, System.Int32>>+AsyncEnumerator+<>c
7a5ac5ba64b0       1          24 Microsoft.AspNetCore.Authorization.Infrastructure.DenyAnonymousAuthorizationRequirement+<>c
7a5ac5ba6870       1          24 Microsoft.Extensions.Logging.Logger<ForexExchange.Controllers.CustomerFinancialHistoryController>
7a5ac5bab8a0       1          24 Microsoft.EntityFrameworkCore.Internal.EntityFinderSource+<>c__2<ForexExchange.Models.Customer>
7a5ac5babb20       1          24 Microsoft.EntityFrameworkCore.Internal.EntityFinder<ForexExchange.Models.Customer>+<>c
7a5ac424eef8       1          24 System.Linq.Expressions.Interpreter.CastInstruction+CastInstructionT<System.Int32>
7a5ac5bae048       1          24 ForexExchange.Models.CustomerTransactionHistory[]
7a5ac5bae5b8       1          24 Microsoft.EntityFrameworkCore.Internal.InternalDbSet<ForexExchange.Models.CustomerBalanceHistory>+<>c
7a5ac5bb0668       1          24 Microsoft.EntityFrameworkCore.Query.Internal.CompiledQueryCache+<>c__3<System.Collections.Generic.IAsyncEnumerable<ForexExchange.Models.CustomerBalanceHistory>>
7a5ac5bb1fb0       1          24 Microsoft.EntityFrameworkCore.Query.Internal.SingleQueryingEnumerable<ForexExchange.Models.CustomerBalanceHistory>+AsyncEnumerator+<>c
7a5ac5bb2980       1          24 Microsoft.EntityFrameworkCore.Metadata.RuntimeKey+<>c__26<System.Int64>
7a5ac5bb4520       1          24 Microsoft.EntityFrameworkCore.ChangeTracking.Internal.IdentityMap<System.Int64>+<>c
7a5ac5bb4a88       1          24 Microsoft.EntityFrameworkCore.Storage.ValueConversion.ValueConverter<ForexExchange.Models.CustomerBalanceTransactionType, System.Int32>+<>c
7a5ac1e39990       1          24 Microsoft.EntityFrameworkCore.ChangeTracking.ValueComparer<System.Int64>+<>c
7a5ac5bbb3d0       1          24 Microsoft.EntityFrameworkCore.ChangeTracking.ValueComparer<System.Nullable<System.Int32>>+<>c
7a5ac215df78       1          24 ForexExchange.Services.CustomerFinancialHistoryService+<>c
7a5ac5bc4ee8       1          24 System.Buffers.SharedArrayPool<System.Reflection.MemberInfo>+<>c
7a5ac217d460       1          24 ForexExchange.Models.CustomerFinancialTimeline+<>c
7a5ac5c0e888       1          24 Microsoft.Extensions.Logging.Logger<ForexExchange.Services.CustomerBalanceService>
7a5ac5c0e9e8       1          24 Microsoft.Extensions.Logging.Logger<ForexExchange.Services.BankAccountBalanceService>
7a5ac5c0eb48       1          24 Microsoft.Extensions.Logging.Logger<ForexExchange.Services.OpenRouterOcrService>
7a5ac5c0ec28       1          24 Microsoft.Extensions.Logging.Logger<ForexExchange.Controllers.AccountingDocumentsController>
7a5ac5c0efb8       1          24 ForexExchange.Models.Customer[]
7a5ac5c0fbf0       1          24 Microsoft.EntityFrameworkCore.Query.Internal.CompiledQueryCache+<>c__3<System.Collections.Generic.IEnumerable<ForexExchange.Models.Customer>>
7a5ac5c42808       1          24 Microsoft.EntityFrameworkCore.Query.Internal.SingleQueryingEnumerable<ForexExchange.Models.Customer>+Enumerator+<>c
7a5ac5c43400       1          24 ForexExchange.Models.Currency[]
7a5ac5c43b60       1          24 Microsoft.EntityFrameworkCore.Query.Internal.CompiledQueryCache+<>c__3<System.Collections.Generic.IEnumerable<ForexExchange.Models.Currency>>
7a5ac5c469b0       1          24 Microsoft.EntityFrameworkCore.Query.Internal.SingleQueryingEnumerable<ForexExchange.Models.Currency>+Enumerator+<>c
7a5ac5c47468       1          24 Microsoft.EntityFrameworkCore.Query.Internal.CompiledQueryCache+<>c__3<System.Collections.Generic.IEnumerable<ForexExchange.Models.BankAccount>>
7a5ac5c486a0       1          24 Microsoft.EntityFrameworkCore.Query.Internal.SingleQueryingEnumerable<ForexExchange.Models.BankAccount>+Enumerator+<>c
7a5ac5c701a8       1          24 System.ComponentModel.ArrayConverter
7a5ac5c70a78       1          24 Microsoft.AspNetCore.Mvc.DataAnnotations.DataAnnotationsMetadataProvider+<>c
7a5ac5c71208       1          24 System.Linq.Enumerable+EnumerableSorter<System.Reflection.FieldInfo>+<>c
7a5ac5c72078       1          24 Microsoft.AspNetCore.Mvc.Razor.ITagHelperInitializer<Microsoft.AspNetCore.Mvc.TagHelpers.SelectTagHelper>[]
7a5ac20f2d20       1          24 AspNetCoreGeneratedDocument.Views_AccountingDocuments_Upload+<>c
7a5ac5c97cb8       1          24 Microsoft.AspNetCore.Mvc.Razor.ITagHelperInitializer<Microsoft.AspNetCore.Mvc.TagHelpers.TextAreaTagHelper>[]
7a5ac628a138       1          24 System.Collections.Generic.Dictionary<System.ValueTuple<System.Int32, System.String>, System.Decimal>+KeyCollection
7a5ac5d03348       1          24 Microsoft.AspNetCore.Mvc.NewtonsoftJson.JsonSerializerObjectPolicy
7a5ac5d113e0       1          24 Microsoft.AspNetCore.Mvc.ModelBinding.Validation.DefaultComplexObjectValidationStrategy
7a5ac5d13988       1          24 System.Collections.Generic.ObjectEqualityComparer<Microsoft.AspNetCore.Mvc.ModelBinding.Validation.ValidatorItem>
7a5ac5d14728       1          24 System.ComponentModel.ByteConverter
7a5ac5d132f8       1          24 Microsoft.AspNetCore.Mvc.ModelBinding.Validation.ValidatorItem[]
7a5ac5d1a7e8       1          24 System.ComponentModel.DataAnnotations.ValidationResult[]
7a5ac5d1f210       1          24 ForexExchange.Models.CustomerBalanceEffect[]
7a5ac5d1f2d0       1          24 ForexExchange.Models.BankAccountBalanceEffect[]
7a5ac5d1f520       1          24 Microsoft.EntityFrameworkCore.Internal.InternalDbSet<ForexExchange.Models.CustomerBalance>+<>c
7a5ac5d30000       1          24 Microsoft.EntityFrameworkCore.Query.Internal.CompiledQueryCache+<>c__3<System.Threading.Tasks.Task<ForexExchange.Models.CustomerBalance>>
7a5ac5d318d0       1          24 Microsoft.EntityFrameworkCore.Query.Internal.SingleQueryingEnumerable<ForexExchange.Models.CustomerBalance>+AsyncEnumerator+<>c
7a5ac5d32d40       1          24 Microsoft.EntityFrameworkCore.Metadata.Internal.ClrPropertySetter<ForexExchange.Models.CustomerBalance, ForexExchange.Models.Customer>
7a5ac218c870       1          24 ForexExchange.Controllers.AccountingDocumentsController+<>c
7a5ac5d39a00       1          24 <>f__AnonymousType9<System.String, System.String, System.String, System.Decimal, System.Decimal, System.Decimal, System.String>[]
7a5ac33aceb8       1          24 Microsoft.EntityFrameworkCore.Query.Internal.ResultContext
7a5ac5d6d6c0       1          24 Microsoft.AspNetCore.Mvc.ModelBinding.IModelBinder[]
7a5ac5d6b118       1          24 Microsoft.AspNetCore.Mvc.ModelBinding.Binders.ByteArrayModelBinder
7a5ac5d6b260       1          24 Microsoft.AspNetCore.Mvc.ModelBinding.Binders.FormFileModelBinder
7a5ac5d8a150       1          24 Microsoft.AspNetCore.Http.Metadata.IFormOptionsMetadata[]
7a5ac5d8a398       1          24 Microsoft.AspNetCore.Http.Features.FormFeature+<>c
7a5ac5d928a0       1          24 Microsoft.AspNetCore.Internal.AspNetCoreTempDirectory+<>c
7a5ac5d943a8       1          24 Microsoft.AspNetCore.Http.IFormFile[]
7a5ac5dc55d0       1          24 Microsoft.Extensions.Primitives.StringValues+<>c
7a5ac5856310       1          24 Microsoft.AspNetCore.Mvc.ModelBinding.ModelError[]
7a5ac5dda6e0       1          24 Microsoft.EntityFrameworkCore.ValueGeneration.ValueGeneratorCache+<>c
7a5ac5de0080       1          24 Microsoft.EntityFrameworkCore.ChangeTracking.Internal.TemporaryValuesFactoryFactory
7a5ac5de5ad8       1          24 Microsoft.EntityFrameworkCore.ChangeTracking.Internal.Snapshot<System.Int32, System.Nullable<System.Int32>, System.Nullable<System.Int32>, System.Nullable<System.Int32>, System.Nullable<System.Int32>>+<>c
7a5ac5deb9e8       1          24 Microsoft.EntityFrameworkCore.ChangeTracking.ValueComparer<System.Byte[]>+<>c
7a5ac5e037e0       1          24 System.Tuple<Microsoft.EntityFrameworkCore.Metadata.INavigationBase, Microsoft.EntityFrameworkCore.ChangeTracking.Internal.InternalEntityEntry>[]
7a5ac1daecf0       1          24 Microsoft.EntityFrameworkCore.ChangeTracking.ValueComparer<System.Decimal>+<>c
7a5ac4cf6058       1          24 System.Collections.StructuralEqualityComparer
7a5ac1e333f0       1          24 Microsoft.EntityFrameworkCore.ChangeTracking.ValueComparer<System.Boolean>+<>c
7a5ac5e68b80       1          24 Microsoft.EntityFrameworkCore.ChangeTracking.Internal.StateManager+<>c
7a5ac5e78e70       1          24 Microsoft.EntityFrameworkCore.Update.IModificationCommand[]
7a5ac5e99ab0       1          24 Microsoft.EntityFrameworkCore.Metadata.Internal.ForeignKeyConstraint+<>c
7a5ac5e9d1d0       1          24 Microsoft.EntityFrameworkCore.Metadata.Internal.Column+<>c
7a5ac5e9f9e0       1          24 Microsoft.EntityFrameworkCore.Metadata.Internal.UniqueConstraint+<>c
7a5ac5ea5040       1          24 Microsoft.EntityFrameworkCore.Update.Internal.RowForeignKeyValueFactory<System.Int32, System.Int32>+<>c
7a5ac5e7bbe8       1          24 Microsoft.EntityFrameworkCore.Update.Internal.CommandBatchPreparer+<>c
7a5ac5eca720       1          24 Microsoft.EntityFrameworkCore.Update.ModificationCommand+<>c
7a5ac5eca2b8       1          24 Microsoft.EntityFrameworkCore.Update.UpdateSqlGenerator+<>c
7a5ac5ed7cd8       1          24 System.Buffers.SharedArrayPool<Microsoft.EntityFrameworkCore.Update.IColumnModification>+<>c
7a5ac5eda8b8       1          24 Microsoft.EntityFrameworkCore.Storage.ValueConversion.ValueConverter<ForexExchange.Models.PayerType, System.Int32>+<>c
7a5ac5edbbd0       1          24 Microsoft.EntityFrameworkCore.Storage.ValueConversion.ValueConverter<ForexExchange.Models.PayerType, System.Int32>+<>c__DisplayClass7_0<ForexExchange.Models.PayerType, System.Int32>
7a5ac5edc518       1          24 Microsoft.EntityFrameworkCore.Storage.ValueConversion.ValueConverter<ForexExchange.Models.ReceiverType, System.Int32>+<>c
7a5ac5ede8e8       1          24 Microsoft.EntityFrameworkCore.Storage.ValueConversion.ValueConverter<ForexExchange.Models.ReceiverType, System.Int32>+<>c__DisplayClass7_0<ForexExchange.Models.ReceiverType, System.Int32>
7a5ac5edeb20       1          24 Microsoft.EntityFrameworkCore.Storage.ValueConversion.ValueConverter<ForexExchange.Models.DocumentType, System.Int32>+<>c
7a5ac5edf2d8       1          24 Microsoft.EntityFrameworkCore.Storage.ValueConversion.ValueConverter<ForexExchange.Models.DocumentType, System.Int32>+<>c__DisplayClass7_0<ForexExchange.Models.DocumentType, System.Int32>
7a5ac5ef7100       1          24 Microsoft.EntityFrameworkCore.Infrastructure.RuntimeAnnotatableBase+<>c__22<System.Func<System.Data.Common.DbDataReader, System.Int32, System.Object>, System.ValueTuple<Microsoft.EntityFrameworkCore.Metadata.IProperty, System.Boolean>>
7a5ac5ef80d0       1          24 Microsoft.EntityFrameworkCore.ChangeTracking.Internal.StoreGeneratedValuesFactoryFactory
7a5ac5ddfee0       1          24 Microsoft.EntityFrameworkCore.ChangeTracking.Internal.SidecarValuesFactoryFactory
7a5ac5efd318       1          24 Microsoft.EntityFrameworkCore.ChangeTracking.Internal.Snapshot<System.Int32, System.Nullable<System.Int32>, System.Nullable<System.Int32>, System.Nullable<System.Int32>, System.Nullable<System.Int32>, System.Object, System.Object, System.Object, System.Object>+<>c
7a5ac5f112d0       1          24 Microsoft.EntityFrameworkCore.Metadata.Internal.ClrPropertySetter<ForexExchange.Models.AccountingDocument, System.Int32>
7a5ac5f14820       1          24 Microsoft.EntityFrameworkCore.Internal.EntityFinderSource+<>c__2<ForexExchange.Models.Currency>
7a5ac5f14aa0       1          24 Microsoft.EntityFrameworkCore.Internal.EntityFinder<ForexExchange.Models.Currency>+<>c
7a5ac5f15e80       1          24 System.Diagnostics.StackTraceSymbols
7a5ac5f1add8       1          24 System.Collections.Immutable.ImmutableArray<System.Reflection.PortableExecutable.DebugDirectoryEntry>
7a5ac5f1d128       1          24 System.Reflection.PortableExecutable.DebugDirectoryEntry[]
7a5ac5f1d478       1          24 System.Reflection.PortableExecutable.PEReader+<>c
7a5ac5f92820       1          24 System.Collections.Immutable.ImmutableArray<System.Byte>
7a5ac5f96ce0       1          24 System.Reflection.Internal.PooledStringBuilder+<>c__DisplayClass8_0
7a5ac5f98f78       1          24 Microsoft.EntityFrameworkCore.Internal.InternalDbSet<ForexExchange.Models.AccountingDocument>+<>c
7a5ac5f9a268       1          24 Microsoft.EntityFrameworkCore.Query.Internal.CompiledQueryCache+<>c__3<System.Threading.Tasks.Task<ForexExchange.Models.AccountingDocument>>
7a5ac5f9b360       1          24 Microsoft.EntityFrameworkCore.Internal.QueryableExtensions+<>c
7a5ac5fb6ef0       1          24 Microsoft.EntityFrameworkCore.Query.Internal.SingleQueryingEnumerable<ForexExchange.Models.AccountingDocument>+AsyncEnumerator+<>c
7a5ac20e7590       1          24 AspNetCoreGeneratedDocument.Views_AccountingDocuments_Details+<>c
7a5abf056430       1          24 Microsoft.AspNetCore.Mvc.Infrastructure.FileContentResultExecutor
7a5ac5fc0428       1          24 Microsoft.Extensions.Logging.Logger<Microsoft.AspNetCore.Mvc.Infrastructure.FileContentResultExecutor>
7a5ac6310000       1          24 System.Collections.Generic.ArraySortHelper<Microsoft.EntityFrameworkCore.Update.IReadOnlyModificationCommand>
7a5ac6316550       1          24 Microsoft.EntityFrameworkCore.Metadata.Internal.ClrPropertySetter<ForexExchange.Models.CurrencyPoolHistory, System.Int64>
7a5ac21a9038       1          24 ForexExchange.Controllers.CustomerFinancialHistoryController+<>c
7a5ac7250f60       1          24 ForexExchange.Models.FinancialTransactionItem[]
7a5ac6339070       1          24 System.Linq.Enumerable+EnumerableSorter<System.ValueTuple<System.Int32, System.String, System.DateTime, System.String, System.Nullable<System.Int32>, System.Decimal, System.String>>+<>c
7a5ac633dd38       1          24 Microsoft.EntityFrameworkCore.ChangeTracking.Internal.Snapshot<System.Int64, System.Int32>+<>c
7a5ac16a0628       1          24 System.WeakReference<Microsoft.Data.Sqlite.SqliteCommand>
7a5ac227ba30       1          24 Microsoft.Data.Sqlite.SqliteParameterCollection
7a5ac64a0520       1          24 Microsoft.EntityFrameworkCore.Query.Internal.CompiledQueryCache+<>c__3<System.Collections.Generic.IAsyncEnumerable<ForexExchange.Models.Order>>
7a5ac64abfc0       1          24 Microsoft.EntityFrameworkCore.Query.Internal.CompiledQueryCache+<>c__3<System.Collections.Generic.IAsyncEnumerable<ForexExchange.Models.AccountingDocument>>
7a5ac634e8e8       1          24 Microsoft.EntityFrameworkCore.Metadata.Internal.ClrPropertySetter<ForexExchange.Models.BankAccountBalanceHistory, System.Int64>
7a5ac6461290       1          24 Microsoft.EntityFrameworkCore.Query.Internal.CompiledQueryCache+<>c__3<System.Collections.Generic.IAsyncEnumerable<ForexExchange.Models.CustomerBalance>>
7a5ac64622a8       1          24 Microsoft.EntityFrameworkCore.EnumerableMethods+<>c
7a5ac646b128       1          24 System.Collections.Generic.GenericEqualityComparer<System.ValueTuple<System.String, System.String>>
7a5ac634f110       1          24 Microsoft.EntityFrameworkCore.Internal.InternalDbSet<ForexExchange.Models.BankAccountBalance>+<>c
7a5ac634fcc8       1          24 Microsoft.EntityFrameworkCore.Query.Internal.CompiledQueryCache+<>c__3<System.Threading.Tasks.Task<ForexExchange.Models.BankAccountBalance>>
7a5ac6361760       1          24 Microsoft.EntityFrameworkCore.Query.Internal.SingleQueryingEnumerable<ForexExchange.Models.BankAccountBalance>+AsyncEnumerator+<>c
7a5ac63662d0       1          24 Microsoft.EntityFrameworkCore.Query.Internal.CompiledQueryCache+<>c__3<System.Collections.Generic.IAsyncEnumerable<<>f__AnonymousType224<System.Int32, System.DateTime, System.String, System.Decimal, System.String, System.String, ForexExchange.Models.PayerType, System.Nullable<System.Int32>, ForexExchange.Models.ReceiverType, System.Nullable<System.Int32>>>>
7a5ac6367910       1          24 Microsoft.EntityFrameworkCore.Query.Internal.SingleQueryingEnumerable<<>f__AnonymousType224<System.Int32, System.DateTime, System.String, System.Decimal, System.String, System.String, ForexExchange.Models.PayerType, System.Nullable<System.Int32>, ForexExchange.Models.ReceiverType, System.Nullable<System.Int32>>>+AsyncEnumerator+<>c
7a5ac6369548       1          24 Microsoft.EntityFrameworkCore.Query.Internal.CompiledQueryCache+<>c__3<System.Collections.Generic.IAsyncEnumerable<<>f__AnonymousType225<System.Int32, System.Int32, System.DateTime, System.Decimal, System.Decimal, System.String, System.String, System.String>>>
7a5ac636b030       1          24 Microsoft.EntityFrameworkCore.Query.Internal.SingleQueryingEnumerable<<>f__AnonymousType225<System.Int32, System.Int32, System.DateTime, System.Decimal, System.Decimal, System.String, System.String, System.String>>+AsyncEnumerator+<>c
7a5ac636f7b8       1          24 System.Collections.Generic.ObjectEqualityComparer<<>f__AnonymousType131<System.Int32, System.String>>
7a5ac6372458       1          24 System.Linq.Enumerable+EnumerableSorter<<>f__AnonymousType226<System.Int32, System.String, System.DateTime, System.String, System.String, System.Nullable<System.Int32>, System.Decimal, System.String>>+<>c
7a5ac64786c0       1          24 Microsoft.EntityFrameworkCore.Storage.ValueConversion.ValueConverter<System.Collections.Generic.IEnumerable<System.Int32>, System.String>+<>c
7a5ac6479060       1          24 Microsoft.EntityFrameworkCore.Storage.ValueConversion.ValueConverter<System.Collections.Generic.IEnumerable<System.Int32>, System.String>+<>c__DisplayClass7_0<System.Collections.Generic.IEnumerable<System.Int32>, System.String>
7a5ac64aaae8       1          24 Microsoft.EntityFrameworkCore.Query.Internal.SingleQueryingEnumerable<ForexExchange.Models.Order>+AsyncEnumerator+<>c
7a5ac637c510       1          24 Microsoft.EntityFrameworkCore.Metadata.Internal.ClrPropertySetter<ForexExchange.Models.CustomerBalanceHistory, System.Int64>
7a5ac34667d8       1          24 Microsoft.EntityFrameworkCore.Storage.ParameterNameGenerator
7a5ac76c4e88       1          24 System.Collections.Generic.ObjectEqualityComparer<System.Diagnostics.Tracing.CounterGroup>
7a5ac76c5ac8       1          24 System.Collections.Generic.ObjectEqualityComparer<System.Diagnostics.Metrics.MeterListener>
7a5ac6cfa870       1          24 Microsoft.EntityFrameworkCore.Query.Internal.CompiledQueryCache+<>c__3<System.Threading.Tasks.Task<ForexExchange.Models.Order>>
7a5ac6dff190       1          24 System.Buffers.SharedArrayPool<System.Net.Http.HttpConnection>+<>c
7a5ac6e022f0       1          24 System.Net.Http.HttpConnectionBase[]
7a5ac6e038e8       1          24 System.Collections.Generic.GenericEqualityComparer<System.Net.Http.HttpConnectionPoolManager+HttpConnectionKey>
7a5ac6e0c278       1          24 Microsoft.EntityFrameworkCore.Query.Internal.CompiledQueryCache+<>c__3<System.Collections.Generic.IAsyncEnumerable<ForexExchange.Models.Currency>>
7a5ac6e105a8       1          24 Microsoft.EntityFrameworkCore.Query.Internal.CompiledQueryCache+<>c__3<System.Collections.Generic.IAsyncEnumerable<ForexExchange.Models.Customer>>
7a5ac6f4f7b8       1          24 System.Text.Json.Serialization.Metadata.ReflectionEmitCachingMemberAccessor+Cache<System.ValueTuple<System.String, System.Type, System.Reflection.MemberInfo>>+<>c__6<System.Text.Json.Serialization.Metadata.JsonTypeInfo+ParameterizedConstructorDelegate<<>f__AnonymousType199<System.Int32, System.Int32, System.DateTime>, System.Int32, System.Int32, System.DateTime, System.Object>>
7a5ac7171120       1          24 System.Collections.Generic.GenericEqualityComparer<Interop+OpenSsl+SslContextCacheKey>
7a5ac71715f8       1          24 Microsoft.Extensions.Logging.Logger<Microsoft.AspNetCore.Mvc.RedirectToActionResult>
7a5ac7174888       1          24 Newtonsoft.Json.Bson.BsonProperty[]
7a5ac71c7038       1          24 Newtonsoft.Json.Bson.BsonDataReader+ContainerContext[]
7a5ac647f6a0       1          24 Microsoft.EntityFrameworkCore.EntityFrameworkQueryableExtensions+IncludableQueryable<ForexExchange.Models.Order, ForexExchange.Models.Customer>
7a5ac6e6a100       1          24 Microsoft.CSharp.RuntimeBinder.Semantics.ExprProperty+<>c
7a5ac6514f98       1          24 Microsoft.Extensions.Logging.Logger<ForexExchange.Controllers.OrdersController>
7a5ac65150e8       1          24 Microsoft.Extensions.Logging.Logger<ForexExchange.Services.OrderDataService>
7a5ac6518ce8       1          24 <>f__AnonymousType42<System.Int32, System.String, System.String, System.Int32, System.Int32>[]
7a5ac6519838       1          24 Microsoft.EntityFrameworkCore.Query.Internal.CompiledQueryCache+<>c__3<System.Collections.Generic.IAsyncEnumerable<<>f__AnonymousType42<System.Int32, System.String, System.String, System.Int32, System.Int32>>>
7a5ac651af28       1          24 Microsoft.EntityFrameworkCore.Query.Internal.SingleQueryingEnumerable<<>f__AnonymousType42<System.Int32, System.String, System.String, System.Int32, System.Int32>>+AsyncEnumerator+<>c
7a5ac21b5110       1          24 ForexExchange.Controllers.OrdersController+<>c
7a5ac6530930       1          24 Microsoft.EntityFrameworkCore.Query.Internal.CompiledQueryCache+<>c__3<System.Collections.Generic.IEnumerable<Microsoft.AspNetCore.Mvc.Rendering.SelectListItem>>
7a5ac33a0fc0       1          24 Microsoft.EntityFrameworkCore.Query.Internal.SqlExpressionSimplifyingExpressionVisitor+<>c
7a5ac6534238       1          24 Microsoft.EntityFrameworkCore.Query.Internal.SingleQueryingEnumerable<Microsoft.AspNetCore.Mvc.Rendering.SelectListItem>+Enumerator+<>c
7a5ac2110900       1          24 AspNetCoreGeneratedDocument.Views_Orders_Create+<>c
7a5ac6570ee8       1          24 System.Text.Json.Serialization.Metadata.JsonTypeInfo<System.Collections.Generic.Dictionary<System.Int32, <>f__AnonymousType43<System.String, System.String, System.Int32>>>+<>c__DisplayClass34_0
7a5ac65722e0       1          24 System.Text.Json.Serialization.Metadata.ReflectionEmitCachingMemberAccessor+Cache<System.ValueTuple<System.String, System.Type, System.Reflection.MemberInfo>>+<>c__6<System.Func<System.Object, System.Int32>>
7a5ac65735d8       1          24 System.Text.Json.Serialization.Metadata.ReflectionEmitCachingMemberAccessor+Cache<System.ValueTuple<System.String, System.Type, System.Reflection.MemberInfo>>+<>c__6<System.Text.Json.Serialization.Metadata.JsonTypeInfo+ParameterizedConstructorDelegate<<>f__AnonymousType43<System.String, System.String, System.Int32>, System.String, System.String, System.Int32, System.Object>>
7a5ac65c4e18       1          24 Microsoft.EntityFrameworkCore.Query.Internal.CompiledQueryCache+<>c__3<System.Threading.Tasks.Task<ForexExchange.Models.Currency>>
7a5ac65c6058       1          24 Microsoft.EntityFrameworkCore.Query.Internal.SingleQueryingEnumerable<ForexExchange.Models.Currency>+AsyncEnumerator+<>c
7a5ac65c99e0       1          24 Microsoft.EntityFrameworkCore.Query.Internal.CompiledQueryCache+<>c__3<System.Threading.Tasks.Task<ForexExchange.Models.CurrencyPool>>
7a5ac65e43f8       1          24 Microsoft.EntityFrameworkCore.ChangeTracking.Internal.Snapshot<System.Int32, System.Nullable<System.Int32>, System.Int32, System.Int32, System.Int32>+<>c
7a5ac65e4d40       1          24 Microsoft.EntityFrameworkCore.ChangeTracking.Internal.Snapshot<System.Nullable<System.Int32>>+<>c
7a5ac66013b8       1          24 Microsoft.EntityFrameworkCore.ChangeTracking.Internal.Snapshot<System.Int32, System.Nullable<System.Int32>, System.Int32, System.Int32, System.Int32, System.Object, System.Object, System.Object>+<>c
7a5ac66020a0       1          24 Microsoft.EntityFrameworkCore.Metadata.Internal.ClrPropertySetter<ForexExchange.Models.Order, System.Int32>
7a5ac6607c48       1          24 Microsoft.EntityFrameworkCore.Metadata.Internal.ClrPropertySetter<ForexExchange.Models.Order, ForexExchange.Models.Customer>
7a5ac6609a58       1          24 System.Text.Json.Serialization.Metadata.ReflectionEmitCachingMemberAccessor+Cache<System.ValueTuple<System.String, System.Type, System.Reflection.MemberInfo>>+<>c__6<System.Func<System.Object, System.Decimal>>
7a5ac660a900       1          24 System.Text.Json.Serialization.Metadata.ReflectionEmitCachingMemberAccessor+Cache<System.ValueTuple<System.String, System.Type, System.Reflection.MemberInfo>>+<>c__6<System.Func<System.Object[], <>f__AnonymousType197<System.Int32, System.Int32, System.Int32, System.Int32, System.Decimal, System.Decimal, System.Decimal>>>
7a5ac660c648       1          24 Microsoft.AspNetCore.Http.DefaultConnectionInfo+<>c
7a5ac660e278       1          24 Microsoft.EntityFrameworkCore.ChangeTracking.Internal.Snapshot<System.Int32>+<>c
7a5ac6889f90       1          24 Microsoft.EntityFrameworkCore.Storage.ValueConversion.ValueConverter<ForexExchange.Models.AdminActivityType, System.Int32>+<>c
7a5ac688a748       1          24 Microsoft.EntityFrameworkCore.Storage.ValueConversion.ValueConverter<ForexExchange.Models.AdminActivityType, System.Int32>+<>c__DisplayClass7_0<ForexExchange.Models.AdminActivityType, System.Int32>
7a5ac688b028       1          24 Microsoft.EntityFrameworkCore.Metadata.Internal.ClrPropertySetter<ForexExchange.Models.AdminActivity, System.Int32>
7a5ac2177058       1          24 ForexExchange.Services.Notifications.NotificationHub+<>c
7a5ac5860498       1          24 System.Threading.Tasks.Task[]
7a5ac68904f0       1          24 System.Text.Json.Serialization.Metadata.ReflectionEmitCachingMemberAccessor+Cache<System.ValueTuple<System.String, System.Type, System.Reflection.MemberInfo>>+<>c__6<System.Func<System.Object, <>f__AnonymousType229<System.String, System.String, System.String, System.DateTime, System.String, System.Collections.Generic.Dictionary<System.String, System.Object>, ForexExchange.Services.Notifications.RelatedEntity>>>
7a5ac6890da8       1          24 System.Text.Json.Serialization.Metadata.ReflectionEmitCachingMemberAccessor+Cache<System.ValueTuple<System.String, System.Type, System.Reflection.MemberInfo>>+<>c__6<System.Func<System.Object[], <>f__AnonymousType59<System.String, System.String, System.String, System.String, System.String, <>f__AnonymousType229<System.String, System.String, System.String, System.DateTime, System.String, System.Collections.Generic.Dictionary<System.String, System.Object>, ForexExchange.Services.Notifications.RelatedEntity>>>>
7a5ac6892518       1          24 System.Text.Json.Serialization.Metadata.ReflectionEmitCachingMemberAccessor+Cache<System.ValueTuple<System.String, System.Type, System.Reflection.MemberInfo>>+<>c__6<System.Func<System.Object, System.DateTime>>
7a5ac6893668       1          24 System.Text.Json.Serialization.Metadata.ReflectionEmitCachingMemberAccessor+Cache<System.ValueTuple<System.String, System.Type, System.Reflection.MemberInfo>>+<>c__6<System.Func<System.Object, System.Collections.Generic.Dictionary<System.String, System.Object>>>
7a5ac68941c8       1          24 System.Text.Json.Serialization.Metadata.ReflectionEmitCachingMemberAccessor+Cache<System.ValueTuple<System.String, System.Type, System.Reflection.MemberInfo>>+<>c__6<System.Func<System.Object, ForexExchange.Services.Notifications.RelatedEntity>>
7a5ac6896698       1          24 System.Text.Json.Serialization.Metadata.ReflectionEmitCachingMemberAccessor+Cache<System.ValueTuple<System.String, System.Type, System.Reflection.MemberInfo>>+<>c__6<System.Func<System.Object[], <>f__AnonymousType229<System.String, System.String, System.String, System.DateTime, System.String, System.Collections.Generic.Dictionary<System.String, System.Object>, ForexExchange.Services.Notifications.RelatedEntity>>>
7a5ac68986a8       1          24 System.Text.Json.Serialization.Metadata.JsonTypeInfo<System.Collections.Generic.Dictionary<System.String, System.Object>>+<>c__DisplayClass34_0
7a5ac6899188       1          24 System.Text.Json.Serialization.Metadata.JsonTypeInfo<ForexExchange.Services.Notifications.RelatedEntity>+<>c__DisplayClass34_0
7a5ac68997d0       1          24 System.Text.Json.Serialization.Metadata.ReflectionEmitCachingMemberAccessor+Cache<System.ValueTuple<System.String, System.Type, System.Reflection.MemberInfo>>+<>c__6<System.Action<System.Object, System.String>>
7a5ac689a350       1          24 System.Text.Json.Serialization.Metadata.ReflectionEmitCachingMemberAccessor+Cache<System.ValueTuple<System.String, System.Type, System.Reflection.MemberInfo>>+<>c__6<System.Action<System.Object, System.Int32>>
7a5ac689ad70       1          24 System.Text.Json.Serialization.Metadata.ReflectionEmitCachingMemberAccessor+Cache<System.ValueTuple<System.String, System.Type, System.Reflection.MemberInfo>>+<>c__6<System.Action<System.Object, System.Collections.Generic.Dictionary<System.String, System.Object>>>
7a5ac689b0d8       1          24 System.Text.Json.Serialization.Metadata.JsonPropertyInfo<System.Collections.Generic.Dictionary<System.String, System.Object>>+<>c__DisplayClass10_0
7a5ac689cb58       1          24 System.Text.Json.Reflection.ReflectionExtensions+<>c
7a5ac689e098       1          24 System.Boolean[][]
7a5ac68e76f0       1          24 Microsoft.EntityFrameworkCore.Internal.InternalDbSet<ForexExchange.Models.PushSubscription>+<>c
7a5ac68e8028       1          24 ForexExchange.Models.PushSubscription[]
7a5ac68e8a68       1          24 Microsoft.EntityFrameworkCore.Query.Internal.CompiledQueryCache+<>c__3<System.Collections.Generic.IAsyncEnumerable<ForexExchange.Models.PushSubscription>>
7a5ac33df3c8       1          24 Microsoft.EntityFrameworkCore.ChangeTracking.Internal.ShadowValuesFactoryFactory
7a5ac68e95d0       1          24 Microsoft.EntityFrameworkCore.ChangeTracking.Internal.ShadowValuesFactoryFactory+<>c
7a5ac68ea440       1          24 System.Linq.Enumerable+EnumerableSorter<Microsoft.EntityFrameworkCore.Metadata.IPropertyBase>+<>c
7a5ac68eb790       1          24 Microsoft.EntityFrameworkCore.Query.Internal.SingleQueryingEnumerable<ForexExchange.Models.PushSubscription>+AsyncEnumerator+<>c
7a5ac68ec2d8       1          24 Microsoft.EntityFrameworkCore.ChangeTracking.Internal.Snapshot<System.String>+<>c
7a5ac6951990       1          24 Org.BouncyCastle.Asn1.Sec.SecNamedCurves+Secp112r1Holder
7a5ac6951ad8       1          24 Org.BouncyCastle.Asn1.Sec.SecNamedCurves+Secp112r2Holder
7a5ac6951c20       1          24 Org.BouncyCastle.Asn1.Sec.SecNamedCurves+Secp128r1Holder
7a5ac6951d68       1          24 Org.BouncyCastle.Asn1.Sec.SecNamedCurves+Secp128r2Holder
7a5ac6951eb0       1          24 Org.BouncyCastle.Asn1.Sec.SecNamedCurves+Secp160k1Holder
7a5ac6951ff8       1          24 Org.BouncyCastle.Asn1.Sec.SecNamedCurves+Secp160r1Holder
7a5ac6952140       1          24 Org.BouncyCastle.Asn1.Sec.SecNamedCurves+Secp160r2Holder
7a5ac6952288       1          24 Org.BouncyCastle.Asn1.Sec.SecNamedCurves+Secp192k1Holder
7a5ac69523d0       1          24 Org.BouncyCastle.Asn1.Sec.SecNamedCurves+Secp192r1Holder
7a5ac6952518       1          24 Org.BouncyCastle.Asn1.Sec.SecNamedCurves+Secp224k1Holder
7a5ac6952660       1          24 Org.BouncyCastle.Asn1.Sec.SecNamedCurves+Secp224r1Holder
7a5ac69527a8       1          24 Org.BouncyCastle.Asn1.Sec.SecNamedCurves+Secp256k1Holder
7a5ac69528f0       1          24 Org.BouncyCastle.Asn1.Sec.SecNamedCurves+Secp256r1Holder
7a5ac6952a38       1          24 Org.BouncyCastle.Asn1.Sec.SecNamedCurves+Secp384r1Holder
7a5ac6952b80       1          24 Org.BouncyCastle.Asn1.Sec.SecNamedCurves+Secp521r1Holder
7a5ac6952cc8       1          24 Org.BouncyCastle.Asn1.Sec.SecNamedCurves+Sect113r1Holder
7a5ac6952e10       1          24 Org.BouncyCastle.Asn1.Sec.SecNamedCurves+Sect113r2Holder
7a5ac6952f58       1          24 Org.BouncyCastle.Asn1.Sec.SecNamedCurves+Sect131r1Holder
7a5ac69530a0       1          24 Org.BouncyCastle.Asn1.Sec.SecNamedCurves+Sect131r2Holder
7a5ac69531e8       1          24 Org.BouncyCastle.Asn1.Sec.SecNamedCurves+Sect163k1Holder
7a5ac6953330       1          24 Org.BouncyCastle.Asn1.Sec.SecNamedCurves+Sect163r1Holder
7a5ac6953478       1          24 Org.BouncyCastle.Asn1.Sec.SecNamedCurves+Sect163r2Holder
7a5ac69535c0       1          24 Org.BouncyCastle.Asn1.Sec.SecNamedCurves+Sect193r1Holder
7a5ac6953708       1          24 Org.BouncyCastle.Asn1.Sec.SecNamedCurves+Sect193r2Holder
7a5ac6953850       1          24 Org.BouncyCastle.Asn1.Sec.SecNamedCurves+Sect233k1Holder
7a5ac6953998       1          24 Org.BouncyCastle.Asn1.Sec.SecNamedCurves+Sect233r1Holder
7a5ac6953ae0       1          24 Org.BouncyCastle.Asn1.Sec.SecNamedCurves+Sect239k1Holder
7a5ac6953c28       1          24 Org.BouncyCastle.Asn1.Sec.SecNamedCurves+Sect283k1Holder
7a5ac6953d70       1          24 Org.BouncyCastle.Asn1.Sec.SecNamedCurves+Sect283r1Holder
7a5ac6953eb8       1          24 Org.BouncyCastle.Asn1.Sec.SecNamedCurves+Sect409k1Holder
7a5ac6954000       1          24 Org.BouncyCastle.Asn1.Sec.SecNamedCurves+Sect409r1Holder
7a5ac6954148       1          24 Org.BouncyCastle.Asn1.Sec.SecNamedCurves+Sect571k1Holder
7a5ac6954290       1          24 Org.BouncyCastle.Asn1.Sec.SecNamedCurves+Sect571r1Holder
7a5ac695fe08       1          24 Org.BouncyCastle.Crypto.Prng.CryptoApiRandomGenerator
7a5ac6970138       1          24 System.Security.Cryptography.RNGCryptoServiceProvider
7a5ac697e268       1          24 Org.BouncyCastle.Asn1.Asn1Encodable[]
7a5ac69a33b8       1          24 Org.BouncyCastle.Crypto.EC.CustomNamedCurves+Curve25519Holder
7a5ac69a3500       1          24 Org.BouncyCastle.Crypto.EC.CustomNamedCurves+SecP128R1Holder
7a5ac69a3648       1          24 Org.BouncyCastle.Crypto.EC.CustomNamedCurves+SecP160K1Holder
7a5ac69a3790       1          24 Org.BouncyCastle.Crypto.EC.CustomNamedCurves+SecP160R1Holder
7a5ac69a38d8       1          24 Org.BouncyCastle.Crypto.EC.CustomNamedCurves+SecP160R2Holder
7a5ac69a3a20       1          24 Org.BouncyCastle.Crypto.EC.CustomNamedCurves+SecP192K1Holder
7a5ac69a3b68       1          24 Org.BouncyCastle.Crypto.EC.CustomNamedCurves+SecP192R1Holder
7a5ac69a3cb0       1          24 Org.BouncyCastle.Crypto.EC.CustomNamedCurves+SecP224K1Holder
7a5ac69a3df8       1          24 Org.BouncyCastle.Crypto.EC.CustomNamedCurves+SecP224R1Holder
7a5ac69a3f40       1          24 Org.BouncyCastle.Crypto.EC.CustomNamedCurves+SecP256K1Holder
7a5ac69a4088       1          24 Org.BouncyCastle.Crypto.EC.CustomNamedCurves+SecP256R1Holder
7a5ac69a41d0       1          24 Org.BouncyCastle.Crypto.EC.CustomNamedCurves+SecP384R1Holder
7a5ac69a4318       1          24 Org.BouncyCastle.Crypto.EC.CustomNamedCurves+SecP521R1Holder
7a5ac69a4460       1          24 Org.BouncyCastle.Crypto.EC.CustomNamedCurves+SecT113R1Holder
7a5ac69a45a8       1          24 Org.BouncyCastle.Crypto.EC.CustomNamedCurves+SecT113R2Holder
7a5ac69a46f0       1          24 Org.BouncyCastle.Crypto.EC.CustomNamedCurves+SecT131R1Holder
7a5ac69a4838       1          24 Org.BouncyCastle.Crypto.EC.CustomNamedCurves+SecT131R2Holder
7a5ac69a4980       1          24 Org.BouncyCastle.Crypto.EC.CustomNamedCurves+SecT163K1Holder
7a5ac69a4ac8       1          24 Org.BouncyCastle.Crypto.EC.CustomNamedCurves+SecT163R1Holder
7a5ac69a4c10       1          24 Org.BouncyCastle.Crypto.EC.CustomNamedCurves+SecT163R2Holder
7a5ac69a4d58       1          24 Org.BouncyCastle.Crypto.EC.CustomNamedCurves+SecT193R1Holder
7a5ac69a4ea0       1          24 Org.BouncyCastle.Crypto.EC.CustomNamedCurves+SecT193R2Holder
7a5ac69a4fe8       1          24 Org.BouncyCastle.Crypto.EC.CustomNamedCurves+SecT233K1Holder
7a5ac69a5130       1          24 Org.BouncyCastle.Crypto.EC.CustomNamedCurves+SecT233R1Holder
7a5ac69a5278       1          24 Org.BouncyCastle.Crypto.EC.CustomNamedCurves+SecT239K1Holder
7a5ac69a53c0       1          24 Org.BouncyCastle.Crypto.EC.CustomNamedCurves+SecT283K1Holder
7a5ac69a5508       1          24 Org.BouncyCastle.Crypto.EC.CustomNamedCurves+SecT283R1Holder
7a5ac69a5650       1          24 Org.BouncyCastle.Crypto.EC.CustomNamedCurves+SecT409K1Holder
7a5ac69a5798       1          24 Org.BouncyCastle.Crypto.EC.CustomNamedCurves+SecT409R1Holder
7a5ac69a58e0       1          24 Org.BouncyCastle.Crypto.EC.CustomNamedCurves+SecT571K1Holder
7a5ac69a5a28       1          24 Org.BouncyCastle.Crypto.EC.CustomNamedCurves+SecT571R1Holder
7a5ac69a6050       1          24 Org.BouncyCastle.Crypto.EC.CustomNamedCurves+SM2P256V1Holder
7a5ac69a82c8       1          24 Org.BouncyCastle.Math.EC.Multiplier.WNafL2RMultiplier
7a5ac6b04798       1          24 System.Net.Http.HttpConnectionPoolManager+<>c
7a5ac6b04c28       1          24 System.Net.Http.HttpClient+<>c
7a5ac6b05048       1          24 System.Net.Http.HttpNoProxy
7a5ac6b0ab20       1          24 System.Net.Http.DiagnosticsHandler+<>c
7a5ac6b20a18       1          24 System.Net.Http.RequestQueue<System.Net.Http.HttpConnection>+QueueItem[]
7a5ac6b20cf0       1          24 System.Net.Http.RequestQueue<System.Net.Http.Http2Connection>+QueueItem[]
7a5ac6b20fc8       1          24 System.Net.Http.RequestQueue<System.Net.Http.Http3Connection>+QueueItem[]
7a5ac6b261d8       1          24 System.Threading.Tasks.TaskCompletionSourceWithCancellation<System.Net.Http.HttpConnection>+<>c
7a5ac6b3a338       1          24 System.Net.Dns+<>c
7a5ac6f0f1b0       1          24 System.Net.Sockets.SocketAsyncContext+AsyncOperation+<>c
7a5ac6b3f930       1          24 System.Net.Sockets.Socket+<>c
7a5ac6bd54f8       1          24 System.Collections.Generic.GenericEqualityComparer<Interop+Sys+IPAddress>
7a5ac6bd5c58       1          24 System.Collections.Generic.ObjectEqualityComparer<System.Threading.Tasks.Task>
7a5ac6bd61e8       1          24 System.Net.Sockets.SocketAsyncEventArgs+<>c
7a5ac6f439e0       1          24 System.Collections.Generic.EnumEqualityComparer<System.Net.Sockets.SocketError>
7a5ac6bde640       1          24 Interop+OpenSsl+SafeSslContextCache
7a5ac6be4ca8       1          24 Interop+OpenSsl+<>c
7a5ac6beb6d0       1          24 System.Net.Sockets.SocketAsyncContext+OperationQueue<System.Net.Sockets.SocketAsyncContext+ReadOperation>+<>c
7a5ac6bf0f88       1          24 System.Security.Cryptography.Oid[]
7a5ac6bf6460       1          24 System.Collections.Generic.ObjectEqualityComparer<System.Security.Cryptography.X509Certificates.X509Certificate2>
7a5ac6bf7ac0       1          24 System.Security.Cryptography.X509Certificates.OpenSslX509CertificateReader+<>c
7a5ac6bf9850       1          24 System.Security.Cryptography.X509Certificates.OpenSslX509Encoder
7a5ac6bfc808       1          24 System.Formats.Asn1.AsnReader[]
7a5ac21167f8       1          24 AspNetCoreGeneratedDocument.Views_PrintViews_CustomerPrintReport+<>c
7a5ac725c908       1          24 System.Linq.Enumerable+EnumerableSorter<System.Linq.IGrouping<System.String, ForexExchange.Models.FinancialTransactionItem>>+<>c
7a5ac725d488       1          24 System.Linq.Enumerable+EnumerableSorter<ForexExchange.Models.FinancialTransactionItem>+<>c
7a5ac6ca1500       1          24 System.Collections.Generic.GenericEqualityComparer<System.ValueTuple<System.Int64, System.Int64>>
7a5ac2275718       1          24 System.Data.CommandType
7a5ac6ca52f8       1          24 System.Security.Cryptography.X509Certificates.X509Certificate2[]
7a5ac6caa988       1          24 System.Net.Http.HttpConnection+<>c
7a5ac6cb4720       1          24 System.Net.Http.EmptyReadStream
7a5ac6cb5790       1          24 System.Net.Http.HttpConnectionPool+<>c
7a5ac6cb7570       1          24 System.Collections.Generic.ObjectEqualityComparer<System.Net.NetworkInformation.NetworkAddressChangedEventHandler>
7a5ac6cb7820       1          24 System.Collections.Generic.ObjectEqualityComparer<System.Net.NetworkInformation.NetworkAvailabilityChangedEventHandler>
7a5ac6cba0a0       1          24 System.Net.Http.DiagnosticsHelper+<>c
7a5ac6cb98d8       1          24 System.Threading.Tasks.ValueTask<System.Int32>+ValueTaskSourceAsTask+<>c
7a5ac7322c38       1          24 System.Collections.Generic.ObjectEqualityComparer<Microsoft.EntityFrameworkCore.Metadata.IComplexProperty>
7a5ac6cbc690       1          24 Microsoft.EntityFrameworkCore.ChangeTracking.Internal.Snapshot<System.Int32, System.Int32>+<>c
7a5ac6cbf678       1          24 Microsoft.EntityFrameworkCore.Metadata.Internal.ClrPropertySetter<ForexExchange.Models.PushNotificationLog, ForexExchange.Models.PushSubscription>
7a5ac6cefbe8       1          24 Microsoft.EntityFrameworkCore.ChangeTracking.Internal.Snapshot<System.Int32, System.Int32, System.Object>+<>c
7a5ac20ed258       1          24 AspNetCoreGeneratedDocument.Views_AccountingDocuments_Index+<>c
7a5ac1373988       1          24 Microsoft.EntityFrameworkCore.Metadata.RelationalAdHocMapperDependencies
7a5ac1f5faf8       1          24 System.Threading.Mutex
7a5ac6cf0598       1          24 Microsoft.EntityFrameworkCore.Metadata.Internal.ClrPropertySetter<ForexExchange.Models.PushNotificationLog, System.Int32>
7a5ac454cf40       1          24 Microsoft.AspNetCore.Razor.Runtime.TagHelpers.TagHelperRunner
7a5ac4573bd0       1          24 Microsoft.AspNetCore.Razor.Runtime.TagHelpers.TagHelperScopeManager
7a5abff687e0       1          24 Microsoft.AspNetCore.Mvc.Razor.TagHelperComponentManager
7a5ac4605e58       1          24 Microsoft.AspNetCore.Mvc.ViewFeatures.Buffers.ArrayPoolBufferSource
7a5ac738e9b0       1          24 ForexExchange.Services.BankAccountOption[]
7a5ac738f478       1          24 Microsoft.EntityFrameworkCore.Query.Internal.CompiledQueryCache+<>c__3<System.Collections.Generic.IAsyncEnumerable<ForexExchange.Services.BankAccountOption>>
7a5ac73b0bd8       1          24 Microsoft.EntityFrameworkCore.Query.Internal.SingleQueryingEnumerable<ForexExchange.Services.BankAccountOption>+AsyncEnumerator+<>c
7a5ac47a1ed0       1          24 Microsoft.AspNetCore.Http.QueryCollectionInternal
7a5ac73b8100       1          24 Microsoft.EntityFrameworkCore.Query.Internal.CompiledQueryCache+<>c__3<System.Collections.Generic.IAsyncEnumerable<ForexExchange.Models.BankAccountBalanceHistory>>
7a5ac73bcd58       1          24 Microsoft.EntityFrameworkCore.Query.Internal.SingleQueryingEnumerable<ForexExchange.Models.BankAccountBalanceHistory>+AsyncEnumerator+<>c
7a5ac73bdef8       1          24 System.Collections.Generic.Dictionary<System.Int64, Microsoft.EntityFrameworkCore.ChangeTracking.Internal.InternalEntityEntry>+ValueCollection
7a5ac73be9f0       1          24 Microsoft.EntityFrameworkCore.Metadata.Internal.ClrPropertySetter<ForexExchange.Models.BankAccountBalanceHistory, ForexExchange.Models.BankAccount>
7a5ac73bf4b8       1          24 ForexExchange.Services.BaseFinancialHistoryService<ForexExchange.Services.BankAccountTimelineItem, ForexExchange.Services.BankAccountSummary>+<>c
7a5ac73c4da8       1          24 Microsoft.EntityFrameworkCore.Sqlite.Query.Internal.SqliteSqlExpressionFactory+<>c
7a5ac73c8058       1          24 <>f__AnonymousType214<System.Int32, System.String, System.Decimal>[]
7a5ac72a1208       1          24 System.Linq.Expressions.Interpreter.DupInstruction
7a5ac73c8f00       1          24 System.Linq.Expressions.Interpreter.StoreLocalInstruction
7a5ac73c9378       1          24 System.Linq.Expressions.Interpreter.LoadFieldInstruction
7a5ac73c97a0       1          24 System.Linq.Expressions.Interpreter.NullableMethodCallInstruction+HasValue
7a5ac73ca100       1          24 System.Linq.Expressions.Interpreter.NotInstruction+NotBoolean
7a5ac73cadb8       1          24 Microsoft.EntityFrameworkCore.Query.Internal.CompiledQueryCache+<>c__3<System.Collections.Generic.IAsyncEnumerable<<>f__AnonymousType214<System.Int32, System.String, System.Decimal>>>
7a5ac73d9a70       1          24 System.Collections.Generic.ObjectEqualityComparer<Microsoft.EntityFrameworkCore.Query.Internal.TpcTablesExpression>
7a5ac73d1fe0       1          24 Microsoft.EntityFrameworkCore.Query.SqlExpressions.SelectExpression+CloningExpressionVisitor+<>c
7a5ac73dd9f8       1          24 Microsoft.EntityFrameworkCore.Query.Internal.SingleQueryingEnumerable<<>f__AnonymousType214<System.Int32, System.String, System.Decimal>>+AsyncEnumerator+<>c
7a5ac2140740       1          24 ForexExchange.Services.BankAccountFinancialHistoryService+<>c
7a5ac74168c8       1          24 System.Diagnostics.Tracing.EventAttribute[]
7a5ac741ad60       1          24 System.Collections.Generic.GenericArraySortHelper<System.Int32>
7a5ac741bd60       1          24 System.Collections.Generic.GenericArraySortHelper<System.UInt64>
7a5ac741e930       1          24 System.Diagnostics.Tracing.EventPipeMetadataGenerator
7a5ac74402e0       1          24 System.Diagnostics.Tracing.PropertyValue+<>c
7a5ac74413f8       1          24 System.Diagnostics.Tracing.IncrementingPollingCounter[]
7a5ac7440d78       1          24 System.WeakReference<System.Diagnostics.Tracing.CounterGroup>
7a5ac74146d8       1          24 System.Diagnostics.Tracing.RuntimeEventSource+<>c
7a5ac7448048       1          24 System.Diagnostics.Metrics.MeterListener+<>c
7a5ac7449840       1          24 System.Diagnostics.Metrics.RuntimeMetrics+<>c
7a5ac744a5d0       1          24 System.Diagnostics.Metrics.AggregationManager+<>c
7a5ac744b7e0       1          24 System.Diagnostics.Metrics.AggregationManager+<>c__DisplayClass32_0
7a5ac4b809e8       1          24 System.Threading.ManualResetEvent
7a5ac745b2b8       1          24 System.Diagnostics.Metrics.LabelInstructionCompiler+<>c__0<System.Diagnostics.Metrics.Aggregator>
7a5ac7464948       1          24 System.Diagnostics.Metrics.FixedSizeLabelNameDictionary<System.Diagnostics.Metrics.StringSequence1, System.Diagnostics.Metrics.ObjectSequence1, System.Diagnostics.Metrics.Aggregator>+<>c
7a5ac744d888       1          24 System.Diagnostics.Metrics.Instrument+<>c
7a5ac7452678       1          24 System.Diagnostics.Tracing.PropertyValue+ReferenceTypeHelper<System.Diagnostics.Tracing.CounterPayload>+<>c__DisplayClass1_8
7a5ac7452c18       1          24 System.Diagnostics.Tracing.PropertyValue+ReferenceTypeHelper<System.Diagnostics.Tracing.CounterPayload>+<>c__DisplayClass1_14
7a5ac7453208       1          24 System.Diagnostics.Tracing.PropertyValue+ReferenceTypeHelper<System.Diagnostics.Tracing.PollingPayloadType>+<>c__DisplayClass1_1
7a5ac7454110       1          24 System.Diagnostics.Tracing.FieldMetadata[]
7a5ac7457ed8       1          24 System.Diagnostics.Tracing.PropertyValue+ReferenceTypeHelper<System.Diagnostics.Tracing.IncrementingCounterPayload>+<>c__DisplayClass1_15
7a5ac7458190       1          24 System.Diagnostics.Tracing.PropertyValue+ReferenceTypeHelper<System.Diagnostics.Tracing.IncrementingCounterPayload>+<>c__DisplayClass1_14
7a5ac7458638       1          24 System.Diagnostics.Tracing.PropertyValue+ReferenceTypeHelper<System.Diagnostics.Tracing.IncrementingPollingCounterPayloadType>+<>c__DisplayClass1_1
7a5ac74880f8       1          24 System.Collections.Generic.GenericEqualityComparer<System.Diagnostics.Metrics.ObjectSequence1>
7a5abeed57e8       1          24 System.Reflection.Metadata.TypeNameParseOptions
7a5abe385b20       1          24 System.Reflection.CustomAttributeRecord[]
7a5ac068f320       1          24 Microsoft.Extensions.DependencyModel.DependencyContextJsonReader+TargetLibrary[]
7a5ac06a31d0       1          24 Microsoft.Extensions.DependencyModel.DependencyContextJsonReader+RuntimeTargetEntryStub[]
7a5ac0e2f308       1          24 System.Collections.Generic.KeyValuePair<System.Int32, System.ValueTuple<System.Nullable<Microsoft.EntityFrameworkCore.WarningBehavior>, System.Nullable<Microsoft.Extensions.Logging.LogLevel>>>[]
7a5ac1ad4ed0       1          24 System.Reflection.CustomAttributeTypedArgument[]
7a5ac3a463a0       1          24 System.Reflection.CustomAttributeNamedArgument[]
7a5ac3b1efd8       1          24 Serilog.Events.EventProperty[]
7a5ac3d79488       1          24 Microsoft.Extensions.Primitives.StringSegment[]
7a5ac40f27f0       1          24 Microsoft.AspNetCore.Routing.Matching.DfaMatcherBuilder+DfaBuilderWorkerWorkItem[]
7a5ac321adb8       1          24 Microsoft.EntityFrameworkCore.Query.Internal.ExpressionTreeFuncletizer+State[]
7a5ac47a6bd8       1          24 Microsoft.AspNetCore.Mvc.ModelBinding.DefaultModelBindingContext+State[]
7a5ac4950e80       1          24 System.Dynamic.BindingRestrictions+TestBuilder+AndNode[]
7a5ac497c158       1          24 Microsoft.CSharp.RuntimeBinder.Semantics.UdConvInfo[]
7a5ac527ad28       1          24 Microsoft.AspNetCore.Mvc.Formatters.MediaTypeSegmentWithQuality[]
7a5ac6bf26c0       1          24 Interop+Crypto+X509VerifyStatusCode
7a5ac6ca46b0       1          24 System.Security.Cryptography.X509Certificates.X509ChainStatus[]
7a5ac5f16e00       1          24 System.Reflection.Metadata.ModuleDefinitionHandle
7a5ac5f170d0       1          24 System.Reflection.Metadata.AssemblyDefinitionHandle
7a5abdf81a88       1          28 System.SByte[]
7a5abc1852a8       1          32 System.Collections.Generic.List<System.Char>
7a5abc18bd88       1          32 System.Diagnostics.Tracing.ActivityTracker
7a5abc192488       1          32 System.Collections.Generic.List<System.Func<System.Diagnostics.Tracing.EventSource>>
7a5abc193d68       1          32 System.Collections.Generic.List<System.WeakReference<System.Diagnostics.Tracing.EventSource>>
7a5abd6625e0       1          32 Microsoft.Extensions.Configuration.ConfigurationManager+ConfigurationSources
7a5abd663218       1          32 System.Collections.Generic.List<Microsoft.Extensions.Configuration.IConfigurationSource>
7a5abd662ae0       1          32 Microsoft.Extensions.Configuration.ConfigurationManager+ConfigurationBuilderProperties
7a5abd8375f0       1          32 Microsoft.Extensions.DependencyInjection.ServiceCollection
7a5abd8377c0       1          32 Microsoft.Extensions.Hosting.HostApplicationBuilder+<>c__DisplayClass12_0
7a5abd663e20       1          32 Microsoft.Extensions.Configuration.ReferenceCountedProviders+ActiveReferenceCountedProviders
7a5abda266c8       1          32 Microsoft.Extensions.Options.ConfigureNamedOptions<Microsoft.Extensions.Hosting.HostOptions>
7a5abdf86010       1          32 Microsoft.Extensions.Options.ConfigurationChangeTokenSource<Microsoft.Extensions.Logging.LoggerFilterOptions>
7a5abe3b7170       1          32 Microsoft.Extensions.Options.ConfigureNamedOptions<Microsoft.Extensions.Logging.LoggerFactoryOptions>
7a5abe3b7b68       1          32 Microsoft.Extensions.Options.ConfigurationChangeTokenSource<Microsoft.Extensions.Diagnostics.Metrics.MetricsOptions>
7a5abe3b86a8       1          32 System.Collections.Generic.List<System.Action<Microsoft.Extensions.Configuration.IConfigurationBuilder>>
7a5abe3b8d28       1          32 System.Collections.Generic.List<System.Action<Microsoft.Extensions.Hosting.HostBuilderContext, Microsoft.Extensions.Configuration.IConfigurationBuilder>>
7a5abe3b93a8       1          32 System.Collections.Generic.List<System.Action<Microsoft.Extensions.Hosting.HostBuilderContext, Microsoft.Extensions.DependencyInjection.IServiceCollection>>
7a5abe3bcdf0       1          32 Microsoft.AspNetCore.Hosting.WebHostBuilderBase+<>c__DisplayClass4_0
7a5abea406a0       1          32 System.Collections.Generic.List<System.Diagnostics.Metrics.Meter>
7a5abea43c38       1          32 System.Collections.Generic.List<System.Diagnostics.Metrics.MeterListener>
7a5abea46c40       1          32 Microsoft.AspNetCore.Hosting.GenericWebHostBuilder+<>c__DisplayClass12_0
7a5abea481c8       1          32 Microsoft.Extensions.Configuration.ChainedConfigurationSource
7a5abea483a0       1          32 Microsoft.Extensions.Configuration.ChainedConfigurationProvider
7a5abd859c60       1          32 System.SZGenericArrayEnumerator<System.String>
7a5abea4d4b0       1          32 System.SZGenericArrayEnumerator<Microsoft.AspNetCore.Hosting.HostingStartupAttribute>
7a5abe3bb520       1          32 Microsoft.AspNetCore.Hosting.WebHostBuilderContext
7a5abeb806a8       1          32 Microsoft.AspNetCore.Hosting.GenericWebHostBuilder+<>c__DisplayClass4_0
7a5abeb85ad8       1          32 Microsoft.Extensions.Options.ConfigureNamedOptions<Microsoft.AspNetCore.Server.Kestrel.Transport.Quic.QuicTransportOptions>
7a5abeb85f50       1          32 Microsoft.AspNetCore.Hosting.WebHostBuilderKestrelExtensions+<>c__DisplayClass6_1
7a5abeb861d8       1          32 Microsoft.Extensions.Options.ConfigureNamedOptions<Microsoft.AspNetCore.Server.Kestrel.Core.KestrelServerOptions>
7a5abeb88938       1          32 Microsoft.Extensions.Options.PostConfigureOptions<Microsoft.AspNetCore.HostFiltering.HostFilteringOptions>
7a5abeb88298       1          32 Microsoft.Extensions.Options.ConfigurationChangeTokenSource<Microsoft.AspNetCore.HostFiltering.HostFilteringOptions>
7a5abee63e88       1          32 Microsoft.AspNetCore.Hosting.GenericWebHostBuilder+<>c__DisplayClass12_1
7a5abea47548       1          32 System.Collections.Generic.List<System.Action<Microsoft.Extensions.Hosting.HostBuilderContext, System.Object>>
7a5abee647d8       1          32 Serilog.SerilogHostBuilderExtensions+<>c__DisplayClass2_0
7a5abee649b8       1          32 Serilog.SerilogHostBuilderExtensions+<>c__DisplayClass2_1
7a5abee6acc8       1          32 Microsoft.AspNetCore.Mvc.ApplicationParts.ApplicationPartManager
7a5abee6db48       1          32 System.Collections.Generic.List<Microsoft.AspNetCore.Mvc.ApplicationParts.IApplicationFeatureProvider>
7a5abee6d560       1          32 System.Collections.Generic.List<Microsoft.AspNetCore.Mvc.ApplicationParts.ApplicationPart>
7a5abef1c5e8       1          32 System.SZGenericArrayEnumerator<Microsoft.AspNetCore.Mvc.ApplicationParts.IApplicationFeatureProvider>
7a5abf9a96e0       1          32 Microsoft.Extensions.DependencyInjection.EncoderServiceCollectionExtensions+<>c__DisplayClass2_0<System.Text.Encodings.Web.HtmlEncoder>
7a5abf9a9930       1          32 Microsoft.Extensions.DependencyInjection.EncoderServiceCollectionExtensions+<>c__DisplayClass2_0<System.Text.Encodings.Web.JavaScriptEncoder>
7a5abf9a9b70       1          32 Microsoft.Extensions.DependencyInjection.EncoderServiceCollectionExtensions+<>c__DisplayClass2_0<System.Text.Encodings.Web.UrlEncoder>
7a5abee6a430       1          32 Microsoft.Extensions.DependencyInjection.MvcBuilder
7a5ac0220af0       1          32 Microsoft.Extensions.Options.ConfigureNamedOptions<Microsoft.AspNetCore.Mvc.MvcNewtonsoftJsonOptions>
7a5ac0590b80       1          32 Microsoft.Extensions.Options.ConfigureNamedOptions<Microsoft.AspNetCore.Builder.WebSocketOptions>
7a5ac0594c18       1          32 System.Diagnostics.SynchronizedList<System.Diagnostics.ActivitySource>
7a5ac0594b50       1          32 System.Diagnostics.SynchronizedList<System.Diagnostics.ActivityListener>
7a5ac0596840       1          32 Microsoft.Extensions.Options.ConfigureNamedOptions<Microsoft.AspNetCore.SignalR.JsonHubProtocolOptions>
7a5ac0597170       1          32 Microsoft.Extensions.Options.ConfigureNamedOptions<Microsoft.AspNetCore.SignalR.HubOptions<ForexExchange.Hubs.NotificationHub>>
7a5ac06089a0       1          32 System.Collections.Generic.List<System.WeakReference<Microsoft.Extensions.DependencyInjection.ServiceProvider>>
7a5ac0628408       1          32 Microsoft.Extensions.DependencyModel.FileSystemWrapper
7a5ac629d358       1          32 System.Linq.Expressions.Expression1<System.Func<ForexExchange.Models.CustomerBalanceHistory, <>f__AnonymousType219<System.Int64, System.Int32, System.String, System.Decimal, System.DateTime, System.String>>>
7a5ac06a6ea8       1          32 System.SZGenericArrayEnumerator<Microsoft.Extensions.DependencyModel.DependencyContextJsonReader+TargetLibrary>
7a5ac06c74e0       1          32 System.SZGenericArrayEnumerator<Microsoft.Extensions.DependencyModel.CompilationLibrary>
7a5ac06c8750       1          32 System.SZGenericArrayEnumerator<Microsoft.Extensions.DependencyModel.RuntimeFallbacks>
7a5ac067a2e8       1          32 Microsoft.Extensions.DependencyModel.RuntimeFallbacks
7a5ac0a47450       1          32 System.SZGenericArrayEnumerator<Microsoft.Extensions.Configuration.IConfigurationSection>
7a5ac0a61120       1          32 System.SZGenericArrayEnumerator<Serilog.Configuration.ILoggerSettings>
7a5ac0a61328       1          32 System.SZGenericArrayEnumerator<Serilog.Core.IDestructuringPolicy>
7a5ac0a61530       1          32 System.SZGenericArrayEnumerator<Serilog.Core.ILogEventEnricher>
7a5ac0a61738       1          32 System.SZGenericArrayEnumerator<Serilog.Core.ILogEventFilter>
7a5ac0a61940       1          32 System.SZGenericArrayEnumerator<Serilog.Core.ILogEventSink>
7a5ac0a672b0       1          32 Serilog.Sinks.SystemConsole.Output.LevelTokenRenderer
7a5ac0a67168       1          32 Serilog.Sinks.SystemConsole.Output.NewLineTokenRenderer
7a5ac0af2450       1          32 Serilog.Formatting.Display.MessageTemplateTextFormatter
7a5ac0c8b9f0       1          32 Serilog.Sinks.File.PeriodicFlushToDiskSink+<>c__DisplayClass3_0
7a5ac0d51f90       1          32 System.SZGenericArrayEnumerator<System.Type>
7a5ac0cacfb0       1          32 Serilog.Capturing.PropertyValueConverter+DepthLimiter
7a5ac06200b8       1          32 Serilog.Extensions.Logging.SerilogLoggerFactory
7a5ac0d55a10       1          32 Serilog.Events.EventProperty
7a5ac0d589c0       1          32 Microsoft.Extensions.Options.IConfigureOptions<Microsoft.Extensions.Hosting.HostOptions>[]
7a5abeb83b78       1          32 Microsoft.AspNetCore.Server.Kestrel.Transport.Sockets.SocketTransportFactory
7a5abda2a630       1          32 Microsoft.Extensions.Diagnostics.Metrics.DefaultMeterFactory
7a5ac0df8220       1          32 System.Collections.Generic.List<System.Action>
7a5ac0df2398       1          32 Microsoft.AspNetCore.Server.Kestrel.Core.Internal.Http.DateHeaderValueManager
7a5ac0dfef18       1          32 System.Collections.Generic.List<Microsoft.AspNetCore.Connections.IConnectionListenerFactory>
7a5ac0dff7b8       1          32 System.Collections.Generic.List<Microsoft.AspNetCore.Connections.IMultiplexedConnectionListenerFactory>
7a5ac0dfcbd8       1          32 Microsoft.AspNetCore.Server.Kestrel.Core.Internal.ServerAddressesFeature
7a5ac0dfc8f8       1          32 Microsoft.AspNetCore.Server.Kestrel.Core.Internal.ServerAddressesCollection
7a5ac0dfd988       1          32 System.Collections.Generic.List<Microsoft.AspNetCore.Server.Kestrel.Core.Internal.Infrastructure.TransportManager+ActiveTransport>
7a5ac0e107a0       1          32 System.SZGenericArrayEnumerator<System.Collections.Generic.KeyValuePair<System.Type, System.ValueTuple<Microsoft.EntityFrameworkCore.Infrastructure.IDbContextOptionsExtension, System.Int32>>>
7a5ac0e2f768       1          32 System.SZGenericArrayEnumerator<System.Collections.Generic.KeyValuePair<System.Int32, System.ValueTuple<System.Nullable<Microsoft.EntityFrameworkCore.WarningBehavior>, System.Nullable<Microsoft.Extensions.Logging.LogLevel>>>>
7a5ac1191ba8       1          32 System.Collections.Concurrent.ConcurrentDictionary<Microsoft.EntityFrameworkCore.Infrastructure.IDbContextOptions, System.ValueTuple<System.IServiceProvider, System.Collections.Generic.IDictionary<System.String, System.String>>>
7a5ac137cc88       1          32 Microsoft.EntityFrameworkCore.Internal.SingletonOptionsInitializer
7a5ac138d860       1          32 System.Collections.Concurrent.ConcurrentDictionary<System.Type, System.Boolean>
7a5ac137dfd0       1          32 Microsoft.EntityFrameworkCore.Infrastructure.Internal.CoreSingletonOptions
7a5ac13adc80       1          32 System.Collections.Concurrent.ConcurrentDictionary<System.Type, System.Collections.Generic.IReadOnlyList<Microsoft.EntityFrameworkCore.Infrastructure.DbSetProperty>>7a5ac13afa48       1          32 System.Collections.Concurrent.ConcurrentDictionary<System.ValueTuple<System.Type, System.String>, System.Func<Microsoft.EntityFrameworkCore.DbContext, System.String, System.Object>>
7a5ac1375fb0       1          32 Microsoft.EntityFrameworkCore.Internal.DbSetInitializer
7a5ac157bc50       1          32 System.Dynamic.Utils.CacheDict<System.Reflection.MethodBase, System.Reflection.ParameterInfo[]>
7a5ac1619c10       1          32 Microsoft.EntityFrameworkCore.Storage.IDatabaseProvider[]
7a5ac161f238       1          32 System.Collections.Concurrent.ConcurrentDictionary<System.Type, System.Func<Microsoft.EntityFrameworkCore.ChangeTracking.Internal.IStateManager, Microsoft.EntityFrameworkCore.Internal.IDbSetSource, Microsoft.EntityFrameworkCore.Internal.IDbSetCache, Microsoft.EntityFrameworkCore.Metadata.IEntityType, Microsoft.EntityFrameworkCore.Internal.IEntityFinder>>
7a5ac137f0d8       1          32 Microsoft.EntityFrameworkCore.Storage.ValueConversion.ValueConverterSelector
7a5ac1632998       1          32 System.Collections.Concurrent.ConcurrentDictionary<System.ValueTuple<System.Type, System.Type>, Microsoft.EntityFrameworkCore.Storage.ValueConversion.ValueConverterInfo>
7a5ac16550d0       1          32 System.Collections.Concurrent.ConcurrentDictionary<System.ValueTuple<Microsoft.EntityFrameworkCore.Storage.RelationalTypeMappingInfo, System.Type, Microsoft.EntityFrameworkCore.Storage.ValueConversion.ValueConverter, Microsoft.EntityFrameworkCore.Storage.CoreTypeMapping>, Microsoft.EntityFrameworkCore.Storage.RelationalTypeMapping>
7a5ac134c2d8       1          32 Microsoft.EntityFrameworkCore.Storage.RelationalCommandBuilderDependencies
7a5ac13774e0       1          32 Microsoft.EntityFrameworkCore.Infrastructure.ModelSource
7a5ac1380918       1          32 Microsoft.EntityFrameworkCore.Metadata.LazyLoaderParameterBindingFactory
7a5ac137ff70       1          32 Microsoft.EntityFrameworkCore.Metadata.Internal.ParameterBindingFactories
7a5ac1662e88       1          32 System.Collections.Generic.List<Microsoft.EntityFrameworkCore.Metadata.IParameterBindingFactory>
7a5ac137f4a8       1          32 Microsoft.EntityFrameworkCore.Metadata.Internal.ConstructorBindingFactory
7a5ac1380250       1          32 Microsoft.EntityFrameworkCore.Metadata.Internal.MemberClassifier
7a5ac134b1f0       1          32 Microsoft.EntityFrameworkCore.Update.UpdateSqlGeneratorDependencies
7a5ac126d950       1          32 Microsoft.EntityFrameworkCore.Sqlite.Update.Internal.SqliteUpdateSqlGenerator
7a5ac16a17c8       1          32 System.Collections.Generic.List<Microsoft.Data.Sqlite.SqliteConnectionPoolGroup>
7a5ac16a2078       1          32 System.Collections.Generic.List<Microsoft.Data.Sqlite.SqliteConnectionPool>
7a5ac1266b20       1          32 Microsoft.EntityFrameworkCore.Sqlite.Infrastructure.Internal.SqliteModelValidator
7a5ac1384d60       1          32 Microsoft.EntityFrameworkCore.Infrastructure.ModelRuntimeInitializerDependencies
7a5ac134d240       1          32 Microsoft.EntityFrameworkCore.Infrastructure.RelationalModelRuntimeInitializerDependencies
7a5ac128f698       1          32 Microsoft.EntityFrameworkCore.Infrastructure.RelationalModelRuntimeInitializer
7a5ac16aa508       1          32 System.SZGenericArrayEnumerator<Microsoft.EntityFrameworkCore.Infrastructure.DbContextModelAttribute>
7a5ac16ea608       1          32 System.SZGenericArrayEnumerator<Microsoft.EntityFrameworkCore.Metadata.Conventions.Infrastructure.IConventionSetPlugin>
7a5ac17569a0       1          32 System.SZGenericArrayEnumerator<System.Reflection.MethodInfo>
7a5ac175a220       1          32 System.SZGenericArrayEnumerator<System.ComponentModel.DataAnnotations.Schema.NotMappedAttribute>
7a5ac175a888       1          32 System.SZGenericArrayEnumerator<Microsoft.EntityFrameworkCore.OwnedAttribute>
7a5ac175ac68       1          32 System.SZGenericArrayEnumerator<System.ComponentModel.DataAnnotations.Schema.ComplexTypeAttribute>
7a5ac175b048       1          32 System.SZGenericArrayEnumerator<Microsoft.EntityFrameworkCore.KeylessAttribute>
7a5ac175b428       1          32 System.SZGenericArrayEnumerator<Microsoft.EntityFrameworkCore.EntityTypeConfigurationAttribute>
7a5ac1782c10       1          32 System.SZGenericArrayEnumerator<Microsoft.EntityFrameworkCore.Metadata.Internal.TypeBase>
7a5ac175dbd8       1          32 System.SZGenericArrayEnumerator<System.Reflection.PropertyInfo>
7a5ac17964d8       1          32 System.SZGenericArrayEnumerator<Microsoft.EntityFrameworkCore.Storage.IRelationalTypeMappingSourcePlugin>
7a5ac185dd20       1          32 System.SZGenericArrayEnumerator<Microsoft.EntityFrameworkCore.Metadata.IConventionPropertyBase>
7a5ac1864900       1          32 System.SZGenericArrayEnumerator<Microsoft.EntityFrameworkCore.Metadata.Internal.Property>
7a5ac1864a80       1          32 System.SZGenericArrayEnumerator<Microsoft.EntityFrameworkCore.Metadata.Internal.ComplexProperty>
7a5ac1864c00       1          32 System.SZGenericArrayEnumerator<Microsoft.EntityFrameworkCore.Metadata.Internal.ServiceProperty>
7a5ac1864d80       1          32 System.SZGenericArrayEnumerator<Microsoft.EntityFrameworkCore.Metadata.Internal.Navigation>
7a5ac1864f00       1          32 System.SZGenericArrayEnumerator<Microsoft.EntityFrameworkCore.Metadata.Internal.SkipNavigation>
7a5ac194ea88       1          32 System.SZGenericArrayEnumerator<Microsoft.EntityFrameworkCore.Metadata.Internal.InternalForeignKeyBuilder>
7a5ac1770018       1          32 System.SZGenericArrayEnumerator<System.Reflection.FieldInfo>
7a5ac19868e8       1          32 System.SZGenericArrayEnumerator<Microsoft.EntityFrameworkCore.IndexAttribute>
7a5ac1986c38       1          32 System.SZGenericArrayEnumerator<System.ComponentModel.DataAnnotations.Schema.TableAttribute>
7a5ac1987018       1          32 System.SZGenericArrayEnumerator<Microsoft.EntityFrameworkCore.CommentAttribute>
7a5ac1990e98       1          32 System.SZGenericArrayEnumerator<Microsoft.EntityFrameworkCore.Metadata.Conventions.RelationshipDiscoveryConvention+RelationshipCandidate>
7a5ac19ecc78       1          32 System.SZGenericArrayEnumerator<System.Collections.Generic.KeyValuePair<System.Reflection.MemberInfo, System.Type>>
7a5ac19f4648       1          32 System.Collections.Generic.Stack<System.Collections.Immutable.RefAsValueType<System.Collections.Immutable.SecurePooledObject<System.Collections.Generic.Stack<System.Collections.Immutable.RefAsValueType<System.Collections.Immutable.ImmutableSortedDictionary<System.Reflection.MemberInfo, System.Type>+Node>>>>>
7a5ac1a2ace0       1          32 System.SZGenericArrayEnumerator<Microsoft.EntityFrameworkCore.Metadata.IConventionSkipNavigation>
7a5ac1ad3cb0       1          32 System.SZGenericArrayEnumerator<System.Reflection.CustomAttributeData>
7a5ac1ad9bc0       1          32 System.SZGenericArrayEnumerator<Microsoft.EntityFrameworkCore.Metadata.Internal.Index>
7a5ac1ae15c0       1          32 System.SZGenericArrayEnumerator<Microsoft.EntityFrameworkCore.Metadata.IReadOnlySkipNavigation>
7a5ac1ae8e28       1          32 System.SZGenericArrayEnumerator<Microsoft.EntityFrameworkCore.Metadata.IReadOnlyForeignKey>
7a5ac1b0cc38       1          32 System.SZGenericArrayEnumerator<System.ComponentModel.DataAnnotations.Schema.InversePropertyAttribute>
7a5ac1b0d458       1          32 System.SZGenericArrayEnumerator<Microsoft.EntityFrameworkCore.BackingFieldAttribute>
7a5ac1ab24d0       1          32 System.SZGenericArrayEnumerator<System.ComponentModel.DataAnnotations.RequiredAttribute>
7a5ac1b0f560       1          32 System.SZGenericArrayEnumerator<System.Text.Json.Serialization.JsonPropertyNameAttribute>
7a5ac1b3d5c0       1          32 System.SZGenericArrayEnumerator<Microsoft.EntityFrameworkCore.Metadata.IConventionForeignKey>
7a5ac1b4f1e8       1          32 Microsoft.AspNetCore.Identity.UserOptions
7a5ac1b4ef10       1          32 Microsoft.AspNetCore.Identity.PasswordOptions
7a5ac1b4ec98       1          32 Microsoft.AspNetCore.Identity.LockoutOptions
7a5ac1b4d5f8       1          32 Microsoft.AspNetCore.Identity.StoreOptions
7a5ac1ba0190       1          32 System.SZGenericArrayEnumerator<Microsoft.EntityFrameworkCore.Metadata.Internal.Key>
7a5ac1c1cfe0       1          32 System.SZGenericArrayEnumerator<Microsoft.EntityFrameworkCore.Metadata.IConventionEntityType>
7a5ac1cad6a8       1          32 System.SZGenericArrayEnumerator<Microsoft.EntityFrameworkCore.Metadata.ParameterBinding>
7a5ac1ccec40       1          32 System.SZGenericArrayEnumerator<Microsoft.EntityFrameworkCore.Metadata.Internal.ForeignKey>
7a5ac1d1c900       1          32 System.SZGenericArrayEnumerator<Microsoft.EntityFrameworkCore.Metadata.Internal.Trigger>
7a5ac1d8d480       1          32 System.SZGenericArrayEnumerator<System.Collections.Generic.IDictionary<System.String, System.Object>>
7a5ac1da5c18       1          32 System.Dynamic.Utils.CacheDict<System.Type, System.Func<System.Linq.Expressions.Expression, System.String, System.Boolean, System.Collections.ObjectModel.ReadOnlyCollection<System.Linq.Expressions.ParameterExpression>, System.Linq.Expressions.LambdaExpression>>
7a5ac1dad9b8       1          32 System.SZGenericArrayEnumerator<Microsoft.EntityFrameworkCore.Metadata.IReadOnlyIndex>
7a5ac4537b78       1          32 System.SZGenericArrayEnumerator<ForexExchange.Models.CurrencyPool>
7a5ac4537c70       1          32 System.SZGenericArrayEnumerator<ForexExchange.Models.ExchangeRate>
7a5abf287370       1          32 Microsoft.AspNetCore.Mvc.ViewComponents.DefaultViewComponentDescriptorCollectionProvider
7a5ac1e3bd90       1          32 Microsoft.EntityFrameworkCore.ChangeTracking.EntryCurrentValueComparer<System.Boolean>
7a5ac1ec59e0       1          32 System.SZGenericArrayEnumerator<Microsoft.EntityFrameworkCore.Metadata.IDbFunction>
7a5ac1f7d118       1          32 System.SZGenericArrayEnumerator<Microsoft.EntityFrameworkCore.Metadata.ICheckConstraint>
7a5ac1fa9350       1          32 System.SZGenericArrayEnumerator<Microsoft.EntityFrameworkCore.Metadata.ISequence>
7a5ac45e8f80       1          32 System.SZGenericArrayEnumerator<Microsoft.AspNetCore.Mvc.Razor.ITagHelperInitializer<Microsoft.AspNetCore.Mvc.Razor.TagHelpers.HeadTagHelper>>
7a5ac2033140       1          32 System.SZGenericArrayEnumerator<Microsoft.EntityFrameworkCore.Metadata.ITypeMappingConfiguration>
7a5ac203a470       1          32 System.SZGenericArrayEnumerator<Microsoft.Extensions.Primitives.IChangeToken>
7a5ac13440f8       1          32 Microsoft.EntityFrameworkCore.Query.RelationalEvaluatableExpressionFilter
7a5ac20445a8       1          32 System.Collections.Generic.List<Microsoft.EntityFrameworkCore.Diagnostics.IInstantiationBindingInterceptor>
7a5ac13493c0       1          32 Microsoft.EntityFrameworkCore.Query.RelationalLiftableConstantFactory
7a5ac134c6b8       1          32 Microsoft.EntityFrameworkCore.Query.QuerySqlGeneratorDependencies
7a5ac1377e30       1          32 Microsoft.EntityFrameworkCore.ValueGeneration.ValueGeneratorCache
7a5ac2061d00       1          32 System.Collections.Concurrent.ConcurrentDictionary<Microsoft.EntityFrameworkCore.ValueGeneration.ValueGeneratorCache+CacheKey, Microsoft.EntityFrameworkCore.ValueGeneration.ValueGenerator>
7a5ac128e7f0       1          32 Microsoft.EntityFrameworkCore.Migrations.Internal.MigrationsIdGenerator
7a5ac2225400       1          32 System.Collections.Generic.List<Microsoft.EntityFrameworkCore.Migrations.HistoryRow>
7a5ac2267930       1          32 System.SZGenericArrayEnumerator<System.IDisposable>
7a5ac24e5298       1          32 System.SZGenericArrayEnumerator<Serilog.Events.LogEventProperty>
7a5ac24e5798       1          32 Microsoft.AspNetCore.Identity.PasswordHasherOptions
7a5ac24ebe10       1          32 Microsoft.Extensions.Options.IConfigureOptions<Microsoft.AspNetCore.DataProtection.DataProtectionOptions>[]
7a5ac24eca88       1          32 Microsoft.Extensions.Options.IConfigureOptions<Microsoft.AspNetCore.DataProtection.KeyManagement.KeyManagementOptions>[]
7a5abf9a35d8       1          32 Microsoft.AspNetCore.DataProtection.Internal.KeyManagementOptionsSetup
7a5ac24ecb58       1          32 Microsoft.Extensions.Options.IPostConfigureOptions<Microsoft.AspNetCore.DataProtection.KeyManagement.KeyManagementOptions>[]
7a5abf9a0648       1          32 Microsoft.AspNetCore.DataProtection.TypeForwardingActivator
7a5ac24eee30       1          32 System.Collections.Concurrent.ConcurrentDictionary<System.Guid, Microsoft.AspNetCore.DataProtection.KeyManagement.Key>
7a5ac27a0130       1          32 System.Collections.Generic.List<Microsoft.AspNetCore.DataProtection.KeyManagement.IKeyEscrowSink>
7a5ac27a0758       1          32 System.Collections.Generic.List<Microsoft.AspNetCore.DataProtection.AuthenticatedEncryption.IAuthenticatedEncryptorFactory>
7a5ac27a2230       1          32 Microsoft.AspNetCore.DataProtection.Repositories.FileSystemXmlRepository
7a5ac24ea958       1          32 Microsoft.AspNetCore.Identity.DataProtectionTokenProviderOptions
7a5ac3107498       1          32 System.Collections.Concurrent.ConcurrentDictionary<System.String, Microsoft.AspNetCore.SignalR.HubConnectionContext>
7a5ac310b388       1          32 System.Collections.Concurrent.ConcurrentDictionary<System.String, Microsoft.AspNetCore.SignalR.Internal.GroupConnectionList>
7a5ac3109eb8       1          32 System.Collections.Concurrent.ConcurrentDictionary<System.String, System.ValueTuple<System.Type, System.String, System.Object, System.Action<System.Object, Microsoft.AspNetCore.SignalR.Protocol.CompletionMessage>>>
7a5ac31202c0       1          32 System.Collections.Concurrent.ConcurrentDictionary<System.String, System.Lazy<Microsoft.Extensions.Http.HttpClientFactoryOptions>>
7a5ac31218f8       1          32 System.Collections.Concurrent.ConcurrentDictionary<System.String, System.Lazy<Microsoft.Extensions.Http.ActiveHandlerTrackingEntry>>
7a5ac31253a8       1          32 System.Collections.Generic.List<System.Action<System.Net.Http.HttpClient>>
7a5ac312b768       1          32 System.Collections.Concurrent.ConcurrentDictionary<System.String, Microsoft.Extensions.Logging.LogValuesFormatter>
7a5ac3216198       1          32 System.SZGenericArrayEnumerator<Microsoft.EntityFrameworkCore.Metadata.RuntimeForeignKey>
7a5ac3216400       1          32 Microsoft.EntityFrameworkCore.Query.Internal.EntityQueryable<Microsoft.AspNetCore.Identity.IdentityRole>
7a5ac3241f20       1          32 System.SZGenericArrayEnumerator<Microsoft.EntityFrameworkCore.Query.IEvaluatableExpressionFilterPlugin>
7a5ac31319e0       1          32 System.Linq.Expressions.Expression1<System.Func<Microsoft.AspNetCore.Identity.IdentityRole, System.Boolean>>
7a5ac0672130       1          32 System.ArraySegment<System.Byte>
7a5ac32d9e28       1          32 System.SZGenericArrayEnumerator<Microsoft.EntityFrameworkCore.Metadata.Internal.ColumnMappingBase>
7a5ac32db6b8       1          32 System.SZGenericArrayEnumerator<Microsoft.EntityFrameworkCore.Metadata.IComplexProperty>
7a5ac32e2f20       1          32 System.SZGenericArrayEnumerator<Microsoft.EntityFrameworkCore.Metadata.Internal.ColumnMapping>
7a5ac3309c78       1          32 System.SZGenericArrayEnumerator<Microsoft.EntityFrameworkCore.Metadata.ITrigger>
7a5ac330bf18       1          32 System.SZGenericArrayEnumerator<Microsoft.EntityFrameworkCore.Infrastructure.IAnnotation>
7a5ac330c7d8       1          32 System.SZGenericArrayEnumerator<Microsoft.EntityFrameworkCore.Metadata.IForeignKey>
7a5ac3385a10       1          32 System.SZGenericArrayEnumerator<Microsoft.EntityFrameworkCore.Query.SqlExpressions.ColumnExpression>
7a5ac3385b08       1          32 System.SZGenericArrayEnumerator<System.ValueTuple<Microsoft.EntityFrameworkCore.Query.SqlExpressions.ColumnExpression, Microsoft.EntityFrameworkCore.ChangeTracking.ValueComparer>>
7a5ac33dab28       1          32 System.SZGenericArrayEnumerator<Microsoft.EntityFrameworkCore.Metadata.IPropertyBase>
7a5ac33db390       1          32 System.SZGenericArrayEnumerator<Microsoft.EntityFrameworkCore.Metadata.IServiceProperty>
7a5ac349b448       1          32 System.SZGenericArrayEnumerator<Microsoft.EntityFrameworkCore.Metadata.RuntimeComplexProperty>
7a5ac34b8bb0       1          32 System.SZGenericArrayEnumerator<Microsoft.EntityFrameworkCore.Update.IUpdateEntry>
7a5ac34ec748       1          32 System.SZGenericArrayEnumerator<Microsoft.EntityFrameworkCore.Metadata.ISkipNavigation>
7a5ac350d978       1          32 Microsoft.EntityFrameworkCore.Query.Internal.EntityQueryable<ForexExchange.Models.Currency>
7a5ac1ba5930       1          32 System.SZGenericArrayEnumerator<System.Linq.Expressions.Expression>
7a5ac350f280       1          32 System.SZGenericArrayEnumerator<Microsoft.EntityFrameworkCore.Query.SqlExpressions.TableExpressionBase>
7a5ac352d438       1          32 System.SZGenericArrayEnumerator<Microsoft.EntityFrameworkCore.Query.IAggregateMethodCallTranslator>
7a5ac353ac28       1          32 Microsoft.EntityFrameworkCore.Query.Internal.EntityQueryable<ForexExchange.Models.ExchangeRate>
7a5ac353c760       1          32 Microsoft.EntityFrameworkCore.Query.Internal.EntityQueryable<ForexExchange.Models.Customer>
7a5ac35708b0       1          32 System.SZGenericArrayEnumerator<ForexExchange.Models.CustomerBalance>
7a5ac3570a38       1          32 System.SZGenericArrayEnumerator<ForexExchange.Models.BankAccount>
7a5ac3570b30       1          32 System.SZGenericArrayEnumerator<ForexExchange.Models.Notification>
7a5ac3570cb8       1          32 System.SZGenericArrayEnumerator<ForexExchange.Models.Order>
7a5ac3573230       1          32 Microsoft.EntityFrameworkCore.Query.Internal.EntityQueryable<ForexExchange.Models.BankAccount>
7a5ac35862a0       1          32 System.SZGenericArrayEnumerator<Microsoft.AspNetCore.Routing.EndpointDataSource>
7a5ac358b020       1          32 System.Text.Json.JsonSerializerOptions+ConverterList
7a5ac35b6c00       1          32 System.Collections.Generic.List<System.Text.Json.Serialization.JsonConverter>
7a5ac35be5b8       1          32 System.SZGenericArrayEnumerator<System.Text.Json.Serialization.JsonDerivedTypeAttribute>
7a5ac35af418       1          32 System.Collections.Generic.List<Microsoft.AspNetCore.StaticAssets.StaticAssetDescriptor>
7a5ac3618e10       1          32 System.Collections.Concurrent.ConcurrentDictionary<Microsoft.AspNetCore.Routing.IEndpointRouteBuilder, Microsoft.AspNetCore.Mvc.Infrastructure.OrderedEndpointsSequenceProvider>
7a5abf051560       1          32 Microsoft.AspNetCore.Mvc.Infrastructure.MemoryPoolHttpRequestStreamReaderFactory
7a5ac361dd88       1          32 Microsoft.Extensions.Options.IConfigureOptions<Microsoft.AspNetCore.Mvc.MvcNewtonsoftJsonOptions>[]
7a5ac361f4b0       1          32 System.Runtime.Serialization.StreamingContext
7a5ac36a7fd0       1          32 Microsoft.Extensions.Options.IPostConfigureOptions<Microsoft.AspNetCore.Mvc.MvcOptions>[]
7a5ac36ac940       1          32 System.Collections.Generic.List<Microsoft.AspNetCore.Mvc.ApplicationModels.IApplicationModelConvention>
7a5ac36ae9e8       1          32 System.Collections.Generic.List<Microsoft.AspNetCore.Mvc.Filters.IFilterMetadata>
7a5ac36aed80       1          32 System.Collections.Generic.List<Microsoft.AspNetCore.Mvc.Formatters.IInputFormatter>
7a5ac36af0f8       1          32 System.Collections.Generic.List<Microsoft.AspNetCore.Mvc.Formatters.IOutputFormatter>
7a5ac36a9518       1          32 System.Collections.Generic.List<Microsoft.AspNetCore.Mvc.ModelBinding.IModelBinderProvider>
7a5ac36ac318       1          32 System.Collections.Generic.List<Microsoft.AspNetCore.Mvc.ModelBinding.Metadata.IMetadataDetailsProvider>
7a5ac36aa168       1          32 System.Collections.Generic.List<Microsoft.AspNetCore.Mvc.ModelBinding.Validation.IModelValidatorProvider>
7a5ac36a9b40       1          32 System.Collections.Generic.List<Microsoft.AspNetCore.Mvc.ModelBinding.IValueProviderFactory>
7a5ac36b3db0       1          32 Microsoft.AspNetCore.Mvc.ModelBinding.Binders.ServicesModelBinderProvider
7a5ac361b7d0       1          32 Microsoft.AspNetCore.Mvc.JsonOptions
7a5ac361a840       1          32 Microsoft.AspNetCore.Mvc.DataAnnotations.MvcDataAnnotationsLocalizationOptions
7a5ac37c34c0       1          32 Microsoft.AspNetCore.Mvc.ModelBinding.Validation.HasValidatorsValidationMetadataProvider
7a5ac37c4f48       1          32 System.Collections.Concurrent.ConcurrentDictionary<Microsoft.AspNetCore.Mvc.ModelBinding.Metadata.ModelMetadataIdentity, Microsoft.AspNetCore.Mvc.ModelBinding.Metadata.DefaultModelMetadataProvider+ModelMetadataCacheEntry>
7a5ac37cc918       1          32 System.Collections.Concurrent.ConcurrentDictionary<System.Type, System.ComponentModel.TypeDescriptor+TypeDescriptionNode>
7a5ac37cd060       1          32 System.Collections.Concurrent.ConcurrentDictionary<System.Type, System.Object>
7a5ac37ecf78       1          32 Microsoft.Extensions.Options.IConfigureOptions<Microsoft.AspNetCore.Mvc.ApiBehaviorOptions>[]
7a5ac37ee178       1          32 System.Collections.Generic.List<Microsoft.AspNetCore.Mvc.ApplicationModels.IActionModelConvention>
7a5ac37edf80       1          32 Microsoft.AspNetCore.Mvc.ApplicationModels.InferParameterBindingInfoConvention
7a5abf05cef8       1          32 Microsoft.AspNetCore.Mvc.ApplicationModels.AuthorizationApplicationModelProvider
7a5ac38a7230       1          32 Newtonsoft.Json.Utilities.ThreadSafeStore<Newtonsoft.Json.Utilities.StructMultiKey<System.String, System.String>, System.Type>
7a5ac38a8be0       1          32 System.Collections.Concurrent.ConcurrentDictionary<Newtonsoft.Json.Utilities.StructMultiKey<System.String, System.String>, System.Type>
7a5ac38aa7b8       1          32 Newtonsoft.Json.Converters.XmlNodeConverter
7a5abf286348       1          32 Microsoft.AspNetCore.Mvc.ApplicationModels.AntiforgeryApplicationModelProvider
7a5abf054140       1          32 Microsoft.AspNetCore.Mvc.ApplicationModels.ApplicationModelFactory
7a5abef1e3a0       1          32 Microsoft.AspNetCore.Mvc.ApplicationModels.ControllerActionDescriptorProvider
7a5ac361d678       1          32 Microsoft.AspNetCore.Mvc.Abstractions.IActionDescriptorProvider[]
7a5abeb8b7d0       1          32 Microsoft.AspNetCore.Routing.DefaultParameterPolicyFactory
7a5ac39246d0       1          32 System.Collections.Concurrent.ConcurrentDictionary<Microsoft.AspNetCore.Mvc.ModelBinding.ModelBinderFactory+Key, Microsoft.AspNetCore.Mvc.ModelBinding.IModelBinder>
7a5ac3927e00       1          32 System.Collections.Concurrent.ConcurrentDictionary<Microsoft.AspNetCore.Mvc.ModelBinding.ModelMetadata, Microsoft.AspNetCore.Mvc.ModelBinding.Validation.ValidatorCache+CacheEntry>
7a5abf051a28       1          32 Microsoft.AspNetCore.Mvc.Infrastructure.TypeActivatorCache
7a5ac3929a58       1          32 System.Collections.Concurrent.ConcurrentDictionary<System.Type, Microsoft.Extensions.DependencyInjection.ObjectFactory>
7a5abf053818       1          32 Microsoft.AspNetCore.Mvc.Controllers.DefaultControllerFactory
7a5ac392f018       1          32 System.Collections.Generic.List<Microsoft.AspNetCore.Mvc.Routing.ConventionalRouteEntry>
7a5ac3930848       1          32 System.Collections.Generic.List<Microsoft.AspNetCore.Mvc.Abstractions.ActionDescriptor>
7a5ac3a19d90       1          32 System.SZGenericArrayEnumerator<System.Object>
7a5ac37e7270       1          32 Microsoft.AspNetCore.Http.ParameterBindingMethodCache+<>c__DisplayClass18_1
7a5ac3a600c8       1          32 System.SZGenericArrayEnumerator<Microsoft.AspNetCore.Mvc.Filters.IFilterMetadata>
7a5ac3a61510       1          32 System.SZGenericArrayEnumerator<Microsoft.AspNetCore.Mvc.ApplicationModels.ParameterModel>
7a5ac3a6f620       1          32 System.SZGenericArrayEnumerator<Microsoft.AspNetCore.Mvc.ApplicationModels.IApplicationModelConvention>
7a5ac3a8cab8       1          32 System.Collections.Generic.List<Microsoft.AspNetCore.Authorization.IAuthorizeData>
7a5ac3a8ca38       1          32 Microsoft.AspNetCore.Http.Connections.WebSocketOptions
7a5ac392fd30       1          32 Microsoft.AspNetCore.Mvc.Infrastructure.ActionDescriptorCollection
7a5ac3a8fa10       1          32 Microsoft.Extensions.Options.IConfigureOptions<Microsoft.AspNetCore.Http.Connections.ConnectionOptions>[]
7a5ac3af3958       1          32 System.Collections.Concurrent.ConcurrentDictionary<System.String, Microsoft.AspNetCore.Http.Connections.Internal.HttpConnectionContext>
7a5ac0590678       1          32 Microsoft.AspNetCore.Http.Connections.ConnectionOptions
7a5ac3af7bb8       1          32 Microsoft.Extensions.Options.IConfigureOptions<Microsoft.AspNetCore.SignalR.JsonHubProtocolOptions>[]
7a5ac3af8f40       1          32 System.Collections.Generic.List<Microsoft.AspNetCore.SignalR.Protocol.IHubProtocol>
7a5ac3af9328       1          32 Microsoft.Extensions.Options.IConfigureOptions<Microsoft.AspNetCore.SignalR.HubOptions>[]
7a5ac3b15d10       1          32 Microsoft.AspNetCore.Connections.ConnectionBuilderExtensions+<>c__DisplayClass3_0
7a5ac3b18850       1          32 System.Collections.Concurrent.ConcurrentDictionary<System.Type, Microsoft.Extensions.DependencyInjection.ActivatorUtilities+ConstructorInfoEx[]>
7a5ac3b19ff8       1          32 Microsoft.Extensions.Options.IConfigureOptions<Microsoft.AspNetCore.Builder.WebSocketOptions>[]
7a5ac3b1dde8       1          32 Microsoft.Extensions.Options.IConfigureOptions<Microsoft.AspNetCore.Routing.RouteHandlerOptions>[]
7a5ac3b1d018       1          32 System.Collections.Generic.List<Microsoft.AspNetCore.Routing.RouteEndpointDataSource+RouteEntry>
7a5abf9a2c20       1          32 Microsoft.AspNetCore.DataProtection.Internal.DataProtectionHostedService
7a5ac3cb53c8       1          32 Microsoft.AspNetCore.Hosting.GenericWebHostBuilder+<>c__DisplayClass12_2
7a5ac3cb7a68       1          32 Microsoft.Extensions.Options.IConfigureOptions<Microsoft.Extensions.DependencyInjection.MetricsServiceExtensions+NoOpOptions>[]
7a5ac3cb7be8       1          32 Microsoft.Extensions.Options.IConfigureOptions<Microsoft.Extensions.Diagnostics.Metrics.MetricsOptions>[]
7a5ac3cb8000       1          32 System.Collections.Concurrent.ConcurrentDictionary<System.String, System.Lazy<Microsoft.Extensions.Diagnostics.Metrics.MetricsOptions>>
7a5ac3cba638       1          32 Microsoft.Extensions.Options.OptionsMonitor<Microsoft.Extensions.Diagnostics.Metrics.MetricsOptions>+ChangeTrackerDisposable
7a5ac3cbb2f0       1          32 System.Collections.Generic.List<Microsoft.Extensions.Diagnostics.Metrics.InstrumentRule>
7a5ac3cbbdb0       1          32 System.Collections.Concurrent.ConcurrentDictionary<System.String, System.Lazy<Microsoft.Extensions.DependencyInjection.MetricsServiceExtensions+NoOpOptions>>
7a5ac3cbd3a8       1          32 Microsoft.Extensions.DependencyInjection.OptionsBuilderExtensions+<>c__DisplayClass0_1<Microsoft.Extensions.DependencyInjection.MetricsServiceExtensions+NoOpOptions>7a5ac3ceb870       1          32 Microsoft.AspNetCore.DataProtection.KeyManagement.Key+<>c__DisplayClass32_0
7a5ac3d14d20       1          32 Microsoft.AspNetCore.DataProtection.AuthenticatedEncryption.ConfigurationModel.AuthenticatedEncryptorDescriptor
7a5ac3d21d18       1          32 System.Collections.Concurrent.ConcurrentDictionary<System.String, System.Int32>
7a5ac3d26880       1          32 Microsoft.AspNetCore.DataProtection.KeyManagement.KeyRing+KeyHolder
7a5ac3d29f78       1          32 System.Collections.Concurrent.ConcurrentDictionary<System.Type, System.Lazy<Microsoft.AspNetCore.Http.RequestDelegate>>
7a5ac3d569e8       1          32 System.SZGenericArrayEnumerator<Microsoft.AspNetCore.StaticAssets.StaticAssetSelector>
7a5ac3b13058       1          32 System.SZGenericArrayEnumerator<System.Reflection.ParameterInfo>
7a5ac3d5b208       1          32 System.SZGenericArrayEnumerator<System.Action<Microsoft.AspNetCore.Builder.EndpointBuilder>>
7a5ac3d5c038       1          32 System.SZGenericArrayEnumerator<System.Attribute>
7a5ac3d5c1c0       1          32 System.SZGenericArrayEnumerator<Microsoft.AspNetCore.Authorization.IAuthorizeData>
7a5ac3d2c730       1          32 System.Collections.Concurrent.ConcurrentDictionary<Microsoft.AspNetCore.Http.Endpoint, Microsoft.AspNetCore.Authorization.AuthorizationPolicy>
7a5ac3d5e6a0       1          32 System.Collections.Generic.List<Microsoft.AspNetCore.Authentication.AuthenticationSchemeBuilder>
7a5ac3d5da20       1          32 System.Collections.Generic.List<Microsoft.AspNetCore.Authentication.AuthenticationScheme>
7a5ac3585b48       1          32 Microsoft.AspNetCore.Authentication.AuthenticationMiddleware
7a5abeb8ba18       1          32 Microsoft.AspNetCore.Routing.RoutingMetrics
7a5ac3d705b0       1          32 Microsoft.AspNetCore.HttpsPolicy.HttpsRedirectionOptions
7a5ac3d74630       1          32 Microsoft.AspNetCore.Diagnostics.StatusCodePagesMiddleware
7a5ac3d75398       1          32 Microsoft.AspNetCore.Diagnostics.DiagnosticsMetrics
7a5ac3d76590       1          32 Microsoft.Extensions.Options.IPostConfigureOptions<Microsoft.AspNetCore.HostFiltering.HostFilteringOptions>[]
7a5ac3d768e8       1          32 System.Collections.Concurrent.ConcurrentDictionary<System.String, System.Lazy<Microsoft.AspNetCore.HostFiltering.HostFilteringOptions>>
7a5ac3d774d0       1          32 Microsoft.AspNetCore.HostFiltering.MiddlewareConfigurationManager
7a5abeb86c50       1          32 Microsoft.AspNetCore.HostFiltering.HostFilteringOptions
7a5ac3d781d8       1          32 Microsoft.AspNetCore.HostFiltering.MiddlewareConfiguration
7a5ac3d7a728       1          32 Microsoft.Extensions.Options.OptionsMonitor<Microsoft.AspNetCore.HostFiltering.HostFilteringOptions>+ChangeTrackerDisposable
7a5ac3d7b860       1          32 Microsoft.AspNetCore.Server.Kestrel.Core.KestrelServerImpl+<>c__DisplayClass28_0<Microsoft.AspNetCore.Hosting.HostingApplication+Context>
7a5ac3d84030       1          32 Microsoft.AspNetCore.Server.Kestrel.Core.Internal.Certificates.CertificateConfigLoader
7a5ac3d87d98       1          32 System.Collections.Generic.List<Microsoft.AspNetCore.Server.Kestrel.Core.Internal.EndpointConfig>
7a5ac3d883e8       1          32 System.SZGenericArrayEnumerator<Microsoft.AspNetCore.Server.Kestrel.Core.Internal.EndpointConfig>
7a5ac3d88b70       1          32 System.SZGenericArrayEnumerator<Microsoft.AspNetCore.Server.Kestrel.Core.Internal.CertificateConfig>
7a5ac3d88c78       1          32 System.SZGenericArrayEnumerator<System.Action>
7a5ac3af5818       1          32 System.Collections.Generic.List<System.Func<Microsoft.AspNetCore.Connections.ConnectionDelegate, Microsoft.AspNetCore.Connections.ConnectionDelegate>>
7a5ac3d8c038       1          32 System.Collections.Generic.List<System.Func<Microsoft.AspNetCore.Connections.MultiplexedConnectionDelegate, Microsoft.AspNetCore.Connections.MultiplexedConnectionDelegate>>
7a5ac3d8feb8       1          32 Microsoft.AspNetCore.Server.Kestrel.Core.Internal.Infrastructure.TransportManager+<>c__DisplayClass10_0
7a5ac3e03648       1          32 Microsoft.AspNetCore.Server.Kestrel.Transport.Sockets.SocketConnectionContextFactory+QueueSettings[]
7a5ac0d5e1b8       1          32 Microsoft.AspNetCore.Server.Kestrel.Transport.Sockets.Internal.IOQueue
7a5ac3e07850       1          32 System.Net.Sockets.SocketAsyncEngine[]
7a5ac3e08eb8       1          32 System.Collections.Concurrent.ConcurrentDictionary<System.IntPtr, System.Net.Sockets.SocketAsyncEngine+SocketAsyncContextWrapper>
7a5ac3e0bbc8       1          32 Microsoft.AspNetCore.Server.Kestrel.Core.Internal.Infrastructure.TransportConnectionManager
7a5ac3e36c70       1          32 System.Collections.Generic.List<System.WeakReference<Microsoft.AspNetCore.Server.Kestrel.Core.KestrelServerOptions>>
7a5ac3e0c7d0       1          32 Microsoft.AspNetCore.Server.Kestrel.Core.Internal.ConnectionDispatcher<Microsoft.AspNetCore.Connections.ConnectionContext>+<>c__DisplayClass10_0
7a5abeb8b0d8       1          32 Microsoft.AspNetCore.Routing.Matching.HostMatcherPolicy
7a5abeb89f98       1          32 Microsoft.AspNetCore.Routing.Matching.AcceptsMatcherPolicy
7a5ac40d4038       1          32 Microsoft.AspNetCore.Mvc.ActionConstraints.IActionConstraintProvider[]
7a5abef1edd8       1          32 Microsoft.AspNetCore.Mvc.Routing.DynamicControllerEndpointSelectorCache
7a5ac40d6410       1          32 System.Collections.Concurrent.ConcurrentDictionary<System.Int32, Microsoft.AspNetCore.Routing.EndpointDataSource>
7a5ac40d5cc8       1          32 System.Collections.Concurrent.ConcurrentDictionary<System.Int32, Microsoft.AspNetCore.Mvc.Routing.DynamicControllerEndpointSelector>
7a5abeb8caa0       1          32 Microsoft.AspNetCore.Routing.Matching.EndpointMetadataComparer
7a5abf054ea0       1          32 Microsoft.AspNetCore.Mvc.Routing.DynamicControllerEndpointMatcherPolicy
7a5ac416ab38       1          32 System.SZGenericArrayEnumerator<Microsoft.AspNetCore.Authentication.AuthenticationScheme>
7a5ac416d3e8       1          32 System.Collections.Concurrent.ConcurrentDictionary<System.String, System.Lazy<Microsoft.AspNetCore.Authentication.Cookies.CookieAuthenticationOptions>>
7a5ac4173820       1          32 Microsoft.AspNetCore.Authentication.TicketDataFormat
7a5ac4173e30       1          32 Microsoft.AspNetCore.Authentication.Cookies.ChunkingCookieManager
7a5ac42295b0       1          32 Microsoft.Extensions.Options.IPostConfigureOptions<Microsoft.AspNetCore.Identity.SecurityStampValidatorOptions>[]
7a5ac42829b8       1          32 System.Linq.Expressions.Expression1<System.Func<Microsoft.AspNetCore.Identity.IdentityUserClaim<System.String>, System.Security.Claims.Claim>>
7a5ac4281e40       1          32 System.Linq.Expressions.Expression1<System.Func<Microsoft.AspNetCore.Identity.IdentityUserClaim<System.String>, System.Boolean>>
7a5ac428a478       1          32 System.SZGenericArrayEnumerator<Microsoft.EntityFrameworkCore.Query.IMethodCallTranslator>
7a5ac449e770       1          32 System.Linq.Expressions.Expression1<System.Func<<>f__AnonymousType4<Microsoft.AspNetCore.Identity.IdentityUserRole<System.String>, Microsoft.AspNetCore.Identity.IdentityRole>, System.String>>
7a5ac449e188       1          32 System.Linq.Expressions.Expression1<System.Func<<>f__AnonymousType4<Microsoft.AspNetCore.Identity.IdentityUserRole<System.String>, Microsoft.AspNetCore.Identity.IdentityRole>, System.Boolean>>
7a5ac44bded8       1          32 System.Linq.Expressions.Expression1<System.Func<Microsoft.AspNetCore.Identity.IdentityRoleClaim<System.String>, System.Security.Claims.Claim>>
7a5ac44bd360       1          32 System.Linq.Expressions.Expression1<System.Func<Microsoft.AspNetCore.Identity.IdentityRoleClaim<System.String>, System.Boolean>>
7a5ac44be5f0       1          32 System.SZGenericArrayEnumerator<System.Security.Claims.Claim>
7a5ac44c7bd8       1          32 Microsoft.AspNetCore.Internal.ChunkingCookieManager
7a5ac0220288       1          32 Microsoft.AspNetCore.Mvc.NewtonsoftJson.NewtonsoftJsonHelper
7a5abf28b190       1          32 Microsoft.AspNetCore.Mvc.ViewFeatures.ModelExpressionProvider
7a5ac4543a38       1          32 System.Collections.Concurrent.ConcurrentDictionary<System.Linq.Expressions.LambdaExpression, System.String>
7a5ac4545710       1          32 System.Collections.Concurrent.ConcurrentDictionary<Microsoft.AspNetCore.Mvc.Razor.RazorPageActivator+CacheKey, Microsoft.AspNetCore.Mvc.Razor.RazorPagePropertyActivator>
7a5ac45479d0       1          32 Microsoft.Extensions.Options.IConfigureOptions<Microsoft.AspNetCore.Mvc.Razor.RazorViewEngineOptions>[]
7a5ac4547d50       1          32 System.Collections.Generic.List<Microsoft.AspNetCore.Mvc.Razor.IViewLocationExpander>
7a5abf0517b0       1          32 Microsoft.AspNetCore.Mvc.Infrastructure.MemoryPoolHttpResponseStreamWriterFactory
7a5ac4549170       1          32 System.Collections.Generic.List<Microsoft.AspNetCore.Mvc.ViewEngines.IViewEngine>
7a5ac62b1728       1          32 System.Linq.Expressions.Expression1<System.Func<ForexExchange.Models.BankAccountBalanceHistory, <>f__AnonymousType220<System.Int64, System.Int32, System.Decimal, System.DateTime, System.String>>>
7a5ac62b5ea0       1          32 System.Linq.Expressions.Expression1<System.Func<ForexExchange.Models.CurrencyPoolHistory, <>f__AnonymousType221<System.Int64, System.String, System.Decimal, System.DateTime, System.String>>>
7a5ac62b5580       1          32 System.Linq.Expressions.Expression1<System.Func<ForexExchange.Models.CurrencyPoolHistory, System.Boolean>>
7a5abeb8bfd0       1          32 Microsoft.AspNetCore.Routing.Template.DefaultTemplateBinderFactory
7a5abf287df0       1          32 Microsoft.AspNetCore.Mvc.ViewComponents.DefaultViewComponentSelector
7a5ac455c8d0       1          32 System.Collections.Concurrent.ConcurrentDictionary<System.Type, Microsoft.Extensions.Internal.PropertyActivator<Microsoft.AspNetCore.Mvc.ViewComponents.ViewComponentContext>[]>
7a5abf287fd0       1          32 Microsoft.AspNetCore.Mvc.ViewComponents.ViewComponentInvokerCache
7a5ac455e888       1          32 Microsoft.Extensions.Options.IConfigureOptions<Microsoft.AspNetCore.Antiforgery.AntiforgeryOptions>[]
7a5abf9a5988       1          32 Microsoft.AspNetCore.Antiforgery.DefaultAntiforgeryTokenGenerator
7a5abf9a5c48       1          32 Microsoft.AspNetCore.Antiforgery.DefaultAntiforgeryTokenSerializer
7a5ac4571fe8       1          32 System.Collections.Concurrent.ConcurrentDictionary<Microsoft.AspNetCore.Mvc.ModelBinding.ModelMetadata, Microsoft.AspNetCore.Mvc.ModelBinding.Validation.ClientValidatorCache+CacheEntry>
7a5ac45aa990       1          32 System.SZGenericArrayEnumerator<Microsoft.AspNetCore.Mvc.Razor.ITagHelperInitializer<Microsoft.AspNetCore.Mvc.TagHelpers.AnchorTagHelper>>
7a5ac45ad738       1          32 System.Collections.Generic.List<Microsoft.AspNetCore.Routing.Tree.OutboundMatchResult>
7a5ac45ae288       1          32 Microsoft.AspNetCore.Routing.Tree.LinkGenerationDecisionTree
7a5ac45c1720       1          32 System.Collections.Generic.List<Microsoft.AspNetCore.Routing.Tree.OutboundMatchResult>[]
7a5ac455b8f8       1          32 System.Collections.Concurrent.ConcurrentDictionary<Microsoft.AspNetCore.Routing.RouteEndpoint, Microsoft.AspNetCore.Routing.Template.TemplateBinder>
7a5ac45c5900       1          32 System.SZGenericArrayEnumerator<System.ValueTuple<System.String, Microsoft.AspNetCore.Routing.IParameterPolicy>>
7a5ac45c6db8       1          32 System.Collections.Generic.List<Microsoft.AspNetCore.Routing.UriBuildingContext+BufferValue>
7a5abff68ab0       1          32 Microsoft.AspNetCore.Mvc.Razor.TagHelpers.TagHelperComponentPropertyActivator
7a5ac45e9eb8       1          32 System.SZGenericArrayEnumerator<Microsoft.AspNetCore.Mvc.Razor.ITagHelperInitializer<Microsoft.AspNetCore.Mvc.Razor.TagHelpers.UrlResolutionTagHelper>>
7a5abff69170       1          32 Microsoft.AspNetCore.Mvc.Razor.Infrastructure.DefaultFileVersionProvider
7a5ac45ec2a0       1          32 System.SZGenericArrayEnumerator<Microsoft.AspNetCore.Mvc.Razor.ITagHelperInitializer<Microsoft.AspNetCore.Mvc.TagHelpers.LinkTagHelper>>
7a5ac46035d8       1          32 System.SZGenericArrayEnumerator<Microsoft.AspNetCore.Mvc.Razor.ITagHelperInitializer<Microsoft.AspNetCore.Mvc.Razor.TagHelpers.BodyTagHelper>>
7a5ac46043f0       1          32 System.SZGenericArrayEnumerator<Microsoft.AspNetCore.Mvc.Razor.ITagHelperInitializer<Microsoft.AspNetCore.Mvc.TagHelpers.ScriptTagHelper>>
7a5ac47a7948       1          32 Microsoft.AspNetCore.Mvc.ModelBinding.ValueProviderResult
7a5ac48f77c0       1          32 Microsoft.CSharp.RuntimeBinder.Syntax.NameTable
7a5ac491ec28       1          32 System.Collections.Concurrent.ConcurrentDictionary<Microsoft.CSharp.RuntimeBinder.ICSharpBinder, Microsoft.CSharp.RuntimeBinder.ICSharpBinder>
7a5ac4931e40       1          32 System.Linq.Expressions.Expression1<System.Func<ForexExchange.Models.Currency, <>f__AnonymousType35<System.Int32, System.String, System.String>>>
7a5ac4937f38       1          32 System.Runtime.CompilerServices.RuleCache<System.Func<System.Runtime.CompilerServices.CallSite, System.Object, System.Collections.Generic.List<<>f__AnonymousType35<System.Int32, System.String, System.String>>, System.Object>>
7a5ac4938688       1          32 System.Runtime.CompilerServices.CallSiteBinder+LambdaSignature<System.Func<System.Runtime.CompilerServices.CallSite, System.Object, System.Collections.Generic.List<<>f__AnonymousType35<System.Int32, System.String, System.String>>, System.Object>>
7a5ac493ee30       1          32 System.Collections.Generic.List<Microsoft.CSharp.RuntimeBinder.Semantics.TypeParameterType>
7a5ac4956478       1          32 System.Runtime.CompilerServices.RuleCache<System.Func<System.Runtime.CompilerServices.CallSite, System.Object, System.Int64, System.Object>>
7a5ac49568a0       1          32 System.Runtime.CompilerServices.CallSiteBinder+LambdaSignature<System.Func<System.Runtime.CompilerServices.CallSite, System.Object, System.Int64, System.Object>>
7a5ac4957e30       1          32 System.SZGenericArrayEnumerator<Microsoft.AspNetCore.Mvc.Razor.ITagHelperInitializer<Microsoft.AspNetCore.Mvc.TagHelpers.FormTagHelper>>
7a5ac4958770       1          32 System.SZGenericArrayEnumerator<Microsoft.AspNetCore.Mvc.Razor.ITagHelperInitializer<Microsoft.AspNetCore.Mvc.TagHelpers.RenderAtEndOfFormTagHelper>>
7a5ac495e150       1          32 System.Runtime.CompilerServices.CallSiteBinder+LambdaSignature<System.Func<System.Runtime.CompilerServices.CallSite, System.Object, System.Object>>
7a5ac4915260       1          32 Microsoft.CSharp.RuntimeBinder.Semantics.PointerType
7a5ac4973cc0       1          32 Microsoft.CSharp.RuntimeBinder.Semantics.PropertySymbol[]
7a5ac4973d80       1          32 Microsoft.CSharp.RuntimeBinder.Semantics.PredefinedPropertyInfo[]
7a5ac4973368       1          32 Microsoft.CSharp.RuntimeBinder.Semantics.PredefinedPropertyInfo
7a5ac4979108       1          32 System.Runtime.CompilerServices.CallSiteBinder+LambdaSignature<System.Func<System.Runtime.CompilerServices.CallSite, System.Object, System.Int32>>
7a5ac493c078       1          32 System.SZGenericArrayEnumerator<Microsoft.CSharp.RuntimeBinder.CSharpArgumentInfo>
7a5ac497bc60       1          32 System.Runtime.CompilerServices.RuleCache<System.Func<System.Runtime.CompilerServices.CallSite, System.Object, System.String>>
7a5ac497c020       1          32 System.Runtime.CompilerServices.CallSiteBinder+LambdaSignature<System.Func<System.Runtime.CompilerServices.CallSite, System.Object, System.String>>
7a5ac497e538       1          32 System.Runtime.CompilerServices.RuleCache<System.Action<System.Runtime.CompilerServices.CallSite, AspNetCoreGeneratedDocument.Views_ExchangeRates_Manage, System.Object>>
7a5ac497e958       1          32 System.Runtime.CompilerServices.CallSiteBinder+LambdaSignature<System.Action<System.Runtime.CompilerServices.CallSite, AspNetCoreGeneratedDocument.Views_ExchangeRates_Manage, System.Object>>
7a5ac4992288       1          32 Microsoft.Net.Http.Headers.GenericHeaderParser<Microsoft.Net.Http.Headers.CacheControlHeaderValue>
7a5abf28b9f0       1          32 Microsoft.AspNetCore.Mvc.ViewFeatures.Filters.ValidateAntiforgeryTokenAuthorizationFilter
7a5ac49954f8       1          32 Microsoft.AspNetCore.Mvc.Filters.ResponseCacheFilter
7a5ac49b36e0       1          32 System.Text.Json.Serialization.Metadata.ReflectionEmitCachingMemberAccessor
7a5ac49b7590       1          32 System.Collections.Concurrent.ConcurrentDictionary<System.ValueTuple<System.String, System.Type, System.Reflection.MemberInfo>, System.Text.Json.Serialization.Metadata.ReflectionEmitCachingMemberAccessor+Cache<System.ValueTuple<System.String, System.Type, System.Reflection.MemberInfo>>+CacheEntry>
7a5abf055cc8       1          32 Microsoft.AspNetCore.Mvc.Infrastructure.ContentResultExecutor
7a5ac50d01d8       1          32 System.Linq.Expressions.Expression1<System.Func<ForexExchange.Models.CurrencyPool, System.Int32>>
7a5ac36bb458       1          32 Microsoft.Net.Http.Headers.ObjectCollection<Microsoft.Net.Http.Headers.NameValueHeaderValue>
7a5ac49925a8       1          32 System.Collections.Generic.List<Microsoft.Net.Http.Headers.NameValueHeaderValue>
7a5ac62c1bd8       1          32 System.Linq.Expressions.Expression1<System.Func<ForexExchange.Models.Order, <>f__AnonymousType222<System.Int32, System.Int32, System.DateTime, System.Decimal, System.Decimal, System.Decimal, System.String, System.String, System.String>>>
7a5ac62c2460       1          32 System.Linq.Expressions.Expression1<System.Func<<>f__AnonymousType222<System.Int32, System.Int32, System.DateTime, System.Decimal, System.Decimal, System.Decimal, System.String, System.String, System.String>, System.DateTime>>
7a5ac50f78e0       1          32 Newtonsoft.Json.Utilities.ThreadSafeStore<Newtonsoft.Json.Utilities.StructMultiKey<System.Type, Newtonsoft.Json.Serialization.NamingStrategy>, Newtonsoft.Json.Utilities.EnumInfo>
7a5ac50f7ac8       1          32 System.Collections.Concurrent.ConcurrentDictionary<Newtonsoft.Json.Utilities.StructMultiKey<System.Type, Newtonsoft.Json.Serialization.NamingStrategy>, Newtonsoft.Json.Utilities.EnumInfo>
7a5ac50fe5a8       1          32 Newtonsoft.Json.Utilities.ThreadSafeStore<Newtonsoft.Json.Utilities.StructMultiKey<System.Type, System.Type>, System.Func<System.Object, System.Object>>
7a5ac50ff0f8       1          32 System.Collections.Concurrent.ConcurrentDictionary<Newtonsoft.Json.Utilities.StructMultiKey<System.Type, System.Type>, System.Func<System.Object, System.Object>>
7a5ac516bf70       1          32 Newtonsoft.Json.Utilities.ThreadSafeStore<System.Object, Newtonsoft.Json.JsonContainerAttribute>
7a5ac516c060       1          32 System.Collections.Concurrent.ConcurrentDictionary<System.Object, Newtonsoft.Json.JsonContainerAttribute>
7a5ac516d3d0       1          32 Newtonsoft.Json.Utilities.ThreadSafeStore<System.Type, System.Func<System.Object[], System.Object>>
7a5ac516d4a8       1          32 System.Collections.Concurrent.ConcurrentDictionary<System.Type, System.Func<System.Object[], System.Object>>
7a5ac516d218       1          32 Newtonsoft.Json.Utilities.ThreadSafeStore<System.Type, System.Type>
7a5ac516df68       1          32 System.Collections.Concurrent.ConcurrentDictionary<System.Type, System.Type>
7a5ac51f4bf8       1          32 Newtonsoft.Json.Utilities.ThreadSafeStore<System.Object, System.Runtime.Serialization.DataContractAttribute>
7a5ac51f4cb0       1          32 System.Collections.Concurrent.ConcurrentDictionary<System.Object, System.Runtime.Serialization.DataContractAttribute>
7a5ac51f6698       1          32 Newtonsoft.Json.Utilities.ThreadSafeStore<System.Object, Newtonsoft.Json.JsonConverterAttribute>
7a5ac51f6750       1          32 System.Collections.Concurrent.ConcurrentDictionary<System.Object, Newtonsoft.Json.JsonConverterAttribute>
7a5ac5201698       1          32 Newtonsoft.Json.Utilities.ThreadSafeStore<System.Object, Newtonsoft.Json.JsonObjectAttribute>
7a5ac5201750       1          32 System.Collections.Concurrent.ConcurrentDictionary<System.Object, Newtonsoft.Json.JsonObjectAttribute>
7a5ac1b91c00       1          32 System.SZGenericArrayEnumerator<System.Reflection.MemberInfo>
7a5abf052230       1          32 Microsoft.AspNetCore.Mvc.Infrastructure.DefaultProblemDetailsFactory
7a5ac525fe98       1          32 System.Linq.Expressions.Expression1<System.Func<ForexExchange.Models.VapidConfiguration, System.DateTime>>
7a5ac525f4e8       1          32 System.Linq.Expressions.Expression1<System.Func<ForexExchange.Models.VapidConfiguration, System.Boolean>>
7a5ac57c0568       1          32 System.Runtime.CompilerServices.CallSiteBinder+LambdaSignature<System.Func<System.Runtime.CompilerServices.CallSite, System.Object, System.Boolean, System.Object>>
7a5ac57c14f0       1          32 System.Runtime.CompilerServices.CallSiteBinder+LambdaSignature<System.Func<System.Runtime.CompilerServices.CallSite, System.Object, System.Object, System.Object>>
7a5ac57c8f98       1          32 System.Runtime.CompilerServices.CallSiteBinder+LambdaSignature<System.Func<System.Runtime.CompilerServices.CallSite, System.Object, System.Boolean>>
7a5ac57cb3d8       1          32 System.SZGenericArrayEnumerator<Microsoft.AspNetCore.Mvc.Razor.ITagHelperInitializer<Microsoft.AspNetCore.Mvc.TagHelpers.ValidationSummaryTagHelper>>
7a5ac57cbec0       1          32 System.SZGenericArrayEnumerator<Microsoft.AspNetCore.Mvc.ModelBinding.ModelStateEntry>
7a5ac57cc9a8       1          32 System.SZGenericArrayEnumerator<Microsoft.AspNetCore.Mvc.Razor.ITagHelperInitializer<Microsoft.AspNetCore.Mvc.TagHelpers.LabelTagHelper>>
7a5ac57cfa00       1          32 System.SZGenericArrayEnumerator<Microsoft.AspNetCore.Mvc.Razor.ITagHelperInitializer<Microsoft.AspNetCore.Mvc.TagHelpers.InputTagHelper>>
7a5ac57ee6a8       1          32 System.SZGenericArrayEnumerator<Microsoft.AspNetCore.Mvc.Razor.ITagHelperInitializer<Microsoft.AspNetCore.Mvc.TagHelpers.ValidationMessageTagHelper>>
7a5ac57e9fa8       1          32 Microsoft.AspNetCore.Mvc.DataAnnotations.RegularExpressionAttributeAdapter
7a5ac0af6ac8       1          32 System.Text.RegularExpressions.RegexInterpreterFactory
7a5ac58017c0       1          32 System.UInt32[][]
7a5ac5801fc0       1          32 System.Linq.Expressions.Expression1<System.Func<ForexExchange.Models.LoginViewModel, System.Boolean>>
7a5ac5803b00       1          32 System.Collections.Concurrent.ConcurrentDictionary<System.Reflection.MemberInfo, System.Func<System.Object, System.Boolean>>
7a5ac349b978       1          32 System.SZGenericArrayEnumerator<Microsoft.EntityFrameworkCore.Metadata.IProperty>
7a5ac6276930       1          32 System.SZGenericArrayEnumerator<Microsoft.EntityFrameworkCore.Update.IColumnModification>
7a5ac5d6b560       1          32 Microsoft.AspNetCore.Http.FormCollection
7a5ac5d88cd8       1          32 Microsoft.AspNetCore.Http.FormFileCollection
7a5ac58d4c90       1          32 System.SZGenericArrayEnumerator<Microsoft.AspNetCore.Mvc.Razor.ITagHelperInitializer<Microsoft.AspNetCore.Mvc.TagHelpers.OptionTagHelper>>
7a5ac58d87b0       1          32 System.Linq.Expressions.Expression1<System.Func<ForexExchange.Models.Customer, System.Collections.Generic.ICollection<ForexExchange.Models.CustomerBalance>>>
7a5ac58d8f10       1          32 System.Linq.Expressions.Expression1<System.Func<ForexExchange.Models.CustomerBalance, <>f__AnonymousType67<System.String, System.String, System.Decimal>>>
7a5ac1bbd560       1          32 System.Linq.Expressions.Expression1<System.Func<ForexExchange.Models.CustomerBalance, System.Decimal>>
7a5ac58da010       1          32 System.Linq.Expressions.Expression1<System.Func<<>f__AnonymousType66<System.Int32, System.String, System.String, System.String, System.DateTime, System.Boolean, System.Collections.Generic.List<<>f__AnonymousType67<System.String, System.String, System.Decimal>>, System.Decimal>, System.String>>
7a5ac58d9788       1          32 System.Linq.Expressions.Expression1<System.Func<ForexExchange.Models.Customer, <>f__AnonymousType66<System.Int32, System.String, System.String, System.String, System.DateTime, System.Boolean, System.Collections.Generic.List<<>f__AnonymousType67<System.String, System.String, System.Decimal>>, System.Decimal>>>
7a5ac5b4c990       1          32 System.Linq.Expressions.Expression1<System.Func<ForexExchange.Models.Currency, <>f__AnonymousType17<System.Int32, System.String, System.String, System.Int32>>>
7a5ac5baed18       1          32 System.Linq.Expressions.Expression1<System.Func<ForexExchange.Models.CustomerBalanceHistory, System.DateTime>>
7a5ac5baf250       1          32 System.Linq.Expressions.Expression1<System.Func<ForexExchange.Models.CustomerBalanceHistory, System.Int64>>
7a5ac5c5bfe0       1          32 System.Linq.Expressions.Expression1<System.Func<ForexExchange.Models.AccountingDocument, ForexExchange.Models.DocumentType>>
7a5ac5c721c0       1          32 System.SZGenericArrayEnumerator<Microsoft.AspNetCore.Mvc.Razor.ITagHelperInitializer<Microsoft.AspNetCore.Mvc.TagHelpers.SelectTagHelper>>
7a5ac5c73910       1          32 System.Collections.Concurrent.ConcurrentDictionary<System.Reflection.MemberInfo, System.Func<System.Object, ForexExchange.Models.DocumentType>>
7a5ac5c775d8       1          32 System.Linq.Expressions.Expression1<System.Func<ForexExchange.Models.AccountingDocument, ForexExchange.Models.PayerType>>
7a5ac5c788f8       1          32 System.Collections.Concurrent.ConcurrentDictionary<System.Reflection.MemberInfo, System.Func<System.Object, ForexExchange.Models.PayerType>>
7a5ac5c7a0c8       1          32 System.Linq.Expressions.Expression1<System.Func<ForexExchange.Models.AccountingDocument, ForexExchange.Models.ReceiverType>>
7a5ac5c7b3e8       1          32 System.Collections.Concurrent.ConcurrentDictionary<System.Reflection.MemberInfo, System.Func<System.Object, ForexExchange.Models.ReceiverType>>
7a5ac5c7de40       1          32 System.Collections.Concurrent.ConcurrentDictionary<System.Reflection.MemberInfo, System.Func<System.Object, System.Nullable<System.Int32>>>
7a5ac1bda0b8       1          32 System.Linq.Expressions.Expression1<System.Func<ForexExchange.Models.AccountingDocument, System.Decimal>>
7a5ac5c97e00       1          32 System.SZGenericArrayEnumerator<Microsoft.AspNetCore.Mvc.Razor.ITagHelperInitializer<Microsoft.AspNetCore.Mvc.TagHelpers.TextAreaTagHelper>>
7a5ac5d1f5e8       1          32 Microsoft.EntityFrameworkCore.Query.Internal.EntityQueryable<ForexExchange.Models.CustomerBalance>
7a5ac5d148a8       1          32 System.SZGenericArrayEnumerator<Microsoft.AspNetCore.Mvc.ModelBinding.ModelMetadata>
7a5ac5d1a8c8       1          32 System.SZGenericArrayEnumerator<System.ComponentModel.DataAnnotations.ValidationResult>
7a5ac346e690       1          32 System.Collections.Generic.List<Microsoft.EntityFrameworkCore.Query.Internal.SingleQueryCollectionContext>
7a5ac5d3b9a8       1          32 System.SZGenericArrayEnumerator<<>f__AnonymousType9<System.String, System.String, System.String, System.Decimal, System.Decimal, System.Decimal, System.String>>
7a5ac5d8f258       1          32 Microsoft.Net.Http.Headers.GenericHeaderParser<Microsoft.Net.Http.Headers.ContentDispositionHeaderValue>
7a5ac5e03928       1          32 System.SZGenericArrayEnumerator<System.Tuple<Microsoft.EntityFrameworkCore.Metadata.INavigationBase, Microsoft.EntityFrameworkCore.ChangeTracking.Internal.InternalEntityEntry>>
7a5ac5e6b728       1          32 System.SZGenericArrayEnumerator<Microsoft.EntityFrameworkCore.ChangeTracking.Internal.InternalEntityEntry>
7a5ac5ec37f0       1          32 System.SZGenericArrayEnumerator<Microsoft.EntityFrameworkCore.Update.IReadOnlyModificationCommand>
7a5ac5f937c8       1          32 System.Reflection.Internal.MemoryMappedFileBlock
7a5ac5f97138       1          32 System.Reflection.Internal.ObjectPool<System.Reflection.Internal.PooledStringBuilder>
7a5ac5f96bc8       1          32 System.Reflection.Internal.PooledStringBuilder
7a5ac631f018       1          32 System.Linq.Expressions.Expression1<System.Func<ForexExchange.Models.AccountingDocument, <>f__AnonymousType223<System.Int32, System.DateTime, System.String, System.Decimal, System.String, ForexExchange.Models.PayerType, System.Nullable<System.Int32>, ForexExchange.Models.ReceiverType, System.Nullable<System.Int32>>>>
7a5ac631f8a0       1          32 System.Linq.Expressions.Expression1<System.Func<<>f__AnonymousType223<System.Int32, System.DateTime, System.String, System.Decimal, System.String, ForexExchange.Models.PayerType, System.Nullable<System.Int32>, ForexExchange.Models.ReceiverType, System.Nullable<System.Int32>>, System.DateTime>>
7a5ac6e6e898       1          32 System.Runtime.CompilerServices.RuleCache<System.Action<System.Runtime.CompilerServices.CallSite, AspNetCoreGeneratedDocument.Views_Orders_Index, System.String, System.Int32, System.Object, System.Int32, System.Int32, System.Boolean>>
7a5ac6e6ecf8       1          32 System.Runtime.CompilerServices.CallSiteBinder+LambdaSignature<System.Action<System.Runtime.CompilerServices.CallSite, AspNetCoreGeneratedDocument.Views_Orders_Index, System.String, System.Int32, System.Object, System.Int32, System.Int32, System.Boolean>>
7a5ac21557b0       1          32 System.Collections.Generic.List<ForexExchange.Models.AccountingDocument>
7a5ac2270178       1          32 System.Collections.Generic.List<System.ValueTuple<SQLitePCL.sqlite3_stmt, System.Int32>>
7a5ac22bcc78       1          32 System.Collections.Generic.List<Microsoft.Data.Sqlite.SqliteParameter>
7a5ac646b568       1          32 Microsoft.EntityFrameworkCore.Storage.Json.JsonCollectionOfStructsReaderWriter<System.Collections.Generic.List<System.Int32>, System.Int32>
7a5ac634eea0       1          32 System.Linq.Expressions.Expression1<System.Func<ForexExchange.Models.BankAccountBalance, System.Boolean>>
7a5ac6364f28       1          32 System.Linq.Expressions.Expression1<System.Func<ForexExchange.Models.AccountingDocument, <>f__AnonymousType224<System.Int32, System.DateTime, System.String, System.Decimal, System.String, System.String, ForexExchange.Models.PayerType, System.Nullable<System.Int32>, ForexExchange.Models.ReceiverType, System.Nullable<System.Int32>>>>
7a5ac63681a0       1          32 System.Linq.Expressions.Expression1<System.Func<ForexExchange.Models.Order, <>f__AnonymousType225<System.Int32, System.Int32, System.DateTime, System.Decimal, System.Decimal, System.String, System.String, System.String>>>
7a5ac646d668       1          32 System.Linq.Expressions.Expression1<System.Func<System.Collections.Generic.IEnumerable<System.Int32>, System.Int32>>
7a5ac646da58       1          32 System.Linq.Expressions.Expression1<System.Func<System.Collections.Generic.IEnumerable<System.Int32>, System.Collections.Generic.IEnumerable<System.Int32>>>
7a5ac646e790       1          32 System.Linq.Expressions.Expression1<System.Func<System.Collections.Generic.IEnumerable<System.Int32>, System.String>>
7a5ac646eb80       1          32 System.Linq.Expressions.Expression1<System.Func<System.String, System.Collections.Generic.IEnumerable<System.Int32>>>
7a5ac634f1d8       1          32 Microsoft.EntityFrameworkCore.Query.Internal.EntityQueryable<ForexExchange.Models.BankAccountBalance>
7a5ac2152430       1          32 System.Collections.Generic.List<<>f__AnonymousType224<System.Int32, System.DateTime, System.String, System.Decimal, System.String, System.String, ForexExchange.Models.PayerType, System.Nullable<System.Int32>, ForexExchange.Models.ReceiverType, System.Nullable<System.Int32>>>
7a5ac2152f48       1          32 System.Collections.Generic.List<<>f__AnonymousType225<System.Int32, System.Int32, System.DateTime, System.Decimal, System.Decimal, System.String, System.String, System.String>>
7a5ac6287848       1          32 System.Collections.Generic.List<System.Linq.IGrouping<<>f__AnonymousType131<System.Int32, System.String>, <>f__AnonymousType226<System.Int32, System.String, System.DateTime, System.String, System.String, System.Nullable<System.Int32>, System.Decimal, System.String>>>
7a5ac5ec2688       1          32 System.Collections.Generic.List<System.Collections.Generic.List<Microsoft.EntityFrameworkCore.Update.IReadOnlyModificationCommand>>
7a5ac62bd628       1          32 SQLitePCL.rollback_hook_info
7a5ac1bbb8b8       1          32 System.Linq.Expressions.Expression1<System.Func<ForexExchange.Models.Currency, System.String>>
7a5ac6e0ec28       1          32 System.Runtime.CompilerServices.RuleCache<System.Func<System.Runtime.CompilerServices.CallSite, System.Object, System.Collections.Generic.List<ForexExchange.Models.Currency>, System.Object>>
7a5ac6e0f000       1          32 System.Runtime.CompilerServices.CallSiteBinder+LambdaSignature<System.Func<System.Runtime.CompilerServices.CallSite, System.Object, System.Collections.Generic.List<ForexExchange.Models.Currency>, System.Object>>
7a5ac6e11260       1          32 System.Runtime.CompilerServices.RuleCache<System.Func<System.Runtime.CompilerServices.CallSite, System.Object, System.Collections.Generic.List<ForexExchange.Models.Customer>, System.Object>>
7a5ac6e11638       1          32 System.Runtime.CompilerServices.CallSiteBinder+LambdaSignature<System.Func<System.Runtime.CompilerServices.CallSite, System.Object, System.Collections.Generic.List<ForexExchange.Models.Customer>, System.Object>>
7a5ac6e15148       1          32 System.Runtime.CompilerServices.CallSiteBinder+LambdaSignature<System.Func<System.Runtime.CompilerServices.CallSite, System.Object, System.Int32, System.Object>>
7a5ac6e16920       1          32 System.Runtime.CompilerServices.CallSiteBinder+LambdaSignature<System.Func<System.Runtime.CompilerServices.CallSite, System.Int32, System.Object, System.Object>>
7a5ac6ca17f0       1          32 System.Tuple<Microsoft.Win32.SafeHandles.SafeX509StackHandle, Microsoft.Win32.SafeHandles.SafeX509StackHandle>
7a5abf0593d0       1          32 Microsoft.AspNetCore.Mvc.Infrastructure.RedirectToActionResultExecutor
7a5ac6e69648       1          32 System.Runtime.CompilerServices.CallSiteBinder+LambdaSignature<System.Func<System.Runtime.CompilerServices.CallSite, System.Object, System.Collections.IEnumerable>>
7a5ac6e6a730       1          32 System.Runtime.CompilerServices.CallSiteBinder+LambdaSignature<System.Action<System.Runtime.CompilerServices.CallSite, AspNetCoreGeneratedDocument.Views_Orders_Index, System.Object>>
7a5ac6e6b6e0       1          32 System.Runtime.CompilerServices.RuleCache<System.Func<System.Runtime.CompilerServices.CallSite, System.String, System.Object, System.Object>>
7a5ac6e6bab8       1          32 System.Runtime.CompilerServices.CallSiteBinder+LambdaSignature<System.Func<System.Runtime.CompilerServices.CallSite, System.String, System.Object, System.Object>>
7a5ac6e73920       1          32 System.Runtime.CompilerServices.CallSiteBinder+LambdaSignature<System.Func<System.Runtime.CompilerServices.CallSite, System.Type, System.Object, System.Object, System.Object>>
7a5ac6e75a48       1          32 System.Runtime.CompilerServices.CallSiteBinder+LambdaSignature<System.Func<System.Runtime.CompilerServices.CallSite, System.Type, System.Int32, System.Object, System.Object>>
7a5ac6517ed8       1          32 System.Linq.Expressions.Expression1<System.Func<ForexExchange.Models.Currency, <>f__AnonymousType42<System.Int32, System.String, System.String, System.Int32, System.Int32>>>
7a5ac6518760       1          32 System.Linq.Expressions.Expression1<System.Func<<>f__AnonymousType42<System.Int32, System.String, System.String, System.Int32, System.Int32>, System.Int32>>
7a5ac651c4c0       1          32 System.Runtime.CompilerServices.CallSiteBinder+LambdaSignature<System.Func<System.Runtime.CompilerServices.CallSite, System.Object, System.Collections.Generic.List<Microsoft.AspNetCore.Mvc.Rendering.SelectListItem>, System.Object>>
7a5ac651e068       1          32 System.Runtime.CompilerServices.RuleCache<System.Func<System.Runtime.CompilerServices.CallSite, System.Object, System.Collections.Generic.Dictionary<System.Int32, <>f__AnonymousType43<System.String, System.String, System.Int32>>, System.Object>>
7a5ac651e440       1          32 System.Runtime.CompilerServices.CallSiteBinder+LambdaSignature<System.Func<System.Runtime.CompilerServices.CallSite, System.Object, System.Collections.Generic.Dictionary<System.Int32, <>f__AnonymousType43<System.String, System.String, System.Int32>>, System.Object>>
7a5ac651f098       1          32 System.Linq.Expressions.Expression1<System.Func<ForexExchange.Models.Customer, Microsoft.AspNetCore.Mvc.Rendering.SelectListItem>>
7a5ac6535c10       1          32 System.Runtime.CompilerServices.RuleCache<System.Func<System.Runtime.CompilerServices.CallSite, System.Object, System.Collections.Generic.Dictionary<System.String, System.Decimal>, System.Object>>
7a5ac6535fe8       1          32 System.Runtime.CompilerServices.CallSiteBinder+LambdaSignature<System.Func<System.Runtime.CompilerServices.CallSite, System.Object, System.Collections.Generic.Dictionary<System.String, System.Decimal>, System.Object>>
7a5ac65504e8       1          32 System.Runtime.CompilerServices.RuleCache<System.Func<System.Runtime.CompilerServices.CallSite, System.Object, System.Collections.Generic.IEnumerable<Microsoft.AspNetCore.Mvc.Rendering.SelectListItem>>>
7a5ac65508c0       1          32 System.Runtime.CompilerServices.CallSiteBinder+LambdaSignature<System.Func<System.Runtime.CompilerServices.CallSite, System.Object, System.Collections.Generic.IEnumerable<Microsoft.AspNetCore.Mvc.Rendering.SelectListItem>>>
7a5ac6551bd0       1          32 System.Collections.Concurrent.ConcurrentDictionary<System.Reflection.MemberInfo, System.Func<System.Object, System.Int32>>
7a5ac1bd44f8       1          32 System.Linq.Expressions.Expression1<System.Func<ForexExchange.Models.Order, System.String>>
7a5ac6558c48       1          32 System.Runtime.CompilerServices.CallSiteBinder+LambdaSignature<System.Func<System.Runtime.CompilerServices.CallSite, System.Type, System.Object, System.Object>>
7a5ac6559d50       1          32 System.Runtime.CompilerServices.RuleCache<System.Func<System.Runtime.CompilerServices.CallSite, Microsoft.AspNetCore.Mvc.Rendering.IHtmlHelper<ForexExchange.Models.Order>, System.Object, System.Object>>
7a5ac655a128       1          32 System.Runtime.CompilerServices.CallSiteBinder+LambdaSignature<System.Func<System.Runtime.CompilerServices.CallSite, Microsoft.AspNetCore.Mvc.Rendering.IHtmlHelper<ForexExchange.Models.Order>, System.Object, System.Object>>
7a5ac655adf8       1          32 System.Runtime.CompilerServices.RuleCache<System.Action<System.Runtime.CompilerServices.CallSite, AspNetCoreGeneratedDocument.Views_Orders_Create, System.Object>>
7a5ac655b1d0       1          32 System.Runtime.CompilerServices.CallSiteBinder+LambdaSignature<System.Action<System.Runtime.CompilerServices.CallSite, AspNetCoreGeneratedDocument.Views_Orders_Create, System.Object>>
7a5ac1b97238       1          32 System.Linq.Expressions.Expression1<System.Func<ForexExchange.Models.ApplicationUser, System.String>>
7a5ac68d87a0       1          32 System.Linq.Expressions.Expression1<System.Func<<>f__AnonymousType230<ForexExchange.Models.ApplicationUser, Microsoft.AspNetCore.Identity.IdentityUserRole<System.String>>, System.String>>
7a5ac68d9920       1          32 System.Linq.Expressions.Expression1<System.Func<<>f__AnonymousType231<ForexExchange.Models.ApplicationUser, Microsoft.AspNetCore.Identity.IdentityRole>, System.String>>
7a5ac68d9478       1          32 System.Linq.Expressions.Expression1<System.Func<<>f__AnonymousType231<ForexExchange.Models.ApplicationUser, Microsoft.AspNetCore.Identity.IdentityRole>, System.Boolean>>
7a5ac68e3608       1          32 System.SZGenericArrayEnumerator<Microsoft.EntityFrameworkCore.ChangeTracking.ValueComparer>
7a5ac68e7628       1          32 System.Linq.Expressions.Expression1<System.Func<ForexExchange.Models.PushSubscription, System.Boolean>>
7a5ac6955468       1          32 Org.BouncyCastle.Utilities.Encoders.HexEncoder
7a5ac697f790       1          32 System.Collections.ArrayList
7a5ac69c83c0       1          32 System.SZGenericArrayEnumerator<Newtonsoft.Json.Serialization.JsonProperty>
7a5abd8533d0       1          32 System.SZGenericArrayEnumerator<System.Collections.Generic.KeyValuePair<System.String, System.String>>
7a5ac6bdb998       1          32 System.Collections.Concurrent.ConcurrentDictionary<System.Net.Security.SslSessionsCache+SslCredKey, System.Net.Security.SafeCredentialReference>
7a5ac6bdfc10       1          32 System.Collections.Concurrent.ConcurrentDictionary<Interop+OpenSsl+SslContextCacheKey, Microsoft.Win32.SafeHandles.SafeSslContextHandle>
7a5ac72fb818       1          32 System.Linq.Expressions.Expression1<System.Func<ForexExchange.Models.AccountingDocument, ForexExchange.Models.AccountingDocument>>
7a5ac1e74d30       1          32 System.DateTime[]
7a5ac6ca1b20       1          32 System.Collections.Concurrent.ConcurrentDictionary<System.Int32, System.String>
7a5ac68fb470       1          32 System.Net.Http.Headers.TransferCodingHeaderValue
7a5ac7356a08       1          32 System.Runtime.CompilerServices.RuleCache<System.Func<System.Runtime.CompilerServices.CallSite, System.Object, System.String, System.Object>>
7a5ac7356e30       1          32 System.Runtime.CompilerServices.CallSiteBinder+LambdaSignature<System.Func<System.Runtime.CompilerServices.CallSite, System.Object, System.String, System.Object>>
7a5ac7357950       1          32 System.Runtime.CompilerServices.RuleCache<System.Action<System.Runtime.CompilerServices.CallSite, AspNetCoreGeneratedDocument.Views_AccountingDocuments_Index, System.String, System.Int32, System.Object, System.Int32, System.Int32, System.Boolean>>
7a5ac7357d78       1          32 System.Runtime.CompilerServices.CallSiteBinder+LambdaSignature<System.Action<System.Runtime.CompilerServices.CallSite, AspNetCoreGeneratedDocument.Views_AccountingDocuments_Index, System.String, System.Int32, System.Object, System.Int32, System.Int32, System.Boolean>>
7a5abd3b7530       1          32 ForexExchange.Services.CustomerBalanceService
7a5abd3b7988       1          32 ForexExchange.Services.BankAccountBalanceService
7a5ac5bae680       1          32 Microsoft.EntityFrameworkCore.Query.Internal.EntityQueryable<ForexExchange.Models.CustomerBalanceHistory>
7a5ac214d660       1          32 System.Collections.Generic.List<<>f__AnonymousType219<System.Int64, System.Int32, System.String, System.Decimal, System.DateTime, System.String>>
7a5ac214e088       1          32 System.Collections.Generic.List<<>f__AnonymousType220<System.Int64, System.Int32, System.Decimal, System.DateTime, System.String>>
7a5ac62b5808       1          32 Microsoft.EntityFrameworkCore.Query.Internal.EntityQueryable<ForexExchange.Models.CurrencyPoolHistory>
7a5ac214eab0       1          32 System.Collections.Generic.List<<>f__AnonymousType221<System.Int64, System.String, System.Decimal, System.DateTime, System.String>>
7a5ac1389a70       1          32 Microsoft.EntityFrameworkCore.Metadata.AdHocMapperDependencies
7a5ac214f618       1          32 System.Collections.Generic.List<<>f__AnonymousType222<System.Int32, System.Int32, System.DateTime, System.Decimal, System.Decimal, System.Decimal, System.String, System.String, System.String>>
7a5ac6285110       1          32 System.Collections.Generic.List<System.Linq.IGrouping<System.String, System.ValueTuple<System.String, System.DateTime, System.String, System.Nullable<System.Int32>, System.Decimal, System.String, System.String>>>
7a5ac216c910       1          32 System.Collections.Generic.List<ForexExchange.Models.CurrencyPoolHistory>
7a5ac2150d50       1          32 System.Collections.Generic.List<<>f__AnonymousType223<System.Int32, System.DateTime, System.String, System.Decimal, System.String, ForexExchange.Models.PayerType, System.Nullable<System.Int32>, ForexExchange.Models.ReceiverType, System.Nullable<System.Int32>>>
7a5ac62872b8       1          32 System.Collections.Generic.List<System.Linq.IGrouping<System.Int32, System.ValueTuple<System.Int32, System.String, System.DateTime, System.String, System.Nullable<System.Int32>, System.Decimal, System.String>>>
7a5ac2142e10       1          32 System.Collections.Generic.List<ForexExchange.Models.BankAccountBalanceHistory>
7a5ac7355cf0       1          32 System.Runtime.CompilerServices.CallSiteBinder+LambdaSignature<System.Action<System.Runtime.CompilerServices.CallSite, AspNetCoreGeneratedDocument.Views_AccountingDocuments_Index, System.Object>>
7a5ac5ec89f8       1          32 System.Collections.Generic.List<Microsoft.EntityFrameworkCore.Update.ResultSetMapping>
7a5ac5ec9608       1          32 Microsoft.EntityFrameworkCore.Storage.RawSqlCommand
7a5ac45a5a88       1          32 System.Collections.Generic.List<Microsoft.AspNetCore.Razor.Runtime.TagHelpers.TagHelperExecutionContext>
7a5ac45a7ca8       1          32 System.Collections.Generic.List<Microsoft.AspNetCore.Razor.TagHelpers.ITagHelper>
7a5ac3938578       1          32 Microsoft.AspNetCore.Mvc.TagHelpers.RenderAtEndOfFormTagHelper
7a5abd3b65c0       1          32 ForexExchange.Services.SettingsService
7a5ac45e7d78       1          32 System.Collections.Generic.List<Microsoft.AspNetCore.Razor.TagHelpers.ITagHelperComponent>
7a5ac45a0188       1          32 System.Collections.Generic.List<Microsoft.AspNetCore.Mvc.ViewFeatures.Buffers.ViewBufferPage>
7a5ac46061c0       1          32 System.Collections.Generic.List<System.Char[]>
7a5ac738e150       1          32 System.Linq.Expressions.Expression1<System.Func<ForexExchange.Models.BankAccount, ForexExchange.Services.BankAccountOption>>
7a5ac500e1c0       1          32 System.Collections.Generic.List<Microsoft.AspNetCore.Mvc.ModelBinding.ModelStateDictionary+ModelStateNode>
7a5ac21418a8       1          32 System.Collections.Generic.List<ForexExchange.Services.BankAccountTimelineItem>
7a5ac73c4a20       1          32 System.SZGenericArrayEnumerator<Microsoft.EntityFrameworkCore.Query.IMemberTranslator>
7a5ac633b648       1          32 System.Linq.Expressions.Expression1<System.Func<ForexExchange.Models.BankAccountBalanceHistory, System.Int32>>
7a5ac73c76f0       1          32 System.Linq.Expressions.Expression1<System.Func<System.Linq.IGrouping<System.Int32, ForexExchange.Models.BankAccountBalanceHistory>, <>f__AnonymousType214<System.Int32, System.String, System.Decimal>>>
7a5ac50f4f98       1          32 System.Collections.Generic.List<System.Byte[]>
7a5ac5239c50       1          32 System.Collections.Generic.List<Newtonsoft.Json.JsonPosition>
7a5ac7441598       1          32 System.Collections.Generic.List<System.Diagnostics.Tracing.DiagnosticCounter>
7a5ac7440e68       1          32 System.Collections.Generic.List<System.Diagnostics.Tracing.IncrementingPollingCounter>
7a5ac7447100       1          32 System.Collections.Generic.List<System.Predicate<System.Diagnostics.Metrics.Instrument>>
7a5ac7446020       1          32 System.Collections.Concurrent.ConcurrentDictionary<System.Diagnostics.Metrics.Instrument, System.Diagnostics.Metrics.InstrumentState>
7a5ac7447dc8       1          32 System.Diagnostics.DiagLinkedList<System.Diagnostics.Metrics.Instrument>
7a5ac0c8cae8       1          32 System.ValueTuple<System.Int64, System.DateTime>
7a5ac424d268       1          36 System.Linq.Expressions.Interpreter.RuntimeLabel[]
7a5abd662148       1          40 Microsoft.Extensions.Configuration.ReferenceCountedProviderManager
7a5abcdb5a60       1          40 Microsoft.Extensions.Hosting.HostBuilderContext
7a5abdf645e8       1          40 System.Buffers.SharedArrayPool<System.Char>
7a5abd8383f0       1          40 Microsoft.Extensions.Configuration.ConfigurationRoot
7a5abe8c0940       1          40 System.Lazy<System.Net.Quic.MsQuicApi>
7a5abea48ec8       1          40 Microsoft.AspNetCore.Hosting.HostingStartupWebHostBuilder
7a5abf05b6f0       1          40 System.Buffers.SharedArrayPool<System.Byte>
7a5abf9aacf0       1          40 System.Buffers.SharedArrayPool<Microsoft.AspNetCore.Mvc.ViewFeatures.Buffers.ViewBufferValue>
7a5abcdbba18       1          40 Microsoft.AspNetCore.Identity.IdentityBuilder
7a5ac026a498       1          40 Microsoft.Extensions.DependencyInjection.HttpClientMappingRegistry
7a5ac0627b60       1          40 System.Lazy<Microsoft.Extensions.DependencyModel.DependencyContext>
7a5ac06281d0       1          40 Microsoft.Extensions.DependencyModel.DependencyContextPaths
7a5ac06739d0       1          40 System.Buffers.ReadOnlySequence<System.Byte>
7a5ac067d4d8       1          40 System.Buffers.SharedArrayPool<System.Boolean>
7a5ac06ac398       1          40 System.Buffers.SharedArrayPool<Microsoft.Extensions.DependencyModel.CompilationLibrary>
7a5ac06ae460       1          40 System.Buffers.SharedArrayPool<Microsoft.Extensions.DependencyModel.RuntimeLibrary>
7a5ac06e95b8       1          40 System.Buffers.SharedArrayPool<System.Reflection.AssemblyName>
7a5ac0a66bf0       1          40 Serilog.Sinks.SystemConsole.Output.TimestampTokenRenderer
7a5ac0a66d20       1          40 Serilog.Sinks.SystemConsole.Output.MessageTemplateOutputTokenRenderer
7a5ac0af2e08       1          40 Serilog.Sinks.File.PeriodicFlushToDiskSink
7a5ac0ca4570       1          40 System.Collections.Concurrent.ConcurrentQueue<Serilog.Events.LogEvent>
7a5ac0ca33b8       1          40 System.Threading.Tasks.TaskFactory
7a5ac0ca9308       1          40 Serilog.Capturing.MessageTemplateProcessor
7a5ac0d52608       1          40 Serilog.Core.Pipeline.MessageTemplateCache
7a5ac0d536b8       1          40 Serilog.Extensions.Logging.SerilogLoggerProvider
7a5ac0d579b0       1          40 Microsoft.Extensions.Options.OptionsFactory<Microsoft.Extensions.Hosting.ConsoleLifetimeOptions>
7a5ac0d57620       1          40 Microsoft.Extensions.Options.UnnamedOptionsManager<Microsoft.Extensions.Hosting.ConsoleLifetimeOptions>
7a5ac0d58378       1          40 Microsoft.Extensions.Options.OptionsFactory<Microsoft.Extensions.Hosting.HostOptions>
7a5ac0d58248       1          40 Microsoft.Extensions.Options.UnnamedOptionsManager<Microsoft.Extensions.Hosting.HostOptions>
7a5abda22fb8       1          40 Microsoft.Extensions.Hosting.HostOptions
7a5ac0d5c628       1          40 Microsoft.Extensions.Options.IConfigureOptions<Microsoft.AspNetCore.Server.Kestrel.Core.KestrelServerOptions>[]
7a5ac0d59c50       1          40 Microsoft.Extensions.Options.OptionsFactory<Microsoft.AspNetCore.Server.Kestrel.Core.KestrelServerOptions>
7a5ac0d59b20       1          40 Microsoft.Extensions.Options.UnnamedOptionsManager<Microsoft.AspNetCore.Server.Kestrel.Core.KestrelServerOptions>
7a5ac0d5aba0       1          40 Microsoft.Extensions.Options.OptionsFactory<Microsoft.AspNetCore.Server.Kestrel.Transport.Sockets.SocketTransportOptions>
7a5ac0d5aa70       1          40 Microsoft.Extensions.Options.UnnamedOptionsManager<Microsoft.AspNetCore.Server.Kestrel.Transport.Sockets.SocketTransportOptions>
7a5abeb85880       1          40 Microsoft.AspNetCore.Server.Kestrel.Core.HttpsConfigurationService+Initializer
7a5ac0dfb8f8       1          40 Microsoft.AspNetCore.Server.Kestrel.Core.Internal.Infrastructure.IHeartbeatHandler[]
7a5ac0dfbfc0       1          40 System.Threading.ManualResetEventSlim
7a5ac0dffe70       1          40 Microsoft.AspNetCore.Server.Kestrel.Core.Internal.ServerAddressesCollection+PublicServerAddressesCollection
7a5abc2d0f20       1          40 Microsoft.EntityFrameworkCore.Internal.DbContextLease
7a5ac138c6f0       1          40 Microsoft.EntityFrameworkCore.Infrastructure.ISingletonOptions[]
7a5ac137dcc8       1          40 Microsoft.EntityFrameworkCore.Diagnostics.Internal.LoggingOptions
7a5ac13be6b8       1          40 System.Buffers.SharedArrayPool<System.Reflection.PropertyInfo>
7a5ac15c31b8       1          40 System.Buffers.SharedArrayPool<Microsoft.EntityFrameworkCore.Infrastructure.DbSetProperty>
7a5ac13834b8       1          40 Microsoft.EntityFrameworkCore.Storage.TypeMappingSourceDependencies
7a5ac13829f0       1          40 Microsoft.EntityFrameworkCore.Infrastructure.ModelSourceDependencies
7a5ac1384980       1          40 Microsoft.EntityFrameworkCore.Infrastructure.RuntimeModelDependencies
7a5ac1b39fc0       1          40 System.Buffers.SharedArrayPool<Microsoft.EntityFrameworkCore.Metadata.IConventionForeignKey>
7a5ac1b4e2d0       1          40 Microsoft.Extensions.Options.OptionsFactory<Microsoft.AspNetCore.Identity.IdentityOptions>
7a5ac1b4e1a0       1          40 Microsoft.Extensions.Options.UnnamedOptionsManager<Microsoft.AspNetCore.Identity.IdentityOptions>
7a5ac1e56de8       1          40 Serilog.Extensions.Logging.CachingMessageTemplateParser
7a5ac1ea5e20       1          40 System.IO.TextWriter+NullTextWriter
7a5ac1eb32a8       1          40 System.Lazy<System.TerminalFormatStrings>
7a5ac1f7b5b8       1          40 System.Buffers.SharedArrayPool<Serilog.Sinks.File.RollingLogFile>
7a5ac2220cb8       1          40 System.Buffers.SharedArrayPool<<>f__AnonymousType1<System.Reflection.TypeInfo, System.String>>
7a5ac2264458       1          40 System.Runtime.CompilerServices.ConditionalWeakTable<System.Transactions.ContextKey, System.Transactions.ContextData>
7a5ac22c20d8       1          40 System.Buffers.SharedArrayPool<Serilog.Parsing.MessageTemplateToken>
7a5ac20333a0       1          40 Microsoft.EntityFrameworkCore.Metadata.Conventions.RelationalRuntimeModelConvention+<>c__DisplayClass4_0
7a5ac24e59e0       1          40 Microsoft.Extensions.Options.OptionsFactory<Microsoft.AspNetCore.Identity.PasswordHasherOptions>
7a5ac24e58b0       1          40 Microsoft.Extensions.Options.UnnamedOptionsManager<Microsoft.AspNetCore.Identity.PasswordHasherOptions>
7a5ac24eba78       1          40 Microsoft.Extensions.Options.OptionsFactory<Microsoft.AspNetCore.DataProtection.DataProtectionOptions>
7a5ac24eb948       1          40 Microsoft.Extensions.Options.UnnamedOptionsManager<Microsoft.AspNetCore.DataProtection.DataProtectionOptions>
7a5abf9a3848       1          40 Microsoft.AspNetCore.DataProtection.Internal.KeyManagementOptionsPostSetup
7a5ac24ec208       1          40 Microsoft.Extensions.Options.OptionsFactory<Microsoft.AspNetCore.DataProtection.KeyManagement.KeyManagementOptions>
7a5ac24ec0d8       1          40 Microsoft.Extensions.Options.UnnamedOptionsManager<Microsoft.AspNetCore.DataProtection.KeyManagement.KeyManagementOptions>
7a5ac24ed110       1          40 System.Lazy<System.IO.DirectoryInfo>
7a5ac27a5540       1          40 System.Lazy<System.Boolean>
7a5abf9a2a28       1          40 Microsoft.AspNetCore.DataProtection.Internal.HostingApplicationDiscriminator
7a5ac24eac00       1          40 Microsoft.Extensions.Options.OptionsFactory<Microsoft.AspNetCore.Identity.DataProtectionTokenProviderOptions>
7a5ac24eaad0       1          40 Microsoft.Extensions.Options.UnnamedOptionsManager<Microsoft.AspNetCore.Identity.DataProtectionTokenProviderOptions>
7a5ac310f760       1          40 Microsoft.Extensions.Options.OptionsFactory<Microsoft.Extensions.Http.HttpClientFactoryOptions>
7a5ac026afb0       1          40 Microsoft.Extensions.Http.LoggingHttpMessageHandlerBuilderFilter
7a5ac3121088       1          40 System.Collections.Concurrent.ConcurrentQueue<Microsoft.Extensions.Http.ExpiredHandlerTrackingEntry>
7a5ac3121470       1          40 System.Lazy<Microsoft.Extensions.Logging.ILogger>
7a5ac31201a8       1          40 System.Lazy<Microsoft.Extensions.Http.HttpClientFactoryOptions>
7a5ac321fa78       1          40 System.Buffers.SharedArrayPool<Microsoft.EntityFrameworkCore.Query.Internal.ExpressionTreeFuncletizer+State>
7a5ac34eb6c8       1          40 System.Buffers.SharedArrayPool<Microsoft.EntityFrameworkCore.Metadata.RuntimeProperty>
7a5ac34ecaa8       1          40 System.Buffers.SharedArrayPool<Microsoft.EntityFrameworkCore.Metadata.RuntimePropertyBase>
7a5ac343d808       1          40 Microsoft.EntityFrameworkCore.Query.SqlExpressions.ExistsExpression
7a5ac358a180       1          40 System.Runtime.CompilerServices.ConditionalWeakTable<System.Text.Json.JsonSerializerOptions, System.Object>
7a5ac36148b0       1          40 System.Buffers.SharedArrayPool<System.Object>
7a5ac3614cf0       1          40 System.Buffers.SharedArrayPool<System.ValueTuple<System.Text.Json.Serialization.Metadata.JsonPropertyInfo, System.Text.Json.JsonReaderState, System.Int64, System.Byte[], System.String>>
7a5ac361b9f8       1          40 Microsoft.Extensions.Options.OptionsFactory<Microsoft.AspNetCore.Mvc.JsonOptions>
7a5ac361b8c8       1          40 Microsoft.Extensions.Options.UnnamedOptionsManager<Microsoft.AspNetCore.Mvc.JsonOptions>
7a5ac361b2f0       1          40 Microsoft.Extensions.Options.OptionsFactory<Microsoft.AspNetCore.Mvc.DataAnnotations.MvcDataAnnotationsLocalizationOptions>
7a5ac361b1c0       1          40 Microsoft.Extensions.Options.UnnamedOptionsManager<Microsoft.AspNetCore.Mvc.DataAnnotations.MvcDataAnnotationsLocalizationOptions>
7a5abf2845f0       1          40 Microsoft.Extensions.DependencyInjection.MvcDataAnnotationsMvcOptionsSetup
7a5ac361a408       1          40 Microsoft.Extensions.Options.OptionsFactory<Microsoft.AspNetCore.Mvc.MvcNewtonsoftJsonOptions>
7a5ac361a2d8       1          40 Microsoft.Extensions.Options.UnnamedOptionsManager<Microsoft.AspNetCore.Mvc.MvcNewtonsoftJsonOptions>
7a5ac3619f40       1          40 Microsoft.Extensions.Options.OptionsFactory<Microsoft.AspNetCore.Mvc.MvcOptions>
7a5ac3619e10       1          40 Microsoft.Extensions.Options.UnnamedOptionsManager<Microsoft.AspNetCore.Mvc.MvcOptions>
7a5ac36b4870       1          40 Microsoft.AspNetCore.Mvc.Formatters.StringOutputFormatter
7a5ac36bea10       1          40 Microsoft.AspNetCore.Mvc.DataAnnotations.DataAnnotationsMetadataProvider
7a5ac36beb88       1          40 Microsoft.AspNetCore.Mvc.DataAnnotations.DataAnnotationsModelValidatorProvider
7a5ac37c3ef8       1          40 Microsoft.AspNetCore.Mvc.ModelBinding.Validation.IMetadataBasedModelValidatorProvider[]
7a5ac361bfb0       1          40 Microsoft.Extensions.Options.OptionsFactory<Microsoft.AspNetCore.Mvc.ApiBehaviorOptions>
7a5ac361be80       1          40 Microsoft.Extensions.Options.UnnamedOptionsManager<Microsoft.AspNetCore.Mvc.ApiBehaviorOptions>
7a5ac361c788       1          40 Microsoft.Extensions.Options.OptionsFactory<Microsoft.AspNetCore.Authorization.AuthorizationOptions>
7a5ac361c658       1          40 Microsoft.Extensions.Options.UnnamedOptionsManager<Microsoft.AspNetCore.Authorization.AuthorizationOptions>
7a5ac361d108       1          40 Microsoft.Extensions.Options.OptionsFactory<Microsoft.AspNetCore.Routing.RouteOptions>
7a5ac361cfd8       1          40 Microsoft.Extensions.Options.UnnamedOptionsManager<Microsoft.AspNetCore.Routing.RouteOptions>
7a5abeb89030       1          40 Microsoft.AspNetCore.Routing.RouteOptions
7a5abf053528       1          40 Microsoft.AspNetCore.Mvc.Controllers.ControllerActivatorProvider
7a5abf052410       1          40 Microsoft.AspNetCore.Mvc.Infrastructure.ControllerActionEndpointDataSourceFactory
7a5ac3a6abc0       1          40 System.Collections.ObjectModel.ReadOnlyDictionary<System.String, System.Object>
7a5ac3a6b618       1          40 System.Collections.ObjectModel.ReadOnlyDictionary<System.String, System.Collections.Generic.IReadOnlyList<Microsoft.AspNetCore.Routing.Patterns.RoutePatternParameterPolicyReference>>
7a5ac3a8eec0       1          40 Microsoft.AspNetCore.Builder.ConnectionEndpointRouteBuilderExtensions+<>c__DisplayClass4_0
7a5ac3a8f678       1          40 Microsoft.Extensions.Options.OptionsFactory<Microsoft.AspNetCore.Http.Connections.ConnectionOptions>
7a5ac3a8f548       1          40 Microsoft.Extensions.Options.UnnamedOptionsManager<Microsoft.AspNetCore.Http.Connections.ConnectionOptions>
7a5ac05904d0       1          40 Microsoft.AspNetCore.Http.Connections.Internal.HttpConnectionsMetrics
7a5ac3af3890       1          40 System.Threading.PeriodicTimer
7a5ac3af6d00       1          40 Microsoft.Extensions.Options.OptionsFactory<Microsoft.AspNetCore.SignalR.JsonHubProtocolOptions>
7a5ac3af6bd0       1          40 Microsoft.Extensions.Options.UnnamedOptionsManager<Microsoft.AspNetCore.SignalR.JsonHubProtocolOptions>
7a5ac05939d0       1          40 Microsoft.AspNetCore.SignalR.Internal.DefaultHubProtocolResolver
7a5ac3af7298       1          40 Microsoft.Extensions.Options.OptionsFactory<Microsoft.AspNetCore.SignalR.HubOptions>
7a5ac3af7168       1          40 Microsoft.Extensions.Options.UnnamedOptionsManager<Microsoft.AspNetCore.SignalR.HubOptions>
7a5ac3af9a80       1          40 Microsoft.Extensions.Options.IConfigureOptions<Microsoft.AspNetCore.SignalR.HubOptions<ForexExchange.Hubs.NotificationHub>>[]
7a5ac3af7760       1          40 Microsoft.Extensions.Options.OptionsFactory<Microsoft.AspNetCore.SignalR.HubOptions<ForexExchange.Hubs.NotificationHub>>
7a5ac3af7630       1          40 Microsoft.Extensions.Options.UnnamedOptionsManager<Microsoft.AspNetCore.SignalR.HubOptions<ForexExchange.Hubs.NotificationHub>>
7a5ac3b190b8       1          40 System.Lazy<System.Runtime.CompilerServices.ConditionalWeakTable<System.Type, Microsoft.Extensions.DependencyInjection.ActivatorUtilities+ConstructorInfoEx[]>>
7a5ac3b19c60       1          40 Microsoft.Extensions.Options.OptionsFactory<Microsoft.AspNetCore.Builder.WebSocketOptions>
7a5ac3b19b30       1          40 Microsoft.Extensions.Options.UnnamedOptionsManager<Microsoft.AspNetCore.Builder.WebSocketOptions>
7a5ac3b1da50       1          40 Microsoft.Extensions.Options.OptionsFactory<Microsoft.AspNetCore.Routing.RouteHandlerOptions>
7a5ac3b1d920       1          40 Microsoft.Extensions.Options.UnnamedOptionsManager<Microsoft.AspNetCore.Routing.RouteHandlerOptions>
7a5ac3b1c240       1          40 Microsoft.AspNetCore.Routing.RouteEndpointDataSource
7a5ac3cb2890       1          40 Microsoft.Extensions.Hosting.IHostedService[]
7a5ac3cb2b38       1          40 Microsoft.Extensions.Options.IConfigureOptions<Microsoft.AspNetCore.Hosting.GenericWebHostServiceOptions>[]
7a5ac3cb24f8       1          40 Microsoft.Extensions.Options.OptionsFactory<Microsoft.AspNetCore.Hosting.GenericWebHostServiceOptions>
7a5ac3cb23c8       1          40 Microsoft.Extensions.Options.UnnamedOptionsManager<Microsoft.AspNetCore.Hosting.GenericWebHostServiceOptions>
7a5abea4ef98       1          40 Microsoft.AspNetCore.Http.DefaultHttpContextFactory
7a5ac3cb3450       1          40 Microsoft.Extensions.Options.OptionsFactory<Microsoft.AspNetCore.Http.Features.FormOptions>
7a5ac3cb3320       1          40 Microsoft.Extensions.Options.UnnamedOptionsManager<Microsoft.AspNetCore.Http.Features.FormOptions>
7a5abea4e638       1          40 Microsoft.AspNetCore.Hosting.HostingMetrics
7a5abea4e398       1          40 Microsoft.AspNetCore.Hosting.GenericWebHostServiceOptions
7a5ac3cb7530       1          40 Microsoft.Extensions.Options.OptionsFactory<Microsoft.Extensions.Diagnostics.Metrics.MetricsOptions>
7a5abda29570       1          40 Microsoft.Extensions.Diagnostics.Metrics.MetricsSubscriptionManager
7a5ac3cb7ee8       1          40 System.Lazy<Microsoft.Extensions.Diagnostics.Metrics.MetricsOptions>
7a5ac3cb6d28       1          40 Microsoft.Extensions.Options.OptionsFactory<Microsoft.Extensions.DependencyInjection.MetricsServiceExtensions+NoOpOptions>
7a5ac3cb5e90       1          40 Microsoft.Extensions.Options.OptionsFactory<Microsoft.Extensions.Options.StartupValidatorOptions>
7a5ac3cb5d60       1          40 Microsoft.Extensions.Options.UnnamedOptionsManager<Microsoft.Extensions.Options.StartupValidatorOptions>
7a5ac3cbbc98       1          40 System.Lazy<Microsoft.Extensions.DependencyInjection.MetricsServiceExtensions+NoOpOptions>
7a5ac3cc0268       1          40 Microsoft.AspNetCore.DataProtection.KeyManagement.Internal.CacheableKeyRing
7a5abf052930       1          40 Microsoft.AspNetCore.Mvc.Filters.MiddlewareFilterBuilder
7a5ac3b16d78       1          40 Microsoft.Extensions.Internal.CopyOnWriteDictionary<System.String, System.Object>
7a5ac3d2ad50       1          40 Microsoft.AspNetCore.Routing.EndpointMiddleware
7a5ac3d5cb88       1          40 Microsoft.Extensions.Options.OptionsFactory<Microsoft.AspNetCore.Authentication.AuthenticationOptions>
7a5ac3d5ca58       1          40 Microsoft.Extensions.Options.UnnamedOptionsManager<Microsoft.AspNetCore.Authentication.AuthenticationOptions>
7a5ac3d707d8       1          40 Microsoft.Extensions.Options.OptionsFactory<Microsoft.AspNetCore.HttpsPolicy.HttpsRedirectionOptions>
7a5ac3d706a8       1          40 Microsoft.Extensions.Options.UnnamedOptionsManager<Microsoft.AspNetCore.HttpsPolicy.HttpsRedirectionOptions>
7a5ac3d71140       1          40 System.Lazy<System.Int32>
7a5ac3d71850       1          40 Microsoft.Extensions.Options.OptionsFactory<Microsoft.AspNetCore.HttpsPolicy.HstsOptions>
7a5ac3d71720       1          40 Microsoft.Extensions.Options.UnnamedOptionsManager<Microsoft.AspNetCore.HttpsPolicy.HstsOptions>
7a5ac3d71628       1          40 Microsoft.AspNetCore.HttpsPolicy.HstsOptions
7a5ac3d74bd0       1          40 Microsoft.AspNetCore.Builder.StatusCodePagesExtensions+<>c__DisplayClass7_0
7a5ac3d76068       1          40 Microsoft.Extensions.Options.OptionsFactory<Microsoft.AspNetCore.HostFiltering.HostFilteringOptions>
7a5ac3d29c98       1          40 Microsoft.AspNetCore.HostFiltering.HostFilteringMiddleware
7a5ac3d767d0       1          40 System.Lazy<Microsoft.AspNetCore.HostFiltering.HostFilteringOptions>
7a5ac3d8c7c0       1          40 Microsoft.AspNetCore.Server.Kestrel.Core.Internal.EndpointDefaults
7a5ac3d8e9c8       1          40 Microsoft.AspNetCore.Server.Kestrel.Core.Internal.HttpConnectionMiddleware<Microsoft.AspNetCore.Hosting.HostingApplication+Context>
7a5ac3e03800       1          40 System.Buffers.PinnedBlockMemoryPool
7a5ac3e03c30       1          40 System.Collections.Concurrent.ConcurrentQueue<System.Buffers.MemoryPoolBlock>
7a5ac3e031b8       1          40 System.Collections.Concurrent.ConcurrentQueue<Microsoft.AspNetCore.Server.Kestrel.Transport.Sockets.Internal.IOQueue+Work>
7a5ac3e00b40       1          40 Microsoft.AspNetCore.Server.Kestrel.Transport.Sockets.Internal.SocketSenderPool
7a5ac3e02ae0       1          40 System.Collections.Concurrent.ConcurrentQueue<Microsoft.AspNetCore.Server.Kestrel.Transport.Sockets.Internal.SocketSender>
7a5ac3e07f28       1          40 System.Collections.Concurrent.ConcurrentQueue<System.Net.Sockets.SocketAsyncEngine+SocketIOEvent>
7a5ac3cc3758       1          40 System.Threading.Tasks.Task+SetOnInvokeMres
7a5abf054a40       1          40 Microsoft.AspNetCore.Mvc.ActionConstraints.ActionConstraintCache
7a5ac41604a0       1          40 System.Buffers.SharedArrayPool<System.Int32>
7a5ac416d070       1          40 Microsoft.Extensions.Options.IPostConfigureOptions<Microsoft.AspNetCore.Authentication.Cookies.CookieAuthenticationOptions>[]
7a5ac416cc38       1          40 Microsoft.Extensions.Options.OptionsFactory<Microsoft.AspNetCore.Authentication.Cookies.CookieAuthenticationOptions>
7a5ac416e1d8       1          40 Microsoft.Extensions.Options.OptionsFactory<Microsoft.Extensions.WebEncoders.WebEncoderOptions>
7a5ac416e0a8       1          40 Microsoft.Extensions.Options.UnnamedOptionsManager<Microsoft.Extensions.WebEncoders.WebEncoderOptions>
7a5ac416d2d0       1          40 System.Lazy<Microsoft.AspNetCore.Authentication.Cookies.CookieAuthenticationOptions>
7a5ac4229008       1          40 Microsoft.Extensions.Options.OptionsFactory<Microsoft.AspNetCore.Identity.SecurityStampValidatorOptions>
7a5ac4228ed8       1          40 Microsoft.Extensions.Options.UnnamedOptionsManager<Microsoft.AspNetCore.Identity.SecurityStampValidatorOptions>
7a5ac0229c48       1          40 Microsoft.AspNetCore.Identity.SecurityStampValidatorOptions
7a5ac449cd70       1          40 System.Linq.Expressions.Expression2<System.Func<Microsoft.AspNetCore.Identity.IdentityUserRole<System.String>, Microsoft.AspNetCore.Identity.IdentityRole, <>f__AnonymousType4<Microsoft.AspNetCore.Identity.IdentityUserRole<System.String>, Microsoft.AspNetCore.Identity.IdentityRole>>>
7a5ac44c7398       1          40 Microsoft.Extensions.Options.OptionsFactory<Microsoft.AspNetCore.Mvc.CookieTempDataProviderOptions>
7a5ac44c7268       1          40 Microsoft.Extensions.Options.UnnamedOptionsManager<Microsoft.AspNetCore.Mvc.CookieTempDataProviderOptions>
7a5ac453e778       1          40 Microsoft.Extensions.Options.IConfigureOptions<Microsoft.AspNetCore.Mvc.MvcViewOptions>[]
7a5abf28cd38       1          40 Microsoft.Extensions.DependencyInjection.MvcViewOptionsSetup
7a5abff67678       1          40 Microsoft.AspNetCore.Mvc.Razor.RazorPageActivator
7a5ac453e3e0       1          40 Microsoft.Extensions.Options.OptionsFactory<Microsoft.AspNetCore.Mvc.Razor.RazorViewEngineOptions>
7a5ac453e2b0       1          40 Microsoft.Extensions.Options.UnnamedOptionsManager<Microsoft.AspNetCore.Mvc.Razor.RazorViewEngineOptions>
7a5ac453dea0       1          40 Microsoft.Extensions.Options.OptionsFactory<Microsoft.AspNetCore.Mvc.MvcViewOptions>
7a5ac453dd70       1          40 Microsoft.Extensions.Options.UnnamedOptionsManager<Microsoft.AspNetCore.Mvc.MvcViewOptions>
7a5ac45499a8       1          40 Microsoft.AspNetCore.Mvc.DataAnnotations.DataAnnotationsClientModelValidatorProvider
7a5ac455aaa8       1          40 System.Collections.Concurrent.ConcurrentQueue<Microsoft.AspNetCore.Routing.UriBuildingContext>
7a5abf287920       1          40 Microsoft.AspNetCore.Mvc.ViewComponents.DefaultViewComponentFactory
7a5ac455e4f0       1          40 Microsoft.Extensions.Options.OptionsFactory<Microsoft.AspNetCore.Antiforgery.AntiforgeryOptions>
7a5ac455e3c0       1          40 Microsoft.Extensions.Options.UnnamedOptionsManager<Microsoft.AspNetCore.Antiforgery.AntiforgeryOptions>
7a5ac455ee68       1          40 System.Collections.Concurrent.ConcurrentQueue<Microsoft.AspNetCore.Antiforgery.AntiforgerySerializationContext>
7a5abf28b458       1          40 Microsoft.AspNetCore.Mvc.ViewFeatures.DefaultValidationHtmlAttributeProvider
7a5ac4574a28       1          40 System.Buffers.SharedArrayPool<Microsoft.Extensions.Internal.PropertyActivator<Microsoft.AspNetCore.Mvc.Rendering.ViewContext>>
7a5abff683c0       1          40 Microsoft.AspNetCore.Mvc.Razor.DefaultTagHelperFactory
7a5ac45ac938       1          40 Microsoft.AspNetCore.Routing.RouteValuesAddressScheme+StateEntry
7a5ac3104048       1          40 System.IO.BinaryWriter
7a5ac4796b98       1          40 Microsoft.AspNetCore.Authorization.AuthorizationFailure
7a5ac49ad698       1          40 System.Text.Json.Serialization.Converters.UnsupportedTypeConverterFactory
7a5ac49ad508       1          40 System.Text.Json.Serialization.Converters.NullableConverterFactory
7a5ac49ad350       1          40 System.Text.Json.Serialization.Converters.EnumConverterFactory
7a5ac49acff0       1          40 System.Text.Json.Serialization.Converters.JsonNodeConverterFactory
7a5ac49acb18       1          40 System.Text.Json.Serialization.Converters.MemoryConverterFactory
7a5ac49ac9a8       1          40 System.Text.Json.Serialization.IAsyncEnumerableConverterFactory
7a5ac49accd0       1          40 System.Text.Json.Serialization.Converters.IEnumerableConverterFactory
7a5ac49ad178       1          40 System.Text.Json.Serialization.Converters.ObjectConverterFactory
7a5ac525c938       1          40 Microsoft.Extensions.Options.OptionsFactory<Microsoft.AspNetCore.Http.ProblemDetailsOptions>
7a5ac525c808       1          40 Microsoft.Extensions.Options.UnnamedOptionsManager<Microsoft.AspNetCore.Http.ProblemDetailsOptions>
7a5abf051f30       1          40 Microsoft.AspNetCore.Mvc.Infrastructure.DefaultOutputFormatterSelector
7a5abf058430       1          40 Microsoft.AspNetCore.Mvc.Infrastructure.ObjectResultExecutor
7a5abd3ba950       1          40 ForexExchange.Services.TotpService
7a5ac47267b0       1          40 System.Threading.Tasks.TaskFactory<System.Threading.Tasks.Task>
7a5ac5b17d48       1          40 System.Linq.Expressions.Expression2<System.Func<System.Object, System.Object, System.Boolean>>
7a5ac5bc4b40       1          40 System.Buffers.SharedArrayPool<System.Reflection.MemberInfo>
7a5ac5d036d8       1          40 System.Collections.Concurrent.ConcurrentQueue<Newtonsoft.Json.JsonSerializer>
7a5ac33ad178       1          40 Microsoft.EntityFrameworkCore.Query.Internal.SingleQueryResultCoordinator
7a5ac5ed7790       1          40 System.Buffers.SharedArrayPool<Microsoft.EntityFrameworkCore.Update.IColumnModification>
7a5ac5f16280       1          40 System.Runtime.CompilerServices.ConditionalWeakTable<System.Reflection.Assembly, System.Reflection.Metadata.MetadataReaderProvider>
7a5ac070b590       1          40 System.IO.MemoryMappedFiles.MemoryMappedFile
7a5ac070d798       1          40 Microsoft.Win32.SafeHandles.SafeMemoryMappedViewHandle
7a5ac5f93ac0       1          40 System.Reflection.Internal.MemoryMappedFileBlock+DisposableData
7a5ac5f93c90       1          40 System.Reflection.Metadata.DebugMetadataHeader
7a5ac2270778       1          40 System.ValueTuple<SQLitePCL.sqlite3_stmt, System.Int32>[]
7a5ac226fe88       1          40 SQLitePCL.sqlite3_stmt
7a5ac646d278       1          40 System.Linq.Expressions.Expression2<System.Func<System.Collections.Generic.IEnumerable<System.Int32>, System.Collections.Generic.IEnumerable<System.Int32>, System.Boolean>>
7a5ac5ea5d20       1          40 System.Collections.Generic.List<Microsoft.EntityFrameworkCore.Update.IReadOnlyModificationCommand>+Enumerator
7a5ac4a01cb8       1          40 System.Text.Json.Utf8JsonWriterCache+ThreadLocalState
7a5ac6dfe730       1          40 System.Buffers.SharedArrayPool<System.Net.Http.HttpConnection>
7a5ac68d7df0       1          40 System.Linq.Expressions.Expression2<System.Func<ForexExchange.Models.ApplicationUser, Microsoft.AspNetCore.Identity.IdentityUserRole<System.String>, <>f__AnonymousType230<ForexExchange.Models.ApplicationUser, Microsoft.AspNetCore.Identity.IdentityUserRole<System.String>>>>
7a5ac68d8b50       1          40 System.Linq.Expressions.Expression2<System.Func<<>f__AnonymousType230<ForexExchange.Models.ApplicationUser, Microsoft.AspNetCore.Identity.IdentityUserRole<System.String>>, Microsoft.AspNetCore.Identity.IdentityRole, <>f__AnonymousType231<ForexExchange.Models.ApplicationUser, Microsoft.AspNetCore.Identity.IdentityRole>>>
7a5ac68fa0b0       1          40 System.Net.Http.Headers.TimeSpanHeaderParser
7a5ac68fa370       1          40 System.Net.Http.Headers.AltSvcHeaderParser
7a5ac68fa4e0       1          40 System.Net.Http.Headers.CacheControlHeaderParser
7a5ac68fa668       1          40 System.Net.Http.Headers.Int64NumberHeaderParser
7a5ac68fa838       1          40 System.Net.Http.Headers.UriHeaderParser
7a5ac68fa9c0       1          40 System.Net.Http.Headers.ByteArrayHeaderParser
7a5ac68fab38       1          40 System.Net.Http.Headers.CookieHeaderParser
7a5ac68facb8       1          40 System.Net.Http.Headers.DateHeaderParser
7a5ac68fae48       1          40 System.Net.Http.Headers.Int32NumberHeaderParser
7a5ac69cfd20       1          40 System.Net.SystemNetworkCredential
7a5ac6b04e80       1          40 System.Lazy<System.Net.IWebProxy>
7a5ac6ca2528       1          40 System.Security.Cryptography.SafeEvpPKeyHandle
7a5ac68f7fe8       1          40 System.Net.Http.Headers.NameValueWithParametersHeaderValue
7a5abd3b3f00       1          40 ForexExchange.Services.OpenRouterOcrService
7a5ac2147ec0       1          40 ForexExchange.Services.CentralFinancialService+<>c__DisplayClass12_0
7a5ac1348d60       1          40 Microsoft.EntityFrameworkCore.Metadata.RelationalAdHocMapper
7a5ac4558e68       1          40 Microsoft.Extensions.Internal.CopyOnWriteDictionary<System.String, System.Object>
7a5ac5c4e590       1          40 Microsoft.EntityFrameworkCore.ChangeTracking.Internal.Snapshot<System.Int32, System.Int32, System.Object, System.Object>
7a5abd3ba4e8       1          40 ForexExchange.Services.BankAccountSummary
7a5ac73decf0       1          40 <>f__AnonymousType215<System.String, System.Decimal>
7a5ac73b2a98       1          40 <>f__AnonymousType106<System.Boolean, System.Collections.Generic.List<ForexExchange.Services.BankAccountTimelineItem>, ForexExchange.Services.BankAccountSummary>
7a5ac74414c8       1          40 System.WeakReference<System.Diagnostics.Tracing.CounterGroup>[]
7a5ac1e73d78       1          40 System.TimeZoneInfo+TransitionTime
7a5ac16170b8       1          40 Interop+Sys+ProcessCpuInformation
7a5abc0efc18       2          48 System.Collections.Generic.NonRandomizedStringEqualityComparer+OrdinalComparer
7a5abd83bfd8       1          48 System.Text.UTF8Encoding+UTF8EncodingSealed
7a5abd855710       1          48 Microsoft.Extensions.Hosting.Internal.HostingEnvironment
7a5abdd40920       2          48 System.Buffers.Any1SearchValues<System.Char, System.Int16>
7a5abdd47d20       2          48 System.IO.FileSystemWatcher+NormalizedFilterCollection
7a5abdd48778       2          48 System.IO.FileSystemWatcher+NormalizedFilterCollection+ImmutableStringList
7a5abdedddc8       2          48 System.WeakReference<System.IO.FileSystemWatcher>
7a5ac625e728       1          48 Microsoft.EntityFrameworkCore.Metadata.Internal.ClrPropertyGetter<ForexExchange.Models.Customer, ForexExchange.Models.Customer, System.Int32>
7a5abe3b84d8       2          48 Microsoft.Extensions.DependencyInjection.ServiceProviderOptions
7a5abe8c4708       1          48 System.OperatingSystem
7a5abea47348       1          48 Microsoft.AspNetCore.Builder.ConfigureWebHostBuilder
7a5abee64d20       1          48 Serilog.SerilogServiceCollectionExtensions+<>c__DisplayClass3_0
7a5abff6c9c8       2          48 Microsoft.Extensions.DependencyInjection.MvcServiceCollectionExtensions+FrameworkAssemblyPart
7a5abc35bb30       1          48 Microsoft.AspNetCore.Builder.WebApplication
7a5ac06088c0       2          48 System.WeakReference<Microsoft.Extensions.DependencyInjection.ServiceProvider>
7a5ac0623940       2          48 Serilog.Core.ILogEventFilter[]
7a5ac0627fa0       1          48 Microsoft.Extensions.DependencyModel.DependencyContextLoader
7a5ac067afa8       1          48 Microsoft.Extensions.DependencyModel.TargetInfo
7a5ac06cf548       2          48 Microsoft.Extensions.Configuration.IConfigurationSection[]
7a5ac0a64f30       2          48 Serilog.Sinks.SystemConsole.Themes.EmptyConsoleTheme
7a5ac0af1038       1          48 Serilog.Sinks.SystemConsole.Rendering.ThemedMessageTemplateRenderer
7a5ac0a62488       1          48 Serilog.Sinks.SystemConsole.ConsoleSink
7a5ac0c531d0       1          48 System.Text.RegularExpressions.CompiledRegexRunnerFactory
7a5ac0a66778       2          48 Serilog.Parsing.MessageTemplateParser
7a5abda235f0       1          48 Microsoft.Extensions.Hosting.Internal.ApplicationLifetime
7a5ac0dd3ba0       2          48 <>z__ReadOnlyArray<System.Double>
7a5ac11df918       2          48 System.Collections.Comparer
7a5ac15cf798       1          48 System.Collections.Concurrent.ConcurrentDictionary<System.Type, System.Collections.Generic.IReadOnlyList<Microsoft.EntityFrameworkCore.Infrastructure.DbSetProperty>>+Node
7a5ac1613f38       1          48 System.Threading.ThreadInt64PersistentCounter
7a5ac161cda8       2          48 Microsoft.EntityFrameworkCore.Diagnostics.IInterceptor[]
7a5ac1341768       1          48 Microsoft.EntityFrameworkCore.Storage.Internal.RawSqlCommandBuilder
7a5ac1665df8       2          48 System.Data.StateChangeEventArgs
7a5ac16a8d58       2          48 Microsoft.EntityFrameworkCore.Metadata.Conventions.Infrastructure.IConventionSetPlugin[]
7a5ac134ce60       1          48 Microsoft.EntityFrameworkCore.Infrastructure.RelationalModelDependencies
7a5ac17116f8       2          48 System.Collections.Generic.SortedDictionary<System.String, Microsoft.EntityFrameworkCore.Metadata.Internal.EntityType>+KeyValuePairComparer
7a5ac0d50a58       2          48 System.DateOnly
7a5ac0cafab0       2          48 System.TimeOnly
7a5ac13b34f0       2          48 System.Reflection.PropertyInfo[]
7a5ac194e2c8       2          48 Microsoft.EntityFrameworkCore.Metadata.Internal.InternalForeignKeyBuilder[]
7a5ac19e1638       1          48 Microsoft.Extensions.Logging.LoggerMessage+<>c__DisplayClass16_0<System.String, System.String, System.String, System.String>
7a5ac1a12bb0       2          48 Microsoft.EntityFrameworkCore.Metadata.IConventionForeignKey[]
7a5ac1aef7f0       2          48 Microsoft.EntityFrameworkCore.Metadata.IReadOnlyEntityTypeMappingFragment[]
7a5ac1c17058       2          48 System.Collections.Generic.SortedDictionary<System.String, Microsoft.EntityFrameworkCore.Metadata.Internal.EntityType>+ValueCollection
7a5ac1d56ef0       2          48 Microsoft.EntityFrameworkCore.Metadata.IEntityType[]
7a5ac4531e40       2          48 Microsoft.EntityFrameworkCore.Metadata.Internal.ClrPropertySetter<ForexExchange.Models.ExchangeRate, ForexExchange.Models.Currency>
7a5ac1ea2918       1          48 System.ConsolePal+UnixConsoleStream
7a5ac1ea71e8       1          48 System.IO.TextWriter+SyncTextWriter
7a5ac1f72078       2          48 System.Runtime.Serialization.DeserializationTracker
7a5ac2066100       1          48 Microsoft.Extensions.Logging.LoggerMessage+<>c__DisplayClass18_0<System.String, System.String, System.String, System.String, System.String>
7a5ac2223f18       2          48 Microsoft.EntityFrameworkCore.Internal.SemanticVersionComparer
7a5ac1340500       2          48 Microsoft.EntityFrameworkCore.Migrations.Internal.MigrationCommandExecutor
7a5ac2277230       1          48 Microsoft.Extensions.Logging.LoggerMessage+<>c__DisplayClass18_0<System.String, System.Data.CommandType, System.Int32, System.String, System.String>
7a5ac2292c18       1          48 Microsoft.Extensions.Logging.LoggerMessage+<>c__DisplayClass20_0<System.String, System.String, System.Data.CommandType, System.Int32, System.String, System.String>
7a5ac22bd218       2          48 Microsoft.Data.Sqlite.SqliteParameter[]
7a5ac27a1b18       2          48 Microsoft.AspNetCore.DataProtection.AuthenticatedEncryption.ConfigurationModel.AuthenticatedEncryptorConfiguration
7a5ac27adcc8       1          48 Microsoft.Extensions.Logging.LoggerMessage+<>c__DisplayClass10_0<System.Xml.Linq.XName>
7a5ac27ae238       1          48 Microsoft.Extensions.Logging.LoggerMessage+<>c__DisplayClass10_0<System.DateTimeOffset>
7a5ac27ae848       1          48 Microsoft.Extensions.Logging.LoggerMessage+<>c__DisplayClass12_0<System.DateTimeOffset, System.String>
7a5ac27aed98       1          48 Microsoft.Extensions.Logging.LoggerMessage+<>c__DisplayClass14_0<System.Guid, System.DateTimeOffset, System.String>
7a5ac27af550       1          48 Microsoft.Extensions.Logging.LoggerMessage+<>c__DisplayClass16_0<System.Guid, System.DateTimeOffset, System.DateTimeOffset, System.DateTimeOffset>
7a5ac27afe30       1          48 Microsoft.Extensions.Logging.LoggerMessage+<>c__DisplayClass12_0<System.DateTimeOffset, System.DateTimeOffset>
7a5ac310d488       2          48 Microsoft.AspNetCore.SignalR.Internal.AllClientProxy<ForexExchange.Hubs.NotificationHub>
7a5ac310d8b0       2          48 Microsoft.AspNetCore.SignalR.Internal.GroupManager<ForexExchange.Hubs.NotificationHub>
7a5ac310f380       1          48 Microsoft.Extensions.Options.OptionsMonitor<Microsoft.Extensions.Http.HttpClientFactoryOptions>
7a5ac3124be8       1          48 System.Collections.Concurrent.ConcurrentDictionary<System.String, System.Lazy<Microsoft.Extensions.Http.HttpClientFactoryOptions>>+Node
7a5ac3219f40       1          48 Microsoft.EntityFrameworkCore.Query.Internal.ExpressionTreeFuncletizer+State
7a5ac34769a8       2          48 Microsoft.EntityFrameworkCore.ChangeTracking.Internal.SimplePrincipalKeyValueFactory<System.String>+NoNullsCustomEqualityComparer
7a5ac3582c00       1          48 Microsoft.AspNetCore.Builder.ExceptionHandlerOptions
7a5ac3583930       1          48 Microsoft.AspNetCore.Builder.ExceptionHandlerExtensions+<>c__DisplayClass5_0
7a5ac3583be8       1          48 Microsoft.AspNetCore.Builder.StatusCodePagesExtensions+<>c__DisplayClass6_0
7a5ac358c950       2          48 System.Text.Unicode.UnicodeRange
7a5ac358c5f8       2          48 System.Text.Encodings.Web.DefaultJavaScriptEncoder
7a5ac35ca238       2          48 System.Text.Json.Serialization.Metadata.JsonPropertyInfo<System.Int32>+<>c__DisplayClass10_0
7a5abff6edf8       1          48 Microsoft.Extensions.DependencyInjection.NewtonsoftJsonMvcOptionsSetup
7a5abcdb8a38       1          48 Microsoft.AspNetCore.Mvc.MvcNewtonsoftJsonOptions
7a5ac36b4a30       2          48 Microsoft.AspNetCore.Mvc.ModelBinding.Binders.ServicesModelBinder
7a5ac36b2f40       1          48 Microsoft.AspNetCore.Mvc.ModelBinding.Binders.BodyModelBinderProvider
7a5ac36b9988       1          48 System.Text.Latin1Encoding+Latin1EncodingSealed
7a5ac37c7140       2          48 System.Runtime.InteropServices.ComVisibleAttribute
7a5abf0547d8       1          48 Microsoft.AspNetCore.Mvc.ApplicationModels.DefaultApplicationModelProvider
7a5abf0552a8       1          48 Microsoft.AspNetCore.Mvc.ApiBehaviorOptions
7a5ac361c540       1          48 Microsoft.AspNetCore.Authorization.AuthorizationOptions
7a5ac38afa50       2          48 Microsoft.AspNetCore.Mvc.Infrastructure.IActionDescriptorChangeProvider[]
7a5ac3920ac0       1          48 Microsoft.Extensions.Options.IConfigureOptions<Microsoft.AspNetCore.Routing.RouteOptions>[]
7a5abef1fa78       1          48 Microsoft.AspNetCore.Mvc.ModelBinding.ModelBinderFactory
7a5ac39268a0       1          48 Microsoft.AspNetCore.Mvc.ModelBinding.Validation.DefaultObjectValidator
7a5abef1fcc8       1          48 Microsoft.AspNetCore.Mvc.ModelBinding.ParameterBinder
7a5abf053e20       2          48 Microsoft.AspNetCore.Mvc.Controllers.DefaultControllerPropertyActivator
7a5abef1eab8       1          48 Microsoft.AspNetCore.Mvc.Routing.ActionEndpointFactory
7a5ac392e590       1          48 System.Collections.Concurrent.ConcurrentDictionary<Microsoft.AspNetCore.Routing.IEndpointRouteBuilder, Microsoft.AspNetCore.Mvc.Infrastructure.OrderedEndpointsSequenceProvider>+Node
7a5abcdb00c0       1          48 Microsoft.AspNetCore.Builder.ControllerActionEndpointConventionBuilder
7a5ac3a17950       2          48 Microsoft.AspNetCore.Mvc.Routing.IRouteTemplateProvider[]
7a5ac3a367e8       2          48 Microsoft.AspNetCore.Mvc.ControllerContextAttribute
7a5ac3a44c48       2          48 Microsoft.AspNetCore.Mvc.ApplicationModels.ParameterModel[]
7a5ac3a44148       2          48 Microsoft.AspNetCore.Mvc.ActionNameAttribute
7a5ac3af0c70       2          48 <>z__ReadOnlyArray<System.Double>
7a5ac026ff40       1          48 Microsoft.AspNetCore.Http.Connections.Internal.HttpConnectionDispatcher
7a5ac3afb5d8       1          48 Microsoft.AspNetCore.SignalR.Internal.Utf8HashLookup
7a5ac026ef98       1          48 Microsoft.AspNetCore.Builder.WebSocketOptions
7a5ac3b1acb8       2          48 Microsoft.Extensions.Logging.Logger<Microsoft.AspNetCore.WebSockets.WebSocketMiddleware>
7a5ac3cb3b48       1          48 Microsoft.AspNetCore.Hosting.IStartupFilter[]
7a5ac3cb4b10       2          48 <>z__ReadOnlyArray<System.Double>
7a5ac3cb7b28       2          48 Microsoft.Extensions.Diagnostics.Metrics.IMetricsListener[]
7a5ac3cb72d8       1          48 Microsoft.Extensions.Options.OptionsMonitor<Microsoft.Extensions.Diagnostics.Metrics.MetricsOptions>
7a5ac3cbaf58       1          48 System.Collections.Concurrent.ConcurrentDictionary<System.String, System.Lazy<Microsoft.Extensions.Diagnostics.Metrics.MetricsOptions>>+Node
7a5ac3cb6a58       1          48 Microsoft.Extensions.Options.OptionsMonitor<Microsoft.Extensions.DependencyInjection.MetricsServiceExtensions+NoOpOptions>
7a5ac3cbec38       1          48 System.Collections.Concurrent.ConcurrentDictionary<System.String, System.Lazy<Microsoft.Extensions.DependencyInjection.MetricsServiceExtensions+NoOpOptions>>+Node
7a5ac3ce4330       2          48 System.Xml.Linq.XHashtable<System.Xml.Linq.XName>
7a5ac3ce8130       1          48 System.Xml.Linq.XHashtable<System.WeakReference<System.Xml.Linq.XNamespace>>+XHashtableState
7a5ac3d266f0       1          48 Microsoft.AspNetCore.DataProtection.KeyManagement.KeyRing
7a5ac3d2b3e0       2          48 System.ComponentModel.PropertyChangedEventArgs
7a5ac3d2b208       1          48 System.Collections.Specialized.NotifyCollectionChangedEventArgs
7a5ac3584aa8       1          48 Microsoft.AspNetCore.HttpsPolicy.HstsMiddleware
7a5ac3d75dd8       1          48 Microsoft.Extensions.Options.OptionsMonitor<Microsoft.AspNetCore.HostFiltering.HostFilteringOptions>
7a5ac3d77d90       1          48 System.Collections.Concurrent.ConcurrentDictionary<System.String, System.Lazy<Microsoft.AspNetCore.HostFiltering.HostFilteringOptions>>+Node
7a5ac3d27f50       1          48 Microsoft.AspNetCore.Hosting.HostingApplication
7a5ac3d7e818       1          48 System.Text.ASCIIEncoding+ASCIIEncodingSealed
7a5ac3d7b4c8       1          48 Microsoft.AspNetCore.Server.Kestrel.Core.Internal.AddressBindContext
7a5ac0df7880       1          48 Microsoft.AspNetCore.Server.Kestrel.Core.Internal.ConfigurationReader
7a5ac3d83c70       1          48 Microsoft.AspNetCore.Server.Kestrel.Core.TlsConfigurationLoader
7a5ac3e0bf78       1          48 Microsoft.AspNetCore.Server.Kestrel.Core.Internal.ConnectionDispatcher<Microsoft.AspNetCore.Connections.ConnectionContext>
7a5ac0dfd8d0       1          48 Microsoft.AspNetCore.Server.Kestrel.Core.Internal.Infrastructure.TransportManager+ActiveTransport
7a5ac40de918       2          48 System.ValueTuple<Microsoft.AspNetCore.Routing.Patterns.RoutePatternPathSegment, System.Int32>[]
7a5ac40deb40       2          48 System.Collections.Generic.KeyValuePair<System.String, Microsoft.AspNetCore.Routing.IRouteConstraint>[]
7a5ac4163f90       2          48 Microsoft.Extensions.Logging.Logger<Microsoft.AspNetCore.Routing.Matching.DfaMatcher>
7a5ac416c930       1          48 Microsoft.Extensions.Options.OptionsMonitor<Microsoft.AspNetCore.Authentication.Cookies.CookieAuthenticationOptions>
7a5ac022ac48       2          48 Microsoft.AspNetCore.Authentication.SystemClock
7a5ac416fe28       1          48 System.Collections.Concurrent.ConcurrentDictionary<System.String, System.Lazy<Microsoft.AspNetCore.Authentication.Cookies.CookieAuthenticationOptions>>+Node
7a5ac44cf820       1          48 Microsoft.Extensions.Logging.LoggerMessage+<>c__DisplayClass16_0<System.String, System.Reflection.MethodInfo, System.String, System.String>
7a5ac3a11778       1          48 Microsoft.AspNetCore.Mvc.Razor.Compilation.DefaultViewCompiler
7a5ac3a129a8       1          48 Microsoft.AspNetCore.Mvc.Razor.RazorPageActivator+<>c__DisplayClass4_0
7a5abf28cb50       1          48 Microsoft.AspNetCore.Mvc.MvcViewOptions
7a5ac4550110       1          48 Microsoft.Extensions.Logging.LoggerMessage+<>c__DisplayClass12_0<System.String, System.Collections.Generic.IEnumerable<System.String>>
7a5abf287ba0       1          48 Microsoft.AspNetCore.Mvc.ViewComponents.DefaultViewComponentInvokerFactory
7a5abf9a6550       1          48 Microsoft.AspNetCore.Antiforgery.AntiforgeryOptions
7a5abf9a69a0       1          48 Microsoft.AspNetCore.Antiforgery.AntiforgerySerializationContext
7a5ac4644d28       2          48 Microsoft.Net.Http.Headers.StringWithQualityHeaderValue[]
7a5ac464fb48       2          48 Microsoft.Net.Http.Headers.EntityTagHeaderValue[]
7a5ac4684100       1          48 Microsoft.Extensions.Logging.LoggerMessage+<>c__DisplayClass12_0<System.Int32, System.String>
7a5ac49ace80       1          48 System.Text.Json.Serialization.Converters.FSharpTypeConverterFactory
7a5ac505a1d8       1          48 Microsoft.Extensions.Logging.LoggerMessage+<>c__DisplayClass14_0<System.Double, System.Int32, System.Int32>
7a5ac40fe428       1          48 Microsoft.AspNetCore.Routing.Matching.HostMatcherPolicy+EdgeKey
7a5ac505a800       1          48 Microsoft.Extensions.Logging.LoggerMessage+<>c__DisplayClass12_0<System.Double, System.String>
7a5ac50ddb40       1          48 Microsoft.EntityFrameworkCore.Metadata.Internal.ClrPropertyGetter<ForexExchange.Models.CurrencyPool, ForexExchange.Models.CurrencyPool, ForexExchange.Models.Currency>
7a5ac50f7580       1          48 Newtonsoft.Json.Utilities.EnumInfo
7a5ac527b5b0       1          48 Microsoft.Extensions.Logging.LoggerMessage+<>c__DisplayClass10_0<System.Collections.Generic.List<System.String>>
7a5ac527e3e8       2          48 Microsoft.Net.Http.Headers.MediaTypeHeaderValue[]
7a5ac6271b38       1          48 Microsoft.EntityFrameworkCore.Metadata.Internal.ClrPropertyGetter<ForexExchange.Models.Customer, ForexExchange.Models.Customer, System.Collections.Generic.ICollection<ForexExchange.Models.CustomerBalance>>
7a5ac6274130       1          48 Microsoft.EntityFrameworkCore.Metadata.Internal.ClrPropertyGetter<ForexExchange.Models.Customer, ForexExchange.Models.Customer, System.Collections.Generic.ICollection<ForexExchange.Models.BankAccount>>
7a5ac6274b00       1          48 Microsoft.EntityFrameworkCore.Metadata.Internal.ClrPropertyGetter<ForexExchange.Models.Customer, ForexExchange.Models.Customer, System.Collections.Generic.ICollection<ForexExchange.Models.Notification>>
7a5ac62f5150       1          48 Microsoft.EntityFrameworkCore.Metadata.Internal.ClrPropertyGetter<ForexExchange.Models.CurrencyPoolHistory, ForexExchange.Models.CurrencyPoolHistory, System.Int64>
7a5ac62754d0       1          48 Microsoft.EntityFrameworkCore.Metadata.Internal.ClrPropertyGetter<ForexExchange.Models.Customer, ForexExchange.Models.Customer, System.Collections.Generic.ICollection<ForexExchange.Models.Order>>
7a5ac625f618       1          48 Microsoft.EntityFrameworkCore.Metadata.Internal.ClrPropertyGetter<ForexExchange.Models.Customer, ForexExchange.Models.Customer, System.DateTime>
7a5ac5bb6348       1          48 Microsoft.EntityFrameworkCore.Metadata.Internal.ClrPropertyGetter<ForexExchange.Models.CustomerBalanceHistory, ForexExchange.Models.CustomerBalanceHistory, ForexExchange.Models.Customer>
7a5ac5bb87b8       2          48 Microsoft.EntityFrameworkCore.Metadata.Internal.ClrPropertySetter<ForexExchange.Models.CustomerBalanceHistory, ForexExchange.Models.Customer>
7a5ac5c769c0       2          48 Microsoft.AspNetCore.Mvc.Rendering.SelectListItem[]
7a5ac5d141a0       2          48 Microsoft.AspNetCore.Mvc.ModelBinding.Validation.ModelValidationResult[]
7a5ac16bbd30       2          48 System.ComponentModel.DataAnnotations.KeyAttribute
7a5ac5d13658       2          48 Microsoft.AspNetCore.Mvc.DataAnnotations.ValidatableObjectAdapter
7a5ac5d324e8       1          48 Microsoft.EntityFrameworkCore.Metadata.Internal.ClrPropertyGetter<ForexExchange.Models.CustomerBalance, ForexExchange.Models.CustomerBalance, ForexExchange.Models.Customer>
7a5ac5d829f8       1          48 Microsoft.AspNetCore.Mvc.ModelBinding.Binders.CollectionModelBinder<ForexExchange.Models.CustomerBalance>
7a5ac5d828c0       1          48 Microsoft.AspNetCore.Mvc.ModelBinding.Binders.CollectionModelBinder<ForexExchange.Models.BankAccount>
7a5ac5d801c8       1          48 Microsoft.AspNetCore.Mvc.ModelBinding.Binders.CollectionModelBinder<ForexExchange.Models.Notification>
7a5ac5d85cd8       1          48 Microsoft.AspNetCore.Mvc.ModelBinding.Binders.CollectionModelBinder<ForexExchange.Models.CurrencyPool>
7a5ac5dd2c38       1          48 Microsoft.EntityFrameworkCore.Metadata.Internal.ClrPropertyGetter<ForexExchange.Models.AccountingDocument, ForexExchange.Models.AccountingDocument, System.Int32>
7a5ac5e0a560       1          48 Microsoft.EntityFrameworkCore.Metadata.Internal.ClrPropertyGetter<ForexExchange.Models.AccountingDocument, ForexExchange.Models.AccountingDocument, System.Decimal>
7a5ac5e0fb50       1          48 Microsoft.EntityFrameworkCore.Metadata.Internal.ClrPropertyGetter<ForexExchange.Models.AccountingDocument, ForexExchange.Models.AccountingDocument, System.Byte[]>
7a5ac5e63ed8       1          48 Microsoft.EntityFrameworkCore.Metadata.Internal.ClrPropertyGetter<ForexExchange.Models.AccountingDocument, ForexExchange.Models.AccountingDocument, ForexExchange.Models.PayerType>
7a5ac5e66d68       1          48 Microsoft.EntityFrameworkCore.Metadata.Internal.ClrPropertyGetter<ForexExchange.Models.AccountingDocument, ForexExchange.Models.AccountingDocument, ForexExchange.Models.ReceiverType>
7a5ac5e67fe0       1          48 Microsoft.EntityFrameworkCore.Metadata.Internal.ClrPropertyGetter<ForexExchange.Models.AccountingDocument, ForexExchange.Models.AccountingDocument, ForexExchange.Models.DocumentType>
7a5ac5e07bb8       2          48 Microsoft.EntityFrameworkCore.ChangeTracking.Internal.InternalEntityEntry[]
7a5ac5f12f80       1          48 Microsoft.Extensions.Logging.LoggerMessage+<>c__DisplayClass16_0<System.String, System.String, Microsoft.EntityFrameworkCore.EntityState, Microsoft.EntityFrameworkCore.EntityState>
7a5ac5f144c8       2          48 Microsoft.EntityFrameworkCore.Metadata.Internal.ClrPropertySetter<ForexExchange.Models.AccountingDocument, ForexExchange.Models.Customer>
7a5ac5f161c8       1          48 System.Reflection.Metadata.MetadataReaderProvider
7a5ac070ce90       1          48 System.IO.MemoryMappedFiles.MemoryMappedView
7a5ac46f9d78       1          48 Microsoft.Extensions.Internal.PropertyHelper
7a5ac5fbcd10       1          48 System.Collections.Concurrent.ConcurrentDictionary<System.Type, Microsoft.Extensions.Internal.PropertyHelper[]>+Node
7a5ac647b530       1          48 Microsoft.EntityFrameworkCore.Metadata.Internal.ClrPropertyGetter<ForexExchange.Models.CustomerBalance, ForexExchange.Models.CustomerBalance, System.Decimal>
7a5ac647c5b0       1          48 Microsoft.EntityFrameworkCore.Metadata.Internal.ClrPropertyGetter<ForexExchange.Models.CustomerBalance, ForexExchange.Models.CustomerBalance, System.DateTime>
7a5ac6307f88       1          48 Microsoft.EntityFrameworkCore.Metadata.Internal.ClrPropertyGetter<ForexExchange.Models.CurrencyPoolHistory, ForexExchange.Models.CurrencyPoolHistory, System.Nullable<System.DateTime>>
7a5ac6309fa0       1          48 Microsoft.EntityFrameworkCore.Metadata.Internal.ClrPropertyGetter<ForexExchange.Models.CurrencyPoolHistory, ForexExchange.Models.CurrencyPoolHistory, System.Boolean>7a5ac630aa60       1          48 Microsoft.EntityFrameworkCore.Metadata.Internal.ClrPropertyGetter<ForexExchange.Models.CurrencyPoolHistory, ForexExchange.Models.CurrencyPoolHistory, System.Nullable<System.Int32>>
7a5ac630d5b8       1          48 Microsoft.EntityFrameworkCore.Metadata.Internal.ClrPropertyGetter<ForexExchange.Models.CurrencyPoolHistory, ForexExchange.Models.CurrencyPoolHistory, ForexExchange.Models.CurrencyPoolTransactionType>
7a5ac6317f98       1          48 Microsoft.EntityFrameworkCore.Metadata.Internal.ClrPropertyGetter<ForexExchange.Models.CurrencyPool, ForexExchange.Models.CurrencyPool, System.Boolean>
7a5ac6318968       1          48 Microsoft.EntityFrameworkCore.Metadata.Internal.ClrPropertyGetter<ForexExchange.Models.CurrencyPool, ForexExchange.Models.CurrencyPool, System.DateTime>
7a5ac6319bc8       1          48 Microsoft.EntityFrameworkCore.Metadata.Internal.ClrPropertyGetter<ForexExchange.Models.CurrencyPool, ForexExchange.Models.CurrencyPool, ForexExchange.Models.PoolRiskLevel>
7a5ac631b6c8       1          48 Microsoft.EntityFrameworkCore.Metadata.Internal.ClrPropertyGetter<ForexExchange.Models.Currency, ForexExchange.Models.Currency, System.DateTime>
7a5ac631bac8       1          48 Microsoft.EntityFrameworkCore.Metadata.Internal.ClrPropertyGetter<ForexExchange.Models.Currency, ForexExchange.Models.Currency, System.Boolean>
7a5ac631dae0       1          48 Microsoft.EntityFrameworkCore.Metadata.Internal.ClrPropertyGetter<ForexExchange.Models.Currency, ForexExchange.Models.Currency, System.Collections.Generic.ICollection<ForexExchange.Models.CurrencyPool>>
7a5ac633ae00       1          48 Microsoft.EntityFrameworkCore.Metadata.Internal.ClrPropertyGetter<ForexExchange.Models.BankAccountBalanceHistory, ForexExchange.Models.BankAccountBalanceHistory, System.Int64>
7a5ac633d4d8       1          48 Microsoft.EntityFrameworkCore.Metadata.Internal.ClrPropertyGetter<ForexExchange.Models.BankAccountBalanceHistory, ForexExchange.Models.BankAccountBalanceHistory, System.Int32>
7a5ac63443e8       1          48 Microsoft.EntityFrameworkCore.Metadata.Internal.ClrPropertyGetter<ForexExchange.Models.BankAccountBalanceHistory, ForexExchange.Models.BankAccountBalanceHistory, ForexExchange.Models.BankAccount>
7a5ac6348310       1          48 Microsoft.EntityFrameworkCore.Metadata.Internal.ClrPropertyGetter<ForexExchange.Models.BankAccountBalanceHistory, ForexExchange.Models.BankAccountBalanceHistory, System.Nullable<System.DateTime>>
7a5ac6348710       1          48 Microsoft.EntityFrameworkCore.Metadata.Internal.ClrPropertyGetter<ForexExchange.Models.BankAccountBalanceHistory, ForexExchange.Models.BankAccountBalanceHistory, System.Boolean>
7a5ac63491d0       1          48 Microsoft.EntityFrameworkCore.Metadata.Internal.ClrPropertyGetter<ForexExchange.Models.BankAccountBalanceHistory, ForexExchange.Models.BankAccountBalanceHistory, System.Nullable<System.Int32>>
7a5ac634bd28       1          48 Microsoft.EntityFrameworkCore.Metadata.Internal.ClrPropertyGetter<ForexExchange.Models.BankAccountBalanceHistory, ForexExchange.Models.BankAccountBalanceHistory, ForexExchange.Models.BankAccountTransactionType>
7a5ac5f994a8       2          48 Microsoft.EntityFrameworkCore.EntityFrameworkQueryableExtensions+IncludableQueryable<ForexExchange.Models.AccountingDocument, ForexExchange.Models.Customer>
7a5ac5f996e8       2          48 Microsoft.EntityFrameworkCore.EntityFrameworkQueryableExtensions+IncludableQueryable<ForexExchange.Models.AccountingDocument, ForexExchange.Models.BankAccount>
7a5ac2279940       1          48 Microsoft.Data.Sqlite.SqliteCommand+<GetStatements>d__54
7a5ac6363348       1          48 Microsoft.EntityFrameworkCore.Metadata.Internal.ClrPropertyGetter<ForexExchange.Models.BankAccountBalance, ForexExchange.Models.BankAccountBalance, System.Decimal>
7a5ac63644b8       1          48 Microsoft.EntityFrameworkCore.Metadata.Internal.ClrPropertyGetter<ForexExchange.Models.BankAccountBalance, ForexExchange.Models.BankAccountBalance, System.DateTime>
7a5ac6364b68       1          48 Microsoft.EntityFrameworkCore.Metadata.Internal.ClrPropertyGetter<ForexExchange.Models.BankAccountBalance, ForexExchange.Models.BankAccountBalance, ForexExchange.Models.BankAccount>
7a5ac6373a28       1          48 Microsoft.EntityFrameworkCore.Metadata.Internal.ClrPropertyGetter<ForexExchange.Models.CustomerBalanceHistory, ForexExchange.Models.CustomerBalanceHistory, System.Int64>
7a5ac63744e8       1          48 Microsoft.EntityFrameworkCore.Metadata.Internal.ClrPropertyGetter<ForexExchange.Models.CustomerBalanceHistory, ForexExchange.Models.CustomerBalanceHistory, System.Int32>
7a5ac33db718       1          48 System.Linq.Expressions.MethodCallExpression3
7a5ac6377e40       1          48 Microsoft.EntityFrameworkCore.Metadata.Internal.ClrPropertyGetter<ForexExchange.Models.CustomerBalanceHistory, ForexExchange.Models.CustomerBalanceHistory, System.Nullable<System.DateTime>>
7a5ac6378240       1          48 Microsoft.EntityFrameworkCore.Metadata.Internal.ClrPropertyGetter<ForexExchange.Models.CustomerBalanceHistory, ForexExchange.Models.CustomerBalanceHistory, System.Boolean>
7a5ac637a918       1          48 Microsoft.EntityFrameworkCore.Metadata.Internal.ClrPropertyGetter<ForexExchange.Models.CustomerBalanceHistory, ForexExchange.Models.CustomerBalanceHistory, System.Nullable<System.Int32>>
7a5ac637b858       1          48 Microsoft.EntityFrameworkCore.Metadata.Internal.ClrPropertyGetter<ForexExchange.Models.CustomerBalanceHistory, ForexExchange.Models.CustomerBalanceHistory, ForexExchange.Models.CustomerBalanceTransactionType>
7a5ac4a01908       1          48 System.Text.Json.PooledByteBufferWriter
7a5ac6cfd560       2          48 Microsoft.EntityFrameworkCore.Metadata.Internal.ClrPropertySetter<ForexExchange.Models.Order, ForexExchange.Models.Currency>
7a5ac68928b8       2          48 System.Text.Json.Serialization.Metadata.JsonPropertyInfo<System.DateTime>+<>c__DisplayClass9_0
7a5ac62c17f0       2          48 Microsoft.EntityFrameworkCore.EntityFrameworkQueryableExtensions+IncludableQueryable<ForexExchange.Models.Order, ForexExchange.Models.Currency>
7a5ac454b9f8       2          48 System.Runtime.CompilerServices.TrueReadOnlyCollection<System.Linq.Expressions.MemberBinding>
7a5ac65e93e8       1          48 Microsoft.EntityFrameworkCore.Metadata.Internal.ClrPropertyGetter<ForexExchange.Models.Order, ForexExchange.Models.Order, ForexExchange.Models.Customer>
7a5ac65ea248       1          48 Microsoft.EntityFrameworkCore.Metadata.Internal.ClrPropertyGetter<ForexExchange.Models.Order, ForexExchange.Models.Order, System.DateTime>
7a5ac660dfb8       1          48 Microsoft.EntityFrameworkCore.Metadata.Internal.ClrPropertyGetter<ForexExchange.Models.AdminActivity, ForexExchange.Models.AdminActivity, System.Int32>
7a5ac68663e8       1          48 Microsoft.EntityFrameworkCore.Metadata.Internal.ClrPropertyGetter<ForexExchange.Models.AdminActivity, ForexExchange.Models.AdminActivity, ForexExchange.Models.AdminActivityType>
7a5ac68695c0       1          48 Microsoft.EntityFrameworkCore.Metadata.Internal.ClrPropertyGetter<ForexExchange.Models.AdminActivity, ForexExchange.Models.AdminActivity, System.Nullable<System.Int32>>
7a5ac686b5d8       1          48 Microsoft.EntityFrameworkCore.Metadata.Internal.ClrPropertyGetter<ForexExchange.Models.AdminActivity, ForexExchange.Models.AdminActivity, System.Boolean>
7a5ac686c098       1          48 Microsoft.EntityFrameworkCore.Metadata.Internal.ClrPropertyGetter<ForexExchange.Models.AdminActivity, ForexExchange.Models.AdminActivity, System.DateTime>
7a5ac686ef50       1          48 Microsoft.EntityFrameworkCore.Metadata.Internal.ClrPropertyGetter<ForexExchange.Models.ApplicationUser, ForexExchange.Models.ApplicationUser, System.Int32>
7a5ac686fa10       1          48 Microsoft.EntityFrameworkCore.Metadata.Internal.ClrPropertyGetter<ForexExchange.Models.ApplicationUser, ForexExchange.Models.ApplicationUser, System.DateTime>
7a5ac68804d8       1          48 Microsoft.EntityFrameworkCore.Metadata.Internal.ClrPropertyGetter<ForexExchange.Models.ApplicationUser, ForexExchange.Models.ApplicationUser, System.Nullable<System.Int32>>
7a5ac6883840       1          48 Microsoft.EntityFrameworkCore.Metadata.Internal.ClrPropertyGetter<ForexExchange.Models.ApplicationUser, ForexExchange.Models.ApplicationUser, System.Nullable<System.DateTimeOffset>>
7a5ac68867b8       1          48 Microsoft.EntityFrameworkCore.Metadata.Internal.ClrPropertyGetter<ForexExchange.Models.ApplicationUser, ForexExchange.Models.ApplicationUser, ForexExchange.Models.UserRole>
7a5ac68876c8       1          48 Microsoft.EntityFrameworkCore.Metadata.Internal.ClrPropertyGetter<ForexExchange.Models.ApplicationUser, ForexExchange.Models.ApplicationUser, System.Nullable<System.DateTime>>
7a5ac68881b8       1          48 Microsoft.EntityFrameworkCore.Metadata.Internal.ClrPropertyGetter<ForexExchange.Models.ApplicationUser, ForexExchange.Models.ApplicationUser, ForexExchange.Models.Customer>
7a5ac6973620       2          48 Org.BouncyCastle.Asn1.DerOctetString
7a5ac6974078       2          48 Org.BouncyCastle.Asn1.DerInteger
7a5ac6bf4260       2          48 System.Security.Cryptography.X509Certificates.OpenSslCachedSystemStoreProvider
7a5ac6bfd6f8       1          48 System.Formats.Asn1.BMPEncoding
7a5ac6bfda30       1          48 System.Formats.Asn1.T61Encoding
7a5ac6cb4f40       1          48 System.Net.Http.Headers.AltSvcHeaderValue
7a5ac6cb6408       2          48 System.Net.NetworkInformation.NetworkAvailabilityEventArgs
7a5ac6cbee20       1          48 Microsoft.EntityFrameworkCore.Metadata.Internal.ClrPropertyGetter<ForexExchange.Models.PushNotificationLog, ForexExchange.Models.PushNotificationLog, ForexExchange.Models.PushSubscription>
7a5ac6ce3dc8       1          48 Microsoft.EntityFrameworkCore.Metadata.Internal.ClrPropertyGetter<ForexExchange.Models.PushNotificationLog, ForexExchange.Models.PushNotificationLog, System.DateTime>
7a5ac6ce41c8       1          48 Microsoft.EntityFrameworkCore.Metadata.Internal.ClrPropertyGetter<ForexExchange.Models.PushNotificationLog, ForexExchange.Models.PushNotificationLog, System.Boolean>7a5ac6ce4d98       1          48 Microsoft.EntityFrameworkCore.Metadata.Internal.ClrPropertyGetter<ForexExchange.Models.VapidConfiguration, ForexExchange.Models.VapidConfiguration, System.Int32>
7a5ac6ce6428       1          48 Microsoft.EntityFrameworkCore.Metadata.Internal.ClrPropertyGetter<ForexExchange.Models.VapidConfiguration, ForexExchange.Models.VapidConfiguration, System.Nullable<System.DateTime>>
7a5ac6ce8440       1          48 Microsoft.EntityFrameworkCore.Metadata.Internal.ClrPropertyGetter<ForexExchange.Models.VapidConfiguration, ForexExchange.Models.VapidConfiguration, System.Boolean>
7a5ac6ce8f00       1          48 Microsoft.EntityFrameworkCore.Metadata.Internal.ClrPropertyGetter<ForexExchange.Models.VapidConfiguration, ForexExchange.Models.VapidConfiguration, System.Int64>
7a5ac6cec0a8       1          48 Microsoft.EntityFrameworkCore.Metadata.Internal.ClrPropertyGetter<ForexExchange.Models.PushSubscription, ForexExchange.Models.PushSubscription, System.Boolean>
7a5ac6cecb68       1          48 Microsoft.EntityFrameworkCore.Metadata.Internal.ClrPropertyGetter<ForexExchange.Models.PushSubscription, ForexExchange.Models.PushSubscription, System.Nullable<System.DateTime>>
7a5ac6cef250       1          48 Microsoft.EntityFrameworkCore.Metadata.Internal.ClrPropertyGetter<ForexExchange.Models.PushSubscription, ForexExchange.Models.PushSubscription, ForexExchange.Models.ApplicationUser>
7a5ac52861c8       2          48 Microsoft.AspNetCore.SignalR.Internal.DefaultHubCallerContext
7a5ac5285ea8       2          48 Microsoft.AspNetCore.SignalR.Internal.ChannelBasedSemaphore
7a5ac52810f0       2          48 Microsoft.AspNetCore.Http.Features.HttpRequestIdentifierFeature
7a5ac4165910       2          48 Microsoft.AspNetCore.Http.EndpointHttpContextExtensions+EndpointFeature
7a5ac44bf8f8       2          48 Microsoft.AspNetCore.Http.Features.Authentication.HttpAuthenticationFeature
7a5ac451d1b8       2          48 System.Collections.Generic.Dictionary<System.Int32, Microsoft.EntityFrameworkCore.ChangeTracking.Internal.InternalEntityEntry>+ValueCollection
7a5ac62cac38       1          48 System.Linq.IGrouping<System.String, System.ValueTuple<System.String, System.DateTime, System.String, System.Nullable<System.Int32>, System.Decimal, System.String, System.String>>[]
7a5ac7324500       2          48 Microsoft.EntityFrameworkCore.Metadata.Internal.ClrPropertySetter<ForexExchange.Models.AccountingDocument, ForexExchange.Models.BankAccount>
7a5ac3f711f8       2          48 System.WeakReference<Microsoft.AspNetCore.Server.Kestrel.Core.Internal.Infrastructure.KestrelConnection>
7a5ac3fcf6e8       2          48 Microsoft.AspNetCore.Diagnostics.StatusCodePagesFeature
7a5ac44c13f8       2          48 Microsoft.AspNetCore.Http.ItemsDictionary
7a5abf280668       2          48 Microsoft.AspNetCore.Authorization.Infrastructure.PassThroughAuthorizationHandler
7a5abf280ac8       2          48 Microsoft.AspNetCore.Authorization.DefaultAuthorizationHandlerProvider
7a5abf280880       2          48 Microsoft.AspNetCore.Authorization.DefaultAuthorizationHandlerContextFactory
7a5abf280408       2          48 Microsoft.AspNetCore.Authorization.DefaultAuthorizationEvaluator
7a5abf2819f8       2          48 Microsoft.AspNetCore.Authorization.Policy.PolicyEvaluator
7a5abd3b8a58       2          48 ForexExchange.Services.PoolFinancialHistoryService
7a5abd3b9e40       2          48 ForexExchange.Services.BankAccountFinancialHistoryService
7a5abd3bddc8       2          48 ForexExchange.Services.CurrencyConversionService
7a5abd3bc098       2          48 ForexExchange.Services.ExcelExportService
7a5ac45a5a10       1          48 Microsoft.AspNetCore.Razor.Runtime.TagHelpers.TagHelperScopeManager+ExecutionContextPool
7a5ac45a7460       2          48 Microsoft.AspNetCore.Razor.TagHelpers.TagHelperAttributeList
7a5ac45a7c30       1          48 Microsoft.AspNetCore.Razor.TagHelpers.TagHelperContext
7a5ac3937ac0       1          48 Microsoft.AspNetCore.Mvc.TagHelpers.OptionTagHelper
7a5ac4606108       1          48 Microsoft.AspNetCore.Mvc.ViewFeatures.Buffers.PagedCharBuffer
7a5ac1daac80       1          48 System.Linq.Expressions.SimpleBinaryExpression
7a5ac5256868       1          48 Microsoft.AspNetCore.Internal.AdaptiveCapacityDictionary<System.String, Microsoft.Extensions.Primitives.StringValues>
7a5abf056b10       1          48 Microsoft.AspNetCore.Mvc.JsonResult
7a5ac1190600       2          48 Microsoft.EntityFrameworkCore.Infrastructure.EntityFrameworkMetricsData+CacheInfo
7a5abd3b26f0       2          48 System.Nullable<System.Boolean>
7a5ac4a03258       2          48 System.Buffers.StandardFormat
7a5abd85c248       2          52 System.Globalization.CalendarId[]
7a5abd6609f8       1          56 Microsoft.Extensions.Configuration.ConfigurationManager
7a5abda23948       1          56 Microsoft.Extensions.Hosting.HostBuilder+<>c__DisplayClass36_0
7a5abd3bf2c8       1          56 Microsoft.AspNetCore.Hosting.BootstrapHostBuilder
7a5abee62268       1          56 System.Collections.ObjectModel.ObservableCollection<Microsoft.AspNetCore.Routing.EndpointDataSource>
7a5abcdb5410       1          56 Microsoft.AspNetCore.Builder.ConfigureHostBuilder
7a5ac0627418       1          56 Microsoft.Extensions.DependencyModel.DependencyContext
7a5ac0df51c0       1          56 Microsoft.AspNetCore.Server.Kestrel.Core.Http2Limits
7a5ac0df2200       1          56 Microsoft.AspNetCore.Server.Kestrel.Core.Internal.Infrastructure.KestrelTrace
7a5ac0df1728       1          56 Microsoft.AspNetCore.Server.Kestrel.Core.Internal.Infrastructure.ConnectionManager
7a5ac0dfce60       1          56 Microsoft.AspNetCore.Server.Kestrel.Core.Internal.Infrastructure.TransportManager
7a5ac1193538       1          56 System.Collections.Concurrent.ConcurrentDictionary<Microsoft.EntityFrameworkCore.Infrastructure.IDbContextOptions, System.ValueTuple<System.IServiceProvider, System.Collections.Generic.IDictionary<System.String, System.String>>>+Tables
7a5ac138ef40       1          56 System.Collections.Concurrent.ConcurrentDictionary<System.Type, System.Boolean>+Tables
7a5ac13ad808       1          56 System.Collections.Concurrent.ConcurrentDictionary<Microsoft.EntityFrameworkCore.Infrastructure.IDbContextOptions, System.ValueTuple<System.IServiceProvider, System.Collections.Generic.IDictionary<System.String, System.String>>>+Node
7a5ac13ae688       1          56 System.Collections.Concurrent.ConcurrentDictionary<System.Type, System.Collections.Generic.IReadOnlyList<Microsoft.EntityFrameworkCore.Infrastructure.DbSetProperty>>+Tables
7a5ac13b0cc0       1          56 System.Collections.Concurrent.ConcurrentDictionary<System.ValueTuple<System.Type, System.String>, System.Func<Microsoft.EntityFrameworkCore.DbContext, System.String, System.Object>>+Tables
7a5ac161fc40       1          56 System.Collections.Concurrent.ConcurrentDictionary<System.Type, System.Func<Microsoft.EntityFrameworkCore.ChangeTracking.Internal.IStateManager, Microsoft.EntityFrameworkCore.Internal.IDbSetSource, Microsoft.EntityFrameworkCore.Internal.IDbSetCache, Microsoft.EntityFrameworkCore.Metadata.IEntityType, Microsoft.EntityFrameworkCore.Internal.IEntityFinder>>+Tables7a5ac1634060       1          56 System.Collections.Concurrent.ConcurrentDictionary<System.ValueTuple<System.Type, System.Type>, Microsoft.EntityFrameworkCore.Storage.ValueConversion.ValueConverterInfo>+Tables
7a5ac163a300       1          56 System.Func<System.String, Microsoft.EntityFrameworkCore.Storage.RelationalTypeMapping>[]
7a5ac16a0ef0       1          56 Microsoft.Data.Sqlite.SqliteConnectionFactory
7a5ac19df330       1          56 Microsoft.EntityFrameworkCore.Diagnostics.EventDefinition<System.String, System.String, System.String, System.String>
7a5ac19ebc98       1          56 System.Collections.Immutable.ImmutableSortedDictionary<System.Reflection.MemberInfo, System.Type>+Node
7a5ac1b4eb10       1          56 Microsoft.AspNetCore.Identity.ClaimsIdentityOptions
7a5ac1656b90       1          56 System.Collections.Concurrent.ConcurrentDictionary<System.ValueTuple<Microsoft.EntityFrameworkCore.Storage.RelationalTypeMappingInfo, System.Type, Microsoft.EntityFrameworkCore.Storage.ValueConversion.ValueConverter, Microsoft.EntityFrameworkCore.Storage.CoreTypeMapping>, Microsoft.EntityFrameworkCore.Storage.RelationalTypeMapping>+Tables
7a5ac1ea5358       1          56 System.Text.ConsoleEncoding
7a5ac454fd78       2          56 Microsoft.AspNetCore.Mvc.Razor.IRazorPage[]
7a5ac1376938       1          56 Microsoft.EntityFrameworkCore.Query.Internal.EntityMaterializerSource
7a5ac2063738       1          56 System.Collections.Concurrent.ConcurrentDictionary<Microsoft.EntityFrameworkCore.ValueGeneration.ValueGeneratorCache+CacheKey, Microsoft.EntityFrameworkCore.ValueGeneration.ValueGenerator>+Tables
7a5ac2064d80       1          56 Microsoft.EntityFrameworkCore.Diagnostics.EventDefinition<System.String, System.String, System.String, System.String, System.String>
7a5ac2247880       1          56 Microsoft.EntityFrameworkCore.Diagnostics.EventDefinition<System.Int32>
7a5ac22646c8       1          56 System.Runtime.CompilerServices.ConditionalWeakTable<System.Transactions.ContextKey, System.Transactions.ContextData>+Container
7a5ac2275988       1          56 Microsoft.EntityFrameworkCore.Diagnostics.EventDefinition<System.String, System.Data.CommandType, System.Int32, System.String, System.String>
7a5ac2291240       1          56 Microsoft.EntityFrameworkCore.Diagnostics.EventDefinition<System.String, System.String, System.Data.CommandType, System.Int32, System.String, System.String>
7a5ac24efcf0       1          56 System.Collections.Concurrent.ConcurrentDictionary<System.Guid, Microsoft.AspNetCore.DataProtection.KeyManagement.Key>+Tables
7a5abf9a1908       1          56 Microsoft.AspNetCore.DataProtection.KeyManagement.DefaultKeyResolver
7a5ac24e7148       1          56 Microsoft.AspNetCore.SignalR.DefaultHubLifetimeManager<ForexExchange.Hubs.NotificationHub>
7a5ac310b0e8       1          56 System.Collections.Concurrent.ConcurrentDictionary<System.String, Microsoft.AspNetCore.SignalR.HubConnectionContext>+Tables
7a5ac310bd90       1          56 System.Collections.Concurrent.ConcurrentDictionary<System.String, Microsoft.AspNetCore.SignalR.Internal.GroupConnectionList>+Tables
7a5ac310c5c8       1          56 System.Collections.Concurrent.ConcurrentDictionary<System.String, System.ValueTuple<System.Type, System.String, System.Object, System.Action<System.Object, Microsoft.AspNetCore.SignalR.Protocol.CompletionMessage>>>+Tables
7a5ac3120cd8       1          56 System.Collections.Concurrent.ConcurrentDictionary<System.String, System.Lazy<Microsoft.Extensions.Http.HttpClientFactoryOptions>>+Tables
7a5ac31226c0       1          56 System.Collections.Concurrent.ConcurrentDictionary<System.String, System.Lazy<Microsoft.Extensions.Http.ActiveHandlerTrackingEntry>>+Tables
7a5ac312c170       1          56 System.Collections.Concurrent.ConcurrentDictionary<System.String, Microsoft.Extensions.Logging.LogValuesFormatter>+Tables
7a5ac35ba6d8       1          56 System.Text.Json.Serialization.Converters.ObjectDefaultConverter<Microsoft.AspNetCore.StaticAssets.StaticAssetsManifest>
7a5ac35cd5d0       1          56 System.Text.Json.Serialization.Converters.Int32Converter
7a5ac35f1740       1          56 System.Text.Json.Serialization.Converters.StringConverter
7a5ac35f7048       1          56 System.Text.Json.Serialization.Converters.ListOfTConverter<System.Collections.Generic.List<Microsoft.AspNetCore.StaticAssets.StaticAssetDescriptor>, Microsoft.AspNetCore.StaticAssets.StaticAssetDescriptor>
7a5ac35fc650       1          56 System.Text.Json.Serialization.Converters.LargeObjectWithParameterizedConstructorConverter<Microsoft.AspNetCore.StaticAssets.StaticAssetDescriptor>
7a5ac3605240       1          56 System.Text.Json.Serialization.Converters.LargeObjectWithParameterizedConstructorConverter<Microsoft.AspNetCore.StaticAssets.StaticAssetSelector>
7a5ac36084c8       1          56 System.Text.Json.Serialization.Converters.LargeObjectWithParameterizedConstructorConverter<Microsoft.AspNetCore.StaticAssets.StaticAssetProperty>
7a5ac360a698       1          56 System.Text.Json.Serialization.Converters.LargeObjectWithParameterizedConstructorConverter<Microsoft.AspNetCore.StaticAssets.StaticAssetResponseHeader>
7a5abc35f4c8       1          56 Microsoft.AspNetCore.StaticAssets.StaticAssetsEndpointConventionBuilder
7a5ac3619ac8       1          56 System.Collections.Concurrent.ConcurrentDictionary<Microsoft.AspNetCore.Routing.IEndpointRouteBuilder, Microsoft.AspNetCore.Mvc.Infrastructure.OrderedEndpointsSequenceProvider>+Tables
7a5ac361d7f8       1          56 Microsoft.Extensions.Options.IConfigureOptions<Microsoft.AspNetCore.Mvc.MvcOptions>[]
7a5ac36a7d68       1          56 Newtonsoft.Json.Serialization.CamelCasePropertyNamesContractResolver
7a5ac37cd7f8       1          56 System.Collections.Concurrent.ConcurrentDictionary<System.Type, System.ComponentModel.TypeDescriptor+TypeDescriptionNode>+Tables
7a5ac38a9e08       1          56 System.Collections.Concurrent.ConcurrentDictionary<Newtonsoft.Json.Utilities.StructMultiKey<System.String, System.String>, System.Type>+Tables
7a5ac392a680       1          56 System.Collections.Concurrent.ConcurrentDictionary<System.Type, Microsoft.Extensions.DependencyInjection.ObjectFactory>+Tables
7a5abf053b38       1          56 Microsoft.AspNetCore.Mvc.Controllers.ControllerFactoryProvider
7a5ac37cdb70       1          56 System.Collections.Concurrent.ConcurrentDictionary<System.Type, System.Object>+Tables
7a5ac37c6110       1          56 System.Collections.Concurrent.ConcurrentDictionary<Microsoft.AspNetCore.Mvc.ModelBinding.Metadata.ModelMetadataIdentity, Microsoft.AspNetCore.Mvc.ModelBinding.Metadata.DefaultModelMetadataProvider+ModelMetadataCacheEntry>+Tables
7a5ac3a1a628       1          56 Microsoft.AspNetCore.Mvc.ApplicationModels.AttributeRouteModel
7a5ac3af4360       1          56 System.Collections.Concurrent.ConcurrentDictionary<System.String, Microsoft.AspNetCore.Http.Connections.Internal.HttpConnectionContext>+Tables
7a5ac3b19490       1          56 System.Collections.Concurrent.ConcurrentDictionary<System.Type, Microsoft.Extensions.DependencyInjection.ActivatorUtilities+ConstructorInfoEx[]>+Tables
7a5ac3cb8a08       1          56 System.Collections.Concurrent.ConcurrentDictionary<System.String, System.Lazy<Microsoft.Extensions.Diagnostics.Metrics.MetricsOptions>>+Tables
7a5ac3cbc7b8       1          56 System.Collections.Concurrent.ConcurrentDictionary<System.String, System.Lazy<Microsoft.Extensions.DependencyInjection.MetricsServiceExtensions+NoOpOptions>>+Tables
7a5ac3ccfd70       1          56 System.Text.CodePageDataItem
7a5ac3ceb588       1          56 System.Xml.Schema.XmlTypeCode[]
7a5ac3d0c400       1          56 System.Collections.Concurrent.ConcurrentDictionary<System.Guid, Microsoft.AspNetCore.DataProtection.KeyManagement.Key>+Node
7a5ac3d22830       1          56 System.Collections.Concurrent.ConcurrentDictionary<System.String, System.Int32>+Tables
7a5ac3d2a980       1          56 System.Collections.Concurrent.ConcurrentDictionary<System.Type, System.Lazy<Microsoft.AspNetCore.Http.RequestDelegate>>+Tables
7a5ac3585e28       1          56 Microsoft.AspNetCore.Authorization.AuthorizationMiddlewareInternal
7a5ac3d5c918       1          56 System.Collections.Concurrent.ConcurrentDictionary<Microsoft.AspNetCore.Http.Endpoint, Microsoft.AspNetCore.Authorization.AuthorizationPolicy>+Tables
7a5ac3d772f0       1          56 System.Collections.Concurrent.ConcurrentDictionary<System.String, System.Lazy<Microsoft.AspNetCore.HostFiltering.HostFilteringOptions>>+Tables
7a5ac3e00448       1          56 Microsoft.AspNetCore.Server.Kestrel.Transport.Sockets.SocketConnectionListener
7a5ac3e005f0       1          56 Microsoft.AspNetCore.Server.Kestrel.Transport.Sockets.SocketConnectionContextFactory
7a5ac3e00db8       1          56 Microsoft.AspNetCore.Server.Kestrel.Transport.Sockets.SocketConnectionContextFactory+QueueSettings
7a5ac3e07688       1          56 System.Net.Sockets.SocketAsyncEngine
7a5ac3e09ee0       1          56 System.Collections.Concurrent.ConcurrentDictionary<System.IntPtr, System.Net.Sockets.SocketAsyncEngine+SocketAsyncContextWrapper>+Tables
7a5ac40d72c0       1          56 System.Collections.Concurrent.ConcurrentDictionary<System.Int32, Microsoft.AspNetCore.Routing.EndpointDataSource>+Tables
7a5ac40d7638       1          56 System.Collections.Concurrent.ConcurrentDictionary<System.Int32, Microsoft.AspNetCore.Mvc.Routing.DynamicControllerEndpointSelector>+Tables
7a5ac416ddf0       1          56 System.Collections.Concurrent.ConcurrentDictionary<System.String, System.Lazy<Microsoft.AspNetCore.Authentication.Cookies.CookieAuthenticationOptions>>+Tables
7a5abf28a7d0       1          56 Microsoft.AspNetCore.Mvc.ViewFeatures.CookieTempDataProvider
7a5ac45445a8       1          56 System.Collections.Concurrent.ConcurrentDictionary<System.Linq.Expressions.LambdaExpression, System.String>+Tables
7a5ac45478b8       1          56 System.Collections.Concurrent.ConcurrentDictionary<Microsoft.AspNetCore.Mvc.Razor.RazorPageActivator+CacheKey, Microsoft.AspNetCore.Mvc.Razor.RazorPagePropertyActivator>+Tables
7a5ac3a12ff0       1          56 Microsoft.AspNetCore.Mvc.Razor.RazorPagePropertyActivator+PropertyValueAccessors
7a5abff6aa70       1          56 Microsoft.AspNetCore.Mvc.Razor.RazorViewEngineOptions
7a5ac4548ac8       1          56 Microsoft.AspNetCore.Mvc.ViewFeatures.HtmlHelperOptions
7a5ac455a9d8       1          56 Microsoft.Extensions.ObjectPool.DefaultObjectPool<Microsoft.AspNetCore.Routing.UriBuildingContext>
7a5ac455d528       1          56 System.Collections.Concurrent.ConcurrentDictionary<System.Type, Microsoft.Extensions.Internal.PropertyActivator<Microsoft.AspNetCore.Mvc.ViewComponents.ViewComponentContext>[]>+Tables
7a5ac455ed80       1          56 Microsoft.Extensions.ObjectPool.DefaultObjectPool<Microsoft.AspNetCore.Antiforgery.AntiforgerySerializationContext>
7a5abf9a53d0       1          56 Microsoft.AspNetCore.Antiforgery.DefaultAntiforgery
7a5ac45736c8       1          56 System.Collections.Concurrent.ConcurrentDictionary<Microsoft.AspNetCore.Mvc.ModelBinding.ModelMetadata, Microsoft.AspNetCore.Mvc.ModelBinding.Validation.ClientValidatorCache+CacheEntry>+Tables
7a5ac45c1e10       1          56 System.Collections.Frozen.LengthBucketsFrozenDictionary<System.Collections.Generic.List<Microsoft.AspNetCore.Routing.Tree.OutboundMatchResult>>
7a5ac45c3d00       1          56 System.Collections.Concurrent.ConcurrentDictionary<Microsoft.AspNetCore.Routing.RouteEndpoint, Microsoft.AspNetCore.Routing.Template.TemplateBinder>+Tables
7a5ac47aaab8       1          56 System.Runtime.CompilerServices.CallSite<System.Func<System.Runtime.CompilerServices.CallSite, System.Object, System.Collections.Generic.List<<>f__AnonymousType35<System.Int32, System.String, System.String>>, System.Object>>
7a5ac4955648       1          56 System.Runtime.CompilerServices.CallSite<System.Func<System.Runtime.CompilerServices.CallSite, System.Object, System.Int64, System.Object>>
7a5ac495a238       1          56 System.Runtime.CompilerServices.CallSite<System.Func<System.Runtime.CompilerServices.CallSite, System.Object, System.String>>
7a5ac36ad3c0       1          56 Microsoft.AspNetCore.Mvc.CacheProfile
7a5ac4998fd0       1          56 System.Text.Json.Serialization.Converters.BooleanConverter
7a5ac4999c18       1          56 System.Text.Json.Serialization.Converters.ByteConverter
7a5ac4999e90       1          56 System.Text.Json.Serialization.Converters.ByteArrayConverter
7a5ac499abe0       1          56 System.Text.Json.Serialization.Converters.CharConverter
7a5ac499b7f8       1          56 System.Text.Json.Serialization.Converters.DateTimeConverter
7a5ac499c460       1          56 System.Text.Json.Serialization.Converters.DateTimeOffsetConverter
7a5ac499d0a8       1          56 System.Text.Json.Serialization.Converters.DateOnlyConverter
7a5ac499dcf0       1          56 System.Text.Json.Serialization.Converters.TimeOnlyConverter
7a5ac499ea08       1          56 System.Text.Json.Serialization.Converters.HalfConverter
7a5ac499f680       1          56 System.Text.Json.Serialization.Converters.DoubleConverter
7a5ac49a02f0       1          56 System.Text.Json.Serialization.Converters.DecimalConverter
7a5ac49a0f38       1          56 System.Text.Json.Serialization.Converters.GuidConverter
7a5ac49a1b90       1          56 System.Text.Json.Serialization.Converters.Int16Converter
7a5ac49a27f8       1          56 System.Text.Json.Serialization.Converters.Int64Converter
7a5ac49a3198       1          56 System.Text.Json.Serialization.Converters.JsonElementConverter
7a5ac49a3410       1          56 System.Text.Json.Serialization.Converters.JsonDocumentConverter
7a5ac49a4d10       1          56 System.Text.Json.Serialization.Converters.MemoryByteConverter
7a5ac49a56c0       1          56 System.Text.Json.Serialization.Converters.ReadOnlyMemoryByteConverter
7a5ac49a5930       1          56 System.Text.Json.Serialization.Converters.DefaultObjectConverter
7a5ac49a6520       1          56 System.Text.Json.Serialization.Converters.SByteConverter
7a5ac49a7188       1          56 System.Text.Json.Serialization.Converters.SingleConverter
7a5ac49a7de0       1          56 System.Text.Json.Serialization.Converters.TimeSpanConverter
7a5ac49a8a38       1          56 System.Text.Json.Serialization.Converters.UInt16Converter
7a5ac49a96a0       1          56 System.Text.Json.Serialization.Converters.UInt32Converter
7a5ac49aa308       1          56 System.Text.Json.Serialization.Converters.UInt64Converter
7a5ac49aaff0       1          56 System.Text.Json.Serialization.Converters.Int128Converter
7a5ac49abce8       1          56 System.Text.Json.Serialization.Converters.UInt128Converter
7a5ac49abfc0       1          56 System.Text.Json.Serialization.Converters.UriConverter
7a5ac49ac4e8       1          56 System.Text.Json.Serialization.Converters.VersionConverter
7a5ac49b4638       1          56 System.Text.Json.Serialization.Metadata.ReflectionEmitCachingMemberAccessor+Cache<System.ValueTuple<System.String, System.Type, System.Reflection.MemberInfo>>
7a5ac50f84d0       1          56 System.Collections.Concurrent.ConcurrentDictionary<Newtonsoft.Json.Utilities.StructMultiKey<System.Type, Newtonsoft.Json.Serialization.NamingStrategy>, Newtonsoft.Json.Utilities.EnumInfo>+Tables
7a5ac50ffb00       1          56 System.Collections.Concurrent.ConcurrentDictionary<Newtonsoft.Json.Utilities.StructMultiKey<System.Type, System.Type>, System.Func<System.Object, System.Object>>+Tables
7a5ac5160550       1          56 System.Collections.Concurrent.ConcurrentDictionary<Newtonsoft.Json.Utilities.StructMultiKey<System.Type, Newtonsoft.Json.Serialization.NamingStrategy>, Newtonsoft.Json.Utilities.EnumInfo>+Node
7a5ac516deb0       1          56 System.Collections.Concurrent.ConcurrentDictionary<System.Type, System.Func<System.Object[], System.Object>>+Tables
7a5ac5202158       1          56 System.Collections.Concurrent.ConcurrentDictionary<System.Object, Newtonsoft.Json.JsonObjectAttribute>+Tables
7a5ac57ef178       1          56 System.Text.RegularExpressions.RegexInterpreterCode
7a5ac5804eb8       1          56 System.Collections.Concurrent.ConcurrentDictionary<System.Reflection.MemberInfo, System.Func<System.Object, System.Boolean>>+Tables
7a5ac516ca68       1          56 System.Collections.Concurrent.ConcurrentDictionary<System.Object, Newtonsoft.Json.JsonContainerAttribute>+Tables
7a5ac5c75898       1          56 System.Collections.Concurrent.ConcurrentDictionary<System.Reflection.MemberInfo, System.Func<System.Object, ForexExchange.Models.DocumentType>>+Tables
7a5ac5c79300       1          56 System.Collections.Concurrent.ConcurrentDictionary<System.Reflection.MemberInfo, System.Func<System.Object, ForexExchange.Models.PayerType>>+Tables
7a5ac5c7bdf0       1          56 System.Collections.Concurrent.ConcurrentDictionary<System.Reflection.MemberInfo, System.Func<System.Object, ForexExchange.Models.ReceiverType>>+Tables
7a5ac5c7e848       1          56 System.Collections.Concurrent.ConcurrentDictionary<System.Reflection.MemberInfo, System.Func<System.Object, System.Nullable<System.Int32>>>+Tables
7a5ac5d035b0       1          56 Microsoft.Extensions.ObjectPool.DefaultObjectPool<Newtonsoft.Json.JsonSerializer>
7a5ac51f7158       1          56 System.Collections.Concurrent.ConcurrentDictionary<System.Object, Newtonsoft.Json.JsonConverterAttribute>+Tables
7a5ac516e970       1          56 System.Collections.Concurrent.ConcurrentDictionary<System.Type, System.Type>+Tables
7a5ac51f56b8       1          56 System.Collections.Concurrent.ConcurrentDictionary<System.Object, System.Runtime.Serialization.DataContractAttribute>+Tables
7a5ac5f122c8       1          56 Microsoft.EntityFrameworkCore.Diagnostics.EventDefinition<System.String, System.String, Microsoft.EntityFrameworkCore.EntityState, Microsoft.EntityFrameworkCore.EntityState>
7a5ac5f164f0       1          56 System.Runtime.CompilerServices.ConditionalWeakTable<System.Reflection.Assembly, System.Reflection.Metadata.MetadataReaderProvider>+Container
7a5ac5f93550       1          56 System.Reflection.Internal.StreamMemoryBlockProvider
7a5ac070c290       1          56 System.IO.MemoryMappedFiles.MemoryMappedViewAccessor
7a5ac0a2e528       1          56 System.Reflection.Metadata.Ecma335.NamespaceCache
7a5ac471da88       2          56 Microsoft.Extensions.Internal.PropertyHelper[]
7a5ac2171220       1          56 Microsoft.Data.Sqlite.SqliteDataReader
7a5ac6e09978       1          56 System.Runtime.CompilerServices.CallSite<System.Func<System.Runtime.CompilerServices.CallSite, System.Object, System.Collections.Generic.List<ForexExchange.Models.Currency>, System.Object>>
7a5ac6e09c30       1          56 System.Runtime.CompilerServices.CallSite<System.Func<System.Runtime.CompilerServices.CallSite, System.Object, System.Collections.Generic.List<ForexExchange.Models.Customer>, System.Object>>
7a5ac6f4e4b0       1          56 System.Text.Json.Serialization.Converters.SmallObjectWithParameterizedConstructorConverter<<>f__AnonymousType199<System.Int32, System.Int32, System.DateTime>, System.Int32, System.Int32, System.DateTime, System.Object>
7a5ac3926328       1          56 System.Collections.Concurrent.ConcurrentDictionary<Microsoft.AspNetCore.Mvc.ModelBinding.ModelBinderFactory+Key, Microsoft.AspNetCore.Mvc.ModelBinding.IModelBinder>+Tables
7a5ac6516800       1          56 System.Runtime.CompilerServices.CallSite<System.Func<System.Runtime.CompilerServices.CallSite, System.Object, System.Collections.Generic.Dictionary<System.Int32, <>f__AnonymousType43<System.String, System.String, System.Int32>>, System.Object>>
7a5ac65172e8       1          56 System.Runtime.CompilerServices.CallSite<System.Func<System.Runtime.CompilerServices.CallSite, System.Object, System.Collections.Generic.Dictionary<System.String, System.Decimal>, System.Object>>
7a5ac6553b58       1          56 System.Collections.Concurrent.ConcurrentDictionary<System.Reflection.MemberInfo, System.Func<System.Object, System.Int32>>+Tables
7a5ac6571408       1          56 System.Text.Json.Serialization.Converters.SmallObjectWithParameterizedConstructorConverter<<>f__AnonymousType43<System.String, System.String, System.Int32>, System.String, System.String, System.Int32, System.Object>
7a5ac3929728       1          56 System.Collections.Concurrent.ConcurrentDictionary<Microsoft.AspNetCore.Mvc.ModelBinding.ModelMetadata, Microsoft.AspNetCore.Mvc.ModelBinding.Validation.ValidatorCache+CacheEntry>+Tables
7a5ac66085d8       1          56 System.Text.Json.Serialization.Converters.LargeObjectWithParameterizedConstructorConverterWithReflection<<>f__AnonymousType197<System.Int32, System.Int32, System.Int32, System.Int32, System.Decimal, System.Decimal, System.Decimal>>
7a5ac688f450       1          56 System.Text.Json.Serialization.Converters.LargeObjectWithParameterizedConstructorConverterWithReflection<<>f__AnonymousType59<System.String, System.String, System.String, System.String, System.String, <>f__AnonymousType229<System.String, System.String, System.String, System.DateTime, System.String, System.Collections.Generic.Dictionary<System.String, System.Object>, ForexExchange.Services.Notifications.RelatedEntity>>>
7a5ac6891120       1          56 System.Text.Json.Serialization.Converters.LargeObjectWithParameterizedConstructorConverterWithReflection<<>f__AnonymousType229<System.String, System.String, System.String, System.DateTime, System.String, System.Collections.Generic.Dictionary<System.String, System.Object>, ForexExchange.Services.Notifications.RelatedEntity>>
7a5ac6898b40       1          56 System.Text.Json.Serialization.Converters.ObjectDefaultConverter<ForexExchange.Services.Notifications.RelatedEntity>
7a5ac689b570       1          56 System.Text.Json.Serialization.Converters.ObjectDefaultConverter<System.ValueType>
7a5ac689c228       1          56 System.Text.Json.Serialization.Converters.ObjectDefaultConverter<System.IComparable>
7a5ac689e400       1          56 System.Text.Json.Serialization.Converters.ObjectDefaultConverter<System.IConvertible>
7a5ac689ecd0       1          56 System.Text.Json.Serialization.Converters.ObjectDefaultConverter<System.ISpanFormattable>
7a5ac689f7b8       1          56 System.Text.Json.Serialization.Converters.ObjectDefaultConverter<System.IFormattable>
7a5ac68a00d0       1          56 System.Text.Json.Serialization.Converters.ObjectDefaultConverter<System.IComparable<System.Int32>>
7a5ac68a09a0       1          56 System.Text.Json.Serialization.Converters.ObjectDefaultConverter<System.IEquatable<System.Int32>>
7a5ac68a1270       1          56 System.Text.Json.Serialization.Converters.ObjectDefaultConverter<System.Numerics.IBinaryInteger<System.Int32>>
7a5ac68a1b40       1          56 System.Text.Json.Serialization.Converters.ObjectDefaultConverter<System.Numerics.IBinaryNumber<System.Int32>>
7a5ac68a2410       1          56 System.Text.Json.Serialization.Converters.ObjectDefaultConverter<System.Numerics.IBitwiseOperators<System.Int32, System.Int32, System.Int32>>
7a5ac68a2ce0       1          56 System.Text.Json.Serialization.Converters.ObjectDefaultConverter<System.Numerics.INumber<System.Int32>>
7a5ac68a35b0       1          56 System.Text.Json.Serialization.Converters.ObjectDefaultConverter<System.Numerics.IComparisonOperators<System.Int32, System.Int32, System.Boolean>>
7a5ac68a3e80       1          56 System.Text.Json.Serialization.Converters.ObjectDefaultConverter<System.Numerics.IEqualityOperators<System.Int32, System.Int32, System.Boolean>>
7a5ac68a4750       1          56 System.Text.Json.Serialization.Converters.ObjectDefaultConverter<System.Numerics.IModulusOperators<System.Int32, System.Int32, System.Int32>>
7a5ac68a5020       1          56 System.Text.Json.Serialization.Converters.ObjectDefaultConverter<System.Numerics.INumberBase<System.Int32>>
7a5ac68a58f0       1          56 System.Text.Json.Serialization.Converters.ObjectDefaultConverter<System.Numerics.IAdditionOperators<System.Int32, System.Int32, System.Int32>>
7a5ac68a61c0       1          56 System.Text.Json.Serialization.Converters.ObjectDefaultConverter<System.Numerics.IAdditiveIdentity<System.Int32, System.Int32>>
7a5ac68a6a90       1          56 System.Text.Json.Serialization.Converters.ObjectDefaultConverter<System.Numerics.IDecrementOperators<System.Int32>>
7a5ac68a7360       1          56 System.Text.Json.Serialization.Converters.ObjectDefaultConverter<System.Numerics.IDivisionOperators<System.Int32, System.Int32, System.Int32>>
7a5ac68a7c30       1          56 System.Text.Json.Serialization.Converters.ObjectDefaultConverter<System.Numerics.IIncrementOperators<System.Int32>>
7a5ac68a8500       1          56 System.Text.Json.Serialization.Converters.ObjectDefaultConverter<System.Numerics.IMultiplicativeIdentity<System.Int32, System.Int32>>
7a5ac68a8dd0       1          56 System.Text.Json.Serialization.Converters.ObjectDefaultConverter<System.Numerics.IMultiplyOperators<System.Int32, System.Int32, System.Int32>>
7a5ac68a96a0       1          56 System.Text.Json.Serialization.Converters.ObjectDefaultConverter<System.ISpanParsable<System.Int32>>
7a5ac68a9f70       1          56 System.Text.Json.Serialization.Converters.ObjectDefaultConverter<System.IParsable<System.Int32>>
7a5ac68aa840       1          56 System.Text.Json.Serialization.Converters.ObjectDefaultConverter<System.Numerics.ISubtractionOperators<System.Int32, System.Int32, System.Int32>>
7a5ac68ab110       1          56 System.Text.Json.Serialization.Converters.ObjectDefaultConverter<System.Numerics.IUnaryPlusOperators<System.Int32, System.Int32>>
7a5ac68ab9e0       1          56 System.Text.Json.Serialization.Converters.ObjectDefaultConverter<System.Numerics.IUnaryNegationOperators<System.Int32, System.Int32>>
7a5ac68ac2b0       1          56 System.Text.Json.Serialization.Converters.ObjectDefaultConverter<System.IUtf8SpanFormattable>
7a5ac68acb80       1          56 System.Text.Json.Serialization.Converters.ObjectDefaultConverter<System.IUtf8SpanParsable<System.Int32>>
7a5ac68ad450       1          56 System.Text.Json.Serialization.Converters.ObjectDefaultConverter<System.Numerics.IShiftOperators<System.Int32, System.Int32, System.Int32>>
7a5ac68add20       1          56 System.Text.Json.Serialization.Converters.ObjectDefaultConverter<System.Numerics.IMinMaxValue<System.Int32>>
7a5ac68ae5f0       1          56 System.Text.Json.Serialization.Converters.ObjectDefaultConverter<System.Numerics.ISignedNumber<System.Int32>>
7a5ac68aeec0       1          56 System.Text.Json.Serialization.Converters.ObjectDefaultConverter<System.IBinaryIntegerParseAndFormatInfo<System.Int32>>
7a5ac68af860       1          56 System.Text.Json.Serialization.Converters.ObjectDefaultConverter<System.IComparable<System.Decimal>>
7a5ac68b0158       1          56 System.Text.Json.Serialization.Converters.ObjectDefaultConverter<System.IEquatable<System.Decimal>>
7a5ac68b0a28       1          56 System.Text.Json.Serialization.Converters.ObjectDefaultConverter<System.Runtime.Serialization.ISerializable>
7a5ac49b8430       1          56 System.Collections.Concurrent.ConcurrentDictionary<System.ValueTuple<System.String, System.Type, System.Reflection.MemberInfo>, System.Text.Json.Serialization.Metadata.ReflectionEmitCachingMemberAccessor+Cache<System.ValueTuple<System.String, System.Type, System.Reflection.MemberInfo>>+CacheEntry>+Tables
7a5ac68b12f8       1          56 System.Text.Json.Serialization.Converters.ObjectDefaultConverter<System.Runtime.Serialization.IDeserializationCallback>
7a5ac68b1bc8       1          56 System.Text.Json.Serialization.Converters.ObjectDefaultConverter<System.Numerics.IFloatingPoint<System.Decimal>>
7a5ac68b2498       1          56 System.Text.Json.Serialization.Converters.ObjectDefaultConverter<System.Numerics.IFloatingPointConstants<System.Decimal>>
7a5ac68b2d68       1          56 System.Text.Json.Serialization.Converters.ObjectDefaultConverter<System.Numerics.INumberBase<System.Decimal>>
7a5ac68b3638       1          56 System.Text.Json.Serialization.Converters.ObjectDefaultConverter<System.Numerics.IAdditionOperators<System.Decimal, System.Decimal, System.Decimal>>
7a5ac68b3f08       1          56 System.Text.Json.Serialization.Converters.ObjectDefaultConverter<System.Numerics.IAdditiveIdentity<System.Decimal, System.Decimal>>
7a5ac68b47d8       1          56 System.Text.Json.Serialization.Converters.ObjectDefaultConverter<System.Numerics.IDecrementOperators<System.Decimal>>
7a5ac68b50a8       1          56 System.Text.Json.Serialization.Converters.ObjectDefaultConverter<System.Numerics.IDivisionOperators<System.Decimal, System.Decimal, System.Decimal>>
7a5ac68b5978       1          56 System.Text.Json.Serialization.Converters.ObjectDefaultConverter<System.Numerics.IEqualityOperators<System.Decimal, System.Decimal, System.Boolean>>
7a5ac68b6248       1          56 System.Text.Json.Serialization.Converters.ObjectDefaultConverter<System.Numerics.IIncrementOperators<System.Decimal>>
7a5ac68b6b18       1          56 System.Text.Json.Serialization.Converters.ObjectDefaultConverter<System.Numerics.IMultiplicativeIdentity<System.Decimal, System.Decimal>>
7a5ac68b73e8       1          56 System.Text.Json.Serialization.Converters.ObjectDefaultConverter<System.Numerics.IMultiplyOperators<System.Decimal, System.Decimal, System.Decimal>>
7a5ac68b7cb8       1          56 System.Text.Json.Serialization.Converters.ObjectDefaultConverter<System.ISpanParsable<System.Decimal>>
7a5ac68b8588       1          56 System.Text.Json.Serialization.Converters.ObjectDefaultConverter<System.IParsable<System.Decimal>>
7a5ac68b8e58       1          56 System.Text.Json.Serialization.Converters.ObjectDefaultConverter<System.Numerics.ISubtractionOperators<System.Decimal, System.Decimal, System.Decimal>>
7a5ac68b9728       1          56 System.Text.Json.Serialization.Converters.ObjectDefaultConverter<System.Numerics.IUnaryPlusOperators<System.Decimal, System.Decimal>>
7a5ac68b9ff8       1          56 System.Text.Json.Serialization.Converters.ObjectDefaultConverter<System.Numerics.IUnaryNegationOperators<System.Decimal, System.Decimal>>
7a5ac68ba8c8       1          56 System.Text.Json.Serialization.Converters.ObjectDefaultConverter<System.IUtf8SpanParsable<System.Decimal>>
7a5ac68bb198       1          56 System.Text.Json.Serialization.Converters.ObjectDefaultConverter<System.Numerics.INumber<System.Decimal>>
7a5ac68bba68       1          56 System.Text.Json.Serialization.Converters.ObjectDefaultConverter<System.Numerics.IComparisonOperators<System.Decimal, System.Decimal, System.Boolean>>
7a5ac68bc338       1          56 System.Text.Json.Serialization.Converters.ObjectDefaultConverter<System.Numerics.IModulusOperators<System.Decimal, System.Decimal, System.Decimal>>
7a5ac68bcc08       1          56 System.Text.Json.Serialization.Converters.ObjectDefaultConverter<System.Numerics.ISignedNumber<System.Decimal>>
7a5ac68bd4d8       1          56 System.Text.Json.Serialization.Converters.ObjectDefaultConverter<System.Numerics.IMinMaxValue<System.Decimal>>
7a5ac68bf9d0       1          56 System.Text.Json.Serialization.Converters.IListConverter<System.Collections.IList>
7a5ac68d24d8       1          56 System.Text.Json.Serialization.Converters.ObjectDefaultConverter<System.IComparable<System.String>>
7a5ac68d2da8       1          56 System.Text.Json.Serialization.Converters.ObjectDefaultConverter<System.IEquatable<System.String>>
7a5ac68d3678       1          56 System.Text.Json.Serialization.Converters.ObjectDefaultConverter<System.ICloneable>
7a5ac68d3f48       1          56 System.Text.Json.Serialization.Converters.ObjectDefaultConverter<System.ISpanParsable<System.String>>
7a5ac68d4818       1          56 System.Text.Json.Serialization.Converters.ObjectDefaultConverter<System.IParsable<System.String>>
7a5ac6958348       1          56 Org.BouncyCastle.Crypto.Prng.DigestRandomGenerator
7a5ac69cdd00       1          56 System.Net.HeaderVariantInfo[]
7a5ac6bdd3d0       1          56 System.Collections.Concurrent.ConcurrentDictionary<System.Net.Security.SslSessionsCache+SslCredKey, System.Net.Security.SafeCredentialReference>+Tables
7a5ac6be1718       1          56 System.Collections.Concurrent.ConcurrentDictionary<Interop+OpenSsl+SslContextCacheKey, Microsoft.Win32.SafeHandles.SafeSslContextHandle>+Tables
7a5ac156e908       1          56 System.Runtime.ExceptionServices.ExceptionDispatchInfo
7a5ac6bde8e0       1          56 Microsoft.Win32.SafeHandles.SafeSslContextHandle
7a5ac6be8730       1          56 System.Collections.Concurrent.ConcurrentDictionary<Interop+OpenSsl+SslContextCacheKey, Microsoft.Win32.SafeHandles.SafeSslContextHandle>+Node
7a5ac6bfd268       1          56 System.Formats.Asn1.IA5Encoding
7a5ac6bfd378       1          56 System.Formats.Asn1.VisibleStringEncoding
7a5ac6bfd488       1          56 System.Formats.Asn1.NumericStringEncoding
7a5ac6bfd598       1          56 System.Formats.Asn1.PrintableStringEncoding
7a5ac6ca2188       1          56 System.Collections.Concurrent.ConcurrentDictionary<System.Int32, System.String>+Tables
7a5ac734e810       1          56 System.Runtime.CompilerServices.CallSite<System.Action<System.Runtime.CompilerServices.CallSite, AspNetCoreGeneratedDocument.Views_AccountingDocuments_Index, System.String, System.Int32, System.Object, System.Int32, System.Int32, System.Boolean>>
7a5ac578d0a8       1          56 System.Runtime.CompilerServices.CallSite<System.Func<System.Runtime.CompilerServices.CallSite, System.Object, System.String, System.Object>>
7a5ac358a3f0       1          56 System.Runtime.CompilerServices.ConditionalWeakTable<System.Text.Json.JsonSerializerOptions, System.Object>+Container
7a5ac491f868       1          56 System.Collections.Concurrent.ConcurrentDictionary<Microsoft.CSharp.RuntimeBinder.ICSharpBinder, Microsoft.CSharp.RuntimeBinder.ICSharpBinder>+Tables
7a5abf28c728       1          56 Microsoft.AspNetCore.Mvc.ViewFeatures.Buffers.MemoryPoolViewBufferScope
7a5ac4550a48       1          56 Microsoft.AspNetCore.Mvc.ViewFeatures.FormContext
7a5ac46059c8       1          56 Microsoft.AspNetCore.Mvc.ViewFeatures.Buffers.PagedBufferedTextWriter
7a5ac47a1a40       1          56 Microsoft.AspNetCore.Http.Features.QueryFeature
7a5ac73beb40       2          56 ForexExchange.Services.BankAccountTimelineItem[]
7a5ac50f4ee0       1          56 Microsoft.AspNetCore.WebUtilities.PagedByteBuffer
7a5ac7440ce8       1          56 System.Diagnostics.Tracing.CounterGroup
7a5ac7444a78       1          56 System.Diagnostics.Metrics.MetricsEventSource+CommandHandler
7a5ac7447a10       1          56 System.Collections.Concurrent.ConcurrentDictionary<System.Diagnostics.Metrics.Instrument, System.Diagnostics.Metrics.InstrumentState>+Tables
7a5abcdb4750       1          64 Microsoft.AspNetCore.Builder.WebApplicationBuilder
7a5abd665c80       1          64 System.Action<System.Action>
7a5abd6664c0       1          64 System.Action<Microsoft.Extensions.Configuration.ConfigurationReloadToken>
7a5abd859318       2          64 Microsoft.Extensions.Configuration.CommandLine.CommandLineConfigurationSource
7a5abda23ab8       1          64 System.Func<System.IServiceProvider, Microsoft.Extensions.Configuration.IConfiguration>
7a5abda23ba8       1          64 System.Func<System.IServiceProvider, Microsoft.Extensions.Hosting.IApplicationLifetime>
7a5abda23c98       1          64 System.Func<System.IServiceProvider, Microsoft.Extensions.Hosting.IHost>
7a5abda239d8       1          64 System.Action<Microsoft.Extensions.Hosting.HostOptions>
7a5abda27520       1          64 System.Action<Microsoft.Extensions.Logging.ILoggingBuilder>
7a5abda28b28       1          64 System.Action<Microsoft.Extensions.Logging.LoggerFilterOptions>
7a5abdd4b458       2          64 System.Collections.Concurrent.ConcurrentDictionary<Microsoft.Extensions.FileProviders.IPollingChangeToken, Microsoft.Extensions.FileProviders.IPollingChangeToken>
7a5ac2012670       1          64 System.Func<ForexExchange.Models.BankAccountTransactionType, ForexExchange.Models.BankAccountTransactionType>
7a5abdf83080       1          64 System.Action<Microsoft.Extensions.Primitives.CancellationChangeToken>
7a5abe382728       1          64 System.Collections.Generic.HashSet<System.RuntimeType>
7a5abdf844b8       1          64 System.Action<Microsoft.Extensions.Logging.LoggerFactoryOptions>
7a5abd661a10       1          64 System.Action<Microsoft.Extensions.Hosting.WebHostBuilderOptions>
7a5abe3ba598       1          64 System.Func<Microsoft.Extensions.Hosting.IHostBuilder, Microsoft.Extensions.Hosting.WebHostBuilderOptions, Microsoft.AspNetCore.Hosting.IWebHostBuilder>
7a5abe3bae20       1          64 Microsoft.AspNetCore.Hosting.GenericWebHostBuilder
7a5abd664060       2          64 System.Collections.Generic.List<Microsoft.Extensions.Configuration.IConfigurationProvider>
7a5abe3b85d8       1          64 System.Action<Microsoft.Extensions.Configuration.IConfigurationBuilder>
7a5abe3bc980       1          64 System.Action<Microsoft.AspNetCore.Hosting.WebHostBuilderContext, Microsoft.Extensions.Configuration.IConfigurationBuilder>
7a5abe3bc890       1          64 System.Action<Microsoft.AspNetCore.Hosting.WebHostBuilderContext, Microsoft.AspNetCore.Server.Kestrel.Core.KestrelServerOptions>
7a5abe3be2b0       1          64 System.Action<Microsoft.AspNetCore.Server.Kestrel.Transport.Quic.QuicTransportOptions>
7a5abe8c0028       1          64 System.Func<System.Net.Quic.MsQuicApi>
7a5abea467c8       1          64 System.Action<Microsoft.AspNetCore.Hosting.WebHostBuilderContext, Microsoft.AspNetCore.Builder.IApplicationBuilder>
7a5abea4da60       1          64 Microsoft.AspNetCore.Hosting.HostingEnvironment
7a5abeb80b90       2          64 Microsoft.Extensions.Options.ConfigureNamedOptions<Microsoft.AspNetCore.Hosting.GenericWebHostServiceOptions>
7a5abeb809f8       1          64 System.Func<System.IServiceProvider, System.Diagnostics.DiagnosticListener>
7a5abeb80818       1          64 System.Func<System.IServiceProvider, System.Diagnostics.ActivitySource>
7a5abeb85fe0       1          64 System.Action<Microsoft.AspNetCore.Server.Kestrel.Core.KestrelServerOptions>
7a5abee631c8       1          64 System.Func<System.IServiceProvider, Microsoft.Extensions.ObjectPool.ObjectPool<Microsoft.AspNetCore.Routing.UriBuildingContext>>
7a5abee62fe8       1          64 System.Func<System.IServiceProvider, Microsoft.AspNetCore.Routing.Tree.TreeRouteBuilder>
7a5abee62e08       1          64 System.Func<System.IServiceProvider, Microsoft.Extensions.DependencyInjection.ConfigureRouteOptions>
7a5abee62ef8       1          64 System.Func<System.IServiceProvider, Microsoft.AspNetCore.Routing.EndpointDataSource>
7a5abee630d8       1          64 System.Func<System.IServiceProvider, Microsoft.AspNetCore.Routing.Matching.EndpointMetadataComparer>
7a5abcdb61b0       1          64 System.Action<Microsoft.Extensions.Hosting.HostBuilderContext, System.IServiceProvider, Serilog.LoggerConfiguration>
7a5abee64a48       1          64 System.Action<System.IServiceProvider, Serilog.LoggerConfiguration>
7a5abee66d58       1          64 System.Func<System.IServiceProvider, Serilog.SerilogServiceCollectionExtensions+RegisteredLogger>
7a5abee67010       1          64 System.Func<System.IServiceProvider, Serilog.ILogger>
7a5abee6a098       1          64 System.Func<System.IServiceProvider, Serilog.Extensions.Hosting.DiagnosticContext>
7a5abee6a210       1          64 System.Func<System.IServiceProvider, Serilog.IDiagnosticContext>
7a5abee6ec08       1          64 System.Func<Microsoft.AspNetCore.Mvc.ApplicationParts.ApplicationPartAttribute, System.Reflection.Assembly>
7a5abee6ede8       1          64 System.Func<System.Reflection.Assembly, System.Collections.Generic.IEnumerable<System.Reflection.Assembly>>
7a5abf05ac38       1          64 System.Func<System.IServiceProvider, Microsoft.AspNetCore.Mvc.ModelBinding.Metadata.ICompositeMetadataDetailsProvider>
7a5abf05ab48       1          64 System.Func<System.IServiceProvider, Microsoft.AspNetCore.Mvc.ModelBinding.Validation.IObjectModelValidator>
7a5abf05c8d8       1          64 System.Func<System.IServiceProvider, Microsoft.AspNetCore.Mvc.ApiExplorer.IApiDescriptionGroupCollectionProvider>
7a5abf9a39a8       1          64 System.Func<System.IServiceProvider, Microsoft.AspNetCore.DataProtection.IDataProtectionProvider>
7a5abf9a6b48       1          64 System.Func<System.IServiceProvider, Microsoft.Extensions.ObjectPool.ObjectPool<Microsoft.AspNetCore.Antiforgery.AntiforgerySerializationContext>>
7a5abf9a88a8       1          64 System.Func<System.Text.Encodings.Web.HtmlEncoder>
7a5abf9a8ed0       1          64 System.Func<System.Text.Encodings.Web.TextEncoderSettings, System.Text.Encodings.Web.HtmlEncoder>
7a5abf9a9798       1          64 System.Func<System.IServiceProvider, System.Text.Encodings.Web.HtmlEncoder>
7a5abf9a8988       1          64 System.Func<System.Text.Encodings.Web.JavaScriptEncoder>
7a5abf9a8fc0       1          64 System.Func<System.Text.Encodings.Web.TextEncoderSettings, System.Text.Encodings.Web.JavaScriptEncoder>
7a5abf9a99e8       1          64 System.Func<System.IServiceProvider, System.Text.Encodings.Web.JavaScriptEncoder>
7a5abf9a91a0       1          64 System.Func<System.Text.Encodings.Web.UrlEncoder>
7a5abf9a90b0       1          64 System.Func<System.Text.Encodings.Web.TextEncoderSettings, System.Text.Encodings.Web.UrlEncoder>
7a5abf9a9c28       1          64 System.Func<System.IServiceProvider, System.Text.Encodings.Web.UrlEncoder>
7a5abf28f858       1          64 System.Func<System.IServiceProvider, Microsoft.AspNetCore.Mvc.ViewFeatures.IModelExpressionProvider>
7a5abff64308       1          64 System.Func<System.IServiceProvider, Microsoft.AspNetCore.Components.Endpoints.ServerComponentSerializer>
7a5abff64218       1          64 System.Func<System.IServiceProvider, Microsoft.AspNetCore.Components.Endpoints.IComponentPrerenderer>
7a5abff64038       1          64 System.Func<System.IServiceProvider, Microsoft.AspNetCore.Components.PersistentComponentState>
7a5abff64128       1          64 System.Func<System.IServiceProvider, Microsoft.AspNetCore.Components.Routing.IRoutingStateProvider>
7a5abff643f8       1          64 System.Func<System.IServiceProvider, Microsoft.AspNetCore.Http.HttpContext>
7a5abff65b50       1          64 System.Func<System.IServiceProvider, Microsoft.AspNetCore.Components.CascadingValueSource<Microsoft.AspNetCore.Http.HttpContext>>
7a5abff66160       1          64 System.Func<System.IServiceProvider, Microsoft.AspNetCore.Components.Forms.Mapping.SupplyParameterFromFormValueProvider>
7a5abcdb8e50       1          64 System.Action<Microsoft.AspNetCore.Mvc.MvcNewtonsoftJsonOptions>
7a5abcdb9760       1          64 System.Action<Microsoft.EntityFrameworkCore.DbContextOptionsBuilder>
7a5ac0221438       1          64 System.Action<System.IServiceProvider, Microsoft.EntityFrameworkCore.DbContextOptionsBuilder>
7a5ac026ce28       1          64 System.Func<System.IServiceProvider, System.Net.Http.IHttpClientFactory>
7a5ac026cf18       1          64 System.Func<System.IServiceProvider, System.Net.Http.IHttpMessageHandlerFactory>
7a5ac026d008       1          64 System.Func<System.IServiceProvider, System.Net.Http.HttpClient>
7a5ac026f330       1          64 System.Action<Microsoft.AspNetCore.Builder.WebSocketOptions>
7a5ac05955a0       1          64 System.Action<Microsoft.AspNetCore.SignalR.JsonHubProtocolOptions>
7a5abd3b2ba0       1          64 System.Action<Microsoft.AspNetCore.SignalR.HubOptions<ForexExchange.Hubs.NotificationHub>>
7a5abd3b5cd0       1          64 System.Func<System.IServiceProvider, ForexExchange.Services.IWebScrapingService>
7a5abd3bcb78       1          64 System.Func<System.IServiceProvider, ForexExchange.Services.Notifications.INotificationHub>
7a5ac0600148       2          64 Microsoft.Extensions.DependencyInjection.ServiceLookup.DynamicServiceProviderEngine
7a5ac0601ac0       2          64 System.Collections.Concurrent.ConcurrentDictionary<Microsoft.Extensions.DependencyInjection.ServiceLookup.ServiceCacheKey, Microsoft.Extensions.DependencyInjection.ServiceLookup.ILEmitResolverBuilder+GeneratedMethod>
7a5ac059e588       2          64 System.Collections.Concurrent.ConcurrentDictionary<Microsoft.Extensions.DependencyInjection.ServiceLookup.ServiceIdentifier, Microsoft.Extensions.DependencyInjection.ServiceProvider+ServiceAccessor>
7a5ac06036c8       2          64 System.Collections.Concurrent.ConcurrentDictionary<Microsoft.Extensions.DependencyInjection.ServiceLookup.ServiceCacheKey, Microsoft.Extensions.DependencyInjection.ServiceLookup.ServiceCallSite>
7a5ac0605368       2          64 System.Collections.Concurrent.ConcurrentDictionary<Microsoft.Extensions.DependencyInjection.ServiceLookup.ServiceIdentifier, System.Object>
7a5ac060b8c8       1          64 System.Func<Microsoft.Extensions.DependencyInjection.ServiceLookup.ServiceIdentifier, System.Object>
7a5ac0a4ed98       1          64 System.Comparison<System.Collections.Generic.KeyValuePair<System.Int32, Microsoft.Extensions.DependencyInjection.ServiceLookup.ServiceCallSite>>
7a5ac06286b8       1          64 System.Func<Microsoft.Extensions.DependencyModel.IDependencyContextReader>
7a5ac067ad48       1          64 System.Func<Microsoft.Extensions.DependencyModel.DependencyContextJsonReader+Target, System.Boolean>
7a5ac06a9898       1          64 System.Func<Microsoft.Extensions.DependencyModel.DependencyContextJsonReader+RuntimeTargetEntryStub, System.String>
7a5ac634cfb8       1          64 System.Func<Microsoft.EntityFrameworkCore.ChangeTracking.Internal.Snapshot<System.Int64, System.Int32, System.Object>, System.Int64>
7a5ac634dd98       1          64 System.Func<Microsoft.EntityFrameworkCore.ChangeTracking.Internal.Snapshot<System.Int64, System.Int32, System.Object>, System.Int32>
7a5ac634de88       1          64 System.Func<Microsoft.EntityFrameworkCore.ChangeTracking.Internal.Snapshot<System.Int64, System.Int32, System.Object>, System.Object>
7a5ac06cc898       1          64 System.Comparison<System.String>
7a5ac06cfec8       1          64 System.Func<Microsoft.Extensions.DependencyModel.RuntimeLibrary, System.Boolean>
7a5ac06e0608       1          64 System.Func<Microsoft.Extensions.DependencyModel.RuntimeLibrary, System.Reflection.AssemblyName, <>f__AnonymousType0<Microsoft.Extensions.DependencyModel.RuntimeLibrary, System.Reflection.AssemblyName>>
7a5ac06e09b0       1          64 System.Func<<>f__AnonymousType0<Microsoft.Extensions.DependencyModel.RuntimeLibrary, System.Reflection.AssemblyName>, System.Reflection.AssemblyName>
7a5ac06e3278       1          64 System.Func<Microsoft.Extensions.DependencyModel.Dependency, System.Boolean>
7a5ac06e8488       1          64 System.Func<Microsoft.Extensions.DependencyModel.RuntimeFile, System.String>
7a5ac06ea188       1          64 System.Func<System.String, System.Collections.Generic.IEnumerable<System.String>>
7a5ac06ea710       1          64 System.Func<System.String, System.String, <>f__AnonymousType1<System.String, System.String>>
7a5ac06ead38       1          64 System.Func<<>f__AnonymousType1<System.String, System.String>, <>f__AnonymousType2<<>f__AnonymousType1<System.String, System.String>, System.String>>
7a5ac06eb518       1          64 System.Func<<>f__AnonymousType2<<>f__AnonymousType1<System.String, System.String>, System.String>, <>f__AnonymousType3<<>f__AnonymousType2<<>f__AnonymousType1<System.String, System.String>, System.String>, System.Reflection.AssemblyName>>
7a5ac06eb6c0       1          64 System.Func<<>f__AnonymousType3<<>f__AnonymousType2<<>f__AnonymousType1<System.String, System.String>, System.String>, System.Reflection.AssemblyName>, System.Boolean>
7a5ac06eb860       1          64 System.Func<<>f__AnonymousType3<<>f__AnonymousType2<<>f__AnonymousType1<System.String, System.String>, System.String>, System.Reflection.AssemblyName>, System.Reflection.AssemblyName>
7a5ac06c9628       1          64 System.Func<Microsoft.Extensions.Configuration.IConfigurationSection, System.String>
7a5ac0af11b0       2          64 Serilog.Sinks.SystemConsole.Formatting.ThemedDisplayValueFormatter
7a5ac06252f8       1          64 System.Action<Serilog.Configuration.LoggerSinkConfiguration>
7a5ac0c8eed8       2          64 System.Collections.Generic.List<System.Threading.TimerQueue>
7a5ac0c8fa70       1          64 Serilog.Sinks.Async.BackgroundWorkerSink
7a5ac0cab328       1          64 System.Collections.Concurrent.BlockingCollection<Serilog.Events.LogEvent>+<GetConsumingEnumerable>d__68
7a5ac0cab4d8       1          64 System.Threading.CancellationTokenSource+Linked1CancellationTokenSource
7a5ac0ca98a0       1          64 Serilog.Capturing.PropertyValueConverter
7a5ac0cac4c8       1          64 Serilog.Core.IScalarConversionPolicy[]
7a5ac0ca9c20       1          64 System.Func<Serilog.Core.ILogEventSink, System.Boolean>
7a5ac0caa3f0       1          64 System.Func<System.Threading.Tasks.ValueTask>
7a5ac060ee40       1          64 System.Comparison<System.Reflection.ConstructorInfo>
7a5ac0d5c888       2          64 Microsoft.AspNetCore.Connections.IConnectionListenerFactory[]
7a5ac0d5cd58       1          64 System.Func<System.Net.EndPoint, System.Net.Sockets.Socket>
7a5abeb84d10       1          64 Microsoft.AspNetCore.Server.Kestrel.Core.HttpsConfigurationService
7a5ac0df5430       2          64 Microsoft.AspNetCore.Server.Kestrel.Core.MinDataRate
7a5ac0df4408       1          64 System.Action<Microsoft.AspNetCore.Server.Kestrel.Core.ListenOptions>
7a5ac0df3b48       1          64 System.Action<Microsoft.AspNetCore.Server.Kestrel.Https.HttpsConnectionAdapterOptions>
7a5ac0df6438       1          64 System.Func<System.String, Microsoft.Extensions.FileProviders.IFileProvider>
7a5ac0dfa630       2          64 System.Collections.Concurrent.ConcurrentDictionary<System.Int64, Microsoft.AspNetCore.Server.Kestrel.Core.Internal.Infrastructure.ConnectionReference>
7a5ac0df9370       1          64 System.Action<Microsoft.AspNetCore.Server.Kestrel.Core.Internal.Infrastructure.KestrelConnection>
7a5ac0e01058       2          64 System.Collections.Generic.List<System.Func<Microsoft.AspNetCore.Http.RequestDelegate, Microsoft.AspNetCore.Http.RequestDelegate>>
7a5ac0e08998       1          64 System.Func<System.Collections.Generic.KeyValuePair<System.Type, Microsoft.EntityFrameworkCore.Infrastructure.IDbContextOptionsExtension>, System.Int32, System.Collections.Generic.KeyValuePair<System.Type, System.ValueTuple<Microsoft.EntityFrameworkCore.Infrastructure.IDbContextOptionsExtension, System.Int32>>>
7a5ac1193cb0       1          64 System.Func<Microsoft.EntityFrameworkCore.Infrastructure.IDbContextOptions, System.ValueTuple<System.Collections.Concurrent.ConcurrentDictionary<Microsoft.EntityFrameworkCore.Infrastructure.IDbContextOptions, System.ValueTuple<System.IServiceProvider, System.Collections.Generic.IDictionary<System.String, System.String>>>, Microsoft.EntityFrameworkCore.Infrastructure.IDbContextOptions>, System.ValueTuple<System.IServiceProvider, System.Collections.Generic.IDictionary<System.String, System.String>>>
7a5ac11b0110       1          64 System.Func<System.Collections.Generic.KeyValuePair<System.Type, System.ValueTuple<Microsoft.EntityFrameworkCore.Infrastructure.IDbContextOptionsExtension, System.Int32>>, System.ValueTuple<Microsoft.EntityFrameworkCore.Infrastructure.IDbContextOptionsExtension, System.Int32>>
7a5ac119ef10       1          64 System.Func<System.ValueTuple<Microsoft.EntityFrameworkCore.Infrastructure.IDbContextOptionsExtension, System.Int32>, System.Int32>
7a5ac119f3d8       1          64 System.Func<System.ValueTuple<Microsoft.EntityFrameworkCore.Infrastructure.IDbContextOptionsExtension, System.Int32>, Microsoft.EntityFrameworkCore.Infrastructure.IDbContextOptionsExtension>
7a5ac11d01f0       1          64 System.Func<System.ValueTuple<Microsoft.EntityFrameworkCore.Infrastructure.IDbContextOptionsExtension, System.Int32>, System.ValueTuple<Microsoft.EntityFrameworkCore.Infrastructure.IDbContextOptionsExtension, System.Int32>>
7a5ac11df658       1          64 System.Func<System.Collections.Generic.KeyValuePair<System.String, System.String>, System.Collections.Generic.KeyValuePair<System.String, System.String>>
7a5ac1268118       1          64 System.Func<System.IServiceProvider, Microsoft.EntityFrameworkCore.Storage.IRelationalConnection>
7a5ac126fcc8       1          64 System.Action<Microsoft.EntityFrameworkCore.Infrastructure.ServiceCollectionMap>
7a5ac13431a8       1          64 System.Func<System.IServiceProvider, Microsoft.EntityFrameworkCore.Storage.ITypeMappingSource>
7a5ac1343320       1          64 System.Func<System.IServiceProvider, Microsoft.EntityFrameworkCore.Storage.IDatabaseCreator>
7a5ac1344450       1          64 System.Func<System.IServiceProvider, Microsoft.EntityFrameworkCore.Storage.IDatabaseFacadeDependencies>
7a5ac1345600       1          64 System.Func<System.IServiceProvider, Microsoft.EntityFrameworkCore.Diagnostics.IDiagnosticsLogger<Microsoft.EntityFrameworkCore.DbLoggerCategory+Database+Connection>>
7a5ac13461b8       1          64 System.Func<System.IServiceProvider, Microsoft.EntityFrameworkCore.Diagnostics.IDiagnosticsLogger<Microsoft.EntityFrameworkCore.DbLoggerCategory+Database+Command>>
7a5ac1349088       1          64 System.Func<System.IServiceProvider, Microsoft.EntityFrameworkCore.Query.ILiftableConstantFactory>
7a5ac137c0d0       1          64 System.Func<System.IServiceProvider, Microsoft.EntityFrameworkCore.Storage.IExecutionStrategy>
7a5ac137e160       1          64 System.Func<System.IServiceProvider, Microsoft.EntityFrameworkCore.Diagnostics.ILoggingOptions>
7a5ac137e378       1          64 System.Func<System.IServiceProvider, Microsoft.EntityFrameworkCore.Infrastructure.ICoreSingletonOptions>
7a5ac137e4f8       1          64 System.Func<System.IServiceProvider, Microsoft.EntityFrameworkCore.Metadata.IModel>
7a5ac137e670       1          64 System.Func<System.IServiceProvider, Microsoft.EntityFrameworkCore.Metadata.IDesignTimeModel>
7a5ac137e7e8       1          64 System.Func<System.IServiceProvider, Microsoft.EntityFrameworkCore.Infrastructure.ICurrentDbContext>
7a5ac137e960       1          64 System.Func<System.IServiceProvider, Microsoft.EntityFrameworkCore.Infrastructure.IDbContextOptions>
7a5ac137ead8       1          64 System.Func<System.IServiceProvider, Microsoft.EntityFrameworkCore.Infrastructure.Internal.ILazyLoaderFactory>
7a5ac137ec58       1          64 System.Func<System.IServiceProvider, Microsoft.EntityFrameworkCore.ChangeTracking.Internal.IStateManager>
7a5ac137fd88       1          64 System.Func<System.IServiceProvider, Microsoft.EntityFrameworkCore.Infrastructure.ILazyLoader>
7a5ac1380eb0       1          64 System.Func<System.IServiceProvider, Microsoft.Extensions.Caching.Memory.IMemoryCache>
7a5ac1381ed8       1          64 System.Func<System.IServiceProvider, Microsoft.EntityFrameworkCore.Diagnostics.IDbContextLogger>
7a5ac1389c68       1          64 System.Func<Microsoft.Extensions.DependencyInjection.ServiceDescriptor, System.Type>
7a5ac13b1b10       1          64 System.Func<System.Type, System.Collections.Generic.IReadOnlyList<Microsoft.EntityFrameworkCore.Infrastructure.DbSetProperty>>
7a5ac1567e20       1          64 System.Func<System.Reflection.PropertyInfo, System.Reflection.PropertyInfo>
7a5ac157fce8       2          64 System.Dynamic.Utils.CacheDict<System.Type, System.Reflection.MethodInfo>
7a5ac157c800       1          64 System.Action<ForexExchange.Models.ForexDbContext, Microsoft.EntityFrameworkCore.DbSet<ForexExchange.Models.AccountingDocument>>
7a5ac15be028       1          64 System.Action<ForexExchange.Models.ForexDbContext, Microsoft.EntityFrameworkCore.DbSet<ForexExchange.Models.AdminActivity>>
7a5ac15be938       1          64 System.Action<ForexExchange.Models.ForexDbContext, Microsoft.EntityFrameworkCore.DbSet<ForexExchange.Models.BankAccountBalanceHistory>>
7a5ac15bf248       1          64 System.Action<ForexExchange.Models.ForexDbContext, Microsoft.EntityFrameworkCore.DbSet<ForexExchange.Models.BankAccountBalance>>
7a5ac15bfb58       1          64 System.Action<ForexExchange.Models.ForexDbContext, Microsoft.EntityFrameworkCore.DbSet<ForexExchange.Models.BankAccount>>
7a5ac15c04d8       1          64 System.Action<ForexExchange.Models.ForexDbContext, Microsoft.EntityFrameworkCore.DbSet<ForexExchange.Models.Currency>>
7a5ac15c0de8       1          64 System.Action<ForexExchange.Models.ForexDbContext, Microsoft.EntityFrameworkCore.DbSet<ForexExchange.Models.CurrencyPoolHistory>>
7a5ac15c16f8       1          64 System.Action<ForexExchange.Models.ForexDbContext, Microsoft.EntityFrameworkCore.DbSet<ForexExchange.Models.CurrencyPool>>
7a5ac15c2008       1          64 System.Action<ForexExchange.Models.ForexDbContext, Microsoft.EntityFrameworkCore.DbSet<ForexExchange.Models.CustomerBalanceHistory>>
7a5ac15c3c00       1          64 System.Action<ForexExchange.Models.ForexDbContext, Microsoft.EntityFrameworkCore.DbSet<ForexExchange.Models.CustomerBalance>>
7a5ac15c4510       1          64 System.Action<ForexExchange.Models.ForexDbContext, Microsoft.EntityFrameworkCore.DbSet<ForexExchange.Models.Customer>>
7a5ac15c4e20       1          64 System.Action<ForexExchange.Models.ForexDbContext, Microsoft.EntityFrameworkCore.DbSet<ForexExchange.Models.ExchangeRate>>
7a5ac15c5730       1          64 System.Action<ForexExchange.Models.ForexDbContext, Microsoft.EntityFrameworkCore.DbSet<ForexExchange.Models.Notification>>
7a5ac15c6040       1          64 System.Action<ForexExchange.Models.ForexDbContext, Microsoft.EntityFrameworkCore.DbSet<ForexExchange.Models.Order>>
7a5ac44eb700       2          64 System.Linq.Expressions.Expression1<System.Func<ForexExchange.Models.ExchangeRate, System.Boolean>>
7a5ac15c6950       1          64 System.Action<ForexExchange.Models.ForexDbContext, Microsoft.EntityFrameworkCore.DbSet<ForexExchange.Models.PushNotificationLog>>
7a5ac15c7260       1          64 System.Action<ForexExchange.Models.ForexDbContext, Microsoft.EntityFrameworkCore.DbSet<ForexExchange.Models.PushSubscription>>
7a5ac15c7b70       1          64 System.Action<Microsoft.AspNetCore.Identity.EntityFrameworkCore.IdentityDbContext<ForexExchange.Models.ApplicationUser, Microsoft.AspNetCore.Identity.IdentityRole, System.String, Microsoft.AspNetCore.Identity.IdentityUserClaim<System.String>, Microsoft.AspNetCore.Identity.IdentityUserRole<System.String>, Microsoft.AspNetCore.Identity.IdentityUserLogin<System.String>, Microsoft.AspNetCore.Identity.IdentityRoleClaim<System.String>, Microsoft.AspNetCore.Identity.IdentityUserToken<System.String>>, Microsoft.EntityFrameworkCore.DbSet<Microsoft.AspNetCore.Identity.IdentityRoleClaim<System.String>>>
7a5ac15c8480       1          64 System.Action<Microsoft.AspNetCore.Identity.EntityFrameworkCore.IdentityDbContext<ForexExchange.Models.ApplicationUser, Microsoft.AspNetCore.Identity.IdentityRole, System.String, Microsoft.AspNetCore.Identity.IdentityUserClaim<System.String>, Microsoft.AspNetCore.Identity.IdentityUserRole<System.String>, Microsoft.AspNetCore.Identity.IdentityUserLogin<System.String>, Microsoft.AspNetCore.Identity.IdentityRoleClaim<System.String>, Microsoft.AspNetCore.Identity.IdentityUserToken<System.String>>, Microsoft.EntityFrameworkCore.DbSet<Microsoft.AspNetCore.Identity.IdentityRole>>
7a5ac15c8d90       1          64 System.Action<ForexExchange.Models.ForexDbContext, Microsoft.EntityFrameworkCore.DbSet<ForexExchange.Models.ShareableLink>>
7a5ac15c96a0       1          64 System.Action<ForexExchange.Models.ForexDbContext, Microsoft.EntityFrameworkCore.DbSet<ForexExchange.Models.SystemSettings>>
7a5ac15c9fb0       1          64 System.Action<ForexExchange.Models.ForexDbContext, Microsoft.EntityFrameworkCore.DbSet<ForexExchange.Models.TaskItem>>
7a5ac15ca8c0       1          64 System.Action<Microsoft.AspNetCore.Identity.EntityFrameworkCore.IdentityUserContext<ForexExchange.Models.ApplicationUser, System.String, Microsoft.AspNetCore.Identity.IdentityUserClaim<System.String>, Microsoft.AspNetCore.Identity.IdentityUserLogin<System.String>, Microsoft.AspNetCore.Identity.IdentityUserToken<System.String>>, Microsoft.EntityFrameworkCore.DbSet<Microsoft.AspNetCore.Identity.IdentityUserClaim<System.String>>>
7a5ac15cb1d0       1          64 System.Action<Microsoft.AspNetCore.Identity.EntityFrameworkCore.IdentityUserContext<ForexExchange.Models.ApplicationUser, System.String, Microsoft.AspNetCore.Identity.IdentityUserClaim<System.String>, Microsoft.AspNetCore.Identity.IdentityUserLogin<System.String>, Microsoft.AspNetCore.Identity.IdentityUserToken<System.String>>, Microsoft.EntityFrameworkCore.DbSet<Microsoft.AspNetCore.Identity.IdentityUserLogin<System.String>>>
7a5ac15cbae0       1          64 System.Action<Microsoft.AspNetCore.Identity.EntityFrameworkCore.IdentityDbContext<ForexExchange.Models.ApplicationUser, Microsoft.AspNetCore.Identity.IdentityRole, System.String, Microsoft.AspNetCore.Identity.IdentityUserClaim<System.String>, Microsoft.AspNetCore.Identity.IdentityUserRole<System.String>, Microsoft.AspNetCore.Identity.IdentityUserLogin<System.String>, Microsoft.AspNetCore.Identity.IdentityRoleClaim<System.String>, Microsoft.AspNetCore.Identity.IdentityUserToken<System.String>>, Microsoft.EntityFrameworkCore.DbSet<Microsoft.AspNetCore.Identity.IdentityUserRole<System.String>>>
7a5ac15cc3f0       1          64 System.Action<Microsoft.AspNetCore.Identity.EntityFrameworkCore.IdentityUserContext<ForexExchange.Models.ApplicationUser, System.String, Microsoft.AspNetCore.Identity.IdentityUserClaim<System.String>, Microsoft.AspNetCore.Identity.IdentityUserLogin<System.String>, Microsoft.AspNetCore.Identity.IdentityUserToken<System.String>>, Microsoft.EntityFrameworkCore.DbSet<ForexExchange.Models.ApplicationUser>>
7a5ac15ccd00       1          64 System.Action<Microsoft.AspNetCore.Identity.EntityFrameworkCore.IdentityUserContext<ForexExchange.Models.ApplicationUser, System.String, Microsoft.AspNetCore.Identity.IdentityUserClaim<System.String>, Microsoft.AspNetCore.Identity.IdentityUserLogin<System.String>, Microsoft.AspNetCore.Identity.IdentityUserToken<System.String>>, Microsoft.EntityFrameworkCore.DbSet<Microsoft.AspNetCore.Identity.IdentityUserToken<System.String>>>
7a5ac15cd610       1          64 System.Action<ForexExchange.Models.ForexDbContext, Microsoft.EntityFrameworkCore.DbSet<ForexExchange.Models.VapidConfiguration>>
7a5ac13b1020       1          64 System.Func<Microsoft.EntityFrameworkCore.Infrastructure.DbSetProperty, System.Boolean>
7a5ac15e3578       1          64 System.Func<System.ValueTuple<System.Type, System.String>, System.Reflection.MethodInfo, System.Func<Microsoft.EntityFrameworkCore.DbContext, System.String, System.Object>>
7a5ac15ee728       1          64 System.Func<System.Int32>
7a5ac15f4cc0       1          64 System.Func<System.ValueTuple<System.Collections.Generic.KeyValuePair<System.Type, System.ValueTuple<Microsoft.EntityFrameworkCore.Infrastructure.IDbContextOptionsExtension, System.Int32>>, System.Collections.Generic.KeyValuePair<System.Type, System.ValueTuple<Microsoft.EntityFrameworkCore.Infrastructure.IDbContextOptionsExtension, System.Int32>>>, System.Boolean>
7a5ac1616fb0       1          64 System.Func<System.Boolean>
7a5ac161d0c8       1          64 System.Func<Microsoft.EntityFrameworkCore.Diagnostics.IInterceptorAggregator, System.Type>
7a5ac1262db0       1          64 Microsoft.EntityFrameworkCore.Sqlite.Storage.Internal.SqliteTypeMappingSource
7a5ac16aafc8       2          64 Microsoft.EntityFrameworkCore.Infrastructure.ModelCacheKey
7a5ac16ef4d8       2          64 Microsoft.EntityFrameworkCore.Metadata.Internal.InternalModelBuilder
7a5ac1793410       1          64 System.Func<System.ValueTuple<Microsoft.EntityFrameworkCore.Storage.RelationalTypeMappingInfo, System.Type, Microsoft.EntityFrameworkCore.Storage.ValueConversion.ValueConverter, Microsoft.EntityFrameworkCore.Storage.CoreTypeMapping>, Microsoft.EntityFrameworkCore.Storage.RelationalTypeMappingSource, Microsoft.EntityFrameworkCore.Storage.RelationalTypeMapping>
7a5ac1868098       1          64 System.Func<System.ValueTuple<System.Type, System.Type>, System.Type, Microsoft.EntityFrameworkCore.Storage.ValueConversion.ValueConverterInfo>
7a5ac186dd80       2          64 System.Linq.Expressions.Expression1<System.Func<System.Int32, ForexExchange.Models.PayerType>>
7a5ac1900370       2          64 System.Linq.Expressions.Expression1<System.Func<System.Int32, ForexExchange.Models.ReceiverType>>
7a5ac1901990       2          64 System.Linq.Expressions.Expression1<System.Func<System.Int32, ForexExchange.Models.DocumentType>>
7a5ac1919e40       1          64 System.Func<Microsoft.EntityFrameworkCore.Metadata.IReadOnlyProperty, System.Boolean>
7a5ac193b510       1          64 System.Func<Microsoft.EntityFrameworkCore.Metadata.Conventions.RelationshipDiscoveryConvention+RelationshipCandidate, Microsoft.EntityFrameworkCore.Metadata.IConventionEntityType>
7a5ac193b7c0       1          64 System.Func<System.Linq.IGrouping<Microsoft.EntityFrameworkCore.Metadata.IConventionEntityType, Microsoft.EntityFrameworkCore.Metadata.Conventions.RelationshipDiscoveryConvention+RelationshipCandidate>, Microsoft.EntityFrameworkCore.Metadata.IConventionEntityType>
7a5ac193b8b0       1          64 System.Func<System.Linq.IGrouping<Microsoft.EntityFrameworkCore.Metadata.IConventionEntityType, Microsoft.EntityFrameworkCore.Metadata.Conventions.RelationshipDiscoveryConvention+RelationshipCandidate>, System.Collections.Generic.List<Microsoft.EntityFrameworkCore.Metadata.Conventions.RelationshipDiscoveryConvention+RelationshipCandidate>>
7a5ac195b460       1          64 System.Func<System.ValueTuple<Microsoft.EntityFrameworkCore.Metadata.Internal.InternalForeignKeyBuilder, System.Boolean, Microsoft.EntityFrameworkCore.Metadata.Internal.InternalForeignKeyBuilder+Resolution, System.Boolean>, Microsoft.EntityFrameworkCore.Metadata.Internal.InternalForeignKeyBuilder>
7a5ac1990980       2          64 System.Linq.Expressions.Expression1<System.Func<System.Int32, ForexExchange.Models.AdminActivityType>>
7a5ac19920a8       2          64 System.Linq.Expressions.Expression1<System.Func<System.Int32, ForexExchange.Models.BankAccountTransactionType>>
7a5ac190b300       1          64 System.Func<Microsoft.EntityFrameworkCore.Metadata.Internal.ForeignKey, System.Boolean>
7a5ac19d9000       1          64 System.Func<Microsoft.EntityFrameworkCore.Metadata.Internal.ForeignKey, Microsoft.EntityFrameworkCore.Metadata.Internal.RelationshipSnapshot>
7a5ac19e0340       1          64 System.Func<Microsoft.Extensions.Logging.LogLevel, System.Action<Microsoft.Extensions.Logging.ILogger, System.String, System.String, System.String, System.String, System.Exception>>
7a5ac19e0230       1          64 System.Action<Microsoft.Extensions.Logging.ILogger, System.String, System.String, System.String, System.String, System.Exception>
7a5ac19f3868       2          64 System.Collections.Generic.Stack<System.Collections.Immutable.RefAsValueType<System.Collections.Immutable.ImmutableSortedDictionary<System.Reflection.MemberInfo, System.Type>+Node>>
7a5ac19f3d18       2          64 System.Collections.Immutable.SecurePooledObject<System.Collections.Generic.Stack<System.Collections.Immutable.RefAsValueType<System.Collections.Immutable.ImmutableSortedDictionary<System.Reflection.MemberInfo, System.Type>+Node>>>
7a5ac19f65e0       2          64 System.Linq.Expressions.Expression1<System.Func<System.Int32, ForexExchange.Models.CurrencyPoolTransactionType>>
7a5ac19f7c00       2          64 System.Linq.Expressions.Expression1<System.Func<System.Int32, ForexExchange.Models.PoolRiskLevel>>
7a5ac19f9728       2          64 System.Linq.Expressions.Expression1<System.Func<System.Int32, ForexExchange.Models.CustomerBalanceTransactionType>>
7a5ac19fad48       2          64 System.Linq.Expressions.Expression1<System.Func<System.Int32, ForexExchange.Services.Notifications.NotificationPriority>>
7a5ac19fc368       2          64 System.Linq.Expressions.Expression1<System.Func<System.Int32, ForexExchange.Services.Notifications.NotificationEventType>>
7a5ac1a10138       2          64 System.Linq.Expressions.Expression1<System.Func<System.Int32, ForexExchange.Models.ShareableLinkType>>
7a5ac1a120f8       2          64 System.Linq.Expressions.Expression1<System.Func<System.Int32, ForexExchange.Models.TaskStatus>>
7a5ac1a143b8       2          64 System.Linq.Expressions.Expression1<System.Func<System.Int32, ForexExchange.Models.UserRole>>
7a5ac194de88       1          64 System.Func<Microsoft.EntityFrameworkCore.Metadata.Internal.ForeignKey, Microsoft.EntityFrameworkCore.Metadata.Internal.InternalForeignKeyBuilder>
7a5ac1ab6b50       1          64 System.Func<System.Collections.Generic.KeyValuePair<System.String, System.Reflection.FieldInfo>, System.String>
7a5ac1ab9578       1          64 System.Func<System.Collections.Generic.KeyValuePair<System.String, System.Reflection.FieldInfo>, System.Collections.Generic.KeyValuePair<System.String, System.Reflection.FieldInfo>>
7a5ac1ab38c8       2          64 System.Reflection.NullabilityInfoContext
7a5ac1ae0558       1          64 System.Func<Microsoft.EntityFrameworkCore.Metadata.IReadOnlyForeignKey, System.Collections.Generic.IEnumerable<Microsoft.EntityFrameworkCore.Metadata.IReadOnlySkipNavigation>>
7a5ac1ae06d8       1          64 System.Func<Microsoft.EntityFrameworkCore.Metadata.IReadOnlySkipNavigation, System.Boolean>
7a5ac1914c78       1          64 System.Func<Microsoft.EntityFrameworkCore.Metadata.Internal.ForeignKey, Microsoft.EntityFrameworkCore.Metadata.IReadOnlyForeignKey>
7a5ac1b00110       1          64 System.Func<Microsoft.EntityFrameworkCore.Metadata.Internal.ForeignKey, Microsoft.EntityFrameworkCore.Metadata.Internal.ForeignKey>
7a5ac1b00220       1          64 System.Func<Microsoft.EntityFrameworkCore.Metadata.IReadOnlyForeignKey, System.Collections.Generic.IEnumerable<Microsoft.EntityFrameworkCore.Metadata.IReadOnlyProperty>>
7a5ac1b03dc8       1          64 System.Func<Microsoft.EntityFrameworkCore.Metadata.Internal.Index, Microsoft.EntityFrameworkCore.Metadata.Internal.InternalIndexBuilder>
7a5ac1b8bb98       1          64 System.Func<System.Linq.Expressions.Expression, System.Linq.Expressions.Expression, System.Reflection.MemberInfo>
7a5ac19d8690       1          64 System.Func<Microsoft.EntityFrameworkCore.Metadata.Internal.Index, System.Collections.Generic.IReadOnlyList<Microsoft.EntityFrameworkCore.Metadata.IReadOnlyProperty>>
7a5ac1ba1498       1          64 System.Action<Microsoft.EntityFrameworkCore.Metadata.Builders.EntityTypeBuilder<Microsoft.AspNetCore.Identity.IdentityUserClaim<System.String>>>
7a5ac1bab4b8       1          64 System.Action<Microsoft.EntityFrameworkCore.Metadata.Builders.EntityTypeBuilder<Microsoft.AspNetCore.Identity.IdentityRole>>
7a5ac1baf0e0       1          64 System.Action<Microsoft.EntityFrameworkCore.Metadata.Builders.EntityTypeBuilder<Microsoft.AspNetCore.Identity.IdentityRoleClaim<System.String>>>
7a5ac1bb07b0       1          64 System.Action<Microsoft.EntityFrameworkCore.Metadata.Builders.EntityTypeBuilder<Microsoft.AspNetCore.Identity.IdentityUserRole<System.String>>>
7a5ac1b47cb0       1          64 System.Action<Microsoft.EntityFrameworkCore.Metadata.Builders.EntityTypeBuilder<ForexExchange.Models.Customer>>
7a5ac1b48940       1          64 System.Action<Microsoft.EntityFrameworkCore.Metadata.Builders.EntityTypeBuilder<ForexExchange.Models.Notification>>
7a5ac1b48d40       1          64 System.Action<Microsoft.EntityFrameworkCore.Metadata.Builders.EntityTypeBuilder<ForexExchange.Models.SystemSettings>>
7a5ac1b49140       1          64 System.Action<Microsoft.EntityFrameworkCore.Metadata.Builders.EntityTypeBuilder<ForexExchange.Models.CurrencyPool>>
7a5ac1b49540       1          64 System.Action<Microsoft.EntityFrameworkCore.Metadata.Builders.EntityTypeBuilder<ForexExchange.Models.Currency>>
7a5ac1b49940       1          64 System.Action<Microsoft.EntityFrameworkCore.Metadata.Builders.EntityTypeBuilder<ForexExchange.Models.CustomerBalance>>
7a5ac1b49d40       1          64 System.Action<Microsoft.EntityFrameworkCore.Metadata.Builders.EntityTypeBuilder<ForexExchange.Models.AdminActivity>>
7a5ac1b4a140       1          64 System.Action<Microsoft.EntityFrameworkCore.Metadata.Builders.EntityTypeBuilder<ForexExchange.Models.BankAccount>>
7a5ac1b4a540       1          64 System.Action<Microsoft.EntityFrameworkCore.Metadata.Builders.EntityTypeBuilder<ForexExchange.Models.BankAccountBalance>>
7a5ac1b4a940       1          64 System.Action<Microsoft.EntityFrameworkCore.Metadata.Builders.EntityTypeBuilder<ForexExchange.Models.AccountingDocument>>
7a5ac1b4b140       1          64 System.Action<Microsoft.EntityFrameworkCore.Metadata.Builders.EntityTypeBuilder<ForexExchange.Models.ShareableLink>>
7a5ac1b4b540       1          64 System.Action<Microsoft.EntityFrameworkCore.Metadata.Builders.EntityTypeBuilder<ForexExchange.Models.PushSubscription>>
7a5ac1b4b940       1          64 System.Action<Microsoft.EntityFrameworkCore.Metadata.Builders.EntityTypeBuilder<ForexExchange.Models.PushNotificationLog>>
7a5ac1b4bd40       1          64 System.Action<Microsoft.EntityFrameworkCore.Metadata.Builders.EntityTypeBuilder<ForexExchange.Models.VapidConfiguration>>
7a5ac1b4c140       1          64 System.Action<Microsoft.EntityFrameworkCore.Metadata.Builders.EntityTypeBuilder<ForexExchange.Models.CustomerBalanceHistory>>
7a5ac1b4c540       1          64 System.Action<Microsoft.EntityFrameworkCore.Metadata.Builders.EntityTypeBuilder<ForexExchange.Models.CurrencyPoolHistory>>
7a5ac1b4c940       1          64 System.Action<Microsoft.EntityFrameworkCore.Metadata.Builders.EntityTypeBuilder<ForexExchange.Models.BankAccountBalanceHistory>>
7a5ac1b4d1d0       1          64 System.Action<Microsoft.EntityFrameworkCore.Metadata.Builders.EntityTypeBuilder<ForexExchange.Models.TaskItem>>
7a5ac1ca3a08       1          64 System.Func<System.Collections.Generic.KeyValuePair<System.String, System.Reflection.MemberInfo>, System.String>
7a5ac1ca8958       1          64 System.Func<Microsoft.EntityFrameworkCore.Metadata.IPropertyParameterBindingFactory, Microsoft.EntityFrameworkCore.Metadata.IMutableEntityType, System.Type, System.String, Microsoft.EntityFrameworkCore.Metadata.ParameterBinding>
7a5ac1ca8a60       1          64 System.Func<Microsoft.EntityFrameworkCore.Metadata.IParameterBindingFactory, Microsoft.EntityFrameworkCore.Metadata.IMutableEntityType, System.Type, System.String, Microsoft.EntityFrameworkCore.Metadata.ParameterBinding>
7a5ac1d0c0b8       1          64 System.Func<Microsoft.EntityFrameworkCore.Metadata.IReadOnlyForeignKey, System.Collections.Generic.IEnumerable<Microsoft.EntityFrameworkCore.Metadata.IReadOnlyForeignKey>>
7a5ac1d10888       1          64 System.Action<System.Text.StringBuilder, System.String>
7a5ac1d14268       1          64 System.Func<Microsoft.EntityFrameworkCore.Metadata.IReadOnlyForeignKey, System.Collections.Generic.IEnumerable<Microsoft.EntityFrameworkCore.Metadata.IReadOnlyIndex>>
7a5ac1d1e970       1          64 System.Func<System.String, System.ValueTuple<System.Object, Microsoft.EntityFrameworkCore.Infrastructure.AnnotatableBase>, Microsoft.EntityFrameworkCore.Infrastructure.Annotation>
7a5ac1d1ec40       1          64 System.Func<System.String, Microsoft.EntityFrameworkCore.Infrastructure.Annotation, System.ValueTuple<System.Object, Microsoft.EntityFrameworkCore.Infrastructure.AnnotatableBase>, Microsoft.EntityFrameworkCore.Infrastructure.Annotation>
7a5ac1d382c0       1          64 System.Func<Microsoft.EntityFrameworkCore.Metadata.IConventionPropertyBase, System.String>
7a5ac1d5c6a0       1          64 System.Func<System.Collections.Generic.IReadOnlyList<System.Tuple<Microsoft.EntityFrameworkCore.Metadata.IEntityType, Microsoft.EntityFrameworkCore.Metadata.IEntityType, System.Collections.Generic.IEnumerable<Microsoft.EntityFrameworkCore.Metadata.IForeignKey>>>, System.String>
7a5ac1d6e618       1          64 System.Func<Microsoft.EntityFrameworkCore.Metadata.IForeignKey, Microsoft.EntityFrameworkCore.Metadata.IEntityType>
7a5ac1d7a5d8       1          64 System.Action<Microsoft.EntityFrameworkCore.Metadata.Internal.EntityType>
7a5ac1da0028       1          64 System.Func<Microsoft.EntityFrameworkCore.Metadata.Internal.PropertyBase, System.Collections.Generic.IComparer<Microsoft.EntityFrameworkCore.Update.IUpdateEntry>>
7a5ac1da2530       2          64 System.Collections.Concurrent.ConcurrentDictionary<System.Type, System.Reflection.MethodInfo>
7a5ac1dad110       1          64 System.Func<Microsoft.EntityFrameworkCore.Metadata.IReadOnlyIndex, System.Boolean>
7a5ac1db4138       2          64 System.Linq.Expressions.Expression1<System.Func<System.DateTime, System.Int32>>
7a5ac1db43b0       2          64 System.Linq.Expressions.Expression1<System.Func<System.DateTime, System.DateTime>>
7a5ac1dbb2a8       1          64 System.Func<Microsoft.EntityFrameworkCore.Metadata.Internal.Index, Microsoft.EntityFrameworkCore.Metadata.Internal.Index>
7a5ac1dbc338       2          64 System.Linq.Expressions.Expression1<System.Func<System.Byte[], System.Int32>>
7a5ac1e323e8       2          64 System.Linq.Expressions.Expression1<System.Func<System.Byte[], System.Byte[]>>
7a5ac1e33c80       2          64 System.Linq.Expressions.Expression1<System.Func<System.Boolean, System.Int32>>
7a5ac453bea8       1          64 System.Func<Microsoft.EntityFrameworkCore.ChangeTracking.ValueComparer<System.Nullable<System.Decimal>>, System.Func<System.Nullable<System.Decimal>, System.Nullable<System.Decimal>>>
7a5ac1e36758       2          64 System.Linq.Expressions.Expression1<System.Func<System.DateTimeOffset, System.Int32>>
7a5ac1e369d0       2          64 System.Linq.Expressions.Expression1<System.Func<System.DateTimeOffset, System.DateTimeOffset>>
7a5ac1e37ee8       2          64 System.Linq.Expressions.Expression1<System.Func<System.Nullable<System.DateTimeOffset>, System.Int32>>
7a5ac1e38160       2          64 System.Linq.Expressions.Expression1<System.Func<System.Nullable<System.DateTimeOffset>, System.Nullable<System.DateTimeOffset>>>
7a5ac1e3a220       2          64 System.Linq.Expressions.Expression1<System.Func<System.Int64, System.Int32>>
7a5ac1e3a498       2          64 System.Linq.Expressions.Expression1<System.Func<System.Int64, System.Int64>>
7a5ac1e550f8       1          64 System.Func<Microsoft.Extensions.Logging.LoggerMessage+LogValues<System.String, System.String, System.String>, System.Exception, System.String>
7a5ac1e74110       1          64 System.TimeZoneInfo+CachedData
7a5ac1e7dd88       1          64 System.Buffers.SpanFunc<System.Char, System.String, System.Globalization.CalendarId, System.Globalization.CalendarDataType, Interop+Globalization+ResultCode>
7a5ac1e8c740       1          64 System.Buffers.SpanFunc<System.Char, System.String, System.String, Interop+Globalization+TimeZoneDisplayNameType, Interop+Globalization+ResultCode>
7a5ac1eb31d8       1          64 System.Func<System.TerminalFormatStrings>
7a5ac1eb4730       1          64 System.Func<System.DateTime>
7a5ac1ec6378       1          64 System.Text.RegularExpressions.CompiledRegexRunner+ScanDelegate
7a5ac1f722c0       1          64 System.Func<Serilog.Sinks.File.RollingLogFile, System.Nullable<System.DateTime>>
7a5ac1f729e0       1          64 System.Func<Serilog.Sinks.File.RollingLogFile, System.String>
7a5ac1f5a6c8       1          64 System.Func<System.Collections.Generic.KeyValuePair<System.Int32, System.Collections.Generic.List<System.String>>, System.Boolean>
7a5ac1f73e08       1          64 System.Func<Microsoft.EntityFrameworkCore.Metadata.IEntityType, System.Collections.Generic.IEnumerable<Microsoft.EntityFrameworkCore.Metadata.IKey>>
7a5ac1f786b0       1          64 System.Func<Microsoft.EntityFrameworkCore.Metadata.IEntityType, System.Collections.Generic.IEnumerable<Microsoft.EntityFrameworkCore.Metadata.IIndex>>
7a5ac1f7e160       1          64 System.Func<Serilog.Sinks.File.RollingLogFile, Serilog.Sinks.File.RollingLogFile>
7a5ac1f7c4f0       1          64 System.Func<Microsoft.EntityFrameworkCore.Metadata.IEntityType, System.Collections.Generic.IEnumerable<Microsoft.EntityFrameworkCore.Metadata.ICheckConstraint>>
7a5ac1f7e810       1          64 System.Func<Microsoft.EntityFrameworkCore.Metadata.IEntityType, System.Collections.Generic.IEnumerable<Microsoft.EntityFrameworkCore.Metadata.ITrigger>>
7a5ac1c14fe8       1          64 System.Func<Microsoft.EntityFrameworkCore.Metadata.IModel, Microsoft.EntityFrameworkCore.Metadata.IModel>
7a5ac1fab418       1          64 System.Func<System.String, System.ValueTuple<System.Func<Microsoft.EntityFrameworkCore.Metadata.IModel, Microsoft.EntityFrameworkCore.Metadata.IModel>, Microsoft.EntityFrameworkCore.Metadata.IModel, Microsoft.EntityFrameworkCore.Infrastructure.AnnotatableBase>, Microsoft.EntityFrameworkCore.Infrastructure.Annotation>
7a5ac1fc9000       2          64 System.Collections.Concurrent.ConcurrentDictionary<System.Type, Microsoft.EntityFrameworkCore.Metadata.RuntimeEntityType>
7a5ac1fcaec0       1          64 System.Func<System.String, System.ValueTuple<System.Object, Microsoft.EntityFrameworkCore.Infrastructure.RuntimeAnnotatableBase>, Microsoft.EntityFrameworkCore.Infrastructure.Annotation>
7a5ac1fcafb8       1          64 System.Func<System.String, Microsoft.EntityFrameworkCore.Infrastructure.Annotation, System.ValueTuple<System.Object, Microsoft.EntityFrameworkCore.Infrastructure.RuntimeAnnotatableBase>, Microsoft.EntityFrameworkCore.Infrastructure.Annotation>
7a5ac1fcc5f0       1          64 System.Func<Microsoft.EntityFrameworkCore.Metadata.IIndex, System.Boolean>
7a5ac1fc1390       1          64 System.Action<Microsoft.EntityFrameworkCore.Metadata.Conventions.RuntimeModelConvention, System.Collections.Generic.Dictionary<System.String, System.Object>, Microsoft.EntityFrameworkCore.Metadata.IProperty, Microsoft.EntityFrameworkCore.Metadata.RuntimeProperty, System.Boolean>
7a5ac1bf22d8       1          64 System.Func<Microsoft.EntityFrameworkCore.Infrastructure.Annotation, System.String>
7a5ac1fd9b48       1          64 System.Func<Microsoft.EntityFrameworkCore.Infrastructure.Annotation, Microsoft.EntityFrameworkCore.Infrastructure.Annotation>
7a5ac1fe4de0       2          64 System.Linq.Expressions.Expression1<System.Func<ForexExchange.Models.PayerType, ForexExchange.Models.PayerType>>
7a5ac1fe8330       2          64 System.Linq.Expressions.Expression1<System.Func<ForexExchange.Models.ReceiverType, ForexExchange.Models.ReceiverType>>
7a5ac3346c48       1          64 System.Func<System.Linq.Expressions.BinaryExpression, System.Linq.Expressions.BinaryExpression, System.Linq.Expressions.BinaryExpression>
7a5ac1fe9c68       2          64 System.Linq.Expressions.Expression1<System.Func<ForexExchange.Models.DocumentType, ForexExchange.Models.DocumentType>>
7a5ac1fc1b10       1          64 System.Action<Microsoft.EntityFrameworkCore.Metadata.Conventions.RuntimeModelConvention, System.Collections.Generic.Dictionary<System.String, System.Object>, Microsoft.EntityFrameworkCore.Metadata.IKey, Microsoft.EntityFrameworkCore.Metadata.RuntimeKey, System.Boolean>
7a5ac1fc1ca8       1          64 System.Action<Microsoft.EntityFrameworkCore.Metadata.Conventions.RuntimeModelConvention, System.Collections.Generic.Dictionary<System.String, System.Object>, Microsoft.EntityFrameworkCore.Metadata.IIndex, Microsoft.EntityFrameworkCore.Metadata.RuntimeIndex, System.Boolean>
7a5ac45a4ed8       1          64 System.Func<System.Collections.Generic.IEnumerable<System.Security.Claims.ClaimsIdentity>, System.Security.Claims.ClaimsIdentity>
7a5ac2010070       2          64 System.Linq.Expressions.Expression1<System.Func<ForexExchange.Models.AdminActivityType, ForexExchange.Models.AdminActivityType>>
7a5ac20119a8       2          64 System.Linq.Expressions.Expression1<System.Func<ForexExchange.Models.UserRole, ForexExchange.Models.UserRole>>
7a5ac4555f88       1          64 System.Func<System.Reflection.PropertyInfo, Microsoft.Extensions.Internal.PropertyActivator<Microsoft.AspNetCore.Mvc.Rendering.ViewContext>>
7a5ac20132e0       2          64 System.Linq.Expressions.Expression1<System.Func<ForexExchange.Models.BankAccountTransactionType, ForexExchange.Models.BankAccountTransactionType>>
7a5ac2014c18       2          64 System.Linq.Expressions.Expression1<System.Func<ForexExchange.Models.PoolRiskLevel, ForexExchange.Models.PoolRiskLevel>>
7a5ac44ef098       1          64 System.Func<ForexExchange.Models.ExchangeRate, System.Nullable<System.Int32>>
7a5ac45cb3c0       1          64 System.Func<ForexExchange.Models.ExchangeRate, ForexExchange.Models.ExchangeRate>
7a5ac2016550       2          64 System.Linq.Expressions.Expression1<System.Func<ForexExchange.Models.CurrencyPoolTransactionType, ForexExchange.Models.CurrencyPoolTransactionType>>
7a5ac45e8290       1          64 System.Func<Microsoft.AspNetCore.Razor.TagHelpers.ITagHelperComponent, System.Int32>
7a5ac2017e88       2          64 System.Linq.Expressions.Expression1<System.Func<ForexExchange.Models.CustomerBalanceTransactionType, ForexExchange.Models.CustomerBalanceTransactionType>>
7a5ac20197c0       2          64 System.Linq.Expressions.Expression1<System.Func<ForexExchange.Services.Notifications.NotificationPriority, ForexExchange.Services.Notifications.NotificationPriority>>
7a5ac201b0f8       2          64 System.Linq.Expressions.Expression1<System.Func<ForexExchange.Services.Notifications.NotificationEventType, ForexExchange.Services.Notifications.NotificationEventType>>
7a5ac201cf68       2          64 System.Linq.Expressions.Expression1<System.Func<ForexExchange.Models.ShareableLinkType, ForexExchange.Models.ShareableLinkType>>
7a5ac36b5180       2          64 System.Text.Json.Serialization.Metadata.DefaultJsonTypeInfoResolver
7a5ac201e8a0       2          64 System.Linq.Expressions.Expression1<System.Func<ForexExchange.Models.TaskStatus, ForexExchange.Models.TaskStatus>>
7a5ac1fc1fd8       1          64 System.Action<Microsoft.EntityFrameworkCore.Metadata.Conventions.RuntimeModelConvention, System.Collections.Generic.Dictionary<System.String, System.Object>, Microsoft.EntityFrameworkCore.Metadata.IForeignKey, Microsoft.EntityFrameworkCore.Metadata.RuntimeForeignKey, System.Boolean>
7a5ac1fc24a0       1          64 System.Action<Microsoft.EntityFrameworkCore.Metadata.Conventions.RuntimeModelConvention, System.Collections.Generic.Dictionary<System.String, System.Object>, Microsoft.EntityFrameworkCore.Metadata.IEntityType, Microsoft.EntityFrameworkCore.Metadata.RuntimeEntityType, System.Boolean>
7a5ac1fc27d0       1          64 System.Action<Microsoft.EntityFrameworkCore.Metadata.Conventions.RuntimeModelConvention, System.Collections.Generic.Dictionary<System.String, System.Object>, Microsoft.EntityFrameworkCore.Metadata.IModel, Microsoft.EntityFrameworkCore.Metadata.RuntimeModel, System.Boolean>
7a5ac1fd86d0       1          64 System.Func<System.Collections.Generic.KeyValuePair<System.String, Microsoft.EntityFrameworkCore.Infrastructure.Annotation>, System.String>
7a5ac1fd8850       1          64 System.Func<System.Collections.Generic.KeyValuePair<System.String, Microsoft.EntityFrameworkCore.Infrastructure.Annotation>, Microsoft.EntityFrameworkCore.Infrastructure.Annotation>
7a5ac20392b8       1          64 System.Func<System.Collections.Generic.KeyValuePair<System.String, Microsoft.EntityFrameworkCore.Infrastructure.Annotation>, System.Collections.Generic.KeyValuePair<System.String, Microsoft.EntityFrameworkCore.Infrastructure.Annotation>>
7a5ac203ce28       1          64 System.Func<Microsoft.EntityFrameworkCore.Query.IMemberTranslatorPlugin, System.Collections.Generic.IEnumerable<Microsoft.EntityFrameworkCore.Query.IMemberTranslator>>
7a5ac2040790       1          64 System.Func<Microsoft.EntityFrameworkCore.Query.IMethodCallTranslatorPlugin, System.Collections.Generic.IEnumerable<Microsoft.EntityFrameworkCore.Query.IMethodCallTranslator>>
7a5ac2043d20       1          64 System.Func<Microsoft.EntityFrameworkCore.Query.IAggregateMethodCallTranslatorPlugin, System.Collections.Generic.IEnumerable<Microsoft.EntityFrameworkCore.Query.IAggregateMethodCallTranslator>>
7a5ac20656a8       1          64 System.Func<Microsoft.Extensions.Logging.LogLevel, System.Action<Microsoft.Extensions.Logging.ILogger, System.String, System.String, System.String, System.String, System.String, System.Exception>>
7a5ac2065590       1          64 System.Action<Microsoft.Extensions.Logging.ILogger, System.String, System.String, System.String, System.String, System.String, System.Exception>
7a5ac1340820       1          64 Microsoft.EntityFrameworkCore.Migrations.Internal.MigrationsAssembly
7a5ac2068318       1          64 System.Collections.Generic.SortedList<System.String, System.Reflection.TypeInfo>
7a5ac20689a0       1          64 System.Func<System.Reflection.TypeInfo, System.Boolean>
7a5ac2069178       1          64 System.Func<System.Reflection.TypeInfo, <>f__AnonymousType1<System.Reflection.TypeInfo, System.String>>
7a5ac2069360       1          64 System.Func<<>f__AnonymousType1<System.Reflection.TypeInfo, System.String>, System.String>
7a5ac20694e0       1          64 System.Func<<>f__AnonymousType1<System.Reflection.TypeInfo, System.String>, System.ValueTuple<System.String, System.Reflection.TypeInfo>>
7a5ac2221590       1          64 System.Func<<>f__AnonymousType1<System.Reflection.TypeInfo, System.String>, <>f__AnonymousType1<System.Reflection.TypeInfo, System.String>>
7a5ac2239fb8       1          64 System.Func<System.String, System.String, System.Nullable<System.Boolean>>
7a5ac223a4a0       1          64 System.Func<System.Nullable<System.Decimal>, System.Nullable<System.Decimal>, System.Nullable<System.Int32>>
7a5ac223acf8       1          64 System.Func<System.ValueTuple<System.Decimal, System.UInt64>, System.Nullable<System.Decimal>, System.ValueTuple<System.Decimal, System.UInt64>>
7a5ac223aea0       1          64 System.Func<System.ValueTuple<System.Decimal, System.UInt64>, System.Nullable<System.Decimal>>
7a5ac2247ef0       1          64 System.Func<Microsoft.Extensions.Logging.LogLevel, System.Action<Microsoft.Extensions.Logging.ILogger, System.Int32, System.Exception>>
7a5ac2274ae8       1          64 System.Func<Microsoft.Data.Sqlite.SqliteConnectionInternal, System.Boolean>
7a5ac2276768       1          64 System.Func<Microsoft.Extensions.Logging.LogLevel, System.Action<Microsoft.Extensions.Logging.ILogger, System.String, System.Data.CommandType, System.Int32, System.String, System.String, System.Exception>>
7a5ac2276650       1          64 System.Action<Microsoft.Extensions.Logging.ILogger, System.String, System.Data.CommandType, System.Int32, System.String, System.String, System.Exception>
7a5ac2291bd8       1          64 System.Func<Microsoft.Extensions.Logging.LogLevel, System.Action<Microsoft.Extensions.Logging.ILogger, System.String, System.String, System.Data.CommandType, System.Int32, System.String, System.String, System.Exception>>
7a5ac2291ab8       1          64 System.Action<Microsoft.Extensions.Logging.ILogger, System.String, System.String, System.Data.CommandType, System.Int32, System.String, System.String, System.Exception>
7a5ac22bfa68       1          64 System.Func<Microsoft.Extensions.Logging.LoggerMessage+LogValues<System.String, System.String, System.Data.CommandType, System.Int32, System.String, System.String>, System.Exception, System.String>
7a5ac2223780       1          64 System.Func<Microsoft.EntityFrameworkCore.Migrations.HistoryRow, System.String>
7a5ac24e3c50       1          64 System.Func<Microsoft.Extensions.Logging.FormattedLogValues, System.Exception, System.String>
7a5ac24ed7c8       1          64 System.Func<System.DateTimeOffset>
7a5ac27add80       1          64 System.Action<Microsoft.Extensions.Logging.ILogger, System.Xml.Linq.XName, System.Exception>
7a5ac27ae0b0       1          64 System.Action<Microsoft.Extensions.Logging.ILogger, System.DateTimeOffset, System.Exception>
7a5ac27ae910       1          64 System.Action<Microsoft.Extensions.Logging.ILogger, System.DateTimeOffset, System.String, System.Exception>
7a5ac27aee68       1          64 System.Action<Microsoft.Extensions.Logging.ILogger, System.Guid, System.DateTimeOffset, System.String, System.Exception>
7a5ac27af3b0       1          64 System.Action<Microsoft.Extensions.Logging.ILogger, System.Guid, System.DateTimeOffset, System.DateTimeOffset, System.DateTimeOffset, System.Exception>
7a5ac27afca0       1          64 System.Action<Microsoft.Extensions.Logging.ILogger, System.DateTimeOffset, System.DateTimeOffset, System.Exception>
7a5ac3100e38       1          64 System.Func<Microsoft.Extensions.Logging.LoggerMessage+LogValues<System.String>, System.Exception, System.String>
7a5ac310ce48       2          64 Microsoft.AspNetCore.SignalR.Internal.HubClients<ForexExchange.Hubs.NotificationHub>
7a5ac49b95c8       1          64 System.Func<System.ValueTuple<System.String, System.Type, System.Reflection.MemberInfo>, System.Func<System.ValueTuple<System.String, System.Type, System.Reflection.MemberInfo>, System.Func<System.Object>>, System.Text.Json.Serialization.Metadata.ReflectionEmitCachingMemberAccessor+Cache<System.ValueTuple<System.String, System.Type, System.Reflection.MemberInfo>>+CacheEntry>
7a5ac3122050       1          64 System.Func<System.String, System.Lazy<Microsoft.Extensions.Http.ActiveHandlerTrackingEntry>>
7a5ac3123888       1          64 System.Func<System.String, Microsoft.Extensions.Options.IOptionsFactory<Microsoft.Extensions.Http.HttpClientFactoryOptions>, Microsoft.Extensions.Http.HttpClientFactoryOptions>
7a5ac3123f68       1          64 System.Func<System.String, System.ValueTuple<System.Func<System.String, Microsoft.Extensions.Options.IOptionsFactory<Microsoft.Extensions.Http.HttpClientFactoryOptions>, Microsoft.Extensions.Http.HttpClientFactoryOptions>, Microsoft.Extensions.Options.IOptionsFactory<Microsoft.Extensions.Http.HttpClientFactoryOptions>>, System.Lazy<Microsoft.Extensions.Http.HttpClientFactoryOptions>>
7a5ac310ef60       1          64 Microsoft.Extensions.Http.HttpClientFactoryOptions
7a5ac3124d38       2          64 System.Collections.Generic.List<System.Action<Microsoft.Extensions.Http.HttpMessageHandlerBuilder>>
7a5ac3127530       1          64 System.Func<Microsoft.Extensions.Logging.ILogger, System.Net.Http.HttpMethod, System.String, System.IDisposable>
7a5ac24e37e0       1          64 System.Func<System.String, Microsoft.Extensions.Logging.LogValuesFormatter>
7a5abd3b5778       1          64 ForexExchange.Services.DataSeedService
7a5ac32165d8       1          64 System.Func<Microsoft.EntityFrameworkCore.Internal.InternalDbSet<Microsoft.AspNetCore.Identity.IdentityRole>, Microsoft.EntityFrameworkCore.Query.Internal.EntityQueryable<Microsoft.AspNetCore.Identity.IdentityRole>>
7a5ac3248160       2          64 System.Collections.Concurrent.ConcurrentDictionary<System.Object, System.Object>
7a5ac328ee68       1          64 System.Func<System.Func<Microsoft.EntityFrameworkCore.Metadata.IRelationalModel>, Microsoft.EntityFrameworkCore.Metadata.IRelationalModel>
7a5ac32a0610       1          64 System.Func<System.String, System.ValueTuple<System.Func<System.Func<Microsoft.EntityFrameworkCore.Metadata.IRelationalModel>, Microsoft.EntityFrameworkCore.Metadata.IRelationalModel>, System.Func<Microsoft.EntityFrameworkCore.Metadata.IRelationalModel>, Microsoft.EntityFrameworkCore.Infrastructure.RuntimeAnnotatableBase>, Microsoft.EntityFrameworkCore.Infrastructure.Annotation>
7a5ac32559e8       1          64 System.Func<Microsoft.EntityFrameworkCore.Metadata.RuntimeEntityType, System.String>
7a5ac32bbad8       1          64 System.Func<Microsoft.EntityFrameworkCore.Metadata.RuntimeEntityType, Microsoft.EntityFrameworkCore.Metadata.RuntimeEntityType>
7a5ac128a0a0       1          64 System.Func<System.Int32, System.Boolean>
7a5ac32eda28       1          64 System.Func<System.Collections.Generic.KeyValuePair<System.ValueTuple<System.String, System.String>, Microsoft.EntityFrameworkCore.Metadata.Internal.Table>, System.ValueTuple<System.String, System.String>>
7a5ac32edba8       1          64 System.Func<System.Collections.Generic.KeyValuePair<System.ValueTuple<System.String, System.String>, Microsoft.EntityFrameworkCore.Metadata.Internal.Table>, Microsoft.EntityFrameworkCore.Metadata.Internal.Table>
7a5ac32f2fd8       1          64 System.Func<System.Collections.Generic.KeyValuePair<System.ValueTuple<System.String, System.String>, Microsoft.EntityFrameworkCore.Metadata.Internal.Table>, System.Collections.Generic.KeyValuePair<System.ValueTuple<System.String, System.String>, Microsoft.EntityFrameworkCore.Metadata.Internal.Table>>
7a5ac3325520       1          64 System.Func<System.Collections.Generic.KeyValuePair<System.ValueTuple<System.String, System.String>, Microsoft.EntityFrameworkCore.Metadata.Internal.View>, System.ValueTuple<System.String, System.String>>
7a5ac33256a0       1          64 System.Func<System.Collections.Generic.KeyValuePair<System.ValueTuple<System.String, System.String>, Microsoft.EntityFrameworkCore.Metadata.Internal.View>, Microsoft.EntityFrameworkCore.Metadata.Internal.View>
7a5ac33267a0       1          64 System.Func<System.Collections.Generic.KeyValuePair<System.String, Microsoft.EntityFrameworkCore.Metadata.Internal.SqlQuery>, System.String>
7a5ac3326920       1          64 System.Func<System.Collections.Generic.KeyValuePair<System.String, Microsoft.EntityFrameworkCore.Metadata.Internal.SqlQuery>, Microsoft.EntityFrameworkCore.Metadata.Internal.SqlQuery>
7a5ac3327ad0       1          64 System.Func<System.Collections.Generic.KeyValuePair<System.ValueTuple<System.String, System.String, System.Collections.Generic.IReadOnlyList<System.String>>, Microsoft.EntityFrameworkCore.Metadata.Internal.StoreFunction>, System.ValueTuple<System.String, System.String, System.Collections.Generic.IReadOnlyList<System.String>>>
7a5ac3327f98       1          64 System.Func<System.Collections.Generic.KeyValuePair<System.ValueTuple<System.String, System.String, System.Collections.Generic.IReadOnlyList<System.String>>, Microsoft.EntityFrameworkCore.Metadata.Internal.StoreFunction>, Microsoft.EntityFrameworkCore.Metadata.Internal.StoreFunction>
7a5ac332d6f0       1          64 System.Func<System.Collections.Generic.KeyValuePair<System.ValueTuple<System.String, System.String>, Microsoft.EntityFrameworkCore.Metadata.Internal.StoreStoredProcedure>, System.ValueTuple<System.String, System.String>>
7a5ac332d870       1          64 System.Func<System.Collections.Generic.KeyValuePair<System.ValueTuple<System.String, System.String>, Microsoft.EntityFrameworkCore.Metadata.Internal.StoreStoredProcedure>, Microsoft.EntityFrameworkCore.Metadata.Internal.StoreStoredProcedure>
7a5ac3289ca0       1          64 System.Func<Microsoft.EntityFrameworkCore.Metadata.ISqlQueryMapping, System.Boolean>
7a5ac3335628       1          64 System.Func<Microsoft.EntityFrameworkCore.Metadata.IFunctionMapping, System.Boolean>
7a5ac1ecc8a0       1          64 System.Func<Microsoft.EntityFrameworkCore.Metadata.IEntityType, System.Collections.Generic.IEnumerable<Microsoft.EntityFrameworkCore.Metadata.IProperty>>
7a5ac333fb68       1          64 System.Func<Microsoft.EntityFrameworkCore.Metadata.Internal.ColumnMappingBase, Microsoft.EntityFrameworkCore.Storage.RelationalTypeMapping>
7a5ac1cea290       1          64 System.Func<Microsoft.EntityFrameworkCore.Metadata.IReadOnlyEntityType, System.Boolean>
7a5ac3396218       1          64 System.Func<Microsoft.EntityFrameworkCore.Metadata.IEntityType, System.Collections.Generic.IEnumerable<Microsoft.EntityFrameworkCore.Metadata.IComplexProperty>>
7a5ac33a3890       1          64 System.Func<Microsoft.EntityFrameworkCore.Query.SqlExpressions.TableExpressionBase, System.Boolean>
7a5ac33d4e80       1          64 System.Action<Microsoft.EntityFrameworkCore.Metadata.RuntimePropertyBase>
7a5ac33d5240       1          64 System.Func<Microsoft.EntityFrameworkCore.Metadata.RuntimeEntityType, Microsoft.EntityFrameworkCore.Metadata.Internal.PropertyCounts>
7a5ac33e1698       1          64 System.Action<Microsoft.EntityFrameworkCore.Metadata.RuntimeEntityType>
7a5ac33e0228       1          64 System.Func<Microsoft.EntityFrameworkCore.Metadata.IComplexProperty, System.Boolean>
7a5ac33fcdc0       1          64 System.Func<System.String, System.Linq.Expressions.ConstantExpression>
7a5ac3246ed0       1          64 System.Func<Microsoft.EntityFrameworkCore.Query.QueryContext, System.Threading.Tasks.Task<Microsoft.AspNetCore.Identity.IdentityRole>>
7a5ac3433b78       1          64 System.Func<Microsoft.EntityFrameworkCore.DbContext, Microsoft.EntityFrameworkCore.Query.Internal.SingleQueryingEnumerable<Microsoft.AspNetCore.Identity.IdentityRole>+AsyncEnumerator, System.Threading.CancellationToken, System.Threading.Tasks.Task<System.Boolean>>
7a5ac3446758       1          64 System.Collections.Generic.HashSet<System.Linq.Expressions.ExpressionType>
7a5ac346eee0       1          64 System.Func<Microsoft.EntityFrameworkCore.Metadata.RuntimeKey, System.Func<System.Boolean, Microsoft.EntityFrameworkCore.ChangeTracking.Internal.IIdentityMap>>
7a5ac346fdd8       2          64 Microsoft.EntityFrameworkCore.ChangeTracking.Internal.IdentityMapFactoryFactory+<>c__DisplayClass2_0<System.String>
7a5ac34739c0       1          64 System.Func<Microsoft.EntityFrameworkCore.Metadata.RuntimePropertyBase, Microsoft.EntityFrameworkCore.Metadata.Internal.PropertyAccessors>
7a5ac349d3c0       1          64 System.Func<Microsoft.EntityFrameworkCore.ChangeTracking.ValueComparer<System.String>, System.Func<System.String, System.Int32>>
7a5ac1db1418       1          64 System.Func<System.String, System.Int32>
7a5ac34bd410       1          64 System.Func<Microsoft.EntityFrameworkCore.Metadata.RuntimeEntityType, Microsoft.EntityFrameworkCore.Metadata.RuntimePropertyBase[]>
7a5ac34d12e0       1          64 System.Func<System.Type[], System.Type[], System.Type[]>
7a5ac34e26a8       1          64 System.Func<Microsoft.EntityFrameworkCore.Internal.InternalDbSet<ForexExchange.Models.ApplicationUser>, Microsoft.EntityFrameworkCore.Query.Internal.EntityQueryable<ForexExchange.Models.ApplicationUser>>
7a5ac34e24d0       2          64 Microsoft.EntityFrameworkCore.Query.Internal.EntityQueryable<ForexExchange.Models.ApplicationUser>
7a5ac34e6740       1          64 System.Func<Microsoft.EntityFrameworkCore.DbContext, Microsoft.EntityFrameworkCore.Query.Internal.SingleQueryingEnumerable<ForexExchange.Models.ApplicationUser>+AsyncEnumerator, System.Threading.CancellationToken, System.Threading.Tasks.Task<System.Boolean>>
7a5ac34ea440       1          64 System.Func<Microsoft.EntityFrameworkCore.Storage.ValueConversion.ValueConverter<ForexExchange.Models.UserRole, System.Int32>, System.Func<System.Int32, ForexExchange.Models.UserRole>>
7a5ac1a13bf0       1          64 System.Func<System.Int32, ForexExchange.Models.UserRole>
7a5ac3506b60       1          64 System.Func<Microsoft.EntityFrameworkCore.ChangeTracking.ValueComparer<ForexExchange.Models.UserRole>, System.Func<ForexExchange.Models.UserRole, ForexExchange.Models.UserRole>>
7a5ac2010d38       1          64 System.Func<ForexExchange.Models.UserRole, ForexExchange.Models.UserRole>
7a5ac350cd08       1          64 System.Func<Microsoft.EntityFrameworkCore.ChangeTracking.ValueComparer<System.Nullable<System.DateTime>>, System.Func<System.Nullable<System.DateTime>, System.Nullable<System.DateTime>>>
7a5ac350db50       1          64 System.Func<Microsoft.EntityFrameworkCore.Internal.InternalDbSet<ForexExchange.Models.Currency>, Microsoft.EntityFrameworkCore.Query.Internal.EntityQueryable<ForexExchange.Models.Currency>>
7a5ac350e1c0       1          64 System.Func<Microsoft.EntityFrameworkCore.Query.QueryContext, System.Threading.Tasks.Task<System.Boolean>>
7a5ac35240d0       1          64 System.Func<Microsoft.EntityFrameworkCore.DbContext, Microsoft.EntityFrameworkCore.Query.Internal.SingleQueryingEnumerable<System.Boolean>+AsyncEnumerator, System.Threading.CancellationToken, System.Threading.Tasks.Task<System.Boolean>>
7a5ac35267a8       1          64 System.Func<Microsoft.EntityFrameworkCore.Internal.InternalDbSet<ForexExchange.Models.CurrencyPool>, Microsoft.EntityFrameworkCore.Query.Internal.EntityQueryable<ForexExchange.Models.CurrencyPool>>
7a5ac35265d0       2          64 Microsoft.EntityFrameworkCore.Query.Internal.EntityQueryable<ForexExchange.Models.CurrencyPool>
7a5ac3535728       1          64 System.Func<Microsoft.EntityFrameworkCore.DbContext, Microsoft.EntityFrameworkCore.Query.Internal.SingleQueryingEnumerable<System.Int32>+AsyncEnumerator, System.Threading.CancellationToken, System.Threading.Tasks.Task<System.Boolean>>
7a5ac353ae00       1          64 System.Func<Microsoft.EntityFrameworkCore.Internal.InternalDbSet<ForexExchange.Models.ExchangeRate>, Microsoft.EntityFrameworkCore.Query.Internal.EntityQueryable<ForexExchange.Models.ExchangeRate>>
7a5ac353c938       1          64 System.Func<Microsoft.EntityFrameworkCore.Internal.InternalDbSet<ForexExchange.Models.Customer>, Microsoft.EntityFrameworkCore.Query.Internal.EntityQueryable<ForexExchange.Models.Customer>>
7a5ac353edf0       1          64 System.Func<Microsoft.EntityFrameworkCore.DbContext, Microsoft.EntityFrameworkCore.Query.Internal.SingleQueryingEnumerable<ForexExchange.Models.Customer>+AsyncEnumerator, System.Threading.CancellationToken, System.Threading.Tasks.Task<System.Boolean>>
7a5ac35689b8       1          64 System.Func<Microsoft.EntityFrameworkCore.ChangeTracking.ValueComparer<System.Int32>, System.Func<System.Int32, System.Int32>>
7a5ac35725b0       1          64 System.Func<Microsoft.EntityFrameworkCore.ChangeTracking.ValueComparer<System.Int32>, System.Func<System.Int32, System.Int32, System.Boolean>>
7a5ac3573408       1          64 System.Func<Microsoft.EntityFrameworkCore.Internal.InternalDbSet<ForexExchange.Models.BankAccount>, Microsoft.EntityFrameworkCore.Query.Internal.EntityQueryable<ForexExchange.Models.BankAccount>>
7a5ac35730a0       2          64 System.Linq.Expressions.Expression1<System.Func<ForexExchange.Models.BankAccount, System.Boolean>>
7a5ac460d538       1          64 System.Func<Microsoft.Extensions.Logging.LoggerMessage+LogValues<System.String, System.Double>, System.Exception, System.String>
7a5ac3579808       1          64 System.Func<Microsoft.EntityFrameworkCore.Internal.InternalDbSet<ForexExchange.Models.SystemSettings>, Microsoft.EntityFrameworkCore.Query.Internal.EntityQueryable<ForexExchange.Models.SystemSettings>>
7a5ac3579630       2          64 Microsoft.EntityFrameworkCore.Query.Internal.EntityQueryable<ForexExchange.Models.SystemSettings>
7a5ac35792f8       2          64 System.Linq.Expressions.Expression1<System.Func<ForexExchange.Models.SystemSettings, System.Boolean>>
7a5ac357d8d8       1          64 System.Func<Microsoft.EntityFrameworkCore.DbContext, Microsoft.EntityFrameworkCore.Query.Internal.SingleQueryingEnumerable<ForexExchange.Models.SystemSettings>+AsyncEnumerator, System.Threading.CancellationToken, System.Threading.Tasks.Task<System.Boolean>>
7a5ac3585908       1          64 System.Func<Microsoft.AspNetCore.Builder.IApplicationBuilder, Microsoft.AspNetCore.Builder.IApplicationBuilder>
7a5ac35aaac0       2          64 System.Collections.Concurrent.ConcurrentDictionary<System.Type, System.Text.Json.JsonSerializerOptions+CachingContext+CacheEntry>
7a5ac35ac838       1          64 System.Func<System.Type, System.Text.Json.JsonSerializerOptions+CachingContext, System.Text.Json.JsonSerializerOptions+CachingContext+CacheEntry>
7a5ac35b11d0       1          64 System.Func<Microsoft.AspNetCore.StaticAssets.StaticAssetsManifest>
7a5ac35b55a0       1          64 System.Action<System.Text.Json.Utf8JsonWriter, Microsoft.AspNetCore.StaticAssets.StaticAssetsManifest>
7a5ac35c2f00       1          64 System.Func<System.Object, System.Collections.Generic.List<Microsoft.AspNetCore.StaticAssets.StaticAssetDescriptor>>
7a5ac35c2e10       1          64 System.Action<System.Object, System.Collections.Generic.List<Microsoft.AspNetCore.StaticAssets.StaticAssetDescriptor>>
7a5ac35f3368       1          64 System.Func<System.Collections.Generic.List<Microsoft.AspNetCore.StaticAssets.StaticAssetDescriptor>>
7a5ac35f3278       1          64 System.Action<System.Text.Json.Utf8JsonWriter, System.Collections.Generic.List<Microsoft.AspNetCore.StaticAssets.StaticAssetDescriptor>>
7a5ac35f94f0       1          64 System.Func<System.Object[], Microsoft.AspNetCore.StaticAssets.StaticAssetDescriptor>
7a5ac35f9400       1          64 System.Action<System.Text.Json.Utf8JsonWriter, Microsoft.AspNetCore.StaticAssets.StaticAssetDescriptor>
7a5ac36004d8       1          64 System.Func<System.Object, System.Collections.Generic.IReadOnlyList<Microsoft.AspNetCore.StaticAssets.StaticAssetSelector>>
7a5ac36003e8       1          64 System.Action<System.Object, System.Collections.Generic.IReadOnlyList<Microsoft.AspNetCore.StaticAssets.StaticAssetSelector>>
7a5ac3600118       1          64 System.Func<System.Object, System.Collections.Generic.IReadOnlyList<Microsoft.AspNetCore.StaticAssets.StaticAssetProperty>>
7a5ac3600028       1          64 System.Action<System.Object, System.Collections.Generic.IReadOnlyList<Microsoft.AspNetCore.StaticAssets.StaticAssetProperty>>
7a5ac36002f8       1          64 System.Func<System.Object, System.Collections.Generic.IReadOnlyList<Microsoft.AspNetCore.StaticAssets.StaticAssetResponseHeader>>
7a5ac3600208       1          64 System.Action<System.Object, System.Collections.Generic.IReadOnlyList<Microsoft.AspNetCore.StaticAssets.StaticAssetResponseHeader>>
7a5ac3602888       1          64 System.Action<System.Text.Json.Utf8JsonWriter, System.Collections.Generic.IReadOnlyList<Microsoft.AspNetCore.StaticAssets.StaticAssetSelector>>
7a5ac3603df0       1          64 System.Text.Json.Serialization.Converters.IEnumerableOfTConverter<System.Collections.Generic.IReadOnlyList<Microsoft.AspNetCore.StaticAssets.StaticAssetSelector>, Microsoft.AspNetCore.StaticAssets.StaticAssetSelector>
7a5ac3604ff0       1          64 System.Func<System.Object[], Microsoft.AspNetCore.StaticAssets.StaticAssetSelector>
7a5ac3604f00       1          64 System.Action<System.Text.Json.Utf8JsonWriter, Microsoft.AspNetCore.StaticAssets.StaticAssetSelector>
7a5ac3606f78       1          64 System.Action<System.Text.Json.Utf8JsonWriter, System.Collections.Generic.IReadOnlyList<Microsoft.AspNetCore.StaticAssets.StaticAssetProperty>>
7a5ac3607150       1          64 System.Text.Json.Serialization.Converters.IEnumerableOfTConverter<System.Collections.Generic.IReadOnlyList<Microsoft.AspNetCore.StaticAssets.StaticAssetProperty>, Microsoft.AspNetCore.StaticAssets.StaticAssetProperty>
7a5ac3608278       1          64 System.Func<System.Object[], Microsoft.AspNetCore.StaticAssets.StaticAssetProperty>
7a5ac3608188       1          64 System.Action<System.Text.Json.Utf8JsonWriter, Microsoft.AspNetCore.StaticAssets.StaticAssetProperty>
7a5ac3609148       1          64 System.Action<System.Text.Json.Utf8JsonWriter, System.Collections.Generic.IReadOnlyList<Microsoft.AspNetCore.StaticAssets.StaticAssetResponseHeader>>
7a5ac3609320       1          64 System.Text.Json.Serialization.Converters.IEnumerableOfTConverter<System.Collections.Generic.IReadOnlyList<Microsoft.AspNetCore.StaticAssets.StaticAssetResponseHeader>, Microsoft.AspNetCore.StaticAssets.StaticAssetResponseHeader>
7a5ac360a448       1          64 System.Func<System.Object[], Microsoft.AspNetCore.StaticAssets.StaticAssetResponseHeader>
7a5ac360a358       1          64 System.Action<System.Text.Json.Utf8JsonWriter, Microsoft.AspNetCore.StaticAssets.StaticAssetResponseHeader>
7a5ac36af550       1          64 System.Func<System.String, System.String, System.String>
7a5ac36b8380       2          64 Microsoft.Net.Http.Headers.GenericHeaderParser<Microsoft.Net.Http.Headers.MediaTypeHeaderValue>
7a5ac37c2940       2          64 System.Collections.Concurrent.ConcurrentDictionary<System.Type, System.Func<System.Object, System.Threading.CancellationToken, System.Threading.Tasks.Task<System.Collections.ICollection>>>
7a5ac37c3738       1          64 System.Func<Microsoft.AspNetCore.Mvc.ModelBinding.Validation.IModelValidatorProvider, System.Boolean>
7a5abef1da68       1          64 Microsoft.AspNetCore.Mvc.ModelBinding.Metadata.DefaultModelMetadataProvider
7a5ac37c5bc0       1          64 System.Func<Microsoft.AspNetCore.Mvc.ModelBinding.Metadata.ModelMetadataIdentity, Microsoft.AspNetCore.Mvc.ModelBinding.Metadata.DefaultModelMetadataProvider+ModelMetadataCacheEntry>
7a5ac37cc008       2          64 System.Collections.Concurrent.ConcurrentDictionary<System.Type, System.ComponentModel.ReflectTypeDescriptionProvider+ReflectedTypeData>
7a5ac37cf2b0       1          64 System.Func<System.Collections.Hashtable>
7a5ac37e19b8       1          64 System.Func<System.Collections.Generic.Dictionary<System.Object, System.ComponentModel.ReflectTypeDescriptionProvider+IntrinsicTypeConverterData>>
7a5ac37e2e00       2          64 System.Collections.Concurrent.ConcurrentDictionary<System.Type, System.Func<System.Linq.Expressions.ParameterExpression, System.Linq.Expressions.Expression, System.Linq.Expressions.Expression>>
7a5ac37e52b0       2          64 System.Collections.Concurrent.ConcurrentDictionary<System.Type, System.ValueTuple<System.Func<System.Reflection.ParameterInfo, System.Linq.Expressions.Expression>, System.Int32>>
7a5ac37e3878       2          64 System.Collections.Concurrent.ConcurrentDictionary<System.Type, System.ValueTuple<System.Reflection.ConstructorInfo, Microsoft.AspNetCore.Http.ParameterBindingMethodCache+ConstructorParameter[]>>
7a5ac37ef070       1          64 System.Func<Microsoft.AspNetCore.Mvc.ActionContext, Microsoft.AspNetCore.Mvc.IActionResult>
7a5ac38a7020       1          64 System.Func<Newtonsoft.Json.Utilities.StructMultiKey<System.String, System.String>, System.Type>
7a5ac38ae1d0       1          64 System.Func<Microsoft.AspNetCore.Mvc.ApplicationModels.IApplicationModelProvider, System.Int32>
7a5ac38af8c0       1          64 System.Func<Microsoft.AspNetCore.Mvc.ApplicationModels.IApplicationModelProvider, Microsoft.AspNetCore.Mvc.ApplicationModels.IApplicationModelProvider>
7a5ac38afcd0       1          64 System.Func<Microsoft.AspNetCore.Mvc.Abstractions.IActionDescriptorProvider, System.Int32>
7a5ac3923230       2          64 Microsoft.AspNetCore.Mvc.Routing.IRequestDelegateFactory[]
7a5ac3929800       2          64 Microsoft.AspNetCore.Mvc.Filters.IFilterProvider[]
7a5ac392a1b0       1          64 System.Func<System.Type, Microsoft.Extensions.DependencyInjection.ObjectFactory>
7a5ac392b430       2          64 System.Collections.Concurrent.ConcurrentDictionary<System.Type, Microsoft.Extensions.Internal.PropertyActivator<Microsoft.AspNetCore.Mvc.ControllerContext>[]>
7a5abf050518       1          64 Microsoft.AspNetCore.Mvc.Infrastructure.ControllerActionInvokerCache
7a5ac392c4b0       1          64 System.Func<Microsoft.AspNetCore.Mvc.Filters.IFilterProvider, System.Int32>
7a5ac3a1abd0       1          64 System.Func<Microsoft.AspNetCore.Mvc.Routing.IActionHttpMethodProvider, System.Collections.Generic.IEnumerable<System.String>>
7a5ac3a1d120       2          64 System.Collections.Concurrent.ConcurrentDictionary<System.Type, Microsoft.Extensions.Internal.PropertyHelper[]>
7a5ac3a33040       1          64 System.Func<Microsoft.AspNetCore.Mvc.Controller, Microsoft.AspNetCore.Mvc.ViewFeatures.ViewDataDictionary>
7a5ac3a334b0       1          64 System.Func<Microsoft.AspNetCore.Mvc.Controller, Microsoft.AspNetCore.Mvc.ViewFeatures.ITempDataDictionary>
7a5ac3a33640       1          64 System.Action<Microsoft.AspNetCore.Mvc.Controller, Microsoft.AspNetCore.Mvc.ViewFeatures.ITempDataDictionary>
7a5ac3a338e0       1          64 System.Func<Microsoft.AspNetCore.Mvc.Controller, System.Object>
7a5ac3a313c0       1          64 System.Func<Microsoft.AspNetCore.Mvc.ModelBinding.ModelMetadata, System.Int32>
7a5ac3a390e8       1          64 System.Func<Microsoft.AspNetCore.Mvc.ModelBinding.ModelMetadata, Microsoft.AspNetCore.Mvc.ModelBinding.ModelMetadata>
7a5ac3a632f8       1          64 System.Func<Microsoft.AspNetCore.Mvc.ApplicationModels.ParameterModel, System.Boolean>
7a5ac3a64560       1          64 System.Func<Microsoft.AspNetCore.Mvc.ApplicationModels.SelectorModel, System.Boolean>
7a5ac3a82720       1          64 System.Func<Microsoft.AspNetCore.Mvc.ApplicationModels.ApplicationModel, Microsoft.AspNetCore.Mvc.ApplicationModels.ControllerModel, Microsoft.AspNetCore.Mvc.ApplicationModels.ActionModel, Microsoft.AspNetCore.Mvc.ApplicationModels.SelectorModel, Microsoft.AspNetCore.Mvc.Controllers.ControllerActionDescriptor>
7a5ac3a85ba8       1          64 System.Func<Microsoft.AspNetCore.Mvc.ApplicationModels.PropertyModel, System.Boolean>
7a5ac3a85ab8       1          64 System.Func<Microsoft.AspNetCore.Mvc.ApplicationModels.PropertyModel, Microsoft.AspNetCore.Mvc.Abstractions.ParameterDescriptor>
7a5ac3a8c4e0       1          64 System.Action<Microsoft.AspNetCore.Connections.IConnectionBuilder>
7a5ac0590270       1          64 Microsoft.AspNetCore.Http.Connections.Internal.HttpConnectionManager
7a5ac3af7af8       2          64 Microsoft.AspNetCore.SignalR.Protocol.IHubProtocol[]
7a5ac3af9540       1          64 System.Func<System.Reflection.CustomAttributeData, System.Boolean>
7a5ac3cc1c30       1          64 System.IO.Enumeration.FileSystemEnumerable<System.IO.FileSystemInfo>+FindTransform
7a5ac3b1be60       1          64 System.Func<System.Delegate, Microsoft.AspNetCore.Http.RequestDelegateFactoryOptions, Microsoft.AspNetCore.Http.RequestDelegateMetadataResult, Microsoft.AspNetCore.Http.RequestDelegateResult>
7a5ac3cb09b8       1          64 System.Action<System.Runtime.InteropServices.PosixSignalContext>
7a5ac3cb3170       1          64 Microsoft.AspNetCore.Http.Features.FormOptions
7a5ac3cb5458       1          64 System.Action<Microsoft.AspNetCore.Builder.IApplicationBuilder>
7a5ac3cb99c8       1          64 System.Action<Microsoft.Extensions.Diagnostics.Metrics.MetricsOptions>
7a5ac3cba868       1          64 System.Func<System.String, Microsoft.Extensions.Options.IOptionsFactory<Microsoft.Extensions.Diagnostics.Metrics.MetricsOptions>, Microsoft.Extensions.Diagnostics.Metrics.MetricsOptions>
7a5ac3cbac50       1          64 System.Func<System.String, System.ValueTuple<System.Func<System.String, Microsoft.Extensions.Options.IOptionsFactory<Microsoft.Extensions.Diagnostics.Metrics.MetricsOptions>, Microsoft.Extensions.Diagnostics.Metrics.MetricsOptions>, Microsoft.Extensions.Options.IOptionsFactory<Microsoft.Extensions.Diagnostics.Metrics.MetricsOptions>>, System.Lazy<Microsoft.Extensions.Diagnostics.Metrics.MetricsOptions>>
7a5ac3cbe548       1          64 System.Func<System.String, Microsoft.Extensions.Options.IOptionsFactory<Microsoft.Extensions.DependencyInjection.MetricsServiceExtensions+NoOpOptions>, Microsoft.Extensions.DependencyInjection.MetricsServiceExtensions+NoOpOptions>
7a5ac3cbe930       1          64 System.Func<System.String, System.ValueTuple<System.Func<System.String, Microsoft.Extensions.Options.IOptionsFactory<Microsoft.Extensions.DependencyInjection.MetricsServiceExtensions+NoOpOptions>, Microsoft.Extensions.DependencyInjection.MetricsServiceExtensions+NoOpOptions>, Microsoft.Extensions.Options.IOptionsFactory<Microsoft.Extensions.DependencyInjection.MetricsServiceExtensions+NoOpOptions>>, System.Lazy<Microsoft.Extensions.DependencyInjection.MetricsServiceExtensions+NoOpOptions>>
7a5ac3cc0608       1          64 System.Func<System.Threading.Tasks.Task<Microsoft.AspNetCore.DataProtection.KeyManagement.Internal.CacheableKeyRing>, System.AggregateException>
7a5ac3ce43e8       1          64 System.Xml.Linq.XHashtable<System.Xml.Linq.XName>+ExtractKeyDelegate
7a5ac3ce41c0       1          64 System.Xml.Linq.XHashtable<System.WeakReference<System.Xml.Linq.XNamespace>>+ExtractKeyDelegate
7a5ac3ceb998       1          64 System.Func<Microsoft.AspNetCore.DataProtection.AuthenticatedEncryption.ConfigurationModel.IAuthenticatedEncryptorDescriptor>
7a5ac3d0e220       1          64 System.Func<Microsoft.AspNetCore.DataProtection.KeyManagement.IKey, System.DateTimeOffset>
7a5ac3d0e4d8       1          64 System.Func<Microsoft.AspNetCore.DataProtection.KeyManagement.IKey, System.Guid>
7a5ac3d18918       1          64 System.Func<System.Security.Cryptography.SymmetricAlgorithm>
7a5ac3d18b38       1          64 System.Func<System.Security.Cryptography.KeyedHashAlgorithm>
7a5ac3d19518       2          64 System.Security.Cryptography.KeySizes[]
7a5ac3d194a0       2          64 System.Security.Cryptography.KeySizes
7a5ac3d24040       1          64 System.Func<System.Byte[], System.Security.Cryptography.HashAlgorithm>
7a5ac3d2ab48       1          64 System.Action<Microsoft.AspNetCore.Routing.IEndpointRouteBuilder>
7a5ac3d2c2e8       1          64 System.Collections.Specialized.NotifyCollectionChangedEventHandler
7a5ac3d2ce88       1          64 System.Func<System.Collections.Generic.IReadOnlyList<Microsoft.AspNetCore.Http.Endpoint>, System.Collections.Concurrent.ConcurrentDictionary<Microsoft.AspNetCore.Http.Endpoint, Microsoft.AspNetCore.Authorization.AuthorizationPolicy>>
7a5ac3d2d6c0       1          64 System.Func<System.Collections.Concurrent.ConcurrentDictionary<Microsoft.AspNetCore.Http.Endpoint, Microsoft.AspNetCore.Authorization.AuthorizationPolicy>>
7a5ac3d53910       2          64 Microsoft.Net.Http.Headers.GenericHeaderParser<Microsoft.Net.Http.Headers.EntityTagHeaderValue>
7a5ac3d59b90       1          64 System.Func<Microsoft.AspNetCore.Mvc.Filters.FilterDescriptor, Microsoft.AspNetCore.Mvc.Filters.IFilterMetadata>
7a5ac3d5cf20       1          64 Microsoft.Extensions.Options.IConfigureOptions<Microsoft.AspNetCore.Authentication.AuthenticationOptions>[]
7a5ac3585008       1          64 Microsoft.AspNetCore.HttpsPolicy.HttpsRedirectionMiddleware
7a5abdeb3868       2          64 Microsoft.Extensions.Primitives.StringSegment
7a5ac3d776a0       1          64 System.Func<System.String, Microsoft.Extensions.Options.IOptionsFactory<Microsoft.AspNetCore.HostFiltering.HostFilteringOptions>, Microsoft.AspNetCore.HostFiltering.HostFilteringOptions>
7a5ac3d77a88       1          64 System.Func<System.String, System.ValueTuple<System.Func<System.String, Microsoft.Extensions.Options.IOptionsFactory<Microsoft.AspNetCore.HostFiltering.HostFilteringOptions>, Microsoft.AspNetCore.HostFiltering.HostFilteringOptions>, Microsoft.Extensions.Options.IOptionsFactory<Microsoft.AspNetCore.HostFiltering.HostFilteringOptions>>, System.Lazy<Microsoft.AspNetCore.HostFiltering.HostFilteringOptions>>
7a5ac3d28788       1          64 Microsoft.AspNetCore.Hosting.HostingApplicationDiagnostics
7a5ac3d7b550       1          64 System.Func<Microsoft.AspNetCore.Server.Kestrel.Core.ListenOptions, System.Threading.CancellationToken, System.Threading.Tasks.Task>
7a5ac3d83cf8       1          64 System.Action<Microsoft.AspNetCore.Http.Features.FeatureCollection, Microsoft.AspNetCore.Server.Kestrel.Core.ListenOptions, Microsoft.Extensions.Logging.ILogger<Microsoft.AspNetCore.Server.Kestrel.Https.Internal.HttpsConnectionMiddleware>>
7a5ac3d7f400       1          64 System.Func<Microsoft.AspNetCore.Server.Kestrel.Core.ListenOptions, Microsoft.AspNetCore.Server.Kestrel.Core.ListenOptions>
7a5ac3af5738       1          64 System.Func<Microsoft.AspNetCore.Connections.ConnectionDelegate, Microsoft.AspNetCore.Connections.ConnectionDelegate>
7a5ac3e00928       1          64 Microsoft.AspNetCore.Server.Kestrel.Transport.Sockets.SocketConnectionFactoryOptions
7a5ac3f81ab0       1          64 System.Buffers.SpanAction<System.Char, System.Int64>
7a5ac3fc65b8       1          64 System.Func<Microsoft.AspNetCore.Http.Features.IFeatureCollection, Microsoft.AspNetCore.Http.Features.IQueryFeature>
7a5ac3fc6140       1          64 System.Func<Microsoft.AspNetCore.Http.DefaultHttpRequest, Microsoft.AspNetCore.Http.Features.IFormFeature>
7a5ac3fc6760       1          64 System.Func<Microsoft.AspNetCore.Http.Features.IFeatureCollection, Microsoft.AspNetCore.Http.Features.IRequestCookiesFeature>
7a5ac3fc6320       1          64 System.Func<Microsoft.AspNetCore.Http.Features.IFeatureCollection, Microsoft.AspNetCore.Http.Features.IRouteValuesFeature>
7a5ac3fc6230       1          64 System.Func<Microsoft.AspNetCore.Http.HttpContext, Microsoft.AspNetCore.Http.Features.IRequestBodyPipeFeature>
7a5ac3fc5e00       1          64 System.Diagnostics.DistributedContextPropagator+PropagatorGetterCallback
7a5ac3fc8990       1          64 System.Buffers.SpanAction<System.Char, System.ValueTuple<System.IntPtr, System.HexConverter+Casing>>
7a5ac3fc9a30       1          64 System.Func<Microsoft.AspNetCore.Http.Features.IFeatureCollection, Microsoft.AspNetCore.Http.Features.IItemsFeature>
7a5ac3fc9760       1          64 System.Func<Microsoft.AspNetCore.Http.DefaultHttpContext, Microsoft.AspNetCore.Http.Features.IServiceProvidersFeature>
7a5ac3fc9c10       1          64 System.Func<Microsoft.AspNetCore.Http.Features.IFeatureCollection, Microsoft.AspNetCore.Http.Features.Authentication.IHttpAuthenticationFeature>
7a5ac3fc9940       1          64 System.Func<Microsoft.AspNetCore.Http.Features.IFeatureCollection, Microsoft.AspNetCore.Http.Features.IHttpRequestLifetimeFeature>
7a5ac3fc9850       1          64 System.Func<Microsoft.AspNetCore.Http.Features.IFeatureCollection, Microsoft.AspNetCore.Http.Features.IHttpRequestIdentifierFeature>
7a5ac3fcb068       1          64 System.Buffers.SpanAction<System.Char, System.ValueTuple<System.String, System.Char, System.UInt32>>
7a5ac40d07f8       1          64 System.Func<Microsoft.Extensions.Logging.LoggerMessage+LogValues, System.Exception, System.String>
7a5ac40d2b70       2          64 Microsoft.AspNetCore.Routing.Matching.DataSourceDependentMatcher
7a5ac40d4240       1          64 System.Func<Microsoft.AspNetCore.Mvc.ActionConstraints.IActionConstraintProvider, System.Int32>
7a5ac40d7ab0       1          64 System.Func<Microsoft.AspNetCore.Routing.MatcherPolicy, System.Int32>
7a5ac40dd7f8       1          64 System.Func<Microsoft.AspNetCore.Routing.MatcherPolicy, Microsoft.AspNetCore.Routing.MatcherPolicy>
7a5ac40f14e8       1          64 System.Comparison<Microsoft.AspNetCore.Routing.Matching.DfaMatcherBuilder+DfaBuilderWorkerWorkItem>
7a5ac410ac10       1          64 System.Func<System.ValueTuple<System.String, System.Int32>, System.String>
7a5ac41612e8       1          64 System.Collections.Frozen.KeyAnalyzer+GetSpan
7a5ac4168620       1          64 System.Func<Microsoft.AspNetCore.Http.Features.IFeatureCollection, Microsoft.AspNetCore.Http.Features.IHttpResponseFeature>
7a5ac4168530       1          64 System.Func<Microsoft.AspNetCore.Http.Features.IFeatureCollection, Microsoft.AspNetCore.Http.Features.IHttpResponseBodyFeature>
7a5ac4168710       1          64 System.Func<Microsoft.AspNetCore.Http.Features.IFeatureCollection, Microsoft.AspNetCore.Http.Features.IResponseCookiesFeature>
7a5ac416cfb0       1          64 Microsoft.Extensions.Options.IConfigureOptions<Microsoft.AspNetCore.Authentication.Cookies.CookieAuthenticationOptions>[]
7a5ac416f738       1          64 System.Func<System.String, Microsoft.Extensions.Options.IOptionsFactory<Microsoft.AspNetCore.Authentication.Cookies.CookieAuthenticationOptions>, Microsoft.AspNetCore.Authentication.Cookies.CookieAuthenticationOptions>
7a5ac416fb20       1          64 System.Func<System.String, System.ValueTuple<System.Func<System.String, Microsoft.Extensions.Options.IOptionsFactory<Microsoft.AspNetCore.Authentication.Cookies.CookieAuthenticationOptions>, Microsoft.AspNetCore.Authentication.Cookies.CookieAuthenticationOptions>, Microsoft.Extensions.Options.IOptionsFactory<Microsoft.AspNetCore.Authentication.Cookies.CookieAuthenticationOptions>>, System.Lazy<Microsoft.AspNetCore.Authentication.Cookies.CookieAuthenticationOptions>>
7a5ac4172400       1          64 System.Func<Microsoft.AspNetCore.Authentication.Cookies.CookieSlidingExpirationContext, System.Threading.Tasks.Task>
7a5ac4171f88       1          64 System.Func<Microsoft.AspNetCore.Authentication.Cookies.CookieSigningInContext, System.Threading.Tasks.Task>
7a5ac4171d78       1          64 System.Func<Microsoft.AspNetCore.Authentication.Cookies.CookieSignedInContext, System.Threading.Tasks.Task>
7a5ac4172190       1          64 System.Func<Microsoft.AspNetCore.Authentication.Cookies.CookieSigningOutContext, System.Threading.Tasks.Task>
7a5ac4242148       1          64 System.Func<System.Type, System.Func<Microsoft.EntityFrameworkCore.ChangeTracking.Internal.IStateManager, Microsoft.EntityFrameworkCore.Internal.IDbSetSource, Microsoft.EntityFrameworkCore.Internal.IDbSetCache, Microsoft.EntityFrameworkCore.Metadata.IEntityType, Microsoft.EntityFrameworkCore.Internal.IEntityFinder>>
7a5ac42821a8       1          64 System.Func<Microsoft.EntityFrameworkCore.Internal.InternalDbSet<Microsoft.AspNetCore.Identity.IdentityUserClaim<System.String>>, Microsoft.EntityFrameworkCore.Query.Internal.EntityQueryable<Microsoft.AspNetCore.Identity.IdentityUserClaim<System.String>>>
7a5ac428fde0       1          64 System.Func<Microsoft.EntityFrameworkCore.DbContext, Microsoft.EntityFrameworkCore.Query.Internal.SingleQueryingEnumerable<System.Security.Claims.Claim>+AsyncEnumerator, System.Threading.CancellationToken, System.Threading.Tasks.Task<System.Boolean>>
7a5ac4490b90       1          64 System.Func<Microsoft.EntityFrameworkCore.ChangeTracking.ValueComparer<System.String>, System.Func<System.String, System.String, System.Boolean>>
7a5ac449c680       2          64 System.Linq.Expressions.Expression1<System.Func<Microsoft.AspNetCore.Identity.IdentityUserRole<System.String>, System.String>>
7a5ac1bae2e8       2          64 System.Linq.Expressions.Expression1<System.Func<Microsoft.AspNetCore.Identity.IdentityRole, System.String>>
7a5ac449d0d8       1          64 System.Func<Microsoft.EntityFrameworkCore.Internal.InternalDbSet<Microsoft.AspNetCore.Identity.IdentityUserRole<System.String>>, Microsoft.EntityFrameworkCore.Query.Internal.EntityQueryable<Microsoft.AspNetCore.Identity.IdentityUserRole<System.String>>>
7a5ac44b96f0       1          64 System.Func<Microsoft.EntityFrameworkCore.DbContext, Microsoft.EntityFrameworkCore.Query.Internal.SingleQueryingEnumerable<System.String>+AsyncEnumerator, System.Threading.CancellationToken, System.Threading.Tasks.Task<System.Boolean>>
7a5ac44bd6c8       1          64 System.Func<Microsoft.EntityFrameworkCore.Internal.InternalDbSet<Microsoft.AspNetCore.Identity.IdentityRoleClaim<System.String>>, Microsoft.EntityFrameworkCore.Query.Internal.EntityQueryable<Microsoft.AspNetCore.Identity.IdentityRoleClaim<System.String>>>
7a5ac44c35f0       1          64 System.Func<Microsoft.Extensions.Logging.LoggerMessage+LogValues<Microsoft.AspNetCore.Http.Endpoint>, System.Exception, System.String>
7a5ac44cf8f8       1          64 System.Action<Microsoft.Extensions.Logging.ILogger, System.String, System.Reflection.MethodInfo, System.String, System.String, System.Exception>
7a5ac44e12b0       1          64 System.Func<Microsoft.Extensions.Logging.LoggerMessage+LogValues<System.String, System.Reflection.MethodInfo, System.String, System.String>, System.Exception, System.String>
7a5ac45046f0       1          64 System.Func<Microsoft.EntityFrameworkCore.Metadata.RuntimeNavigation, Microsoft.EntityFrameworkCore.Metadata.IClrCollectionAccessor>
7a5ac4512970       1          64 System.Func<Microsoft.EntityFrameworkCore.DbContext, Microsoft.EntityFrameworkCore.Query.Internal.SingleQueryingEnumerable<ForexExchange.Models.ExchangeRate>+AsyncEnumerator, System.Threading.CancellationToken, System.Threading.Tasks.Task<System.Boolean>>
7a5ac346be08       1          64 System.Predicate<Microsoft.EntityFrameworkCore.Query.SqlExpressions.OrderingExpression>
7a5ac451e750       1          64 System.Func<Microsoft.EntityFrameworkCore.Metadata.RuntimePropertyBase, Microsoft.EntityFrameworkCore.Metadata.IClrPropertyGetter>
7a5ac48f16d0       1          64 System.Func<Microsoft.EntityFrameworkCore.Metadata.IEntityType, System.Collections.Generic.IEnumerable<Microsoft.EntityFrameworkCore.Metadata.IServiceProperty>>
7a5ac4531fd0       1          64 System.Func<Microsoft.EntityFrameworkCore.Metadata.IServiceProperty, System.Boolean>
7a5ac4540648       1          64 System.Func<Microsoft.AspNetCore.Razor.Hosting.RazorCompiledItem, System.String>
7a5ac4540738       1          64 System.Func<System.Linq.IGrouping<System.String, Microsoft.AspNetCore.Razor.Hosting.RazorCompiledItem>, System.Boolean>
7a5ac4548be0       2          64 System.Collections.Generic.List<Microsoft.AspNetCore.Mvc.ModelBinding.Validation.IClientModelValidatorProvider>
7a5ac45501d8       1          64 System.Action<Microsoft.Extensions.Logging.ILogger, System.String, System.Collections.Generic.IEnumerable<System.String>, System.Exception>
7a5ac629e3c0       1          64 System.Func<Microsoft.EntityFrameworkCore.Query.QueryContext, System.Collections.Generic.IAsyncEnumerable<<>f__AnonymousType219<System.Int64, System.Int32, System.String, System.Decimal, System.DateTime, System.String>>>
7a5ac629fe18       1          64 System.Func<Microsoft.EntityFrameworkCore.DbContext, Microsoft.EntityFrameworkCore.Query.Internal.SingleQueryingEnumerable<<>f__AnonymousType219<System.Int64, System.Int32, System.String, System.Decimal, System.DateTime, System.String>>+AsyncEnumerator, System.Threading.CancellationToken, System.Threading.Tasks.Task<System.Boolean>>
7a5ac62b02b8       1          64 System.Func<Microsoft.EntityFrameworkCore.Storage.ValueConversion.ValueConverter<ForexExchange.Models.CustomerBalanceTransactionType, System.Int32>, System.Func<System.Object, System.Object>>
7a5ac62b04b8       1          64 System.Func<Microsoft.EntityFrameworkCore.Storage.ValueConversion.ValueConverter<ForexExchange.Models.CustomerBalanceTransactionType, System.Int32>, System.Func<ForexExchange.Models.CustomerBalanceTransactionType, System.Int32>>
7a5ac19f8cc8       1          64 System.Func<ForexExchange.Models.CustomerBalanceTransactionType, System.Int32>
7a5ac62b1268       1          64 System.Func<Microsoft.EntityFrameworkCore.Internal.InternalDbSet<ForexExchange.Models.BankAccountBalanceHistory>, Microsoft.EntityFrameworkCore.Query.Internal.EntityQueryable<ForexExchange.Models.BankAccountBalanceHistory>>
7a5ac62b28a0       1          64 System.Func<Microsoft.EntityFrameworkCore.Query.QueryContext, System.Collections.Generic.IAsyncEnumerable<<>f__AnonymousType220<System.Int64, System.Int32, System.Decimal, System.DateTime, System.String>>>
7a5ac62b43d8       1          64 System.Func<Microsoft.EntityFrameworkCore.DbContext, Microsoft.EntityFrameworkCore.Query.Internal.SingleQueryingEnumerable<<>f__AnonymousType220<System.Int64, System.Int32, System.Decimal, System.DateTime, System.String>>+AsyncEnumerator, System.Threading.CancellationToken, System.Threading.Tasks.Task<System.Boolean>>
7a5ac62b4a10       1          64 System.Func<Microsoft.EntityFrameworkCore.Storage.ValueConversion.ValueConverter<ForexExchange.Models.BankAccountTransactionType, System.Int32>, System.Func<System.Object, System.Object>>
7a5ac62b4c30       1          64 System.Func<Microsoft.EntityFrameworkCore.Storage.ValueConversion.ValueConverter<ForexExchange.Models.BankAccountTransactionType, System.Int32>, System.Func<ForexExchange.Models.BankAccountTransactionType, System.Int32>>
7a5ac1991648       1          64 System.Func<ForexExchange.Models.BankAccountTransactionType, System.Int32>
7a5ac62b59e0       1          64 System.Func<Microsoft.EntityFrameworkCore.Internal.InternalDbSet<ForexExchange.Models.CurrencyPoolHistory>, Microsoft.EntityFrameworkCore.Query.Internal.EntityQueryable<ForexExchange.Models.CurrencyPoolHistory>>
7a5ac62b7018       1          64 System.Func<Microsoft.EntityFrameworkCore.Query.QueryContext, System.Collections.Generic.IAsyncEnumerable<<>f__AnonymousType221<System.Int64, System.String, System.Decimal, System.DateTime, System.String>>>
7a5ac62ba768       1          64 System.Func<Microsoft.EntityFrameworkCore.DbContext, Microsoft.EntityFrameworkCore.Query.Internal.SingleQueryingEnumerable<<>f__AnonymousType221<System.Int64, System.String, System.Decimal, System.DateTime, System.String>>+AsyncEnumerator, System.Threading.CancellationToken, System.Threading.Tasks.Task<System.Boolean>>
7a5ac62bada0       1          64 System.Func<Microsoft.EntityFrameworkCore.Storage.ValueConversion.ValueConverter<ForexExchange.Models.CurrencyPoolTransactionType, System.Int32>, System.Func<System.Object, System.Object>>
7a5ac62bafc0       1          64 System.Func<Microsoft.EntityFrameworkCore.Storage.ValueConversion.ValueConverter<ForexExchange.Models.CurrencyPoolTransactionType, System.Int32>, System.Func<ForexExchange.Models.CurrencyPoolTransactionType, System.Int32>>
7a5ac19f5b80       1          64 System.Func<ForexExchange.Models.CurrencyPoolTransactionType, System.Int32>
7a5ac4556c18       1          64 System.Action<AspNetCoreGeneratedDocument.Views__ViewStart, Microsoft.AspNetCore.Mvc.ViewFeatures.IModelExpressionProvider>
7a5ac4556da8       1          64 System.Action<AspNetCoreGeneratedDocument.Views__ViewStart, Microsoft.AspNetCore.Mvc.IUrlHelper>
7a5ac4556f48       1          64 System.Action<AspNetCoreGeneratedDocument.Views__ViewStart, Microsoft.AspNetCore.Mvc.IViewComponentHelper>
7a5ac45570d8       1          64 System.Action<AspNetCoreGeneratedDocument.Views__ViewStart, Microsoft.AspNetCore.Mvc.Rendering.IJsonHelper>
7a5ac4557828       1          64 System.Action<AspNetCoreGeneratedDocument.Views__ViewStart, Microsoft.AspNetCore.Mvc.Rendering.IHtmlHelper<System.Object>>
7a5ac455b148       1          64 System.Func<Microsoft.AspNetCore.Routing.UriBuildingContext>
7a5ac455b290       1          64 System.Func<Microsoft.AspNetCore.Routing.UriBuildingContext, System.Boolean>
7a5abeb8e208       1          64 Microsoft.AspNetCore.Routing.DefaultLinkGenerator
7a5ac455c050       1          64 System.Func<System.Collections.Generic.IReadOnlyList<Microsoft.AspNetCore.Http.Endpoint>, System.Collections.Concurrent.ConcurrentDictionary<Microsoft.AspNetCore.Routing.RouteEndpoint, Microsoft.AspNetCore.Routing.Template.TemplateBinder>>
7a5ac455c348       1          64 System.Func<System.Collections.Concurrent.ConcurrentDictionary<Microsoft.AspNetCore.Routing.RouteEndpoint, Microsoft.AspNetCore.Routing.Template.TemplateBinder>>
7a5ac455b818       1          64 System.Func<Microsoft.AspNetCore.Routing.RouteEndpoint, Microsoft.AspNetCore.Routing.Template.TemplateBinder>
7a5ac455d028       1          64 System.Func<System.Type, Microsoft.Extensions.Internal.PropertyActivator<Microsoft.AspNetCore.Mvc.ViewComponents.ViewComponentContext>[]>
7a5ac455f508       1          64 System.Func<Microsoft.AspNetCore.Antiforgery.AntiforgerySerializationContext>
7a5ac455f5f8       1          64 System.Func<Microsoft.AspNetCore.Antiforgery.AntiforgerySerializationContext, System.Boolean>
7a5ac22c2810       1          64 System.Buffers.SpanAction<System.Char, System.IntPtr>
7a5ac4573c58       1          64 System.Action<AspNetCoreGeneratedDocument.Views_ExchangeRates_Index, ForexExchange.Services.ISettingsService>
7a5ac4573de8       1          64 System.Action<AspNetCoreGeneratedDocument.Views_ExchangeRates_Index, Microsoft.AspNetCore.Mvc.ViewFeatures.IModelExpressionProvider>
7a5ac4573f78       1          64 System.Action<AspNetCoreGeneratedDocument.Views_ExchangeRates_Index, Microsoft.AspNetCore.Mvc.IUrlHelper>
7a5ac4574108       1          64 System.Action<AspNetCoreGeneratedDocument.Views_ExchangeRates_Index, Microsoft.AspNetCore.Mvc.IViewComponentHelper>
7a5ac4574298       1          64 System.Action<AspNetCoreGeneratedDocument.Views_ExchangeRates_Index, Microsoft.AspNetCore.Mvc.Rendering.IJsonHelper>
7a5ac45744c0       1          64 System.Action<AspNetCoreGeneratedDocument.Views_ExchangeRates_Index, Microsoft.AspNetCore.Mvc.Rendering.IHtmlHelper<System.Collections.Generic.IEnumerable<ForexExchange.Models.ExchangeRate>>>
7a5ac45a8cb8       2          64 System.Collections.Concurrent.ConcurrentDictionary<System.Type, Microsoft.Extensions.Internal.PropertyActivator<Microsoft.AspNetCore.Mvc.Rendering.ViewContext>[]>
7a5ac45aa2c0       1          64 System.Action<Microsoft.AspNetCore.Mvc.TagHelpers.AnchorTagHelper, Microsoft.AspNetCore.Mvc.Rendering.ViewContext>
7a5ac45aca88       1          64 System.Func<System.Collections.Generic.IReadOnlyList<Microsoft.AspNetCore.Http.Endpoint>, Microsoft.AspNetCore.Routing.RouteValuesAddressScheme+StateEntry>
7a5ac45acb88       1          64 System.Func<Microsoft.AspNetCore.Routing.RouteValuesAddressScheme+StateEntry>
7a5ac3a6e8b8       1          64 System.Func<Microsoft.AspNetCore.Routing.Patterns.RoutePatternParameterPolicyReference, Microsoft.AspNetCore.Routing.Template.InlineConstraint>
7a5ac45bcbf0       1          64 System.Func<System.Collections.Generic.KeyValuePair<System.String, Microsoft.AspNetCore.Routing.DecisionTree.DecisionTreeBuilder<Microsoft.AspNetCore.Routing.Tree.OutboundMatch>+Criterion>, System.Int32>
7a5ac45be5d8       1          64 System.Func<System.Collections.Generic.KeyValuePair<System.String, Microsoft.AspNetCore.Routing.DecisionTree.DecisionTreeBuilder<Microsoft.AspNetCore.Routing.Tree.OutboundMatch>+Criterion>, System.Collections.Generic.KeyValuePair<System.String, Microsoft.AspNetCore.Routing.DecisionTree.DecisionTreeBuilder<Microsoft.AspNetCore.Routing.Tree.OutboundMatch>+Criterion>>
7a5ac0a27758       1          64 System.IO.MemoryStream
7a5ac45e2ef8       2          64 Microsoft.Net.Http.Headers.GenericHeaderParser<Microsoft.Net.Http.Headers.SetCookieHeaderValue>
7a5ac45e6af0       1          64 System.Action<AspNetCoreGeneratedDocument.Views_Shared__Layout, ForexExchange.Services.ISettingsService>
7a5ac45e6c80       1          64 System.Action<AspNetCoreGeneratedDocument.Views_Shared__Layout, Microsoft.AspNetCore.Mvc.ViewFeatures.IModelExpressionProvider>
7a5ac45e6e10       1          64 System.Action<AspNetCoreGeneratedDocument.Views_Shared__Layout, Microsoft.AspNetCore.Mvc.IUrlHelper>
7a5ac45e6fa0       1          64 System.Action<AspNetCoreGeneratedDocument.Views_Shared__Layout, Microsoft.AspNetCore.Mvc.IViewComponentHelper>
7a5ac45e7130       1          64 System.Action<AspNetCoreGeneratedDocument.Views_Shared__Layout, Microsoft.AspNetCore.Mvc.Rendering.IJsonHelper>
7a5ac45e72c0       1          64 System.Action<AspNetCoreGeneratedDocument.Views_Shared__Layout, Microsoft.AspNetCore.Mvc.Rendering.IHtmlHelper<System.Object>>
7a5ac45ef658       1          64 System.Func<Microsoft.AspNetCore.Mvc.TagHelpers.LinkTagHelper+Mode, Microsoft.AspNetCore.Mvc.TagHelpers.LinkTagHelper+Mode, System.Int32>
7a5ac4604758       1          64 System.Func<Microsoft.AspNetCore.Mvc.TagHelpers.ScriptTagHelper+Mode, Microsoft.AspNetCore.Mvc.TagHelpers.ScriptTagHelper+Mode, System.Int32>
7a5ac4636c28       2          64 System.Collections.Generic.List<System.ArraySegment<System.Byte>>
7a5ac46420a0       1          64 System.Func<System.ValueTuple<System.String, System.Int32>, System.Boolean>
7a5ac4643330       1          64 Microsoft.AspNetCore.Routing.Matching.ILEmitTrieFactory+Methods
7a5ac46395c0       1          64 System.Action<Microsoft.AspNetCore.Server.Kestrel.Transport.Sockets.Internal.SocketConnection>
7a5ac4644458       2          64 Microsoft.Net.Http.Headers.GenericHeaderParser<Microsoft.Net.Http.Headers.StringWithQualityHeaderValue>
7a5ac464a3b0       1          64 System.Comparison<System.Linq.IGrouping<System.UInt16, System.ValueTuple<System.String, System.Int32>>>
7a5ac466fe80       1          64 System.Action<Microsoft.Win32.SafeHandles.SafeFileHandle+ThreadPoolValueTaskSource>
7a5ac46841c8       1          64 System.Action<Microsoft.Extensions.Logging.ILogger, System.Int32, System.String, System.Exception>
7a5ac4685298       1          64 System.Func<Microsoft.Extensions.Logging.LoggerMessage+LogValues<System.String, System.String>, System.Exception, System.String>
7a5ac4793ae8       2          64 Microsoft.AspNetCore.Authorization.AuthorizationResult
7a5ac4931870       2          64 System.Linq.Expressions.Expression1<System.Func<ForexExchange.Models.Currency, System.Int32>>
7a5ac49330c8       1          64 System.Func<Microsoft.EntityFrameworkCore.Query.QueryContext, System.Collections.Generic.IAsyncEnumerable<<>f__AnonymousType35<System.Int32, System.String, System.String>>>
7a5ac4935f00       1          64 System.Func<Microsoft.EntityFrameworkCore.DbContext, Microsoft.EntityFrameworkCore.Query.Internal.SingleQueryingEnumerable<<>f__AnonymousType35<System.Int32, System.String, System.String>>+AsyncEnumerator, System.Threading.CancellationToken, System.Threading.Tasks.Task<System.Boolean>>
7a5ac4942e68       1          64 System.Collections.Generic.HashSet<Microsoft.CSharp.RuntimeBinder.SymbolTable+NameHashKey>
7a5ac4954ab0       1          64 System.Action<AspNetCoreGeneratedDocument.Views_ExchangeRates_Manage, Microsoft.AspNetCore.Mvc.ViewFeatures.IModelExpressionProvider>
7a5ac4954c40       1          64 System.Action<AspNetCoreGeneratedDocument.Views_ExchangeRates_Manage, Microsoft.AspNetCore.Mvc.IUrlHelper>
7a5ac4954dd0       1          64 System.Action<AspNetCoreGeneratedDocument.Views_ExchangeRates_Manage, Microsoft.AspNetCore.Mvc.IViewComponentHelper>
7a5ac4954f60       1          64 System.Action<AspNetCoreGeneratedDocument.Views_ExchangeRates_Manage, Microsoft.AspNetCore.Mvc.Rendering.IJsonHelper>
7a5ac49550f0       1          64 System.Action<AspNetCoreGeneratedDocument.Views_ExchangeRates_Manage, Microsoft.AspNetCore.Mvc.Rendering.IHtmlHelper<System.Collections.Generic.IEnumerable<ForexExchange.Models.ExchangeRate>>>
7a5ac4957958       1          64 System.Action<Microsoft.AspNetCore.Mvc.TagHelpers.FormTagHelper, Microsoft.AspNetCore.Mvc.Rendering.ViewContext>
7a5ac4958298       1          64 System.Action<Microsoft.AspNetCore.Mvc.TagHelpers.RenderAtEndOfFormTagHelper, Microsoft.AspNetCore.Mvc.Rendering.ViewContext>
7a5ac495e350       1          64 System.Dynamic.DynamicObject+MetaDynamic+Fallback<System.Dynamic.GetMemberBinder>
7a5ac49924b8       1          64 Microsoft.Net.Http.Headers.GenericHeaderParser<Microsoft.Net.Http.Headers.CacheControlHeaderValue>+GetParsedValueLengthDelegate
7a5ac4992198       1          64 System.Action<Microsoft.Extensions.Primitives.StringSegment>
7a5ac4992930       2          64 Microsoft.Net.Http.Headers.GenericHeaderParser<Microsoft.Net.Http.Headers.NameValueHeaderValue>
7a5ac49957e0       1          64 Microsoft.AspNetCore.Mvc.Filters.ResponseCacheFilterExecutor
7a5ac49bb5d8       1          64 System.Func<System.ValueTuple<System.String, System.Type, System.Reflection.MemberInfo>, System.Func<System.ValueTuple<System.String, System.Type, System.Reflection.MemberInfo>, System.Func<System.Object, System.String>>, System.Text.Json.Serialization.Metadata.ReflectionEmitCachingMemberAccessor+Cache<System.ValueTuple<System.String, System.Type, System.Reflection.MemberInfo>>+CacheEntry>
7a5ac49bdec8       1          64 System.Func<System.ValueTuple<System.String, System.Type, System.Reflection.MemberInfo>, System.Func<System.ValueTuple<System.String, System.Type, System.Reflection.MemberInfo>, System.Func<System.Object, <>f__AnonymousType38<System.String, System.String, System.String, System.String>[]>>, System.Text.Json.Serialization.Metadata.ReflectionEmitCachingMemberAccessor+Cache<System.ValueTuple<System.String, System.Type, System.Reflection.MemberInfo>>+CacheEntry>
7a5ac49be948       1          64 System.Func<System.ValueTuple<System.String, System.Type, System.Reflection.MemberInfo>, System.Func<System.ValueTuple<System.String, System.Type, System.Reflection.MemberInfo>, System.Func<System.Object, System.String[]>>, System.Text.Json.Serialization.Metadata.ReflectionEmitCachingMemberAccessor+Cache<System.ValueTuple<System.String, System.Type, System.Reflection.MemberInfo>>+CacheEntry>
7a5ac49bf3d0       1          64 System.Func<System.ValueTuple<System.String, System.Type, System.Reflection.MemberInfo>, System.Func<System.ValueTuple<System.String, System.Type, System.Reflection.MemberInfo>, System.Func<System.Object[], <>f__AnonymousType37<System.String, System.String, System.String, <>f__AnonymousType38<System.String, System.String, System.String, System.String>[], System.String, System.String, System.String, System.String, System.String, System.String[], System.String, System.String>>>, System.Text.Json.Serialization.Metadata.ReflectionEmitCachingMemberAccessor+Cache<System.ValueTuple<System.String, System.Type, System.Reflection.MemberInfo>>+CacheEntry>
7a5ac4a008f0       1          64 System.Func<System.ValueTuple<System.String, System.Type, System.Reflection.MemberInfo>, System.Func<System.ValueTuple<System.String, System.Type, System.Reflection.MemberInfo>, System.Text.Json.Serialization.Metadata.JsonTypeInfo+ParameterizedConstructorDelegate<<>f__AnonymousType38<System.String, System.String, System.String, System.String>, System.String, System.String, System.String, System.String>>, System.Text.Json.Serialization.Metadata.ReflectionEmitCachingMemberAccessor+Cache<System.ValueTuple<System.String, System.Type, System.Reflection.MemberInfo>>+CacheEntry>
7a5ac50107d0       1          64 System.Action<AspNetCoreGeneratedDocument.Views_Error_NotFound, Microsoft.AspNetCore.Mvc.ViewFeatures.IModelExpressionProvider>
7a5ac5010960       1          64 System.Action<AspNetCoreGeneratedDocument.Views_Error_NotFound, Microsoft.AspNetCore.Mvc.IUrlHelper>
7a5ac5010af0       1          64 System.Action<AspNetCoreGeneratedDocument.Views_Error_NotFound, Microsoft.AspNetCore.Mvc.IViewComponentHelper>
7a5ac5010c80       1          64 System.Action<AspNetCoreGeneratedDocument.Views_Error_NotFound, Microsoft.AspNetCore.Mvc.Rendering.IJsonHelper>
7a5ac5010e10       1          64 System.Action<AspNetCoreGeneratedDocument.Views_Error_NotFound, Microsoft.AspNetCore.Mvc.Rendering.IHtmlHelper<System.Object>>
7a5ac5059fc8       1          64 System.Action<Microsoft.Extensions.Logging.ILogger, System.Double, System.Int32, System.Int32, System.Exception>
7a5ac505a8c8       1          64 System.Action<Microsoft.Extensions.Logging.ILogger, System.Double, System.String, System.Exception>
7a5ac1bba5e8       2          64 System.Linq.Expressions.Expression1<System.Func<ForexExchange.Models.CurrencyPool, ForexExchange.Models.Currency>>
7a5ac50d5ad0       1          64 System.Func<ForexExchange.Models.Currency, System.Action<ForexExchange.Models.Currency, System.Collections.Generic.ICollection<ForexExchange.Models.CurrencyPool>>, System.Collections.Generic.ICollection<ForexExchange.Models.CurrencyPool>>
7a5ac50d6098       1          64 System.Func<System.Collections.Generic.ICollection<ForexExchange.Models.CurrencyPool>>
7a5ac50d8a18       1          64 System.Func<Microsoft.EntityFrameworkCore.DbContext, Microsoft.EntityFrameworkCore.Query.Internal.SingleQueryingEnumerable<ForexExchange.Models.CurrencyPool>+AsyncEnumerator, System.Threading.CancellationToken, System.Threading.Tasks.Task<System.Boolean>>
7a5ac50d93e0       1          64 System.Func<Microsoft.EntityFrameworkCore.Storage.ValueConversion.ValueConverter<ForexExchange.Models.PoolRiskLevel, System.Int32>, System.Func<System.Int32, ForexExchange.Models.PoolRiskLevel>>
7a5ac19f7438       1          64 System.Func<System.Int32, ForexExchange.Models.PoolRiskLevel>
7a5ac50db228       1          64 System.Func<Microsoft.EntityFrameworkCore.ChangeTracking.ValueComparer<ForexExchange.Models.PoolRiskLevel>, System.Func<ForexExchange.Models.PoolRiskLevel, ForexExchange.Models.PoolRiskLevel>>
7a5ac2013fa8       1          64 System.Func<ForexExchange.Models.PoolRiskLevel, ForexExchange.Models.PoolRiskLevel>
7a5ac50ce118       1          64 System.Func<ForexExchange.Models.CurrencyPool, <>f__AnonymousType50<System.String, System.Decimal>>
7a5abff6f488       1          64 Microsoft.AspNetCore.Mvc.NewtonsoftJson.NewtonsoftJsonResultExecutor
7a5ac50f47f0       1          64 System.Action<Microsoft.Net.Http.Headers.NameValueHeaderValue>
7a5ac62c13c0       1          64 System.Func<Microsoft.EntityFrameworkCore.Internal.InternalDbSet<ForexExchange.Models.Order>, Microsoft.EntityFrameworkCore.Query.Internal.EntityQueryable<ForexExchange.Models.Order>>
7a5ac62c3390       1          64 System.Func<Microsoft.EntityFrameworkCore.Query.QueryContext, System.Collections.Generic.IAsyncEnumerable<<>f__AnonymousType222<System.Int32, System.Int32, System.DateTime, System.Decimal, System.Decimal, System.Decimal, System.String, System.String, System.String>>>
7a5ac62c7958       1          64 System.Func<Microsoft.EntityFrameworkCore.DbContext, Microsoft.EntityFrameworkCore.Query.Internal.SingleQueryingEnumerable<<>f__AnonymousType222<System.Int32, System.Int32, System.DateTime, System.Decimal, System.Decimal, System.Decimal, System.String, System.String, System.String>>+AsyncEnumerator, System.Threading.CancellationToken, System.Threading.Tasks.Task<System.Boolean>>
7a5ac6284e80       1          64 System.Func<System.ValueTuple<System.String, System.DateTime, System.String, System.Nullable<System.Int32>, System.Decimal, System.String, System.String>, System.String>
7a5ac50f79d8       1          64 System.Func<Newtonsoft.Json.Utilities.StructMultiKey<System.Type, Newtonsoft.Json.Serialization.NamingStrategy>, Newtonsoft.Json.Utilities.EnumInfo>
7a5ac50fe4c8       1          64 System.Func<Newtonsoft.Json.Utilities.StructMultiKey<System.Type, System.Type>, System.Func<System.Object, System.Object>>
7a5ac50f93f8       1          64 System.Func<System.Runtime.Serialization.EnumMemberAttribute, System.String>
7a5ac516be90       1          64 System.Func<System.Object, Newtonsoft.Json.JsonContainerAttribute>
7a5ac516d2f0       1          64 System.Func<System.Type, System.Func<System.Object[], System.Object>>
7a5ac342b038       1          64 System.Func<System.Type, System.Type>
7a5ac51f4b18       1          64 System.Func<System.Object, System.Runtime.Serialization.DataContractAttribute>
7a5ac51f65b8       1          64 System.Func<System.Object, Newtonsoft.Json.JsonConverterAttribute>
7a5ac52015b8       1          64 System.Func<System.Object, Newtonsoft.Json.JsonObjectAttribute>
7a5ac1db8410       1          64 System.Func<System.Reflection.MemberInfo, System.String>
7a5ac5202f20       1          64 System.Func<Newtonsoft.Json.Serialization.JsonProperty, System.Int32>
7a5ac520f060       1          64 System.Func<Newtonsoft.Json.Serialization.JsonProperty, Newtonsoft.Json.Serialization.JsonProperty>
7a5ac5236970       1          64 System.Func<System.Type, System.Collections.Generic.IEnumerable<System.Reflection.MemberInfo>>
7a5ac52479e0       2          64 System.Collections.Generic.List<Newtonsoft.Json.Utilities.ImmutableCollectionsUtils+ImmutableCollectionTypeInfo>
7a5ac525c418       2          64 Microsoft.AspNetCore.Mvc.Infrastructure.ClientErrorResultFilter
7a5ac525d298       2          64 Microsoft.AspNetCore.Mvc.Infrastructure.ModelStateInvalidFilter
7a5ac525f850       1          64 System.Func<Microsoft.EntityFrameworkCore.Internal.InternalDbSet<ForexExchange.Models.VapidConfiguration>, Microsoft.EntityFrameworkCore.Query.Internal.EntityQueryable<ForexExchange.Models.VapidConfiguration>>
7a5ac5271568       1          64 System.Func<Microsoft.EntityFrameworkCore.Query.QueryContext, System.Threading.Tasks.Task<ForexExchange.Models.VapidConfiguration>>
7a5ac5275198       1          64 System.Func<Microsoft.EntityFrameworkCore.DbContext, Microsoft.EntityFrameworkCore.Query.Internal.SingleQueryingEnumerable<ForexExchange.Models.VapidConfiguration>+AsyncEnumerator, System.Threading.CancellationToken, System.Threading.Tasks.Task<System.Boolean>>
7a5ac5278d78       1          64 System.Func<System.IO.Stream, System.Text.Encoding, System.IO.TextWriter>
7a5ac527b680       1          64 System.Action<Microsoft.Extensions.Logging.ILogger, System.Collections.Generic.List<System.String>, System.Exception>
7a5ac527e8f0       1          64 System.Func<Microsoft.AspNetCore.Http.Features.IFeatureCollection, Microsoft.AspNetCore.Http.Features.IHttpWebSocketFeature>
7a5ac527e820       1          64 Microsoft.AspNetCore.Http.WebSocketAcceptContext
7a5ac520a310       1          64 System.Predicate<System.Object>
7a5ac5714700       1          64 System.Action<System.Threading.QueueUserWorkItemCallback>
7a5ac6332730       1          64 System.Func<Microsoft.EntityFrameworkCore.DbContext, Microsoft.EntityFrameworkCore.Query.Internal.SingleQueryingEnumerable<<>f__AnonymousType223<System.Int32, System.DateTime, System.String, System.Decimal, System.String, ForexExchange.Models.PayerType, System.Nullable<System.Int32>, ForexExchange.Models.ReceiverType, System.Nullable<System.Int32>>>+AsyncEnumerator, System.Threading.CancellationToken, System.Threading.Tasks.Task<System.Boolean>>
7a5ac57c20a8       1          64 System.Action<AspNetCoreGeneratedDocument.Views_Account_Login, Microsoft.AspNetCore.Mvc.ViewFeatures.IModelExpressionProvider>
7a5ac57c2238       1          64 System.Action<AspNetCoreGeneratedDocument.Views_Account_Login, Microsoft.AspNetCore.Mvc.IUrlHelper>
7a5ac57c23c8       1          64 System.Action<AspNetCoreGeneratedDocument.Views_Account_Login, Microsoft.AspNetCore.Mvc.IViewComponentHelper>
7a5ac57c2558       1          64 System.Action<AspNetCoreGeneratedDocument.Views_Account_Login, Microsoft.AspNetCore.Mvc.Rendering.IJsonHelper>
7a5ac57c2780       1          64 System.Action<AspNetCoreGeneratedDocument.Views_Account_Login, Microsoft.AspNetCore.Mvc.Rendering.IHtmlHelper<ForexExchange.Models.LoginViewModel>>
7a5ac57c2910       1          64 System.Action<Microsoft.AspNetCore.Mvc.Razor.RazorPage<ForexExchange.Models.LoginViewModel>, Microsoft.AspNetCore.Mvc.ViewFeatures.ViewDataDictionary<ForexExchange.Models.LoginViewModel>>
7a5ac57caed8       1          64 System.Action<Microsoft.AspNetCore.Mvc.TagHelpers.ValidationSummaryTagHelper, Microsoft.AspNetCore.Mvc.Rendering.ViewContext>
7a5ac57cc4a8       1          64 System.Action<Microsoft.AspNetCore.Mvc.TagHelpers.LabelTagHelper, Microsoft.AspNetCore.Mvc.Rendering.ViewContext>
7a5ac57ccf38       2          64 System.Linq.Expressions.Expression1<System.Func<ForexExchange.Models.LoginViewModel, System.String>>
7a5ac57ca710       1          64 System.Func<ForexExchange.Models.LoginViewModel, System.Boolean>
7a5ac57ce018       1          64 System.Action<ForexExchange.Models.LoginViewModel, System.Boolean>
7a5ac57cf500       1          64 System.Action<Microsoft.AspNetCore.Mvc.TagHelpers.InputTagHelper, Microsoft.AspNetCore.Mvc.Rendering.ViewContext>
7a5ac57e0580       2          64 System.Collections.Concurrent.ConcurrentDictionary<System.Reflection.MemberInfo, System.Func<ForexExchange.Models.LoginViewModel, System.Object>>
7a5ac57e24c0       2          64 System.Collections.Concurrent.ConcurrentDictionary<Microsoft.AspNetCore.Mvc.ViewFeatures.MemberExpressionCacheKey, System.Func<ForexExchange.Models.LoginViewModel, System.Object>>
7a5ac57ee1a8       1          64 System.Action<Microsoft.AspNetCore.Mvc.TagHelpers.ValidationMessageTagHelper, Microsoft.AspNetCore.Mvc.Rendering.ViewContext>
7a5ac628dbd0       1          64 System.Func<System.ValueTuple<System.String, System.DateTime, System.String, System.Nullable<System.Int32>, System.Decimal, System.String, System.String>, System.DateTime>
7a5ac62ce110       1          64 System.Func<System.ValueTuple<System.String, System.DateTime, System.String, System.Nullable<System.Int32>, System.Decimal, System.String, System.String>, System.ValueTuple<System.String, System.DateTime, System.String, System.Nullable<System.Int32>, System.Decimal, System.String, System.String>>
7a5ac62fb338       1          64 System.Func<Microsoft.EntityFrameworkCore.ChangeTracking.ValueComparer<System.Int64>, System.Func<System.Int64, System.Int64, System.Boolean>>
7a5ac62fb9e0       1          64 System.Func<Microsoft.EntityFrameworkCore.ChangeTracking.Internal.Snapshot<System.Int64>, System.Int64>
7a5ac6279028       1          64 System.Func<Microsoft.EntityFrameworkCore.ChangeTracking.ValueComparer<System.Nullable<System.Int32>>, System.Func<System.Nullable<System.Int32>, System.Int32>>
7a5ac63039e8       1          64 System.Func<Microsoft.EntityFrameworkCore.ChangeTracking.ValueComparer<ForexExchange.Models.CurrencyPoolTransactionType>, System.Func<ForexExchange.Models.CurrencyPoolTransactionType, ForexExchange.Models.CurrencyPoolTransactionType>>
7a5ac20158e0       1          64 System.Func<ForexExchange.Models.CurrencyPoolTransactionType, ForexExchange.Models.CurrencyPoolTransactionType>
7a5ac58ba278       1          64 System.Action<AspNetCoreGeneratedDocument.Views_Reports_Index, Microsoft.AspNetCore.Mvc.ViewFeatures.IModelExpressionProvider>
7a5ac58ba408       1          64 System.Action<AspNetCoreGeneratedDocument.Views_Reports_Index, Microsoft.AspNetCore.Mvc.IUrlHelper>
7a5ac58ba598       1          64 System.Action<AspNetCoreGeneratedDocument.Views_Reports_Index, Microsoft.AspNetCore.Mvc.IViewComponentHelper>
7a5ac58ba728       1          64 System.Action<AspNetCoreGeneratedDocument.Views_Reports_Index, Microsoft.AspNetCore.Mvc.Rendering.IJsonHelper>
7a5ac58ba8b8       1          64 System.Action<AspNetCoreGeneratedDocument.Views_Reports_Index, Microsoft.AspNetCore.Mvc.Rendering.IHtmlHelper<System.Object>>
7a5ac58d3908       1          64 System.Action<AspNetCoreGeneratedDocument.Views_Reports_CustomerReports, Microsoft.AspNetCore.Antiforgery.IAntiforgery>
7a5ac58d3a98       1          64 System.Action<AspNetCoreGeneratedDocument.Views_Reports_CustomerReports, Microsoft.AspNetCore.Mvc.ViewFeatures.IModelExpressionProvider>
7a5ac58d3c28       1          64 System.Action<AspNetCoreGeneratedDocument.Views_Reports_CustomerReports, Microsoft.AspNetCore.Mvc.IUrlHelper>
7a5ac58d3db8       1          64 System.Action<AspNetCoreGeneratedDocument.Views_Reports_CustomerReports, Microsoft.AspNetCore.Mvc.IViewComponentHelper>
7a5ac58d3f48       1          64 System.Action<AspNetCoreGeneratedDocument.Views_Reports_CustomerReports, Microsoft.AspNetCore.Mvc.Rendering.IJsonHelper>
7a5ac58d40d8       1          64 System.Action<AspNetCoreGeneratedDocument.Views_Reports_CustomerReports, Microsoft.AspNetCore.Mvc.Rendering.IHtmlHelper<System.Object>>
7a5ac58d4790       1          64 System.Action<Microsoft.AspNetCore.Mvc.TagHelpers.OptionTagHelper, Microsoft.AspNetCore.Mvc.Rendering.ViewContext>
7a5ac321bf08       1          64 System.Func<System.Linq.Expressions.Expression, System.Linq.Expressions.Expression>
7a5ac58db2c8       1          64 System.Func<Microsoft.EntityFrameworkCore.Query.QueryContext, System.Collections.Generic.IAsyncEnumerable<<>f__AnonymousType66<System.Int32, System.String, System.String, System.String, System.DateTime, System.Boolean, System.Collections.Generic.List<<>f__AnonymousType67<System.String, System.String, System.Decimal>>, System.Decimal>>>
7a5ac5b1a680       1          64 System.Func<Microsoft.EntityFrameworkCore.DbContext, Microsoft.EntityFrameworkCore.Query.Internal.SingleQueryingEnumerable<<>f__AnonymousType66<System.Int32, System.String, System.String, System.String, System.DateTime, System.Boolean, System.Collections.Generic.List<<>f__AnonymousType67<System.String, System.String, System.Decimal>>, System.Decimal>>+AsyncEnumerator, System.Threading.CancellationToken, System.Threading.Tasks.Task<System.Boolean>>
7a5ac58d6c20       1          64 System.Func<<>f__AnonymousType66<System.Int32, System.String, System.String, System.String, System.DateTime, System.Boolean, System.Collections.Generic.List<<>f__AnonymousType67<System.String, System.String, System.Decimal>>, System.Decimal>, System.Boolean>
7a5ac58d6d98       1          64 System.Func<<>f__AnonymousType66<System.Int32, System.String, System.String, System.String, System.DateTime, System.Boolean, System.Collections.Generic.List<<>f__AnonymousType67<System.String, System.String, System.Decimal>>, System.Decimal>, System.Decimal>
7a5ac5b4d9f8       1          64 System.Func<Microsoft.EntityFrameworkCore.Query.QueryContext, System.Collections.Generic.IAsyncEnumerable<<>f__AnonymousType17<System.Int32, System.String, System.String, System.Int32>>>
7a5ac5b4f6d0       1          64 System.Func<Microsoft.EntityFrameworkCore.DbContext, Microsoft.EntityFrameworkCore.Query.Internal.SingleQueryingEnumerable<<>f__AnonymousType17<System.Int32, System.String, System.String, System.Int32>>+AsyncEnumerator, System.Threading.CancellationToken, System.Threading.Tasks.Task<System.Boolean>>
7a5ac5ba6360       1          64 System.Func<System.Security.Claims.ClaimsIdentity, System.Boolean>
7a5ac5bae858       1          64 System.Func<Microsoft.EntityFrameworkCore.Internal.InternalDbSet<ForexExchange.Models.CustomerBalanceHistory>, Microsoft.EntityFrameworkCore.Query.Internal.EntityQueryable<ForexExchange.Models.CustomerBalanceHistory>>
7a5ac5bb2088       1          64 System.Func<Microsoft.EntityFrameworkCore.DbContext, Microsoft.EntityFrameworkCore.Query.Internal.SingleQueryingEnumerable<ForexExchange.Models.CustomerBalanceHistory>+AsyncEnumerator, System.Threading.CancellationToken, System.Threading.Tasks.Task<System.Boolean>>
7a5ac5bb4b80       1          64 System.Func<Microsoft.EntityFrameworkCore.Storage.ValueConversion.ValueConverter<ForexExchange.Models.CustomerBalanceTransactionType, System.Int32>, System.Func<System.Int32, ForexExchange.Models.CustomerBalanceTransactionType>>
7a5ac19f8f60       1          64 System.Func<System.Int32, ForexExchange.Models.CustomerBalanceTransactionType>
7a5ac5bb5818       1          64 System.Func<Microsoft.EntityFrameworkCore.ChangeTracking.ValueComparer<System.Int64>, System.Func<System.Int64, System.Int32>>
7a5ac5bbb4c8       1          64 System.Func<Microsoft.EntityFrameworkCore.ChangeTracking.ValueComparer<System.Nullable<System.Int32>>, System.Func<System.Nullable<System.Int32>, System.Nullable<System.Int32>>>
7a5ac5bbdee8       1          64 System.Func<Microsoft.EntityFrameworkCore.ChangeTracking.ValueComparer<ForexExchange.Models.CustomerBalanceTransactionType>, System.Func<ForexExchange.Models.CustomerBalanceTransactionType, ForexExchange.Models.CustomerBalanceTransactionType>>
7a5ac2017218       1          64 System.Func<ForexExchange.Models.CustomerBalanceTransactionType, ForexExchange.Models.CustomerBalanceTransactionType>
7a5ac5ba9a00       1          64 System.Func<System.Linq.IGrouping<System.String, ForexExchange.Models.CustomerBalanceHistory>, System.String>
7a5ac5ba9af0       1          64 System.Func<System.Linq.IGrouping<System.String, ForexExchange.Models.CustomerBalanceHistory>, System.Decimal>
7a5ac5ba9ee0       1          64 System.Func<System.Collections.Generic.KeyValuePair<System.String, System.Decimal>, System.String>
7a5ac5bca190       1          64 System.Func<ForexExchange.Models.CustomerTransactionHistory, System.String>
7a5ac5c0f8b0       1          64 System.Func<Microsoft.EntityFrameworkCore.Query.QueryContext, System.Collections.Generic.IEnumerable<ForexExchange.Models.Customer>>
7a5ac5c42900       1          64 System.Func<Microsoft.EntityFrameworkCore.DbContext, Microsoft.EntityFrameworkCore.Query.Internal.SingleQueryingEnumerable<ForexExchange.Models.Customer>+Enumerator, System.Boolean>
7a5ac5c43820       1          64 System.Func<Microsoft.EntityFrameworkCore.Query.QueryContext, System.Collections.Generic.IEnumerable<ForexExchange.Models.Currency>>
7a5ac5c46a88       1          64 System.Func<Microsoft.EntityFrameworkCore.DbContext, Microsoft.EntityFrameworkCore.Query.Internal.SingleQueryingEnumerable<ForexExchange.Models.Currency>+Enumerator, System.Boolean>
7a5ac5c47128       1          64 System.Func<Microsoft.EntityFrameworkCore.Query.QueryContext, System.Collections.Generic.IEnumerable<ForexExchange.Models.BankAccount>>
7a5ac5c48778       1          64 System.Func<Microsoft.EntityFrameworkCore.DbContext, Microsoft.EntityFrameworkCore.Query.Internal.SingleQueryingEnumerable<ForexExchange.Models.BankAccount>+Enumerator, System.Boolean>
7a5ac5c4e7f0       1          64 System.Action<AspNetCoreGeneratedDocument.Views_AccountingDocuments_Upload, Microsoft.AspNetCore.Mvc.ViewFeatures.IModelExpressionProvider>
7a5ac5c4e980       1          64 System.Action<AspNetCoreGeneratedDocument.Views_AccountingDocuments_Upload, Microsoft.AspNetCore.Mvc.IUrlHelper>
7a5ac5c4eb10       1          64 System.Action<AspNetCoreGeneratedDocument.Views_AccountingDocuments_Upload, Microsoft.AspNetCore.Mvc.IViewComponentHelper>
7a5ac5c4eca0       1          64 System.Action<AspNetCoreGeneratedDocument.Views_AccountingDocuments_Upload, Microsoft.AspNetCore.Mvc.Rendering.IJsonHelper>
7a5ac5c4eec8       1          64 System.Action<AspNetCoreGeneratedDocument.Views_AccountingDocuments_Upload, Microsoft.AspNetCore.Mvc.Rendering.IHtmlHelper<ForexExchange.Models.AccountingDocument>>
7a5ac5c5cfb8       1          64 System.Action<ForexExchange.Models.AccountingDocument, ForexExchange.Models.DocumentType>
7a5ac5c5d4e0       1          64 System.Action<ForexExchange.Models.AccountingDocument, ForexExchange.Models.PayerType>
7a5ac5c5df50       1          64 System.Action<ForexExchange.Models.AccountingDocument, ForexExchange.Models.ReceiverType>
7a5ac5c5e4b8       1          64 System.Action<ForexExchange.Models.AccountingDocument, System.Decimal>
7a5ac5c5f8f0       1          64 System.Action<ForexExchange.Models.AccountingDocument, System.Byte[]>
7a5ac3a3c228       1          64 System.Func<System.Reflection.FieldInfo, System.Int32>
7a5ac5c712e0       1          64 System.Func<System.Reflection.FieldInfo, System.Reflection.FieldInfo>
7a5ac5c71998       1          64 System.Action<Microsoft.AspNetCore.Mvc.TagHelpers.SelectTagHelper, Microsoft.AspNetCore.Mvc.Rendering.ViewContext>
7a5ac5c94600       2          64 System.Collections.Concurrent.ConcurrentDictionary<System.Reflection.MemberInfo, System.Func<System.Object, System.Decimal>>
7a5ac5c97900       1          64 System.Action<Microsoft.AspNetCore.Mvc.TagHelpers.TextAreaTagHelper, Microsoft.AspNetCore.Mvc.Rendering.ViewContext>
7a5ac5c9a0a8       2          64 System.Linq.Expressions.Expression1<System.Func<ForexExchange.Models.AccountingDocument, System.DateTime>>
7a5ac5c9b330       2          64 System.Collections.Concurrent.ConcurrentDictionary<System.Reflection.MemberInfo, System.Func<System.Object, System.DateTime>>
7a5ac5c9d1f8       1          64 System.Action<AspNetCoreGeneratedDocument.Views_Shared__LoadingOverlay, Microsoft.AspNetCore.Mvc.ViewFeatures.IModelExpressionProvider>
7a5ac5c9d388       1          64 System.Action<AspNetCoreGeneratedDocument.Views_Shared__LoadingOverlay, Microsoft.AspNetCore.Mvc.IUrlHelper>
7a5ac5c9d518       1          64 System.Action<AspNetCoreGeneratedDocument.Views_Shared__LoadingOverlay, Microsoft.AspNetCore.Mvc.IViewComponentHelper>
7a5ac5c9d6a8       1          64 System.Action<AspNetCoreGeneratedDocument.Views_Shared__LoadingOverlay, Microsoft.AspNetCore.Mvc.Rendering.IJsonHelper>
7a5ac5c9d838       1          64 System.Action<AspNetCoreGeneratedDocument.Views_Shared__LoadingOverlay, Microsoft.AspNetCore.Mvc.Rendering.IHtmlHelper<System.Object>>
7a5ac5d03d78       1          64 System.Func<Newtonsoft.Json.JsonSerializer>
7a5ac5d03e68       1          64 System.Func<Newtonsoft.Json.JsonSerializer, System.Boolean>
7a5ac5d14b30       1          64 System.Action<ForexExchange.Models.Customer, System.Int32>
7a5ac5d15388       1          64 System.Action<ForexExchange.Models.Customer, System.DateTime>
7a5ac5d159f8       1          64 System.Action<ForexExchange.Models.Customer, System.Collections.Generic.ICollection<ForexExchange.Models.Notification>>
7a5ac5d15d18       1          64 System.Action<ForexExchange.Models.Customer, System.Collections.Generic.ICollection<ForexExchange.Models.BankAccount>>
7a5ac1bd4ec8       1          64 System.Func<ForexExchange.Models.BankAccount, ForexExchange.Models.Customer>
7a5ac5d16648       1          64 System.Action<ForexExchange.Models.BankAccount, ForexExchange.Models.Customer>
7a5ac5d16c68       1          64 System.Func<ForexExchange.Models.BankAccount, System.DateTime>
7a5ac5d16df8       1          64 System.Action<ForexExchange.Models.BankAccount, System.DateTime>
7a5ac5d16f78       1          64 System.Func<ForexExchange.Models.BankAccount, System.Nullable<System.DateTime>>
7a5ac5d17108       1          64 System.Action<ForexExchange.Models.BankAccount, System.Nullable<System.DateTime>>
7a5ac5d172a8       1          64 System.Func<ForexExchange.Models.BankAccount, System.Decimal>
7a5ac5d17438       1          64 System.Action<ForexExchange.Models.BankAccount, System.Decimal>
7a5ac5d175b8       1          64 System.Func<ForexExchange.Models.BankAccount, System.Collections.Generic.ICollection<ForexExchange.Models.Order>>
7a5ac5d17748       1          64 System.Action<ForexExchange.Models.BankAccount, System.Collections.Generic.ICollection<ForexExchange.Models.Order>>
7a5ac5d1f7c0       1          64 System.Func<Microsoft.EntityFrameworkCore.Internal.InternalDbSet<ForexExchange.Models.CustomerBalance>, Microsoft.EntityFrameworkCore.Query.Internal.EntityQueryable<ForexExchange.Models.CustomerBalance>>
7a5ac5d319a8       1          64 System.Func<Microsoft.EntityFrameworkCore.DbContext, Microsoft.EntityFrameworkCore.Query.Internal.SingleQueryingEnumerable<ForexExchange.Models.CustomerBalance>+AsyncEnumerator, System.Threading.CancellationToken, System.Threading.Tasks.Task<System.Boolean>>
7a5ac5d355f0       1          64 System.Func<ForexExchange.Models.Customer, System.Action<ForexExchange.Models.Customer, System.Collections.Generic.ICollection<ForexExchange.Models.CustomerBalance>>, System.Collections.Generic.ICollection<ForexExchange.Models.CustomerBalance>>
7a5ac5d35b98       1          64 System.Func<System.Collections.Generic.ICollection<ForexExchange.Models.CustomerBalance>>
7a5ac5d1c418       1          64 System.Func<ForexExchange.Models.CustomerBalanceEffect, <>f__AnonymousType8<System.String, System.String, System.Decimal, System.Decimal, System.Decimal, System.String>>
7a5ac5d1cc98       1          64 System.Func<ForexExchange.Models.BankAccountBalanceEffect, <>f__AnonymousType9<System.String, System.String, System.String, System.Decimal, System.Decimal, System.Decimal, System.String>>
7a5ac5d6f360       1          64 System.Action<ForexExchange.Models.Order, System.DateTime>
7a5ac5d80b58       1          64 System.Func<ForexExchange.Models.Notification, ForexExchange.Services.Notifications.NotificationEventType>
7a5ac5d80f48       1          64 System.Action<ForexExchange.Models.Notification, ForexExchange.Services.Notifications.NotificationEventType>
7a5ac5d81170       1          64 System.Func<ForexExchange.Models.Notification, System.Nullable<System.Int32>>
7a5ac5d81300       1          64 System.Action<ForexExchange.Models.Notification, System.Nullable<System.Int32>>
7a5ac5d81658       1          64 System.Func<ForexExchange.Models.Notification, ForexExchange.Services.Notifications.NotificationPriority>
7a5ac5d81a48       1          64 System.Action<ForexExchange.Models.Notification, ForexExchange.Services.Notifications.NotificationPriority>
7a5ac5d81c70       1          64 System.Func<ForexExchange.Models.Notification, System.DateTime>
7a5ac5d81e00       1          64 System.Action<ForexExchange.Models.Notification, System.DateTime>
7a5ac5d81f90       1          64 System.Func<ForexExchange.Models.Notification, System.Boolean>
7a5ac5d82120       1          64 System.Action<ForexExchange.Models.Notification, System.Boolean>
7a5ac5d822b0       1          64 System.Func<ForexExchange.Models.Notification, System.Nullable<System.DateTime>>
7a5ac5d82440       1          64 System.Action<ForexExchange.Models.Notification, System.Nullable<System.DateTime>>
7a5ac1bb5610       1          64 System.Func<ForexExchange.Models.Notification, ForexExchange.Models.Customer>
7a5ac5d82670       1          64 System.Action<ForexExchange.Models.Notification, ForexExchange.Models.Customer>
7a5ac5d83030       1          64 System.Action<ForexExchange.Models.CustomerBalance, System.Decimal>
7a5ac5d83340       1          64 System.Action<ForexExchange.Models.CustomerBalance, System.DateTime>
7a5ac5d83d50       1          64 System.Action<ForexExchange.Models.Currency, System.Boolean>
7a5ac5d84070       1          64 System.Action<ForexExchange.Models.Currency, System.DateTime>
7a5ac5d85530       1          64 System.Func<ForexExchange.Models.ExchangeRate, System.DateTime>
7a5ac5d856b0       1          64 System.Action<ForexExchange.Models.ExchangeRate, System.DateTime>
7a5ac5d858d0       1          64 System.Action<ForexExchange.Models.ExchangeRate, System.String>
7a5ac5d85af0       1          64 System.Action<ForexExchange.Models.ExchangeRate, System.Boolean>
7a5ac5d86780       1          64 System.Action<ForexExchange.Models.CurrencyPool, System.DateTime>
7a5ac5d86cf0       1          64 System.Action<ForexExchange.Models.CurrencyPool, ForexExchange.Models.PoolRiskLevel>
7a5ac5d86fb8       1          64 System.Action<ForexExchange.Models.CurrencyPool, System.Boolean>
7a5ac5d8f488       1          64 Microsoft.Net.Http.Headers.GenericHeaderParser<Microsoft.Net.Http.Headers.ContentDispositionHeaderValue>+GetParsedValueLengthDelegate
7a5ac5dc5480       1          64 System.Buffers.SpanAction<System.Char, System.String[]>
7a5ac5ddaac8       1          64 System.Func<Microsoft.EntityFrameworkCore.ValueGeneration.ValueGeneratorCache+CacheKey, System.ValueTuple<System.Func<Microsoft.EntityFrameworkCore.Metadata.IProperty, Microsoft.EntityFrameworkCore.Metadata.ITypeBase, Microsoft.EntityFrameworkCore.ValueGeneration.ValueGenerator>, Microsoft.EntityFrameworkCore.Metadata.ITypeBase, Microsoft.EntityFrameworkCore.Metadata.IProperty>, Microsoft.EntityFrameworkCore.ValueGeneration.ValueGenerator>
7a5ac5de0500       1          64 System.Func<System.Type, System.Linq.Expressions.DefaultExpression>
7a5ac5de5508       1          64 System.Func<Microsoft.EntityFrameworkCore.ChangeTracking.Internal.Snapshot<System.Int32, System.Nullable<System.Int32>, System.Nullable<System.Int32>, System.Nullable<System.Int32>, System.Nullable<System.Int32>>, System.Int32>
7a5ac5debad8       1          64 System.Func<Microsoft.EntityFrameworkCore.ChangeTracking.ValueComparer<System.Byte[]>, System.Func<System.Byte[], System.Byte[]>>
7a5ac1e32078       1          64 System.Func<System.Byte[], System.Byte[]>
7a5ac5dee608       1          64 System.Func<Microsoft.EntityFrameworkCore.ChangeTracking.ValueComparer<ForexExchange.Models.PayerType>, System.Func<ForexExchange.Models.PayerType, ForexExchange.Models.PayerType>>
7a5ac1fda810       1          64 System.Func<ForexExchange.Models.PayerType, ForexExchange.Models.PayerType>
7a5ac5def448       1          64 System.Func<Microsoft.EntityFrameworkCore.ChangeTracking.ValueComparer<ForexExchange.Models.ReceiverType>, System.Func<ForexExchange.Models.ReceiverType, ForexExchange.Models.ReceiverType>>
7a5ac1fe76c0       1          64 System.Func<ForexExchange.Models.ReceiverType, ForexExchange.Models.ReceiverType>
7a5ac5e01ea8       1          64 System.Func<Microsoft.EntityFrameworkCore.ChangeTracking.ValueComparer<ForexExchange.Models.DocumentType>, System.Func<ForexExchange.Models.DocumentType, ForexExchange.Models.DocumentType>>
7a5ac1fe8ff8       1          64 System.Func<ForexExchange.Models.DocumentType, ForexExchange.Models.DocumentType>
7a5ac5e0a660       1          64 System.Func<Microsoft.EntityFrameworkCore.ChangeTracking.ValueComparer<System.Decimal>, System.Func<System.Decimal, System.Decimal, System.Boolean>>
7a5ac5e0dbc0       1          64 System.Func<Microsoft.EntityFrameworkCore.ChangeTracking.ValueComparer<System.DateTime>, System.Func<System.DateTime, System.DateTime, System.Boolean>>
7a5ac1db2578       1          64 System.Func<System.DateTime, System.DateTime, System.Boolean>
7a5ac5e0fc40       1          64 System.Func<Microsoft.EntityFrameworkCore.ChangeTracking.ValueComparer<System.Byte[]>, System.Func<System.Byte[], System.Byte[], System.Boolean>>
7a5ac1dbbb60       1          64 System.Func<System.Byte[], System.Byte[], System.Boolean>
7a5ac5e628e0       1          64 System.Func<Microsoft.EntityFrameworkCore.ChangeTracking.ValueComparer<System.Boolean>, System.Func<System.Boolean, System.Boolean, System.Boolean>>
7a5ac1e32d90       1          64 System.Func<System.Boolean, System.Boolean, System.Boolean>
7a5ac5e62d50       1          64 System.Func<Microsoft.EntityFrameworkCore.ChangeTracking.ValueComparer<System.Nullable<System.Int32>>, System.Func<System.Nullable<System.Int32>, System.Nullable<System.Int32>, System.Boolean>>
7a5ac5e63fd8       1          64 System.Func<Microsoft.EntityFrameworkCore.ChangeTracking.ValueComparer<ForexExchange.Models.PayerType>, System.Func<ForexExchange.Models.PayerType, ForexExchange.Models.PayerType, System.Boolean>>
7a5ac1fda570       1          64 System.Func<ForexExchange.Models.PayerType, ForexExchange.Models.PayerType, System.Boolean>
7a5ac5e66e68       1          64 System.Func<Microsoft.EntityFrameworkCore.ChangeTracking.ValueComparer<ForexExchange.Models.ReceiverType>, System.Func<ForexExchange.Models.ReceiverType, ForexExchange.Models.ReceiverType, System.Boolean>>
7a5ac1fe7420       1          64 System.Func<ForexExchange.Models.ReceiverType, ForexExchange.Models.ReceiverType, System.Boolean>
7a5ac5e680e0       1          64 System.Func<Microsoft.EntityFrameworkCore.ChangeTracking.ValueComparer<ForexExchange.Models.DocumentType>, System.Func<ForexExchange.Models.DocumentType, ForexExchange.Models.DocumentType, System.Boolean>>
7a5ac1fe8d58       1          64 System.Func<ForexExchange.Models.DocumentType, ForexExchange.Models.DocumentType, System.Boolean>
7a5ac5e68e08       1          64 System.Func<Microsoft.EntityFrameworkCore.DbContext, System.ValueTuple<Microsoft.EntityFrameworkCore.ChangeTracking.Internal.StateManager, System.Boolean>, System.Threading.CancellationToken, System.Threading.Tasks.Task<System.Int32>>
7a5ac5e6e2b8       1          64 System.Func<Microsoft.EntityFrameworkCore.Metadata.RuntimeTypeBase, Microsoft.EntityFrameworkCore.Metadata.RuntimeComplexProperty[]>
7a5ac5e99b60       1          64 System.Func<Microsoft.EntityFrameworkCore.Metadata.Internal.ForeignKeyConstraint, Microsoft.EntityFrameworkCore.Update.Internal.IRowForeignKeyValueFactory>
7a5ac5e9d280       1          64 System.Func<Microsoft.EntityFrameworkCore.Metadata.Internal.Column, Microsoft.EntityFrameworkCore.Update.Internal.ColumnAccessors>
7a5ac5e9fa90       1          64 System.Func<Microsoft.EntityFrameworkCore.Metadata.Internal.UniqueConstraint, Microsoft.EntityFrameworkCore.Update.Internal.IRowKeyValueFactory>
7a5ac5ea5128       1          64 System.Func<Microsoft.EntityFrameworkCore.Update.Internal.RowForeignKeyValueFactory<System.Int32, System.Int32>, System.Collections.Generic.IEqualityComparer<System.Int32>>
7a5ac5e7bd20       1          64 System.Func<Microsoft.EntityFrameworkCore.Update.IReadOnlyModificationCommand, Microsoft.EntityFrameworkCore.Update.IReadOnlyModificationCommand, System.Collections.Generic.IEnumerable<Microsoft.EntityFrameworkCore.Update.Internal.CommandBatchPreparer+CommandDependency>, System.Boolean>
7a5ac5eca7d0       1          64 System.Func<Microsoft.EntityFrameworkCore.Update.ModificationCommand, System.Collections.Generic.List<Microsoft.EntityFrameworkCore.Update.IColumnModification>>
7a5ac5ecc0d8       1          64 System.Func<Microsoft.EntityFrameworkCore.Update.IUpdateEntry, System.Boolean>
7a5ac5ed8c20       1          64 System.Action<System.Text.StringBuilder, Microsoft.EntityFrameworkCore.Update.IColumnModification, System.ValueTuple<Microsoft.EntityFrameworkCore.Update.UpdateSqlGenerator, System.String, System.String>>
7a5ac5eda9b0       1          64 System.Func<Microsoft.EntityFrameworkCore.Storage.ValueConversion.ValueConverter<ForexExchange.Models.PayerType, System.Int32>, System.Func<System.Object, System.Object>>
7a5ac5edadc0       1          64 System.Func<Microsoft.EntityFrameworkCore.Storage.ValueConversion.ValueConverter<ForexExchange.Models.PayerType, System.Int32>, System.Func<ForexExchange.Models.PayerType, System.Int32>>
7a5ac186ae48       1          64 System.Func<ForexExchange.Models.PayerType, System.Int32>
7a5ac5edc610       1          64 System.Func<Microsoft.EntityFrameworkCore.Storage.ValueConversion.ValueConverter<ForexExchange.Models.ReceiverType, System.Int32>, System.Func<System.Object, System.Object>>
7a5ac5edc830       1          64 System.Func<Microsoft.EntityFrameworkCore.Storage.ValueConversion.ValueConverter<ForexExchange.Models.ReceiverType, System.Int32>, System.Func<ForexExchange.Models.ReceiverType, System.Int32>>
7a5ac186f8e8       1          64 System.Func<ForexExchange.Models.ReceiverType, System.Int32>
7a5ac5edec18       1          64 System.Func<Microsoft.EntityFrameworkCore.Storage.ValueConversion.ValueConverter<ForexExchange.Models.DocumentType, System.Int32>, System.Func<System.Object, System.Object>>
7a5ac5edee38       1          64 System.Func<Microsoft.EntityFrameworkCore.Storage.ValueConversion.ValueConverter<ForexExchange.Models.DocumentType, System.Int32>, System.Func<ForexExchange.Models.DocumentType, System.Int32>>
7a5ac1900f30       1          64 System.Func<ForexExchange.Models.DocumentType, System.Int32>
7a5ac5ef6188       1          64 System.Func<System.ValueTuple<Microsoft.EntityFrameworkCore.Metadata.IProperty, System.Boolean>, System.Func<System.Data.Common.DbDataReader, System.Int32, System.Object>>
7a5ac5ef7380       1          64 System.Func<System.String, System.ValueTuple<System.Func<System.ValueTuple<Microsoft.EntityFrameworkCore.Metadata.IProperty, System.Boolean>, System.Func<System.Data.Common.DbDataReader, System.Int32, System.Object>>, System.ValueTuple<Microsoft.EntityFrameworkCore.Metadata.IProperty, System.Boolean>, Microsoft.EntityFrameworkCore.Infrastructure.RuntimeAnnotatableBase>, Microsoft.EntityFrameworkCore.Infrastructure.Annotation>
7a5ac5efb488       1          64 System.Func<Microsoft.EntityFrameworkCore.ChangeTracking.Internal.Snapshot<System.Int32, System.Nullable<System.Int32>, System.Nullable<System.Int32>, System.Nullable<System.Int32>, System.Nullable<System.Int32>, System.Object, System.Object, System.Object, System.Object>, System.Int32>
7a5ac5f12910       1          64 System.Func<Microsoft.Extensions.Logging.LogLevel, System.Action<Microsoft.Extensions.Logging.ILogger, System.String, System.String, Microsoft.EntityFrameworkCore.EntityState, Microsoft.EntityFrameworkCore.EntityState, System.Exception>>
7a5ac5f12800       1          64 System.Action<Microsoft.Extensions.Logging.ILogger, System.String, System.String, Microsoft.EntityFrameworkCore.EntityState, Microsoft.EntityFrameworkCore.EntityState, System.Exception>
7a5ac5f153e8       1          64 System.Diagnostics.StackFrameHelper+GetSourceLineInfoDelegate
7a5ac5f1be28       1          64 System.Func<System.String, System.IO.Stream>
7a5ac070b9a8       1          64 Microsoft.Win32.SafeHandles.SafeMemoryMappedFileHandle
7a5ac5f96d70       1          64 System.Func<System.Reflection.Internal.PooledStringBuilder>
7a5ac5f99218       1          64 System.Func<Microsoft.EntityFrameworkCore.Internal.InternalDbSet<ForexExchange.Models.AccountingDocument>, Microsoft.EntityFrameworkCore.Query.Internal.EntityQueryable<ForexExchange.Models.AccountingDocument>>
7a5ac5fb6fc8       1          64 System.Func<Microsoft.EntityFrameworkCore.DbContext, Microsoft.EntityFrameworkCore.Query.Internal.SingleQueryingEnumerable<ForexExchange.Models.AccountingDocument>+AsyncEnumerator, System.Threading.CancellationToken, System.Threading.Tasks.Task<System.Boolean>>
7a5ac5fb7bd8       1          64 System.Func<Microsoft.EntityFrameworkCore.Storage.ValueConversion.ValueConverter<ForexExchange.Models.PayerType, System.Int32>, System.Func<System.Int32, ForexExchange.Models.PayerType>>
7a5ac186b108       1          64 System.Func<System.Int32, ForexExchange.Models.PayerType>
7a5ac5fb8018       1          64 System.Func<Microsoft.EntityFrameworkCore.Storage.ValueConversion.ValueConverter<ForexExchange.Models.ReceiverType, System.Int32>, System.Func<System.Int32, ForexExchange.Models.ReceiverType>>
7a5ac186fb80       1          64 System.Func<System.Int32, ForexExchange.Models.ReceiverType>
7a5ac5fb8458       1          64 System.Func<Microsoft.EntityFrameworkCore.Storage.ValueConversion.ValueConverter<ForexExchange.Models.DocumentType, System.Int32>, System.Func<System.Int32, ForexExchange.Models.DocumentType>>
7a5ac19011c8       1          64 System.Func<System.Int32, ForexExchange.Models.DocumentType>
7a5ac5fba538       1          64 System.Action<AspNetCoreGeneratedDocument.Views_AccountingDocuments_Details, ForexExchange.Services.ISettingsService>
7a5ac5fba6c8       1          64 System.Action<AspNetCoreGeneratedDocument.Views_AccountingDocuments_Details, Microsoft.AspNetCore.Mvc.ViewFeatures.IModelExpressionProvider>
7a5ac5fba858       1          64 System.Action<AspNetCoreGeneratedDocument.Views_AccountingDocuments_Details, Microsoft.AspNetCore.Mvc.IUrlHelper>
7a5ac5fba9e8       1          64 System.Action<AspNetCoreGeneratedDocument.Views_AccountingDocuments_Details, Microsoft.AspNetCore.Mvc.IViewComponentHelper>
7a5ac5fbab78       1          64 System.Action<AspNetCoreGeneratedDocument.Views_AccountingDocuments_Details, Microsoft.AspNetCore.Mvc.Rendering.IJsonHelper>
7a5ac5fbad08       1          64 System.Action<AspNetCoreGeneratedDocument.Views_AccountingDocuments_Details, Microsoft.AspNetCore.Mvc.Rendering.IHtmlHelper<ForexExchange.Models.AccountingDocument>>7a5ac5fbcf90       1          64 System.Func<<>f__AnonymousType4<System.Int32>, System.Int32>
7a5ac630d6b8       1          64 System.Func<Microsoft.EntityFrameworkCore.ChangeTracking.ValueComparer<ForexExchange.Models.CurrencyPoolTransactionType>, System.Func<ForexExchange.Models.CurrencyPoolTransactionType, ForexExchange.Models.CurrencyPoolTransactionType, System.Boolean>>
7a5ac2015640       1          64 System.Func<ForexExchange.Models.CurrencyPoolTransactionType, ForexExchange.Models.CurrencyPoolTransactionType, System.Boolean>
7a5ac6313560       1          64 System.Func<Microsoft.EntityFrameworkCore.Metadata.RuntimePropertyBase, System.Collections.Generic.IComparer<Microsoft.EntityFrameworkCore.Update.IUpdateEntry>>
7a5ac6316038       1          64 System.Action<ForexExchange.Models.CurrencyPoolHistory, System.Int64>
7a5ac6319cc8       1          64 System.Func<Microsoft.EntityFrameworkCore.ChangeTracking.ValueComparer<ForexExchange.Models.PoolRiskLevel>, System.Func<ForexExchange.Models.PoolRiskLevel, ForexExchange.Models.PoolRiskLevel, System.Boolean>>
7a5ac2013d08       1          64 System.Func<ForexExchange.Models.PoolRiskLevel, ForexExchange.Models.PoolRiskLevel, System.Boolean>
7a5ac6330658       1          64 System.Func<Microsoft.EntityFrameworkCore.Query.QueryContext, System.Collections.Generic.IAsyncEnumerable<<>f__AnonymousType223<System.Int32, System.DateTime, System.String, System.Decimal, System.String, ForexExchange.Models.PayerType, System.Nullable<System.Int32>, ForexExchange.Models.ReceiverType, System.Nullable<System.Int32>>>>
7a5ac72505b8       1          64 System.Func<ForexExchange.Models.CustomerTransactionHistory, ForexExchange.Models.FinancialTransactionItem>
7a5ac628cbd8       1          64 System.Func<System.ValueTuple<System.Int32, System.String, System.DateTime, System.String, System.Nullable<System.Int32>, System.Decimal, System.String>, System.Int32>
7a5ac628c370       1          64 System.Func<System.ValueTuple<System.Int32, System.String, System.DateTime, System.String, System.Nullable<System.Int32>, System.Decimal, System.String>, System.DateTime>
7a5ac6339148       1          64 System.Func<System.ValueTuple<System.Int32, System.String, System.DateTime, System.String, System.Nullable<System.Int32>, System.Decimal, System.String>, System.ValueTuple<System.Int32, System.String, System.DateTime, System.String, System.Nullable<System.Int32>, System.Decimal, System.String>>
7a5ac6e6a358       2          64 System.Runtime.CompilerServices.RuleCache<System.Action<System.Runtime.CompilerServices.CallSite, AspNetCoreGeneratedDocument.Views_Orders_Index, System.Object>>
7a5ac633d828       1          64 System.Func<Microsoft.EntityFrameworkCore.ChangeTracking.Internal.Snapshot<System.Int64, System.Int32>, System.Int64>
7a5ac633e1d0       1          64 System.Func<Microsoft.EntityFrameworkCore.ChangeTracking.Internal.Snapshot<System.Int64, System.Int32>, System.Int32>
7a5ac63439e8       1          64 System.Func<Microsoft.EntityFrameworkCore.ChangeTracking.ValueComparer<ForexExchange.Models.BankAccountTransactionType>, System.Func<ForexExchange.Models.BankAccountTransactionType, ForexExchange.Models.BankAccountTransactionType>>
7a5ac634be28       1          64 System.Func<Microsoft.EntityFrameworkCore.ChangeTracking.ValueComparer<ForexExchange.Models.BankAccountTransactionType>, System.Func<ForexExchange.Models.BankAccountTransactionType, ForexExchange.Models.BankAccountTransactionType, System.Boolean>>
7a5ac20123d0       1          64 System.Func<ForexExchange.Models.BankAccountTransactionType, ForexExchange.Models.BankAccountTransactionType, System.Boolean>
7a5ac3219110       1          64 Microsoft.EntityFrameworkCore.Query.RelationalQueryContext
7a5ac33ae1b0       1          64 Microsoft.EntityFrameworkCore.Query.Internal.RelationalCommandResolver
7a5ac5fb3b70       1          64 System.Func<Microsoft.EntityFrameworkCore.Query.QueryContext, System.Data.Common.DbDataReader, Microsoft.EntityFrameworkCore.Query.Internal.ResultContext, Microsoft.EntityFrameworkCore.Query.Internal.SingleQueryResultCoordinator, ForexExchange.Models.AccountingDocument>
7a5ac227a530       1          64 System.Action<System.Int32>
7a5ac634e3d0       1          64 System.Action<ForexExchange.Models.BankAccountBalanceHistory, System.Int64>
7a5ac628a600       1          64 System.Func<System.ValueTuple<System.Int32, System.String>, System.Int32>
7a5ac634f3b0       1          64 System.Func<Microsoft.EntityFrameworkCore.Internal.InternalDbSet<ForexExchange.Models.BankAccountBalance>, Microsoft.EntityFrameworkCore.Query.Internal.EntityQueryable<ForexExchange.Models.BankAccountBalance>>
7a5ac634f988       1          64 System.Func<Microsoft.EntityFrameworkCore.Query.QueryContext, System.Threading.Tasks.Task<ForexExchange.Models.BankAccountBalance>>
7a5ac6361838       1          64 System.Func<Microsoft.EntityFrameworkCore.DbContext, Microsoft.EntityFrameworkCore.Query.Internal.SingleQueryingEnumerable<ForexExchange.Models.BankAccountBalance>+AsyncEnumerator, System.Threading.CancellationToken, System.Threading.Tasks.Task<System.Boolean>>
7a5ac6365f90       1          64 System.Func<Microsoft.EntityFrameworkCore.Query.QueryContext, System.Collections.Generic.IAsyncEnumerable<<>f__AnonymousType224<System.Int32, System.DateTime, System.String, System.Decimal, System.String, System.String, ForexExchange.Models.PayerType, System.Nullable<System.Int32>, ForexExchange.Models.ReceiverType, System.Nullable<System.Int32>>>>
7a5ac63679e8       1          64 System.Func<Microsoft.EntityFrameworkCore.DbContext, Microsoft.EntityFrameworkCore.Query.Internal.SingleQueryingEnumerable<<>f__AnonymousType224<System.Int32, System.DateTime, System.String, System.Decimal, System.String, System.String, ForexExchange.Models.PayerType, System.Nullable<System.Int32>, ForexExchange.Models.ReceiverType, System.Nullable<System.Int32>>>+AsyncEnumerator, System.Threading.CancellationToken, System.Threading.Tasks.Task<System.Boolean>>
7a5ac6369208       1          64 System.Func<Microsoft.EntityFrameworkCore.Query.QueryContext, System.Collections.Generic.IAsyncEnumerable<<>f__AnonymousType225<System.Int32, System.Int32, System.DateTime, System.Decimal, System.Decimal, System.String, System.String, System.String>>>
7a5ac636b108       1          64 System.Func<Microsoft.EntityFrameworkCore.DbContext, Microsoft.EntityFrameworkCore.Query.Internal.SingleQueryingEnumerable<<>f__AnonymousType225<System.Int32, System.Int32, System.DateTime, System.Decimal, System.Decimal, System.String, System.String, System.String>>+AsyncEnumerator, System.Threading.CancellationToken, System.Threading.Tasks.Task<System.Boolean>>
7a5ac628afa0       1          64 System.Func<System.ValueTuple<System.Int32, System.String, System.DateTime, System.String, System.String, System.Nullable<System.Int32>, System.Decimal, System.ValueTuple<System.String>>, <>f__AnonymousType226<System.Int32, System.String, System.DateTime, System.String, System.String, System.Nullable<System.Int32>, System.Decimal, System.String>>
7a5ac628b1b8       1          64 System.Func<<>f__AnonymousType226<System.Int32, System.String, System.DateTime, System.String, System.String, System.Nullable<System.Int32>, System.Decimal, System.String>, <>f__AnonymousType131<System.Int32, System.String>>
7a5ac6289950       1          64 System.Func<<>f__AnonymousType226<System.Int32, System.String, System.DateTime, System.String, System.String, System.Nullable<System.Int32>, System.Decimal, System.String>, System.DateTime>
7a5ac6372530       1          64 System.Func<<>f__AnonymousType226<System.Int32, System.String, System.DateTime, System.String, System.String, System.Nullable<System.Int32>, System.Decimal, System.String>, <>f__AnonymousType226<System.Int32, System.String, System.DateTime, System.String, System.String, System.Nullable<System.Int32>, System.Decimal, System.String>>
7a5ac64787e0       1          64 System.Func<Microsoft.EntityFrameworkCore.Storage.ValueConversion.ValueConverter<System.Collections.Generic.IEnumerable<System.Int32>, System.String>, System.Func<System.Object, System.Object>>
7a5ac6478b38       1          64 System.Func<Microsoft.EntityFrameworkCore.Storage.ValueConversion.ValueConverter<System.Collections.Generic.IEnumerable<System.Int32>, System.String>, System.Func<System.Collections.Generic.IEnumerable<System.Int32>, System.String>>
7a5ac646dee0       1          64 System.Func<System.Collections.Generic.IEnumerable<System.Int32>, System.String>
7a5ac637b958       1          64 System.Func<Microsoft.EntityFrameworkCore.ChangeTracking.ValueComparer<ForexExchange.Models.CustomerBalanceTransactionType>, System.Func<ForexExchange.Models.CustomerBalanceTransactionType, ForexExchange.Models.CustomerBalanceTransactionType, System.Boolean>>
7a5ac2016f78       1          64 System.Func<ForexExchange.Models.CustomerBalanceTransactionType, ForexExchange.Models.CustomerBalanceTransactionType, System.Boolean>
7a5ac64a49c0       1          64 System.Func<ForexExchange.Models.Customer, System.Action<ForexExchange.Models.Customer, System.Collections.Generic.ICollection<ForexExchange.Models.Order>>, System.Collections.Generic.ICollection<ForexExchange.Models.Order>>
7a5ac64aabc0       1          64 System.Func<Microsoft.EntityFrameworkCore.DbContext, Microsoft.EntityFrameworkCore.Query.Internal.SingleQueryingEnumerable<ForexExchange.Models.Order>+AsyncEnumerator, System.Threading.CancellationToken, System.Threading.Tasks.Task<System.Boolean>>
7a5ac2155c68       2          64 System.Collections.Generic.List<ForexExchange.Models.CustomerBalanceHistory>
7a5ac5e748c0       2          64 System.Collections.Generic.List<Microsoft.EntityFrameworkCore.Update.IReadOnlyModificationCommand>
7a5ac2265698       2          64 Microsoft.Data.Sqlite.SqliteTransaction
7a5ac62bd450       1          64 SQLitePCL.delegate_rollback
7a5ac637bff8       1          64 System.Action<ForexExchange.Models.CustomerBalanceHistory, System.Int64>
7a5abef13448       1          64 System.Reflection.Metadata.AssemblyNameInfo
7a5ac74457c0       2          64 System.Diagnostics.Metrics.MetricsEventSource+CommandHandler+<>c__DisplayClass10_0
7a5ac6ca00b8       1          64 System.Func<Microsoft.Win32.SafeHandles.SafeX509Handle, Microsoft.Win32.SafeHandles.SafeSharedAsn1IntegerHandle>
7a5ac6ca06e0       1          64 Interop+Crypto+GetEncodedSizeFunc<Microsoft.Win32.SafeHandles.SafeSharedAsn1IntegerHandle>
7a5ac6ca0a60       1          64 Interop+Crypto+EncodeFunc<Microsoft.Win32.SafeHandles.SafeSharedAsn1IntegerHandle>
7a5ac6cfd6c0       1          64 System.Action<AspNetCoreGeneratedDocument.Views_Orders_Details, Microsoft.AspNetCore.Mvc.ViewFeatures.IModelExpressionProvider>
7a5ac6cfd850       1          64 System.Action<AspNetCoreGeneratedDocument.Views_Orders_Details, Microsoft.AspNetCore.Mvc.IUrlHelper>
7a5ac6cfd9e0       1          64 System.Action<AspNetCoreGeneratedDocument.Views_Orders_Details, Microsoft.AspNetCore.Mvc.IViewComponentHelper>
7a5ac6cfdb70       1          64 System.Action<AspNetCoreGeneratedDocument.Views_Orders_Details, Microsoft.AspNetCore.Mvc.Rendering.IJsonHelper>
7a5ac6cfdd00       1          64 System.Action<AspNetCoreGeneratedDocument.Views_Orders_Details, Microsoft.AspNetCore.Mvc.Rendering.IHtmlHelper<ForexExchange.Models.Order>>
7a5ac6e023d0       1          64 System.Action<System.Net.Http.HttpConnectionBase>
7a5ac6e0bf38       1          64 System.Func<Microsoft.EntityFrameworkCore.Query.QueryContext, System.Collections.Generic.IAsyncEnumerable<ForexExchange.Models.Currency>>
7a5ac62c3cb0       2          64 System.Linq.Expressions.Expression1<System.Func<ForexExchange.Models.Order, System.DateTime>>
7a5ac6f4f8a0       1          64 System.Func<System.ValueTuple<System.String, System.Type, System.Reflection.MemberInfo>, System.Func<System.ValueTuple<System.String, System.Type, System.Reflection.MemberInfo>, System.Text.Json.Serialization.Metadata.JsonTypeInfo+ParameterizedConstructorDelegate<<>f__AnonymousType199<System.Int32, System.Int32, System.DateTime>, System.Int32, System.Int32, System.DateTime, System.Object>>, System.Text.Json.Serialization.Metadata.ReflectionEmitCachingMemberAccessor+Cache<System.ValueTuple<System.String, System.Type, System.Reflection.MemberInfo>>+CacheEntry>
7a5ac6f4f568       1          64 System.Text.Json.Serialization.Metadata.JsonTypeInfo+ParameterizedConstructorDelegate<<>f__AnonymousType199<System.Int32, System.Int32, System.DateTime>, System.Int32, System.Int32, System.DateTime, System.Object>
7a5ac6e18fd0       1          64 System.Action<AspNetCoreGeneratedDocument.Views_Orders_Index, Microsoft.AspNetCore.Mvc.ViewFeatures.IModelExpressionProvider>
7a5ac6e19160       1          64 System.Action<AspNetCoreGeneratedDocument.Views_Orders_Index, Microsoft.AspNetCore.Mvc.IUrlHelper>
7a5ac6e192f0       1          64 System.Action<AspNetCoreGeneratedDocument.Views_Orders_Index, Microsoft.AspNetCore.Mvc.IViewComponentHelper>
7a5ac6e19480       1          64 System.Action<AspNetCoreGeneratedDocument.Views_Orders_Index, Microsoft.AspNetCore.Mvc.Rendering.IJsonHelper>
7a5ac6e196a8       1          64 System.Action<AspNetCoreGeneratedDocument.Views_Orders_Index, Microsoft.AspNetCore.Mvc.Rendering.IHtmlHelper<System.Collections.Generic.IList<ForexExchange.Models.Order>>>
7a5ac6e19838       1          64 System.Action<Microsoft.AspNetCore.Mvc.Razor.RazorPage<System.Collections.Generic.IList<ForexExchange.Models.Order>>, Microsoft.AspNetCore.Mvc.ViewFeatures.ViewDataDictionary<System.Collections.Generic.IList<ForexExchange.Models.Order>>>
7a5ac6e69270       2          64 System.Runtime.CompilerServices.RuleCache<System.Func<System.Runtime.CompilerServices.CallSite, System.Object, System.Collections.IEnumerable>>
7a5ac4949110       2          64 Microsoft.CSharp.RuntimeBinder.Semantics.SymWithType
7a5ac6e734d8       2          64 System.Runtime.CompilerServices.RuleCache<System.Func<System.Runtime.CompilerServices.CallSite, System.Type, System.Object, System.Object, System.Object>>
7a5ac6e75600       2          64 System.Runtime.CompilerServices.RuleCache<System.Func<System.Runtime.CompilerServices.CallSite, System.Type, System.Int32, System.Object, System.Object>>
7a5ac65194f8       1          64 System.Func<Microsoft.EntityFrameworkCore.Query.QueryContext, System.Collections.Generic.IAsyncEnumerable<<>f__AnonymousType42<System.Int32, System.String, System.String, System.Int32, System.Int32>>>
7a5ac651b000       1          64 System.Func<Microsoft.EntityFrameworkCore.DbContext, Microsoft.EntityFrameworkCore.Query.Internal.SingleQueryingEnumerable<<>f__AnonymousType42<System.Int32, System.String, System.String, System.Int32, System.Int32>>+AsyncEnumerator, System.Threading.CancellationToken, System.Threading.Tasks.Task<System.Boolean>>
7a5ac6516928       1          64 System.Func<<>f__AnonymousType42<System.Int32, System.String, System.String, System.Int32, System.Int32>, System.Int32>
7a5ac6516a18       1          64 System.Func<<>f__AnonymousType42<System.Int32, System.String, System.String, System.Int32, System.Int32>, <>f__AnonymousType43<System.String, System.String, System.Int32>>
7a5ac1db76c0       2          64 System.Linq.Expressions.MemberInitExpression
7a5ac6530330       1          64 System.Func<Microsoft.EntityFrameworkCore.Query.QueryContext, System.Collections.Generic.IEnumerable<Microsoft.AspNetCore.Mvc.Rendering.SelectListItem>>
7a5ac6534310       1          64 System.Func<Microsoft.EntityFrameworkCore.DbContext, Microsoft.EntityFrameworkCore.Query.Internal.SingleQueryingEnumerable<Microsoft.AspNetCore.Mvc.Rendering.SelectListItem>+Enumerator, System.Boolean>
7a5ac6516f70       1          64 System.Func<System.Linq.IGrouping<System.String, ForexExchange.Models.CurrencyPool>, System.String>
7a5ac6517060       1          64 System.Func<System.Linq.IGrouping<System.String, ForexExchange.Models.CurrencyPool>, System.Decimal>
7a5ac6536978       1          64 System.Action<AspNetCoreGeneratedDocument.Views_Orders_Create, Microsoft.AspNetCore.Mvc.ViewFeatures.IModelExpressionProvider>
7a5ac6536b08       1          64 System.Action<AspNetCoreGeneratedDocument.Views_Orders_Create, Microsoft.AspNetCore.Mvc.IUrlHelper>
7a5ac6536c98       1          64 System.Action<AspNetCoreGeneratedDocument.Views_Orders_Create, Microsoft.AspNetCore.Mvc.IViewComponentHelper>
7a5ac6536e28       1          64 System.Action<AspNetCoreGeneratedDocument.Views_Orders_Create, Microsoft.AspNetCore.Mvc.Rendering.IJsonHelper>
7a5ac6537050       1          64 System.Action<AspNetCoreGeneratedDocument.Views_Orders_Create, Microsoft.AspNetCore.Mvc.Rendering.IHtmlHelper<ForexExchange.Models.Order>>
7a5ac6556df8       1          64 System.Action<AspNetCoreGeneratedDocument.Views_Shared__ValidationScriptsPartial, Microsoft.AspNetCore.Mvc.ViewFeatures.IModelExpressionProvider>
7a5ac6556f88       1          64 System.Action<AspNetCoreGeneratedDocument.Views_Shared__ValidationScriptsPartial, Microsoft.AspNetCore.Mvc.IUrlHelper>
7a5ac6557118       1          64 System.Action<AspNetCoreGeneratedDocument.Views_Shared__ValidationScriptsPartial, Microsoft.AspNetCore.Mvc.IViewComponentHelper>
7a5ac65572a8       1          64 System.Action<AspNetCoreGeneratedDocument.Views_Shared__ValidationScriptsPartial, Microsoft.AspNetCore.Mvc.Rendering.IJsonHelper>
7a5ac6557438       1          64 System.Action<AspNetCoreGeneratedDocument.Views_Shared__ValidationScriptsPartial, Microsoft.AspNetCore.Mvc.Rendering.IHtmlHelper<System.Object>>
7a5ac6558870       2          64 System.Runtime.CompilerServices.RuleCache<System.Func<System.Runtime.CompilerServices.CallSite, System.Type, System.Object, System.Object>>
7a5ac6571048       1          64 System.Func<System.Collections.Generic.Dictionary<System.Int32, <>f__AnonymousType43<System.String, System.String, System.Int32>>>
7a5ac65723c8       1          64 System.Func<System.ValueTuple<System.String, System.Type, System.Reflection.MemberInfo>, System.Func<System.ValueTuple<System.String, System.Type, System.Reflection.MemberInfo>, System.Func<System.Object, System.Int32>>, System.Text.Json.Serialization.Metadata.ReflectionEmitCachingMemberAccessor+Cache<System.ValueTuple<System.String, System.Type, System.Reflection.MemberInfo>>+CacheEntry>
7a5ac65736c0       1          64 System.Func<System.ValueTuple<System.String, System.Type, System.Reflection.MemberInfo>, System.Func<System.ValueTuple<System.String, System.Type, System.Reflection.MemberInfo>, System.Text.Json.Serialization.Metadata.JsonTypeInfo+ParameterizedConstructorDelegate<<>f__AnonymousType43<System.String, System.String, System.Int32>, System.String, System.String, System.Int32, System.Object>>, System.Text.Json.Serialization.Metadata.ReflectionEmitCachingMemberAccessor+Cache<System.ValueTuple<System.String, System.Type, System.Reflection.MemberInfo>>+CacheEntry>7a5ac6573388       1          64 System.Text.Json.Serialization.Metadata.JsonTypeInfo+ParameterizedConstructorDelegate<<>f__AnonymousType43<System.String, System.String, System.Int32>, System.String, System.String, System.Int32, System.Object>
7a5ac65c2b08       1          64 System.Func<ForexExchange.Services.OrderFormDataDto, System.Nullable<System.DateTime>>
7a5ac65c2c98       1          64 System.Action<ForexExchange.Services.OrderFormDataDto, System.Nullable<System.DateTime>>
7a5ac65c2e28       1          64 System.Func<ForexExchange.Services.OrderFormDataDto, System.String>
7a5ac65c2fb8       1          64 System.Action<ForexExchange.Services.OrderFormDataDto, System.String>
7a5ac65c6130       1          64 System.Func<Microsoft.EntityFrameworkCore.DbContext, Microsoft.EntityFrameworkCore.Query.Internal.SingleQueryingEnumerable<ForexExchange.Models.Currency>+AsyncEnumerator, System.Threading.CancellationToken, System.Threading.Tasks.Task<System.Boolean>>
7a5ac65e4510       1          64 System.Func<Microsoft.EntityFrameworkCore.ChangeTracking.Internal.Snapshot<System.Int32, System.Nullable<System.Int32>, System.Int32, System.Int32, System.Int32>, System.Nullable<System.Int32>>
7a5ac65e4bf8       1          64 System.Func<Microsoft.EntityFrameworkCore.ChangeTracking.Internal.Snapshot<System.Nullable<System.Int32>>, System.Nullable<System.Int32>>
7a5ac6601528       1          64 System.Func<Microsoft.EntityFrameworkCore.ChangeTracking.Internal.Snapshot<System.Int32, System.Nullable<System.Int32>, System.Int32, System.Int32, System.Int32, System.Object, System.Object, System.Object>, System.Nullable<System.Int32>>
7a5ac6609b40       1          64 System.Func<System.ValueTuple<System.String, System.Type, System.Reflection.MemberInfo>, System.Func<System.ValueTuple<System.String, System.Type, System.Reflection.MemberInfo>, System.Func<System.Object, System.Decimal>>, System.Text.Json.Serialization.Metadata.ReflectionEmitCachingMemberAccessor+Cache<System.ValueTuple<System.String, System.Type, System.Reflection.MemberInfo>>+CacheEntry>
7a5ac660a9e8       1          64 System.Func<System.ValueTuple<System.String, System.Type, System.Reflection.MemberInfo>, System.Func<System.ValueTuple<System.String, System.Type, System.Reflection.MemberInfo>, System.Func<System.Object[], <>f__AnonymousType197<System.Int32, System.Int32, System.Int32, System.Int32, System.Decimal, System.Decimal, System.Decimal>>>, System.Text.Json.Serialization.Metadata.ReflectionEmitCachingMemberAccessor+Cache<System.ValueTuple<System.String, System.Type, System.Reflection.MemberInfo>>+CacheEntry>
7a5ac660a6c0       1          64 System.Func<System.Object[], <>f__AnonymousType197<System.Int32, System.Int32, System.Int32, System.Int32, System.Decimal, System.Decimal, System.Decimal>>
7a5ac660c3d8       1          64 System.Func<Microsoft.AspNetCore.Http.Features.IFeatureCollection, Microsoft.AspNetCore.Http.Features.IHttpConnectionFeature>
7a5ac660c4c8       1          64 System.Func<Microsoft.AspNetCore.Http.Features.IFeatureCollection, Microsoft.AspNetCore.Http.Features.ITlsConnectionFeature>
7a5ac660c2e8       1          64 System.Func<Microsoft.AspNetCore.Http.Features.IFeatureCollection, Microsoft.AspNetCore.Connections.Features.IConnectionLifetimeNotificationFeature>
7a5ac660e130       1          64 System.Func<Microsoft.EntityFrameworkCore.ChangeTracking.Internal.Snapshot<System.Int32>, System.Int32>
7a5ac68614f8       1          64 System.Func<Microsoft.EntityFrameworkCore.ChangeTracking.ValueComparer<ForexExchange.Models.AdminActivityType>, System.Func<ForexExchange.Models.AdminActivityType, ForexExchange.Models.AdminActivityType>>
7a5ac1fef3f8       1          64 System.Func<ForexExchange.Models.AdminActivityType, ForexExchange.Models.AdminActivityType>
7a5ac68664e8       1          64 System.Func<Microsoft.EntityFrameworkCore.ChangeTracking.ValueComparer<ForexExchange.Models.AdminActivityType>, System.Func<ForexExchange.Models.AdminActivityType, ForexExchange.Models.AdminActivityType, System.Boolean>>
7a5ac1fef158       1          64 System.Func<ForexExchange.Models.AdminActivityType, ForexExchange.Models.AdminActivityType, System.Boolean>
7a5ac68868b8       1          64 System.Func<Microsoft.EntityFrameworkCore.ChangeTracking.ValueComparer<ForexExchange.Models.UserRole>, System.Func<ForexExchange.Models.UserRole, ForexExchange.Models.UserRole, System.Boolean>>
7a5ac2010a98       1          64 System.Func<ForexExchange.Models.UserRole, ForexExchange.Models.UserRole, System.Boolean>
7a5ac68877b8       1          64 System.Func<Microsoft.EntityFrameworkCore.ChangeTracking.ValueComparer<System.Nullable<System.DateTime>>, System.Func<System.Nullable<System.DateTime>, System.Nullable<System.DateTime>, System.Boolean>>
7a5ac688a088       1          64 System.Func<Microsoft.EntityFrameworkCore.Storage.ValueConversion.ValueConverter<ForexExchange.Models.AdminActivityType, System.Int32>, System.Func<System.Object, System.Object>>
7a5ac688a2a8       1          64 System.Func<Microsoft.EntityFrameworkCore.Storage.ValueConversion.ValueConverter<ForexExchange.Models.AdminActivityType, System.Int32>, System.Func<ForexExchange.Models.AdminActivityType, System.Int32>>
7a5ac198ff18       1          64 System.Func<ForexExchange.Models.AdminActivityType, System.Int32>
7a5ac688ab10       1          64 System.Action<ForexExchange.Models.AdminActivity, System.Int32>
7a5ac312b378       1          64 System.Func<ForexExchange.Services.Notifications.INotificationProvider, System.Boolean>
7a5ac68905d8       1          64 System.Func<System.ValueTuple<System.String, System.Type, System.Reflection.MemberInfo>, System.Func<System.ValueTuple<System.String, System.Type, System.Reflection.MemberInfo>, System.Func<System.Object, <>f__AnonymousType229<System.String, System.String, System.String, System.DateTime, System.String, System.Collections.Generic.Dictionary<System.String, System.Object>, ForexExchange.Services.Notifications.RelatedEntity>>>, System.Text.Json.Serialization.Metadata.ReflectionEmitCachingMemberAccessor+Cache<System.ValueTuple<System.String, System.Type, System.Reflection.MemberInfo>>+CacheEntry>
7a5ac68902b0       1          64 System.Func<System.Object, <>f__AnonymousType229<System.String, System.String, System.String, System.DateTime, System.String, System.Collections.Generic.Dictionary<System.String, System.Object>, ForexExchange.Services.Notifications.RelatedEntity>>
7a5ac6890e90       1          64 System.Func<System.ValueTuple<System.String, System.Type, System.Reflection.MemberInfo>, System.Func<System.ValueTuple<System.String, System.Type, System.Reflection.MemberInfo>, System.Func<System.Object[], <>f__AnonymousType59<System.String, System.String, System.String, System.String, System.String, <>f__AnonymousType229<System.String, System.String, System.String, System.DateTime, System.String, System.Collections.Generic.Dictionary<System.String, System.Object>, ForexExchange.Services.Notifications.RelatedEntity>>>>, System.Text.Json.Serialization.Metadata.ReflectionEmitCachingMemberAccessor+Cache<System.ValueTuple<System.String, System.Type, System.Reflection.MemberInfo>>+CacheEntry>
7a5ac6890b68       1          64 System.Func<System.Object[], <>f__AnonymousType59<System.String, System.String, System.String, System.String, System.String, <>f__AnonymousType229<System.String, System.String, System.String, System.DateTime, System.String, System.Collections.Generic.Dictionary<System.String, System.Object>, ForexExchange.Services.Notifications.RelatedEntity>>>
7a5ac6892600       1          64 System.Func<System.ValueTuple<System.String, System.Type, System.Reflection.MemberInfo>, System.Func<System.ValueTuple<System.String, System.Type, System.Reflection.MemberInfo>, System.Func<System.Object, System.DateTime>>, System.Text.Json.Serialization.Metadata.ReflectionEmitCachingMemberAccessor+Cache<System.ValueTuple<System.String, System.Type, System.Reflection.MemberInfo>>+CacheEntry>
7a5ac6893750       1          64 System.Func<System.ValueTuple<System.String, System.Type, System.Reflection.MemberInfo>, System.Func<System.ValueTuple<System.String, System.Type, System.Reflection.MemberInfo>, System.Func<System.Object, System.Collections.Generic.Dictionary<System.String, System.Object>>>, System.Text.Json.Serialization.Metadata.ReflectionEmitCachingMemberAccessor+Cache<System.ValueTuple<System.String, System.Type, System.Reflection.MemberInfo>>+CacheEntry>
7a5ac68942b0       1          64 System.Func<System.ValueTuple<System.String, System.Type, System.Reflection.MemberInfo>, System.Func<System.ValueTuple<System.String, System.Type, System.Reflection.MemberInfo>, System.Func<System.Object, ForexExchange.Services.Notifications.RelatedEntity>>, System.Text.Json.Serialization.Metadata.ReflectionEmitCachingMemberAccessor+Cache<System.ValueTuple<System.String, System.Type, System.Reflection.MemberInfo>>+CacheEntry>
7a5ac6893f88       1          64 System.Func<System.Object, ForexExchange.Services.Notifications.RelatedEntity>
7a5ac6896780       1          64 System.Func<System.ValueTuple<System.String, System.Type, System.Reflection.MemberInfo>, System.Func<System.ValueTuple<System.String, System.Type, System.Reflection.MemberInfo>, System.Func<System.Object[], <>f__AnonymousType229<System.String, System.String, System.String, System.DateTime, System.String, System.Collections.Generic.Dictionary<System.String, System.Object>, ForexExchange.Services.Notifications.RelatedEntity>>>, System.Text.Json.Serialization.Metadata.ReflectionEmitCachingMemberAccessor+Cache<System.ValueTuple<System.String, System.Type, System.Reflection.MemberInfo>>+CacheEntry>
7a5ac6896458       1          64 System.Func<System.Object[], <>f__AnonymousType229<System.String, System.String, System.String, System.DateTime, System.String, System.Collections.Generic.Dictionary<System.String, System.Object>, ForexExchange.Services.Notifications.RelatedEntity>>
7a5ac6898808       1          64 System.Func<System.Collections.Generic.Dictionary<System.String, System.Object>>
7a5ac68992e8       1          64 System.Func<ForexExchange.Services.Notifications.RelatedEntity>
7a5ac68998b8       1          64 System.Func<System.ValueTuple<System.String, System.Type, System.Reflection.MemberInfo>, System.Func<System.ValueTuple<System.String, System.Type, System.Reflection.MemberInfo>, System.Action<System.Object, System.String>>, System.Text.Json.Serialization.Metadata.ReflectionEmitCachingMemberAccessor+Cache<System.ValueTuple<System.String, System.Type, System.Reflection.MemberInfo>>+CacheEntry>
7a5ac689a438       1          64 System.Func<System.ValueTuple<System.String, System.Type, System.Reflection.MemberInfo>, System.Func<System.ValueTuple<System.String, System.Type, System.Reflection.MemberInfo>, System.Action<System.Object, System.Int32>>, System.Text.Json.Serialization.Metadata.ReflectionEmitCachingMemberAccessor+Cache<System.ValueTuple<System.String, System.Type, System.Reflection.MemberInfo>>+CacheEntry>
7a5ac689ae58       1          64 System.Func<System.ValueTuple<System.String, System.Type, System.Reflection.MemberInfo>, System.Func<System.ValueTuple<System.String, System.Type, System.Reflection.MemberInfo>, System.Action<System.Object, System.Collections.Generic.Dictionary<System.String, System.Object>>>, System.Text.Json.Serialization.Metadata.ReflectionEmitCachingMemberAccessor+Cache<System.ValueTuple<System.String, System.Type, System.Reflection.MemberInfo>>+CacheEntry>
7a5ac689ab30       1          64 System.Action<System.Object, System.Collections.Generic.Dictionary<System.String, System.Object>>
7a5ac49ba340       1          64 System.Func<System.Type, System.Collections.Generic.ICollection<System.Type>>
7a5ac68bf248       1          64 System.Text.Json.Serialization.Converters.IEnumerableConverter<System.Collections.IEnumerable>
7a5ac68d0af0       1          64 System.Text.Json.Serialization.Converters.IEnumerableOfTConverter<System.Collections.Generic.IEnumerable<System.Char>, System.Char>
7a5ac68e7990       1          64 System.Func<Microsoft.EntityFrameworkCore.Internal.InternalDbSet<ForexExchange.Models.PushSubscription>, Microsoft.EntityFrameworkCore.Query.Internal.EntityQueryable<ForexExchange.Models.PushSubscription>>
7a5ac33deb28       1          64 System.Func<Microsoft.EntityFrameworkCore.Metadata.IPropertyBase, System.Int32>
7a5ac22cd260       1          64 System.Func<Microsoft.EntityFrameworkCore.Metadata.IPropertyBase, Microsoft.EntityFrameworkCore.Metadata.IPropertyBase>
7a5ac68e8728       1          64 System.Func<Microsoft.EntityFrameworkCore.Query.QueryContext, System.Collections.Generic.IAsyncEnumerable<ForexExchange.Models.PushSubscription>>
7a5ac68eb868       1          64 System.Func<Microsoft.EntityFrameworkCore.DbContext, Microsoft.EntityFrameworkCore.Query.Internal.SingleQueryingEnumerable<ForexExchange.Models.PushSubscription>+AsyncEnumerator, System.Threading.CancellationToken, System.Threading.Tasks.Task<System.Boolean>>
7a5ac68ec0b8       1          64 System.Func<Microsoft.EntityFrameworkCore.ChangeTracking.Internal.Snapshot<System.String>, System.String>
7a5ac68ffde0       2          64 Org.BouncyCastle.Security.SecureRandom
7a5ac6973dd0       2          64 Org.BouncyCastle.Asn1.X9.X9FieldID
7a5ac69775b0       2          64 Org.BouncyCastle.Math.EC.Multiplier.FixedPointPreCompInfo
7a5ac6b04ae8       1          64 System.Func<System.Net.IWebProxy>
7a5ac6b0a9e0       1          64 System.Diagnostics.DistributedContextPropagator+PropagatorSetterCallback
7a5ac6b3a088       1          64 System.Func<System.Object, System.Net.NameResolutionActivity, System.Net.IPAddress[]>
7a5ac6be4820       1          64 System.Func<System.ValueTuple<System.Net.Security.SslAuthenticationOptions, System.Security.Authentication.SslProtocols, System.Boolean>, Microsoft.Win32.SafeHandles.SafeSslContextHandle>
7a5ac6bf0308       1          64 System.Func<Microsoft.Win32.SafeHandles.SafeSslHandle, Microsoft.Win32.SafeHandles.SafeSharedX509StackHandle>
7a5ac6bff4e8       1          64 Interop+Crypto+NegativeSizeReadMethod<Microsoft.Win32.SafeHandles.SafeX509Handle>
7a5ac72514a0       1          64 System.Action<AspNetCoreGeneratedDocument.Views_PrintViews_CustomerPrintReport, ForexExchange.Services.ISettingsService>
7a5ac7251630       1          64 System.Action<AspNetCoreGeneratedDocument.Views_PrintViews_CustomerPrintReport, Microsoft.AspNetCore.Mvc.ViewFeatures.IModelExpressionProvider>
7a5ac72517c0       1          64 System.Action<AspNetCoreGeneratedDocument.Views_PrintViews_CustomerPrintReport, Microsoft.AspNetCore.Mvc.IUrlHelper>
7a5ac7251950       1          64 System.Action<AspNetCoreGeneratedDocument.Views_PrintViews_CustomerPrintReport, Microsoft.AspNetCore.Mvc.IViewComponentHelper>
7a5ac7251ae0       1          64 System.Action<AspNetCoreGeneratedDocument.Views_PrintViews_CustomerPrintReport, Microsoft.AspNetCore.Mvc.Rendering.IJsonHelper>
7a5ac7251d08       1          64 System.Action<AspNetCoreGeneratedDocument.Views_PrintViews_CustomerPrintReport, Microsoft.AspNetCore.Mvc.Rendering.IHtmlHelper<ForexExchange.Models.FinancialReportViewModel>>
7a5ac7251e98       1          64 System.Action<Microsoft.AspNetCore.Mvc.Razor.RazorPage<ForexExchange.Models.FinancialReportViewModel>, Microsoft.AspNetCore.Mvc.ViewFeatures.ViewDataDictionary<ForexExchange.Models.FinancialReportViewModel>>
7a5ac7252960       1          64 System.Func<ForexExchange.Models.FinancialTransactionItem, System.String>
7a5ac7252ae0       1          64 System.Func<System.Linq.IGrouping<System.String, ForexExchange.Models.FinancialTransactionItem>, System.String>
7a5ac725c9e0       1          64 System.Func<System.Linq.IGrouping<System.String, ForexExchange.Models.FinancialTransactionItem>, System.Linq.IGrouping<System.String, ForexExchange.Models.FinancialTransactionItem>>
7a5ac725d560       1          64 System.Func<ForexExchange.Models.FinancialTransactionItem, ForexExchange.Models.FinancialTransactionItem>
7a5ac22739a8       2          64 System.Collections.Generic.List<Microsoft.Data.Sqlite.SqliteConnectionInternal>
7a5ac6ca22b8       1          64 System.Security.Cryptography.X509Certificates.OpenSslX509ChainProcessor+MapVersionSpecificCode
7a5ac6ca5b88       1          64 System.Func<Microsoft.Win32.SafeHandles.SafeX509Handle, System.Security.Cryptography.X509Certificates.PolicyData>
7a5ac6cbf160       1          64 System.Action<ForexExchange.Models.PushNotificationLog, ForexExchange.Models.PushSubscription>
7a5ac6cefd08       1          64 System.Func<Microsoft.EntityFrameworkCore.ChangeTracking.Internal.Snapshot<System.Int32, System.Int32, System.Object>, System.Object>
7a5ac73558c8       2          64 System.Runtime.CompilerServices.RuleCache<System.Action<System.Runtime.CompilerServices.CallSite, AspNetCoreGeneratedDocument.Views_AccountingDocuments_Index, System.Object>>
7a5ac5286310       2          64 System.Collections.Concurrent.ConcurrentDictionary<System.String, System.Threading.CancellationTokenSource>
7a5ac5254b10       2          64 Microsoft.AspNetCore.Http.Connections.Internal.ConnectionLogScope
7a5ac4f9eef0       2          64 Microsoft.AspNetCore.Server.Kestrel.Core.Internal.Http.HttpRequestHeaders+EnumeratorCache
7a5ac5e707e8       2          64 Microsoft.EntityFrameworkCore.Update.Internal.UpdateAdapter
7a5ac62b1090       2          64 Microsoft.EntityFrameworkCore.Query.Internal.EntityQueryable<ForexExchange.Models.BankAccountBalanceHistory>
7a5ac6cf0080       1          64 System.Action<ForexExchange.Models.PushNotificationLog, System.Int32>
7a5ac6516c40       1          64 System.Func<ForexExchange.Models.Customer, Microsoft.AspNetCore.Mvc.Rendering.SelectListItem>
7a5ac7324cd8       1          64 System.Action<AspNetCoreGeneratedDocument.Views_AccountingDocuments_Index, Microsoft.AspNetCore.Mvc.ViewFeatures.IModelExpressionProvider>
7a5ac7324e68       1          64 System.Action<AspNetCoreGeneratedDocument.Views_AccountingDocuments_Index, Microsoft.AspNetCore.Mvc.IUrlHelper>
7a5ac7324ff8       1          64 System.Action<AspNetCoreGeneratedDocument.Views_AccountingDocuments_Index, Microsoft.AspNetCore.Mvc.IViewComponentHelper>
7a5ac7325188       1          64 System.Action<AspNetCoreGeneratedDocument.Views_AccountingDocuments_Index, Microsoft.AspNetCore.Mvc.Rendering.IJsonHelper>
7a5ac73253b0       1          64 System.Action<AspNetCoreGeneratedDocument.Views_AccountingDocuments_Index, Microsoft.AspNetCore.Mvc.Rendering.IHtmlHelper<System.Collections.Generic.IList<ForexExchange.Models.AccountingDocument>>>
7a5ac7325540       1          64 System.Action<Microsoft.AspNetCore.Mvc.Razor.RazorPage<System.Collections.Generic.IList<ForexExchange.Models.AccountingDocument>>, Microsoft.AspNetCore.Mvc.ViewFeatures.ViewDataDictionary<System.Collections.Generic.IList<ForexExchange.Models.AccountingDocument>>>
7a5ac5ec9398       2          64 Microsoft.EntityFrameworkCore.Update.ResultSetMapping[]
7a5ac3fcb650       2          64 Microsoft.AspNetCore.Hosting.HostingRequestStartingLog
7a5ac4167a70       2          64 Microsoft.AspNetCore.Authentication.AuthenticationFeature
7a5ac41677f0       2          64 Microsoft.AspNetCore.Authentication.AuthenticationFeatures
7a5ac47925a8       2          64 Microsoft.AspNetCore.Authorization.IAuthorizationHandler[]
7a5ac44c52c8       2          64 Microsoft.AspNetCore.Mvc.Infrastructure.CopyOnWriteList<Microsoft.AspNetCore.Mvc.ModelBinding.IValueProviderFactory>
7a5abd3b81e0       2          64 ForexExchange.Services.CustomerFinancialHistoryService
7a5abf28df80       1          64 Microsoft.AspNetCore.Mvc.ViewResult
7a5ac454f560       2          64 System.Collections.Generic.Stack<System.IO.TextWriter>
7a5ac454eb30       2          64 System.Collections.Generic.Stack<Microsoft.AspNetCore.Mvc.Razor.RazorPageBase+TagHelperScopeInfo>
7a5ac4554d78       1          64 Microsoft.AspNetCore.Mvc.ViewFeatures.ViewDataDictionary<System.Object>
7a5ac4559b18       1          64 Microsoft.AspNetCore.Mvc.Routing.EndpointRoutingUrlHelper
7a5ac738bad8       1          64 System.Action<AspNetCoreGeneratedDocument.Views_Reports_BankAccountReports, Microsoft.AspNetCore.Mvc.ViewFeatures.IModelExpressionProvider>
7a5ac738bc68       1          64 System.Action<AspNetCoreGeneratedDocument.Views_Reports_BankAccountReports, Microsoft.AspNetCore.Mvc.IUrlHelper>
7a5ac738bdf8       1          64 System.Action<AspNetCoreGeneratedDocument.Views_Reports_BankAccountReports, Microsoft.AspNetCore.Mvc.IViewComponentHelper>
7a5ac738bf88       1          64 System.Action<AspNetCoreGeneratedDocument.Views_Reports_BankAccountReports, Microsoft.AspNetCore.Mvc.Rendering.IJsonHelper>
7a5ac738c118       1          64 System.Action<AspNetCoreGeneratedDocument.Views_Reports_BankAccountReports, Microsoft.AspNetCore.Mvc.Rendering.IHtmlHelper<System.Object>>
7a5ac457f768       2          64 System.Collections.Generic.List<Microsoft.AspNetCore.Mvc.ViewFeatures.Buffers.ViewBufferValue[]>
7a5ac45a5380       1          64 System.Action<System.Text.Encodings.Web.HtmlEncoder>
7a5ac45a5838       1          64 System.Func<Microsoft.AspNetCore.Razor.TagHelpers.TagHelperContent>
7a5ac45a87f8       2          64 System.Collections.Generic.List<Microsoft.AspNetCore.Razor.TagHelpers.TagHelperAttribute>
7a5ac45a8640       1          64 System.Func<System.Boolean, System.Text.Encodings.Web.HtmlEncoder, System.Threading.Tasks.Task<Microsoft.AspNetCore.Razor.TagHelpers.TagHelperContent>>
7a5ac1bd6788       2          64 System.Linq.Expressions.Expression1<System.Func<ForexExchange.Models.BankAccount, System.String>>
7a5ac738f138       1          64 System.Func<Microsoft.EntityFrameworkCore.Query.QueryContext, System.Collections.Generic.IAsyncEnumerable<ForexExchange.Services.BankAccountOption>>
7a5ac73b0cb0       1          64 System.Func<Microsoft.EntityFrameworkCore.DbContext, Microsoft.EntityFrameworkCore.Query.Internal.SingleQueryingEnumerable<ForexExchange.Services.BankAccountOption>+AsyncEnumerator, System.Threading.CancellationToken, System.Threading.Tasks.Task<System.Boolean>>
7a5ac47a0998       1          64 Microsoft.AspNetCore.Http.Features.FormFeature
7a5ac1c10618       2          64 System.Linq.Expressions.Expression1<System.Func<ForexExchange.Models.BankAccountBalanceHistory, ForexExchange.Models.BankAccount>>
7a5ac6345310       2          64 System.Linq.Expressions.Expression1<System.Func<ForexExchange.Models.BankAccountBalanceHistory, System.DateTime>>
7a5ac633aa78       2          64 System.Linq.Expressions.Expression1<System.Func<ForexExchange.Models.BankAccountBalanceHistory, System.Int64>>
7a5ac73b7dc0       1          64 System.Func<Microsoft.EntityFrameworkCore.Query.QueryContext, System.Collections.Generic.IAsyncEnumerable<ForexExchange.Models.BankAccountBalanceHistory>>
7a5ac73bce30       1          64 System.Func<Microsoft.EntityFrameworkCore.DbContext, Microsoft.EntityFrameworkCore.Query.Internal.SingleQueryingEnumerable<ForexExchange.Models.BankAccountBalanceHistory>+AsyncEnumerator, System.Threading.CancellationToken, System.Threading.Tasks.Task<System.Boolean>>
7a5ac73bd2a0       1          64 System.Func<Microsoft.EntityFrameworkCore.Storage.ValueConversion.ValueConverter<ForexExchange.Models.BankAccountTransactionType, System.Int32>, System.Func<System.Int32, ForexExchange.Models.BankAccountTransactionType>>
7a5ac19918e0       1          64 System.Func<System.Int32, ForexExchange.Models.BankAccountTransactionType>
7a5ac73b9958       1          64 System.Action<ForexExchange.Models.BankAccountBalanceHistory, ForexExchange.Models.BankAccount>
7a5ac73bf5e8       1          64 System.Func<ForexExchange.Services.BankAccountTimelineItem, System.DateTime>
7a5ac73d3fb0       1          64 System.Func<Microsoft.EntityFrameworkCore.Query.SqlExpressions.TableExpressionBase, Microsoft.EntityFrameworkCore.Query.SqlExpressions.TableExpressionBase>
7a5ac73d4408       1          64 System.Func<System.ValueTuple<Microsoft.EntityFrameworkCore.Query.SqlExpressions.TableExpressionBase, Microsoft.EntityFrameworkCore.Query.SqlExpressions.TableExpressionBase>, System.Boolean>
7a5ac72fef58       1          64 System.Func<System.Collections.Generic.KeyValuePair<Microsoft.EntityFrameworkCore.Metadata.ITableBase, System.String>, System.String>
7a5ac4261660       1          64 System.Func<System.Linq.Expressions.Expression, System.Boolean>
7a5ac73caa78       1          64 System.Func<Microsoft.EntityFrameworkCore.Query.QueryContext, System.Collections.Generic.IAsyncEnumerable<<>f__AnonymousType214<System.Int32, System.String, System.Decimal>>>
7a5ac73ddad0       1          64 System.Func<Microsoft.EntityFrameworkCore.DbContext, Microsoft.EntityFrameworkCore.Query.Internal.SingleQueryingEnumerable<<>f__AnonymousType214<System.Int32, System.String, System.Decimal>>+AsyncEnumerator, System.Threading.CancellationToken, System.Threading.Tasks.Task<System.Boolean>>
7a5ac73c37b0       1          64 System.Func<<>f__AnonymousType214<System.Int32, System.String, System.Decimal>, System.Int32>
7a5ac73c38a0       1          64 System.Func<<>f__AnonymousType214<System.Int32, System.String, System.Decimal>, System.Object>
7a5ac7441c08       1          64 System.EventHandler<System.Diagnostics.Tracing.EventCommandEventArgs>
7a5ac7443b60       2          64 System.Collections.Generic.List<System.Diagnostics.Tracing.CounterGroup>
7a5ac7445a78       1          64 System.Action<System.Diagnostics.Metrics.Instrument, System.Diagnostics.Metrics.LabeledAggregationStatistics, System.Diagnostics.Metrics.InstrumentState>
7a5ac7448878       1          64 System.EventHandler<System.Runtime.ExceptionServices.FirstChanceExceptionEventArgs>
7a5ac7448df0       1          64 System.Func<System.Collections.Generic.IEnumerable<System.Diagnostics.Metrics.Measurement<System.Double>>>
7a5ac7446778       1          64 System.Action<System.Diagnostics.Metrics.Instrument, System.Diagnostics.Metrics.MeterListener>
7a5ac7446868       1          64 System.Action<System.Diagnostics.Metrics.Instrument, System.Object>
7a5ac7447030       1          64 System.Predicate<System.Diagnostics.Metrics.Instrument>
7a5ac745aa60       1          64 System.Comparison<System.Diagnostics.Metrics.LabelInstruction>
7a5ac7464c20       1          64 System.Func<System.Diagnostics.Metrics.StringSequence1, System.Collections.Concurrent.ConcurrentDictionary<System.Diagnostics.Metrics.ObjectSequence1, System.Diagnostics.Metrics.Aggregator>>
7a5ac744d258       1          64 System.Func<System.Diagnostics.Metrics.Instrument, System.Diagnostics.Metrics.Instrument, System.Boolean>
7a5ac7450c50       1          64 System.Diagnostics.Tracing.StringTypeInfo
7a5ac7452848       1          64 System.Func<System.Diagnostics.Tracing.CounterPayload, System.Int32>
7a5ac7452e80       1          64 System.Func<System.Diagnostics.Tracing.CounterPayload, System.Single>
7a5ac74533b0       1          64 System.Func<System.Diagnostics.Tracing.PollingPayloadType, System.Diagnostics.Tracing.CounterPayload>
7a5ac74534a0       2          64 System.Diagnostics.Tracing.TraceLoggingTypeInfo[]
7a5ac74543f8       2          64 System.Diagnostics.Tracing.NameInfo[]
7a5ac7458018       1          64 System.Func<System.Diagnostics.Tracing.IncrementingCounterPayload, System.Double>
7a5ac74582d0       1          64 System.Func<System.Diagnostics.Tracing.IncrementingCounterPayload, System.Single>
7a5ac74587e0       1          64 System.Func<System.Diagnostics.Tracing.IncrementingPollingCounterPayloadType, System.Diagnostics.Tracing.IncrementingCounterPayload>
7a5abd3b2468       2          64 System.Nullable<System.Int64>
7a5abd662338       3          72 Microsoft.Extensions.Configuration.Memory.MemoryConfigurationSource
7a5abd6692c8       3          72 Microsoft.Extensions.Configuration.EnvironmentVariables.EnvironmentVariablesConfigurationSource
7a5abe3be5a0       3          72 Microsoft.AspNetCore.Hosting.WebHostBuilderBase+<>c__DisplayClass5_0
7a5ac0629390       1          72 System.AppDomain
7a5ac0677ce8       1          72 Microsoft.Extensions.DependencyModel.CompilationOptions
7a5ac0af36e8       1          72 Serilog.Sinks.File.PathRoller
7a5ac0ca2048       1          72 System.Collections.Concurrent.BlockingCollection<Serilog.Events.LogEvent>
7a5ac0d5e458       3          72 Microsoft.AspNetCore.Connections.IMultiplexedConnectionListenerFactory[]
7a5ac0df1928       1          72 Microsoft.AspNetCore.Server.Kestrel.Core.Internal.Infrastructure.Heartbeat
7a5ac15ee4c8       1          72 Microsoft.EntityFrameworkCore.Infrastructure.Internal.EntityFrameworkMetrics
7a5ac15eedd8       1          72 System.Diagnostics.Metrics.ObservableUpDownCounter<System.Int32>
7a5ac165b8f0       3          72 Microsoft.Extensions.Logging.Logger<Microsoft.Extensions.Caching.Memory.MemoryCache>
7a5abc09d4b0       3          72 System.Int16
7a5abc0bbb78       3          72 System.Single
7a5abc09af68       3          72 System.Byte
7a5abc093010       3          72 System.Char
7a5abc0b1f00       3          72 System.UInt32
7a5abc09f9c0       3          72 System.UInt16
7a5abc0b6990       3          72 System.UInt64
7a5abc098938       3          72 System.SByte
7a5ac1b4e678       1          72 Microsoft.Extensions.Options.IConfigureOptions<Microsoft.AspNetCore.Identity.IdentityOptions>[]
7a5abcdbaad8       1          72 Microsoft.AspNetCore.Identity.IdentityOptions
7a5ac0269e10       1          72 Microsoft.AspNetCore.Identity.TokenOptions
7a5ac3a45de8       1          72 System.Threading.Tasks.Task<Microsoft.AspNetCore.Mvc.IActionResult>
7a5ac35778f0       1          72 System.Threading.Tasks.Task<ForexExchange.Models.SystemSettings>
7a5ac45e7ca8       3          72 Microsoft.AspNetCore.Razor.TagHelpers.ITagHelperComponent[]
7a5ac35ab1f0       3          72 System.WeakReference<System.Text.Json.JsonSerializerOptions+CachingContext>
7a5ac126ade0       1          72 Microsoft.EntityFrameworkCore.Sqlite.Migrations.Internal.SqliteHistoryRepository
7a5ac24e2b48       1          72 System.Linq.Enumerable+ListSelectIterator<Microsoft.EntityFrameworkCore.Migrations.HistoryRow, System.String>
7a5abc353210       1          72 System.Threading.Tasks.Task<System.Collections.Generic.IEnumerable<System.String>>
7a5ac4602d10       1          72 System.Threading.Tasks.Task<Microsoft.AspNetCore.Html.HtmlString>
7a5ac34dc998       1          72 System.Threading.Tasks.Task<ForexExchange.Models.ApplicationUser>
7a5ac35bbdb0       1          72 System.Text.Json.Serialization.Converters.JsonMetadataServicesConverter<Microsoft.AspNetCore.StaticAssets.StaticAssetsManifest>
7a5ac35f8908       1          72 System.Text.Json.Serialization.Converters.JsonMetadataServicesConverter<System.Collections.Generic.List<Microsoft.AspNetCore.StaticAssets.StaticAssetDescriptor>>
7a5ac35fcd18       1          72 System.Text.Json.Serialization.Converters.JsonMetadataServicesConverter<Microsoft.AspNetCore.StaticAssets.StaticAssetDescriptor>
7a5ac3604918       1          72 System.Text.Json.Serialization.Converters.JsonMetadataServicesConverter<System.Collections.Generic.IReadOnlyList<Microsoft.AspNetCore.StaticAssets.StaticAssetSelector>>
7a5ac3605908       1          72 System.Text.Json.Serialization.Converters.JsonMetadataServicesConverter<Microsoft.AspNetCore.StaticAssets.StaticAssetSelector>
7a5ac3607ba0       1          72 System.Text.Json.Serialization.Converters.JsonMetadataServicesConverter<System.Collections.Generic.IReadOnlyList<Microsoft.AspNetCore.StaticAssets.StaticAssetProperty>>
7a5ac3608b90       1          72 System.Text.Json.Serialization.Converters.JsonMetadataServicesConverter<Microsoft.AspNetCore.StaticAssets.StaticAssetProperty>
7a5ac3609d70       1          72 System.Text.Json.Serialization.Converters.JsonMetadataServicesConverter<System.Collections.Generic.IReadOnlyList<Microsoft.AspNetCore.StaticAssets.StaticAssetResponseHeader>>
7a5ac360ad60       1          72 System.Text.Json.Serialization.Converters.JsonMetadataServicesConverter<Microsoft.AspNetCore.StaticAssets.StaticAssetResponseHeader>
7a5ac36a4a28       3          72 Newtonsoft.Json.Serialization.CamelCaseNamingStrategy
7a5ac3932f90       3          72 Microsoft.AspNetCore.Mvc.ApiControllerAttribute
7a5ac3b1eaf8       3          72 Microsoft.AspNetCore.Builder.RoutingEndpointConventionBuilderExtensions+<>c__DisplayClass3_0<Microsoft.AspNetCore.Builder.IEndpointConventionBuilder>
7a5ac3cb0c20       3          72 System.Runtime.InteropServices.PosixSignalRegistration
7a5ac3ce3bd8       3          72 System.WeakReference<System.Xml.Linq.XNamespace>
7a5ac3d18610       1          72 Microsoft.AspNetCore.DataProtection.Managed.ManagedAuthenticatedEncryptor
7a5abf05e6a8       1          72 Microsoft.AspNetCore.Authentication.AuthenticationSchemeProvider
7a5ac3e1eda0       1          72 System.Threading.Tasks.Task<Microsoft.AspNetCore.Connections.ConnectionContext>
7a5ac40d3748       1          72 Microsoft.AspNetCore.Routing.MatcherPolicy[]
7a5abff67e00       1          72 Microsoft.AspNetCore.Mvc.Razor.RazorViewEngine
7a5abf28e1b8       1          72 Microsoft.AspNetCore.Mvc.ViewFeatures.ViewResultExecutor
7a5abf289fd0       1          72 Microsoft.AspNetCore.Mvc.ViewFeatures.DefaultHtmlGenerator
7a5ac45ef778       1          72 Microsoft.AspNetCore.Mvc.TagHelpers.ModeAttributes<Microsoft.AspNetCore.Mvc.TagHelpers.LinkTagHelper+Mode>[]
7a5ac628a970       1          72 System.Threading.Tasks.Task<System.Collections.Generic.List<ForexExchange.Models.CustomerBalance>>
7a5ac4604878       1          72 Microsoft.AspNetCore.Mvc.TagHelpers.ModeAttributes<Microsoft.AspNetCore.Mvc.TagHelpers.ScriptTagHelper+Mode>[]
7a5ac466d240       1          72 System.Runtime.CompilerServices.PoolingAsyncValueTaskMethodBuilder<System.Int32>+SyncSuccessSentinelStateMachineBox
7a5ac4178828       3          72 Microsoft.AspNetCore.Http.RequestCookieCollection
7a5ac50d6c00       1          72 Microsoft.EntityFrameworkCore.Metadata.Internal.ClrICollectionAccessor<ForexExchange.Models.Currency, System.Collections.Generic.ICollection<ForexExchange.Models.CurrencyPool>, ForexExchange.Models.CurrencyPool>
7a5ac57eb6b8       3          72 System.ComponentModel.DataAnnotations.ValidationAttribute+<>c__DisplayClass31_0
7a5ac62f6cd8       1          72 System.Threading.Tasks.Task<Microsoft.EntityFrameworkCore.ChangeTracking.Internal.InternalEntityEntry>
7a5ac5ddf2e0       3          72 Microsoft.EntityFrameworkCore.ValueGeneration.Internal.TemporaryLongValueGenerator
7a5ac2228770       1          72 System.Threading.Tasks.Task<System.Object>
7a5ac5bb35c0       3          72 Microsoft.EntityFrameworkCore.ChangeTracking.Internal.SimplePrincipalKeyValueFactory<System.Int64>+NoNullsCustomEqualityComparer
7a5ac178c9c0       1          72 System.RuntimeFieldInfoStub
7a5ac527f5b0       1          72 System.Threading.Tasks.Task<Microsoft.AspNetCore.Http.Connections.Internal.HttpConnectionContext>
7a5ac5d36678       1          72 Microsoft.EntityFrameworkCore.Metadata.Internal.ClrICollectionAccessor<ForexExchange.Models.Customer, System.Collections.Generic.ICollection<ForexExchange.Models.CustomerBalance>, ForexExchange.Models.CustomerBalance>
7a5ac5d94210       1          72 System.Runtime.CompilerServices.PoolingAsyncValueTaskMethodBuilder<System.Threading.Tasks.VoidTaskResult>+SyncSuccessSentinelStateMachineBox
7a5ac5d8eea8       1          72 System.Threading.Tasks.Task<Microsoft.AspNetCore.WebUtilities.MultipartSection>
7a5ac5d984f8       1          72 System.Threading.Tasks.Task<System.ValueTuple<System.Boolean, System.Boolean>>
7a5ac647da58       1          72 System.Threading.Tasks.Task<System.Collections.Generic.List<ForexExchange.Models.Order>>
7a5ac227c910       1          72 Microsoft.Data.Sqlite.SqliteCommand+<PrepareAndEnumerateStatements>d__64
7a5ac64a5938       1          72 Microsoft.EntityFrameworkCore.Metadata.Internal.ClrICollectionAccessor<ForexExchange.Models.Customer, System.Collections.Generic.ICollection<ForexExchange.Models.Order>, ForexExchange.Models.Order>
7a5ac628bdb8       1          72 System.Threading.Tasks.Task<System.Collections.Generic.List<<>f__AnonymousType224<System.Int32, System.DateTime, System.String, System.Decimal, System.String, System.String, ForexExchange.Models.PayerType, System.Nullable<System.Int32>, ForexExchange.Models.ReceiverType, System.Nullable<System.Int32>>>>
7a5ac628b870       1          72 System.Threading.Tasks.Task<System.Collections.Generic.List<<>f__AnonymousType225<System.Int32, System.Int32, System.DateTime, System.Decimal, System.Decimal, System.String, System.String, System.String>>>
7a5ac647dd90       1          72 System.Threading.Tasks.Task<System.Collections.Generic.List<ForexExchange.Models.AccountingDocument>>
7a5ac3fcb418       3          72 System.Threading.AsyncLocalValueMap+MultiElementAsyncLocalValueMap
7a5ac224f638       3          72 System.WeakReference<Microsoft.Data.Sqlite.SqliteConnection>
7a5ac2260a00       3          72 SQLitePCL.CompareBuf
7a5ac6570550       1          72 System.Text.Json.Serialization.Converters.DictionaryOfTKeyTValueConverter<System.Collections.Generic.Dictionary<System.Int32, <>f__AnonymousType43<System.String, System.String, System.Int32>>, System.Int32, <>f__AnonymousType43<System.String, System.String, System.Int32>>
7a5ac6609df8       3          72 System.Text.Json.Serialization.Metadata.JsonPropertyInfo<System.Decimal>+<>c__DisplayClass9_0
7a5ac6897da8       1          72 System.Text.Json.Serialization.Converters.DictionaryOfTKeyTValueConverter<System.Collections.Generic.Dictionary<System.String, System.Object>, System.String, System.Object>
7a5ac68bea08       1          72 System.Text.Json.Serialization.Converters.IDictionaryConverter<System.Collections.IDictionary>
7a5ac68d5b98       1          72 System.Threading.Tasks.Task<System.ValueTuple<System.Int32, System.Int32>>
7a5ac6b05958       1          72 System.Net.Http.Metrics.MetricsHandler+SharedMeter
7a5ac69ce1d0       3          72 System.Net.Security.SslApplicationProtocol
7a5ac6b24300       1          72 System.Threading.Tasks.Task<System.Net.Http.HttpConnection>
7a5ac68f0b38       1          72 System.Threading.Tasks.Task<System.Net.Http.HttpResponseMessage>
7a5ac6bd09f0       1          72 System.Threading.Tasks.Task<System.IO.Stream>
7a5ac6bedfc0       1          72 System.Threading.Tasks.Task<System.Net.Security.SslStream>
7a5ac02353a8       3          72 Microsoft.AspNetCore.Identity.DefaultUserConfirmation<ForexExchange.Models.ApplicationUser>
7a5ac4229818       3          72 Microsoft.AspNetCore.Authentication.TimeProviderClock
7a5ac6278618       1          72 System.Threading.Tasks.UnwrapPromise<System.Threading.Tasks.VoidTaskResult>
7a5ac223c300       3          72 Microsoft.Data.Sqlite.SqliteConnection+<>c__DisplayClass53_0<System.String, System.String, System.Nullable<System.Boolean>>
7a5ac2240c60       3          72 Microsoft.Data.Sqlite.SqliteConnection+<>c__DisplayClass53_0<System.Nullable<System.Decimal>, System.Nullable<System.Decimal>, System.Nullable<System.Int32>>
7a5ac22415b8       3          72 Microsoft.Data.Sqlite.SqliteConnection+<>c__DisplayClass52_0<System.Nullable<System.Decimal>, System.Nullable<System.Decimal>>
7a5ac2241dc8       3          72 Microsoft.Data.Sqlite.SqliteConnection+<>c__DisplayClass35_0<System.Nullable<System.Decimal>, System.ValueTuple<System.Decimal, System.UInt64>, System.Nullable<System.Decimal>>
7a5ac2246338       3          72 Microsoft.Data.Sqlite.SqliteConnection+<>c__DisplayClass18_0<System.Nullable<System.Decimal>, System.Nullable<System.Decimal>>
7a5ac22c6b20       3          72 System.Collections.Generic.Dictionary<System.ValueTuple<System.String, System.Int32>, System.ValueTuple<System.Int32, System.Object, SQLitePCL.delegate_function_scalar>>+KeyCollection
7a5ac22c64e8       3          72 System.Collections.Generic.Dictionary<System.ValueTuple<System.String, System.Int32>, System.ValueTuple<System.Int32, System.Object, SQLitePCL.delegate_function_aggregate_step, SQLitePCL.delegate_function_aggregate_final>>+KeyCollection
7a5ac62830e0       1          72 System.Threading.Tasks.Task<System.Collections.Generic.List<<>f__AnonymousType219<System.Int64, System.Int32, System.String, System.Decimal, System.DateTime, System.String>>>
7a5ac62837c0       1          72 System.Threading.Tasks.Task<System.Collections.Generic.List<<>f__AnonymousType220<System.Int64, System.Int32, System.Decimal, System.DateTime, System.String>>>
7a5ac6283ea0       1          72 System.Threading.Tasks.Task<System.Collections.Generic.List<<>f__AnonymousType221<System.Int64, System.String, System.Decimal, System.DateTime, System.String>>>
7a5ac6284a90       1          72 System.Threading.Tasks.Task<System.Collections.Generic.List<<>f__AnonymousType222<System.Int32, System.Int32, System.DateTime, System.Decimal, System.Decimal, System.Decimal, System.String, System.String, System.String>>>
7a5ac50ce6d8       1          72 System.Threading.Tasks.Task<System.Collections.Generic.List<ForexExchange.Models.CurrencyPool>>
7a5ac628d3c0       1          72 System.Threading.Tasks.Task<System.Collections.Generic.List<<>f__AnonymousType223<System.Int32, System.DateTime, System.String, System.Decimal, System.String, ForexExchange.Models.PayerType, System.Nullable<System.Int32>, ForexExchange.Models.ReceiverType, System.Nullable<System.Int32>>>>
7a5ac0af32f8       1          72 Serilog.Sinks.File.SharedFileSink
7a5ac416a898       1          72 System.Threading.Tasks.Task<System.Collections.Generic.IEnumerable<Microsoft.AspNetCore.Authentication.AuthenticationScheme>>
7a5ac4797570       1          72 System.Threading.Tasks.Task<Microsoft.AspNetCore.Authorization.Policy.PolicyAuthorizationResult>
7a5ac50f3ae8       1          72 Microsoft.AspNetCore.WebUtilities.FileBufferingWriteStream
7a5abc186e58       1          80 System.Collections.Generic.Dictionary<System.Char, System.String>
7a5abc192f70       2          80 System.Func<System.Diagnostics.Tracing.EventSource>[]
7a5abc18d4f8       1          80 System.Collections.Generic.Dictionary<System.Guid, System.Diagnostics.Tracing.EventSource+OverrideEventProvider>
7a5abc18bff8       1          80 System.Collections.Generic.Dictionary<System.String, System.Diagnostics.Tracing.EventSource+OverrideEventProvider>
7a5abd85e380       1          80 System.Collections.Generic.Dictionary<System.String, System.Globalization.CultureData>
7a5abd9a0f78       1          80 System.Collections.Generic.Dictionary<System.String, System.Globalization.CultureInfo>
7a5abd9a6080       1          80 System.Collections.Generic.Dictionary<System.String, System.Reflection.Assembly>
7a5abe3b9938       2          80 System.Action<Microsoft.Extensions.Configuration.IConfigurationBuilder>[]
7a5abe3b99f8       2          80 System.Action<Microsoft.Extensions.Hosting.HostBuilderContext, Microsoft.Extensions.Configuration.IConfigurationBuilder>[]
7a5abea441d8       2          80 System.Diagnostics.Metrics.MeterListener[]
7a5abee6e0d8       2          80 Microsoft.AspNetCore.Mvc.ApplicationParts.IApplicationFeatureProvider[]
7a5abee6e198       2          80 Microsoft.AspNetCore.Mvc.ApplicationParts.ApplicationPart[]
7a5abef16dd0       1          80 System.Runtime.Loader.DefaultAssemblyLoadContext
7a5abef17db0       1          80 System.Collections.Generic.Dictionary<System.Int64, System.WeakReference<System.Runtime.Loader.AssemblyLoadContext>>
7a5ac026d770       1          80 System.Collections.Generic.Dictionary<System.String, Microsoft.Extensions.DependencyInjection.HttpClientKeyedLifetime>
7a5ac0608f30       2          80 System.WeakReference<Microsoft.Extensions.DependencyInjection.ServiceProvider>[]
7a5ac06c2600       3          80 Microsoft.Extensions.DependencyModel.RuntimeFallbacks[]
7a5ac0af0db0       2          80 Serilog.Sinks.SystemConsole.Formatting.ThemedJsonValueFormatter
7a5ac0c8ccf0       1          80 System.Threading.TimerQueue
7a5ac0c8dbf8       2          80 System.Threading.Lock
7a5ac0d5a958       1          80 Microsoft.AspNetCore.Server.Kestrel.Transport.Sockets.SocketTransportOptions
7a5ac0d5ecb8       1          80 System.Collections.Generic.Dictionary<System.String, System.Collections.Generic.List<Microsoft.Extensions.Diagnostics.Metrics.FactoryMeter>>
7a5ac0df5900       1          80 Microsoft.AspNetCore.Server.Kestrel.Core.Internal.CertificatePathWatcher
7a5ac0df67b0       1          80 System.Collections.Generic.Dictionary<System.String, Microsoft.AspNetCore.Server.Kestrel.Core.Internal.CertificatePathWatcher+DirectoryWatchMetadata>
7a5ac0df6fb0       1          80 System.Collections.Generic.Dictionary<System.String, Microsoft.AspNetCore.Server.Kestrel.Core.Internal.CertificatePathWatcher+FileWatchMetadata>
7a5ac0df7b48       1          80 System.Collections.Generic.Dictionary<System.String, System.Action<Microsoft.AspNetCore.Server.Kestrel.EndpointConfiguration>>
7a5ac0e00a40       2          80 Microsoft.AspNetCore.Server.Kestrel.Core.Internal.Infrastructure.TransportManager+ActiveTransport[]
7a5ac11959b0       2          80 Microsoft.EntityFrameworkCore.Infrastructure.CoreOptionsExtension+ExtensionInfo
7a5abc350f20       2          80 Microsoft.EntityFrameworkCore.Infrastructure.DatabaseFacade
7a5ac1612790       2          80 System.Collections.Concurrent.ConcurrentQueue<System.Object>
7a5ac1634318       1          80 System.Collections.Generic.Dictionary<System.Type, Microsoft.EntityFrameworkCore.Storage.RelationalTypeMapping>
7a5ac1639b38       1          80 System.Collections.Generic.Dictionary<System.String, Microsoft.EntityFrameworkCore.Storage.RelationalTypeMapping>
7a5ac16a3a08       2          80 Microsoft.Data.Sqlite.SqliteConnectionPoolGroup[]
7a5ac16a3ac8       2          80 Microsoft.Data.Sqlite.SqliteConnectionPool[]
7a5ac16a6658       1          80 System.Collections.Generic.Dictionary<System.String, Microsoft.Data.Sqlite.SqliteConnectionStringBuilder+Keywords>
7a5ac170a5d8       2          80 System.Collections.Generic.SortedDictionary<System.String, Microsoft.EntityFrameworkCore.Metadata.Internal.EntityType>
7a5ac1865c78       1          80 System.Collections.Generic.Dictionary<System.Type, System.Collections.Generic.HashSet<Microsoft.EntityFrameworkCore.Metadata.Internal.Property>>
7a5ac186ebd0       2          80 Microsoft.EntityFrameworkCore.Storage.Json.JsonConvertedValueReaderWriter<ForexExchange.Models.PayerType, System.Int32>
7a5ac19006f8       2          80 Microsoft.EntityFrameworkCore.Storage.Json.JsonConvertedValueReaderWriter<ForexExchange.Models.ReceiverType, System.Int32>
7a5ac1901d18       2          80 Microsoft.EntityFrameworkCore.Storage.Json.JsonConvertedValueReaderWriter<ForexExchange.Models.DocumentType, System.Int32>
7a5ac1990d08       2          80 Microsoft.EntityFrameworkCore.Storage.Json.JsonConvertedValueReaderWriter<ForexExchange.Models.AdminActivityType, System.Int32>
7a5ac1992430       2          80 Microsoft.EntityFrameworkCore.Storage.Json.JsonConvertedValueReaderWriter<ForexExchange.Models.BankAccountTransactionType, System.Int32>
7a5ac19f6968       2          80 Microsoft.EntityFrameworkCore.Storage.Json.JsonConvertedValueReaderWriter<ForexExchange.Models.CurrencyPoolTransactionType, System.Int32>
7a5ac19f7f88       2          80 Microsoft.EntityFrameworkCore.Storage.Json.JsonConvertedValueReaderWriter<ForexExchange.Models.PoolRiskLevel, System.Int32>
7a5ac19f9ab0       2          80 Microsoft.EntityFrameworkCore.Storage.Json.JsonConvertedValueReaderWriter<ForexExchange.Models.CustomerBalanceTransactionType, System.Int32>
7a5ac19fb0d0       2          80 Microsoft.EntityFrameworkCore.Storage.Json.JsonConvertedValueReaderWriter<ForexExchange.Services.Notifications.NotificationPriority, System.Int32>
7a5ac19fc6f0       2          80 Microsoft.EntityFrameworkCore.Storage.Json.JsonConvertedValueReaderWriter<ForexExchange.Services.Notifications.NotificationEventType, System.Int32>
7a5ac1a104c0       2          80 Microsoft.EntityFrameworkCore.Storage.Json.JsonConvertedValueReaderWriter<ForexExchange.Models.ShareableLinkType, System.Int32>
7a5ac1a12480       2          80 Microsoft.EntityFrameworkCore.Storage.Json.JsonConvertedValueReaderWriter<ForexExchange.Models.TaskStatus, System.Int32>
7a5ac1a14740       2          80 Microsoft.EntityFrameworkCore.Storage.Json.JsonConvertedValueReaderWriter<ForexExchange.Models.UserRole, System.Int32>
7a5ac1b4f420       1          80 System.Collections.Generic.Dictionary<System.String, Microsoft.AspNetCore.Identity.TokenProviderDescriptor>
7a5ac1db3ec0       2          80 System.Linq.Expressions.Expression2<System.Func<System.DateTime, System.DateTime, System.Boolean>>
7a5ac1dbbed8       2          80 System.Linq.Expressions.Expression2<System.Func<System.Byte[], System.Byte[], System.Boolean>>
7a5ac1e33a08       2          80 System.Linq.Expressions.Expression2<System.Func<System.Boolean, System.Boolean, System.Boolean>>
7a5ac1e35f80       2          80 System.Linq.Expressions.Expression2<System.Func<System.DateTimeOffset, System.DateTimeOffset, System.Boolean>>
7a5ac1e37c70       2          80 System.Linq.Expressions.Expression2<System.Func<System.Nullable<System.DateTimeOffset>, System.Nullable<System.DateTimeOffset>, System.Boolean>>
7a5ac1e39fa8       2          80 System.Linq.Expressions.Expression2<System.Func<System.Int64, System.Int64, System.Boolean>>
7a5ac1ea4a08       1          80 System.Collections.Hashtable+SyncHashtable
7a5ac1eaf360       1          80 System.Collections.Generic.Dictionary<Serilog.Events.LogEventLevel, Serilog.Sinks.SystemConsole.Themes.ConsoleThemeStyle>
7a5ac1fe4b68       2          80 System.Linq.Expressions.Expression2<System.Func<ForexExchange.Models.PayerType, ForexExchange.Models.PayerType, System.Boolean>>
7a5ac1fe80b8       2          80 System.Linq.Expressions.Expression2<System.Func<ForexExchange.Models.ReceiverType, ForexExchange.Models.ReceiverType, System.Boolean>>
7a5ac1fe99f0       2          80 System.Linq.Expressions.Expression2<System.Func<ForexExchange.Models.DocumentType, ForexExchange.Models.DocumentType, System.Boolean>>
7a5ac45a6018       2          80 Microsoft.AspNetCore.Razor.Runtime.TagHelpers.TagHelperExecutionContext[]
7a5ac45a8728       2          80 Microsoft.AspNetCore.Razor.TagHelpers.ITagHelper[]
7a5ac1fefdf0       2          80 System.Linq.Expressions.Expression2<System.Func<ForexExchange.Models.AdminActivityType, ForexExchange.Models.AdminActivityType, System.Boolean>>
7a5ac2011730       2          80 System.Linq.Expressions.Expression2<System.Func<ForexExchange.Models.UserRole, ForexExchange.Models.UserRole, System.Boolean>>
7a5ac2013068       2          80 System.Linq.Expressions.Expression2<System.Func<ForexExchange.Models.BankAccountTransactionType, ForexExchange.Models.BankAccountTransactionType, System.Boolean>>
7a5ac20149a0       2          80 System.Linq.Expressions.Expression2<System.Func<ForexExchange.Models.PoolRiskLevel, ForexExchange.Models.PoolRiskLevel, System.Boolean>>
7a5ac20162d8       2          80 System.Linq.Expressions.Expression2<System.Func<ForexExchange.Models.CurrencyPoolTransactionType, ForexExchange.Models.CurrencyPoolTransactionType, System.Boolean>>
7a5ac2017c10       2          80 System.Linq.Expressions.Expression2<System.Func<ForexExchange.Models.CustomerBalanceTransactionType, ForexExchange.Models.CustomerBalanceTransactionType, System.Boolean>>
7a5ac2019548       2          80 System.Linq.Expressions.Expression2<System.Func<ForexExchange.Services.Notifications.NotificationPriority, ForexExchange.Services.Notifications.NotificationPriority, System.Boolean>>
7a5ac201ae80       2          80 System.Linq.Expressions.Expression2<System.Func<ForexExchange.Services.Notifications.NotificationEventType, ForexExchange.Services.Notifications.NotificationEventType, System.Boolean>>
7a5ac201ccf0       2          80 System.Linq.Expressions.Expression2<System.Func<ForexExchange.Models.ShareableLinkType, ForexExchange.Models.ShareableLinkType, System.Boolean>>
7a5ac201e628       2          80 System.Linq.Expressions.Expression2<System.Func<ForexExchange.Models.TaskStatus, ForexExchange.Models.TaskStatus, System.Boolean>>
7a5ac1269250       2          80 Microsoft.EntityFrameworkCore.Migrations.SqliteMigrationsSqlGenerator
7a5ac1269fd8       2          80 Microsoft.EntityFrameworkCore.Sqlite.Storage.Internal.SqliteDatabaseCreator
7a5abf9a33f8       1          80 Microsoft.AspNetCore.DataProtection.KeyManagement.KeyManagementOptions
7a5ac27a0de8       2          80 Microsoft.AspNetCore.DataProtection.AuthenticatedEncryption.IAuthenticatedEncryptorFactory[]
7a5ac24e6768       2          80 Microsoft.AspNetCore.SignalR.Internal.HubContext<ForexExchange.Hubs.NotificationHub>
7a5ac3120da0       2          80 Microsoft.Extensions.Http.IHttpMessageHandlerBuilderFilter[]
7a5ac32b6428       1          80 System.Collections.Generic.Dictionary<System.String, Microsoft.EntityFrameworkCore.Metadata.Internal.TableBase>
7a5ac32b6b00       1          80 System.Collections.Generic.Dictionary<System.ValueTuple<System.String, System.String>, Microsoft.EntityFrameworkCore.Metadata.Internal.Table>
7a5ac32b71d8       1          80 System.Collections.Generic.Dictionary<System.ValueTuple<System.String, System.String>, Microsoft.EntityFrameworkCore.Metadata.Internal.View>
7a5ac32b78b0       1          80 System.Collections.Generic.Dictionary<System.String, Microsoft.EntityFrameworkCore.Metadata.Internal.SqlQuery>
7a5ac32b9318       1          80 System.Collections.Generic.Dictionary<System.ValueTuple<System.String, System.String, System.Collections.Generic.IReadOnlyList<System.String>>, Microsoft.EntityFrameworkCore.Metadata.Internal.StoreFunction>
7a5ac32ba208       1          80 System.Collections.Generic.Dictionary<System.ValueTuple<System.String, System.String>, Microsoft.EntityFrameworkCore.Metadata.Internal.StoreStoredProcedure>
7a5ac33609f0       1          80 System.Collections.Generic.Dictionary<System.Linq.Expressions.ExpressionType, System.Collections.Generic.IReadOnlyCollection<System.Type>>
7a5ac4609818       1          80 System.Collections.Generic.Dictionary<System.Int32, System.String>
7a5ac35aa760       2          80 System.Text.Json.JsonSerializerOptions+CachingContext
7a5abf057d60       2          80 Microsoft.AspNetCore.Mvc.MvcCoreMvcOptionsSetup
7a5ac36ad440       1          80 System.Collections.Generic.Dictionary<System.String, Microsoft.AspNetCore.Mvc.CacheProfile>
7a5ac36af038       2          80 Microsoft.AspNetCore.Mvc.Formatters.IInputFormatter[]
7a5ac36af3b0       2          80 Microsoft.AspNetCore.Mvc.Formatters.IOutputFormatter[]
7a5ac36b1a78       2          80 Microsoft.AspNetCore.Mvc.ModelBinding.Validation.IModelValidatorProvider[]
7a5ac37c2370       2          80 Microsoft.AspNetCore.Mvc.NewtonsoftJson.AsyncEnumerableReader
7a5ac37cb6e0       2          80 System.ComponentModel.ReflectTypeDescriptionProvider
7a5ac37e0718       1          80 System.Collections.Generic.Dictionary<System.Type, System.Attribute>
7a5ac37e1248       1          80 System.Collections.Generic.Dictionary<System.Object, System.ComponentModel.ReflectTypeDescriptionProvider+IntrinsicTypeConverterData>
7a5ac37e2978       2          80 System.Lazy<Microsoft.AspNetCore.Http.ParameterBindingMethodCache>
7a5ac37ee8f0       1          80 System.Collections.Generic.Dictionary<System.Int32, Microsoft.AspNetCore.Mvc.ClientErrorData>
7a5ac38a0da0       1          80 System.Collections.Generic.Dictionary<System.Int32, System.ValueTuple<System.String, System.String>>
7a5ac38a38c8       1          80 System.Collections.Generic.Dictionary<System.String, System.Threading.Tasks.Task<Microsoft.AspNetCore.Authorization.AuthorizationPolicy>>
7a5ac361d738       1          80 Microsoft.AspNetCore.Mvc.ApplicationModels.IApplicationModelProvider[]
7a5abf050908       1          80 Microsoft.AspNetCore.Mvc.Infrastructure.DefaultActionDescriptorCollectionProvider
7a5ac392adc0       2          80 Microsoft.AspNetCore.Mvc.Controllers.IControllerPropertyActivator[]
7a5ac3a6bc38       1          80 System.Collections.Generic.Dictionary<System.String, System.Collections.Generic.IReadOnlyList<Microsoft.AspNetCore.Routing.Patterns.RoutePatternParameterPolicyReference>>
7a5ac3af5da8       2          80 System.Func<Microsoft.AspNetCore.Connections.ConnectionDelegate, Microsoft.AspNetCore.Connections.ConnectionDelegate>[]
7a5ac3af7fe8       1          80 System.Collections.Generic.Dictionary<System.String, Microsoft.AspNetCore.SignalR.Protocol.IHubProtocol>
7a5ac3afc2b0       1          80 System.Collections.Generic.Dictionary<System.String, Microsoft.AspNetCore.SignalR.Internal.HubMethodDescriptor>
7a5ac3cccdd0       1          80 System.Threading.Tasks.Task<System.ValueTuple<System.Int32, System.Int32, System.Int32, System.Boolean>>
7a5ac3cb13a8       1          80 System.Collections.Generic.Dictionary<System.Int32, System.Collections.Generic.HashSet<System.Runtime.InteropServices.PosixSignalRegistration+Token>>
7a5ac3cbca98       1          80 System.Collections.Generic.Dictionary<System.ValueTuple<System.Type, System.String>, System.Action>
7a5ac3ce39d8       2          80 System.Xml.Linq.XNamespace
7a5ac3d268f8       1          80 System.Collections.Generic.Dictionary<System.Guid, Microsoft.AspNetCore.DataProtection.KeyManagement.KeyRing+KeyHolder>
7a5ac3d2d3f0       1          80 Microsoft.AspNetCore.Routing.DataSourceDependentCache<System.Collections.Concurrent.ConcurrentDictionary<Microsoft.AspNetCore.Http.Endpoint, Microsoft.AspNetCore.Authorization.AuthorizationPolicy>>
7a5ac3d5d2b0       1          80 System.Collections.Generic.Dictionary<System.String, Microsoft.AspNetCore.Authentication.AuthenticationScheme>
7a5ac3d5f308       2          80 Microsoft.AspNetCore.Authentication.AuthenticationSchemeBuilder[]
7a5ac3d5ec30       1          80 System.Collections.Generic.Dictionary<System.String, Microsoft.AspNetCore.Authentication.AuthenticationSchemeBuilder>
7a5ac35835c8       1          80 Microsoft.AspNetCore.Diagnostics.ExceptionHandlerMiddlewareImpl
7a5ac3d87140       1          80 System.Collections.Generic.Dictionary<System.String, Microsoft.AspNetCore.Server.Kestrel.Core.Internal.CertificateConfig>
7a5ac0df42f0       1          80 Microsoft.AspNetCore.Server.Kestrel.Core.ListenOptions
7a5ac3e37200       2          80 System.WeakReference<Microsoft.AspNetCore.Server.Kestrel.Core.KestrelServerOptions>[]
7a5abdd438e0       1          80 System.Buffers.AsciiCharSearchValues<System.Buffers.IndexOfAnyAsciiSearcher+Ssse3AndWasmHandleZeroInNeedle>
7a5abeb8d528       2          80 Microsoft.AspNetCore.Routing.Matching.DataSourceDependentMatcher+Lifetime
7a5ac40df1a8       3          80 Microsoft.AspNetCore.Routing.IEndpointNameMetadata[]
7a5ac40df5f0       3          80 Microsoft.AspNetCore.Routing.ISuppressMatchingMetadata[]
7a5ac4174f00       2          80 Microsoft.Extensions.Options.ValidateOptionsResult
7a5ac424ca28       1          80 System.Collections.Generic.Dictionary<System.Reflection.FieldInfo, System.Linq.Expressions.Interpreter.Instruction>
7a5ac453f290       1          80 System.Collections.Generic.Dictionary<System.String, System.Threading.Tasks.Task<Microsoft.AspNetCore.Mvc.Razor.Compilation.CompiledViewDescriptor>>
7a5ac455c130       1          80 Microsoft.AspNetCore.Routing.DataSourceDependentCache<System.Collections.Concurrent.ConcurrentDictionary<Microsoft.AspNetCore.Routing.RouteEndpoint, Microsoft.AspNetCore.Routing.Template.TemplateBinder>>
7a5ac45ac9b0       1          80 Microsoft.AspNetCore.Routing.DataSourceDependentCache<Microsoft.AspNetCore.Routing.RouteValuesAddressScheme+StateEntry>
7a5abeb8ff78       1          80 Microsoft.AspNetCore.Routing.UriBuildingContext
7a5ac45ec7c0       1          80 System.Collections.Generic.Dictionary<System.String, System.String[]>
7a5ac46067a0       2          80 System.Char[][]
7a5ac463c5f0       1          80 System.Collections.Generic.Dictionary<Interop+Error, System.Net.Sockets.SocketError>
7a5ac463b210       1          80 System.Collections.Generic.Dictionary<System.Net.Sockets.SocketError, Interop+Error>
7a5ac47a3dd8       1          80 System.Threading.Tasks.Task<System.ValueTuple<System.Boolean, Microsoft.AspNetCore.Mvc.ModelBinding.CompositeValueProvider>>
7a5ac47a9c00       1          80 System.Threading.Tasks.Task<Microsoft.AspNetCore.Mvc.ModelBinding.ModelBindingResult>
7a5ac48f8bb0       1          80 System.Collections.Generic.Dictionary<Microsoft.CSharp.RuntimeBinder.Semantics.SymbolStore+Key, Microsoft.CSharp.RuntimeBinder.Semantics.Symbol>
7a5ac48fe178       1          80 System.Collections.Generic.Dictionary<Microsoft.CSharp.RuntimeBinder.Semantics.TypeArray+TypeArrayKey, Microsoft.CSharp.RuntimeBinder.Semantics.TypeArray>
7a5ac4910da0       1          80 System.Collections.Generic.Dictionary<System.String, Microsoft.CSharp.RuntimeBinder.Syntax.PredefinedType>
7a5ac4916930       1          80 System.Collections.Generic.Dictionary<Microsoft.CSharp.RuntimeBinder.Semantics.TypeTable+KeyPair<Microsoft.CSharp.RuntimeBinder.Semantics.AggregateSymbol, Microsoft.CSharp.RuntimeBinder.Semantics.TypeTable+KeyPair<Microsoft.CSharp.RuntimeBinder.Semantics.AggregateType, Microsoft.CSharp.RuntimeBinder.Semantics.TypeArray>>, Microsoft.CSharp.RuntimeBinder.Semantics.AggregateType>
7a5ac491aa68       1          80 System.Collections.Generic.Dictionary<Microsoft.CSharp.RuntimeBinder.Semantics.TypeTable+KeyPair<Microsoft.CSharp.RuntimeBinder.Semantics.CType, System.Int32>, Microsoft.CSharp.RuntimeBinder.Semantics.ArrayType>
7a5ac4918648       1          80 System.Collections.Generic.Dictionary<Microsoft.CSharp.RuntimeBinder.Semantics.TypeTable+KeyPair<Microsoft.CSharp.RuntimeBinder.Semantics.CType, System.Boolean>, Microsoft.CSharp.RuntimeBinder.Semantics.ParameterModifierType>
7a5ac4915430       1          80 System.Collections.Generic.Dictionary<Microsoft.CSharp.RuntimeBinder.Semantics.CType, Microsoft.CSharp.RuntimeBinder.Semantics.PointerType>
7a5ac4914aa8       1          80 System.Collections.Generic.Dictionary<Microsoft.CSharp.RuntimeBinder.Semantics.CType, Microsoft.CSharp.RuntimeBinder.Semantics.NullableType>
7a5ac49405a8       1          80 System.Collections.Generic.Dictionary<System.ValueTuple<System.Reflection.Assembly, System.Reflection.Assembly>, System.Boolean>
7a5ac49414c8       2          80 Microsoft.CSharp.RuntimeBinder.Semantics.TypeParameterType[]
7a5ac4997be0       1          80 System.Collections.Generic.Dictionary<System.Type, System.Text.Json.Serialization.JsonConverter>
7a5ac50fb480       1          80 System.Collections.Generic.Dictionary<System.Type, Newtonsoft.Json.Utilities.PrimitiveTypeCode>
7a5ac523b7c0       1          80 System.Collections.Generic.Dictionary<System.Type, Newtonsoft.Json.ReadType>
7a5ac5ec2a68       2          80 System.Collections.Generic.List<Microsoft.EntityFrameworkCore.Update.IReadOnlyModificationCommand>[]
7a5ac227f8d0       1          80 System.Collections.Generic.Dictionary<System.String, Microsoft.Data.Sqlite.SqliteDataRecord+RowIdInfo>
7a5ac3385dd0       1          80 Microsoft.EntityFrameworkCore.Sqlite.Query.Internal.JsonEachExpression
7a5ac6288d00       1          80 System.Collections.Generic.Dictionary<System.ValueTuple<System.Int32, System.String>, System.Decimal>
7a5abeed5fb8       1          80 System.Reflection.Metadata.TypeName
7a5abd9a83e8       1          80 System.Reflection.AssemblyName
7a5ac76c4fe8       1          80 System.Collections.Generic.Dictionary<System.Diagnostics.Metrics.Instrument, System.Object>
7a5ac1fa39c0       2          80 System.IO.FileSystemEventArgs
7a5ac48fb428       1          80 Microsoft.CSharp.RuntimeBinder.Semantics.FieldSymbol
7a5ac0c567d0       2          80 System.Reflection.CerHashtable<System.Reflection.RuntimeMethodInfo, System.Reflection.RuntimeMethodInfo>+Table
7a5ac500e750       2          80 Microsoft.AspNetCore.Mvc.ModelBinding.ModelStateDictionary+ModelStateNode[]
7a5ac6890910       1          80 System.Text.Json.Serialization.Metadata.JsonParameterInfo<<>f__AnonymousType229<System.String, System.String, System.String, System.DateTime, System.String, System.Collections.Generic.Dictionary<System.String, System.Object>, ForexExchange.Services.Notifications.RelatedEntity>>
7a5ac6893a88       1          80 System.Text.Json.Serialization.Metadata.JsonParameterInfo<System.Collections.Generic.Dictionary<System.String, System.Object>>
7a5ac6896200       1          80 System.Text.Json.Serialization.Metadata.JsonParameterInfo<ForexExchange.Services.Notifications.RelatedEntity>
7a5ac68fafe0       2          80 System.Net.Http.Headers.ProductInfoHeaderParser
7a5ac695b3b0       1          80 Org.BouncyCastle.Crypto.Digests.Sha256Digest
7a5ac69548f8       2          80 Org.BouncyCastle.Asn1.X9.X9ECPoint
7a5ac6b3c170       1          80 System.Collections.Generic.Dictionary<System.Object, System.Threading.Tasks.Task>
7a5ac6f0fc40       1          80 System.Collections.Generic.Dictionary<Interop+Error, System.Net.Sockets.SocketError>
7a5ac6f41080       1          80 System.Collections.Generic.Dictionary<System.Net.Sockets.SocketError, Interop+Error>
7a5ac6be1b70       2          80 System.Security.Cryptography.Oid
7a5ac6cb6480       1          80 System.Collections.Generic.Dictionary<System.Net.NetworkInformation.NetworkAddressChangedEventHandler, System.Threading.ExecutionContext>
7a5ac6cb6cd0       1          80 System.Collections.Generic.Dictionary<System.Net.NetworkInformation.NetworkAvailabilityChangedEventHandler, System.Threading.ExecutionContext>
7a5ac5258980       2          80 System.IO.Pipelines.PipeWriterStream
7a5ac5288c60       2          80 System.Collections.Generic.Deque<System.Int32>
7a5ac5289e28       2          80 System.Collections.Generic.Deque<System.Threading.Channels.AsyncOperation<System.Int32>>
7a5ac528af08       2          80 System.Collections.Generic.Deque<System.Threading.Channels.VoidAsyncOperationWithData<System.Int32>>
7a5ac528bbb0       2          80 System.Threading.Channels.BoundedChannel<System.Int32>+BoundedChannelReader
7a5ac528cbc8       2          80 System.Threading.Channels.BoundedChannel<System.Int32>+BoundedChannelWriter
7a5ac527df48       2          80 System.Diagnostics.Activity+TagsLinkedList
7a5ac527e1a8       2          80 System.Diagnostics.DiagNode<System.Collections.Generic.KeyValuePair<System.String, System.Object>>
7a5ac3ccddf0       1          80 System.Threading.Tasks.Task+ContingentProperties
7a5ac4244548       1          80 Microsoft.EntityFrameworkCore.Internal.EntityFinder<ForexExchange.Models.ApplicationUser>
7a5ac5bab968       1          80 Microsoft.EntityFrameworkCore.Internal.EntityFinder<ForexExchange.Models.Customer>
7a5ac5f148e8       1          80 Microsoft.EntityFrameworkCore.Internal.EntityFinder<ForexExchange.Models.Currency>
7a5ac62864c8       1          80 System.Collections.Generic.Dictionary<System.String, System.ValueTuple<System.Decimal, System.Int32, System.Int32, System.Decimal, System.Decimal>>
7a5ac3a496b0       1          80 System.Collections.Generic.Dictionary<System.Int32, System.Decimal>
7a5ac3a1f450       2          80 Microsoft.AspNetCore.Routing.RouteData
7a5ac44e4f00       2          80 Microsoft.AspNetCore.Mvc.ViewFeatures.Filters.SaveTempDataFilter+SaveTempDataContext
7a5ac393f9a8       1          80 Microsoft.AspNetCore.Mvc.Razor.RazorView
7a5ac45c9aa0       2          80 Microsoft.AspNetCore.Razor.TagHelpers.DefaultTagHelperContent
7a5ac4552f60       1          80 Microsoft.AspNetCore.Mvc.ViewFeatures.Buffers.ViewBufferTextWriter
7a5ac73ddfb8       1          80 System.Collections.Generic.Dictionary<System.Int32, System.Object>
7a5ac5166ce8       1          80 Newtonsoft.Json.Serialization.JsonSerializerInternalWriter
7a5ac744ecc8       1          80 System.Collections.Generic.Dictionary<System.Type, System.Diagnostics.Tracing.TraceLoggingTypeInfo>
7a5ac7447690       2          80 System.Predicate<System.Diagnostics.Metrics.Instrument>[]
7a5ac7446948       1          80 System.Collections.Generic.Dictionary<System.Diagnostics.Metrics.Instrument, System.Boolean>
7a5ac7417cc8       2          80 System.Diagnostics.Tracing.NameInfo
7a5ac0623cb0       3          88 Serilog.Core.IDestructuringPolicy[]
7a5abeb85300       1          88 Microsoft.AspNetCore.Server.Kestrel.Core.Internal.Infrastructure.KestrelMetrics
7a5ac19f3ef0       2          88 System.Collections.Immutable.RefAsValueType<System.Collections.Immutable.ImmutableSortedDictionary<System.Reflection.MemberInfo, System.Type>+Node>[]
7a5ac222c540       1          88 System.Text.RegularExpressions.Generated.<RegexGenerator_g>F340A74DFCBD0D4D474D4DCB56725D9F5EC83468BAA59FD4BF796EDA247EFBBF2__CreateConnectionStringValidKeyRegex_0
7a5ac222c8d0       1          88 System.Text.RegularExpressions.Generated.<RegexGenerator_g>F340A74DFCBD0D4D474D4DCB56725D9F5EC83468BAA59FD4BF796EDA247EFBBF2__CreateConnectionStringQuoteValueRegex_17a5ac222cae0       1          88 System.Text.RegularExpressions.Generated.<RegexGenerator_g>F340A74DFCBD0D4D474D4DCB56725D9F5EC83468BAA59FD4BF796EDA247EFBBF2__CreateConnectionStringQuoteOdbcValueRegex_2
7a5ac44ce118       1          88 Microsoft.AspNetCore.Mvc.Infrastructure.ActionMethodExecutor[]
7a5ac36bf220       1          88 Microsoft.AspNetCore.Mvc.Formatters.NewtonsoftJsonOutputFormatter
7a5ac36bf6a8       1          88 Microsoft.AspNetCore.Mvc.Formatters.NewtonsoftJsonPatchInputFormatter
7a5ac36bf518       1          88 Microsoft.AspNetCore.Mvc.Formatters.NewtonsoftJsonInputFormatter
7a5ac37cc828       1          88 System.ComponentModel.WeakHashtable
7a5abef1f088       1          88 Microsoft.AspNetCore.Mvc.Routing.ControllerRequestDelegateFactory
7a5ac3af4d90       1          88 System.Threading.PeriodicTimer+State
7a5ac3cb6228       1          88 Microsoft.Extensions.Options.IConfigureOptions<Microsoft.Extensions.Options.StartupValidatorOptions>[]
7a5ac3ccfde8       1          88 System.Text.CodePageDataItem[]
7a5ac022a268       1          88 Microsoft.AspNetCore.Authentication.AuthenticationOptions
7a5ac3e39a20       1          88 System.Threading.Tasks.Task+DelayPromiseWithCancellation
7a5ac416d150       1          88 Microsoft.Extensions.Options.IValidateOptions<Microsoft.AspNetCore.Authentication.Cookies.CookieAuthenticationOptions>[]
7a5ac4170aa0       1          88 Microsoft.AspNetCore.Authentication.Cookies.CookieAuthenticationEvents
7a5ac4938138       3          88 System.Func<System.Runtime.CompilerServices.CallSite, System.Object, System.Collections.Generic.List<<>f__AnonymousType35<System.Int32, System.String, System.String>>, System.Object>[]
7a5ac4956668       3          88 System.Func<System.Runtime.CompilerServices.CallSite, System.Object, System.Int64, System.Object>[]
7a5ac497be50       3          88 System.Func<System.Runtime.CompilerServices.CallSite, System.Object, System.String>[]
7a5ac57cdcc8       1          88 System.ComponentModel.DataAnnotations.RegularExpressionAttribute
7a5ac227a0c0       1          88 Microsoft.Data.Sqlite.SqliteDataRecord
7a5ac646bb88       1          88 Microsoft.EntityFrameworkCore.ChangeTracking.ListOfValueTypesComparer<System.Collections.Generic.List<System.Int32>, System.Int32>
7a5ac6e0ee30       3          88 System.Func<System.Runtime.CompilerServices.CallSite, System.Object, System.Collections.Generic.List<ForexExchange.Models.Currency>, System.Object>[]
7a5ac6e11468       3          88 System.Func<System.Runtime.CompilerServices.CallSite, System.Object, System.Collections.Generic.List<ForexExchange.Models.Customer>, System.Object>[]
7a5ac651e270       3          88 System.Func<System.Runtime.CompilerServices.CallSite, System.Object, System.Collections.Generic.Dictionary<System.Int32, <>f__AnonymousType43<System.String, System.String, System.Int32>>, System.Object>[]
7a5ac6535e18       3          88 System.Func<System.Runtime.CompilerServices.CallSite, System.Object, System.Collections.Generic.Dictionary<System.String, System.Decimal>, System.Object>[]
7a5ac69a66a0       1          88 Org.BouncyCastle.Math.EC.Custom.Sec.SecP256R1Curve
7a5ac7356c38       3          88 System.Func<System.Runtime.CompilerServices.CallSite, System.Object, System.String, System.Object>[]
7a5ac7357b80       3          88 System.Action<System.Runtime.CompilerServices.CallSite, AspNetCoreGeneratedDocument.Views_AccountingDocuments_Index, System.String, System.Int32, System.Object, System.Int32, System.Int32, System.Boolean>[]
7a5ac5e025a0       1          88 Microsoft.EntityFrameworkCore.ChangeTracking.Internal.Snapshot<System.Int32, System.Nullable<System.Int32>, System.Nullable<System.Int32>, System.Nullable<System.Int32>, System.Nullable<System.Int32>, System.Object, System.Object, System.Object, System.Object>
7a5ac4576240       1          88 Microsoft.AspNetCore.Razor.TagHelpers.TagHelperOutput
7a5ac3d0a238       1          92 System.Xml.WriteState[]
7a5abc196e98       1          96 System.Collections.Generic.Dictionary<System.String, System.Diagnostics.Tracing.EventSource+OverrideEventProvider>+Entry[]
7a5abd839428       4          96 System.Runtime.InteropServices.OSPlatform
7a5abd85fc20       1          96 System.Collections.Generic.Dictionary<System.String, System.Globalization.CultureData>+Entry[]
7a5abd9a1758       1          96 System.Collections.Generic.Dictionary<System.String, System.Globalization.CultureInfo>+Entry[]
7a5abd859730       2          96 Microsoft.Extensions.Configuration.CommandLine.CommandLineConfigurationProvider
7a5abda2f008       2          96 Microsoft.Extensions.Configuration.Json.JsonConfigurationSource
7a5abdcacf30       2          96 Microsoft.Extensions.Configuration.Json.JsonConfigurationProvider
7a5ac647b010       2          96 Microsoft.EntityFrameworkCore.Metadata.Internal.ClrPropertyGetter<ForexExchange.Models.CustomerBalance, ForexExchange.Models.CustomerBalance, System.Int32>
7a5abe8c5e80       3          96 System.LazyHelper
7a5abea49348       1          96 Microsoft.AspNetCore.Hosting.WebHostOptions
7a5abef18e90       1          96 System.Collections.Generic.Dictionary<System.Int64, System.WeakReference<System.Runtime.Loader.AssemblyLoadContext>>+Entry[]
7a5ac0600790       2          96 Microsoft.Extensions.DependencyInjection.ServiceLookup.ILEmitResolverBuilder
7a5ac0a673f0       3          96 Serilog.Sinks.SystemConsole.Output.TextTokenRenderer
7a5ac0c8dce0       3          96 System.Threading.TimerQueue[]
7a5ac060dc80       1          96 Microsoft.Extensions.Hosting.Internal.Host
7a5ac0df44d8       3          96 System.Collections.Generic.List<Microsoft.AspNetCore.Server.Kestrel.Core.ListenOptions>
7a5ac0df1470       1          96 Microsoft.AspNetCore.Server.Kestrel.Core.Internal.ServiceContext
7a5ac0d59748       2          96 Microsoft.AspNetCore.Builder.ApplicationBuilder
7a5ac165cd10       3          96 System.Collections.Concurrent.ConcurrentDictionary<System.String, Microsoft.Extensions.Caching.Memory.CacheEntry>
7a5ac165c5c8       3          96 System.Collections.Concurrent.ConcurrentDictionary<System.Object, Microsoft.Extensions.Caching.Memory.CacheEntry>
7a5ac1662ce0       2          96 Microsoft.EntityFrameworkCore.Metadata.IParameterBindingFactory[]
7a5ac16a3060       1          96 System.Threading.ReaderWriterLockSlim
7a5ac17128b8       2          96 System.Collections.Generic.TreeSet<System.Collections.Generic.KeyValuePair<System.String, Microsoft.EntityFrameworkCore.Metadata.Internal.EntityType>>
7a5ac170e0b0       2          96 System.Collections.Generic.SortedSet<Microsoft.EntityFrameworkCore.Metadata.Internal.EntityType>
7a5ac183fac8       3          96 System.Collections.Generic.List<Microsoft.EntityFrameworkCore.Metadata.IConventionEntityType>
7a5ac19fd4c0       1          96 System.Collections.Generic.Dictionary<System.Type, System.Collections.Generic.List<Microsoft.EntityFrameworkCore.Metadata.IConventionEntityType>>+Entry[]
7a5ac1da5ea8       3          96 System.Linq.Expressions.Expression1<System.Func<System.Boolean, System.Boolean>>
7a5ac1e7a010       3          96 System.Globalization.GregorianCalendar
7a5ac1d1fbc0       2          96 Microsoft.EntityFrameworkCore.Infrastructure.RelationalModelRuntimeInitializer+<>c__DisplayClass4_0
7a5abea4a670       1          96 System.Linq.Enumerable+<ExceptIterator>d__117<System.String>
7a5ac27ad1d0       2          96 Microsoft.Extensions.Logging.LoggerMessage+<>c__DisplayClass12_0<System.Guid, System.DateTimeOffset>
7a5ac0232ea0       4          96 Microsoft.AspNetCore.Identity.RoleValidator<Microsoft.AspNetCore.Identity.IdentityRole>
7a5ac3126980       2          96 Microsoft.Extensions.Logging.LoggerMessage+<>c__DisplayClass12_0<System.Net.Http.HttpMethod, System.String>
7a5ac3126f90       2          96 Microsoft.Extensions.Logging.LoggerMessage+<>c__DisplayClass12_0<System.Double, System.Int32>
7a5ac2035780       1          96 Microsoft.EntityFrameworkCore.Metadata.Internal.RelationalModel
7a5ac3471d30       2          96 Microsoft.EntityFrameworkCore.ChangeTracking.Internal.SimplePrincipalKeyValueFactory<System.String>
7a5ac34da298       4          96 Microsoft.EntityFrameworkCore.ChangeTracking.Internal.Snapshot<System.String>
7a5ac34e1338       3          96 System.Linq.Expressions.Expression1<System.Func<ForexExchange.Models.ApplicationUser, System.Boolean>>
7a5ac35cb6f8       4          96 System.Text.Json.Serialization.Metadata.JsonPropertyInfo<System.String>+<>c__DisplayClass10_0
7a5ac36a57c8       3          96 Newtonsoft.Json.Utilities.ThreadSafeStore<System.Type, Newtonsoft.Json.Serialization.JsonContract>
7a5ac36a71d0       3          96 System.Collections.Concurrent.ConcurrentDictionary<System.Type, Newtonsoft.Json.Serialization.JsonContract>
7a5ac36b5a90       4          96 Microsoft.AspNetCore.Mvc.Formatters.MediaTypeCollection
7a5ac37cbaf0       2          96 System.ComponentModel.TypeDescriptor+TypeDescriptionNode
7a5ac37e0f30       1          96 System.Collections.Generic.Dictionary<System.Type, System.Attribute>+Entry[]
7a5ac38abee8       4          96 Newtonsoft.Json.JsonConverterCollection
7a5ac3a8c450       1          96 Microsoft.AspNetCore.Http.Connections.HttpConnectionDispatcherOptions
7a5ac3af89d8       1          96 System.Collections.Generic.Dictionary<System.String, Microsoft.AspNetCore.SignalR.Protocol.IHubProtocol>+Entry[]
7a5ac3afb128       1          96 Microsoft.AspNetCore.SignalR.Internal.DefaultHubDispatcher<ForexExchange.Hubs.NotificationHub>
7a5ac3b158d0       1          96 System.Collections.Generic.Dictionary<System.String, Microsoft.AspNetCore.SignalR.Internal.HubMethodDescriptor>+Entry[]
7a5ac3cb0df0       3          96 System.Runtime.InteropServices.PosixSignalRegistration+Token
7a5ac3cb1e28       1          96 System.Collections.Generic.Dictionary<System.Int32, System.Collections.Generic.HashSet<System.Runtime.InteropServices.PosixSignalRegistration+Token>>+Entry[]
7a5ac3cb8d80       2          96 Microsoft.Extensions.Primitives.ChangeToken+ChangeTokenRegistration<System.String>
7a5ac3ce4828       2          96 System.Xml.Linq.XHashtable<System.Xml.Linq.XName>+XHashtableState
7a5ac3cebe58       3          96 Microsoft.AspNetCore.DataProtection.Secret
7a5abcdbd2a8       4          96 Microsoft.AspNetCore.Http.PathString
7a5ac3d79ea0       4          96 System.Globalization.IdnMapping
7a5ac3e183c0       1          96 System.Net.Sockets.SocketAsyncContext+AcceptOperation
7a5ac35848b0       4          96 Microsoft.Extensions.Primitives.StringValues
7a5ac40f03e8       2          96 Microsoft.AspNetCore.Routing.Matching.DfaMatcher
7a5ac44c3178       2          96 Microsoft.Extensions.Logging.LoggerMessage+<>c__DisplayClass10_0<Microsoft.AspNetCore.Http.Endpoint>
7a5ac44cfa18       2          96 Microsoft.Extensions.Logging.LoggerMessage+<>c__DisplayClass10_0<Microsoft.AspNetCore.Mvc.Filters.IFilterMetadata>
7a5ac44cfbc8       2          96 Microsoft.Extensions.Logging.LoggerMessage+<>c__DisplayClass10_0<System.Type>
7a5ac45313e0       2          96 Microsoft.EntityFrameworkCore.Metadata.Internal.ClrPropertyGetter<ForexExchange.Models.ExchangeRate, ForexExchange.Models.ExchangeRate, ForexExchange.Models.Currency>
7a5ac4684640       2          96 Microsoft.Extensions.Logging.LoggerMessage+<>c__DisplayClass12_0<Microsoft.Extensions.Primitives.StringValues, System.String>
7a5ac44c0880       3          96 Microsoft.AspNetCore.Authorization.Policy.PolicyAuthorizationResult
7a5ac49726f0       1          96 System.Collections.Generic.Dictionary<Microsoft.CSharp.RuntimeBinder.Semantics.CType, Microsoft.CSharp.RuntimeBinder.Semantics.PointerType>+Entry[]
7a5ac4978ce8       3          96 System.Runtime.CompilerServices.RuleCache<System.Func<System.Runtime.CompilerServices.CallSite, System.Object, System.Int32>>
7a5ac49ad7a8       1          96 System.Text.Json.Serialization.JsonConverterFactory[]
7a5ac50cfc58       3          96 System.Linq.Expressions.Expression1<System.Func<ForexExchange.Models.CurrencyPool, System.Boolean>>
7a5ac5259bc8       3          96 Microsoft.AspNetCore.Http.Connections.AvailableTransport
7a5ac31071a8       3          96 System.ReadOnlyMemory<System.Byte>
7a5ac57c8b60       3          96 System.Runtime.CompilerServices.RuleCache<System.Func<System.Runtime.CompilerServices.CallSite, System.Object, System.Boolean>>
7a5ac57e41d0       3          96 System.Collections.Concurrent.ConcurrentDictionary<System.Reflection.MemberInfo, System.Func<System.Object, System.String>>
7a5ac5bb25d0       3          96 Microsoft.EntityFrameworkCore.ChangeTracking.Internal.IdentityMapFactoryFactory+<>c__DisplayClass2_0<System.Int64>
7a5ac33aa108       3          96 System.Func<System.Object, System.Object, System.Boolean>[]
7a5ac16b5098       4          96 System.ComponentModel.DataAnnotations.Schema.NotMappedAttribute
7a5ac1866e88       2          96 System.ObsoleteAttribute
7a5ac57ead60       4          96 Microsoft.AspNetCore.Mvc.DataAnnotations.NumericClientModelValidator
7a5ac5dd9af8       2          96 Microsoft.EntityFrameworkCore.Metadata.Internal.ClrPropertyGetter<ForexExchange.Models.AccountingDocument, ForexExchange.Models.AccountingDocument, ForexExchange.Models.BankAccount>
7a5ac5ddf6c8       4          96 Microsoft.EntityFrameworkCore.ValueGeneration.Internal.TemporaryIntValueGenerator
7a5ac5e02d18       2          96 Microsoft.EntityFrameworkCore.Metadata.Internal.ClrPropertyGetter<ForexExchange.Models.AccountingDocument, ForexExchange.Models.AccountingDocument, ForexExchange.Models.Customer>
7a5ac5e0dac0       2          96 Microsoft.EntityFrameworkCore.Metadata.Internal.ClrPropertyGetter<ForexExchange.Models.AccountingDocument, ForexExchange.Models.AccountingDocument, System.DateTime>
7a5ac5e0f170       2          96 Microsoft.EntityFrameworkCore.Metadata.Internal.ClrPropertyGetter<ForexExchange.Models.AccountingDocument, ForexExchange.Models.AccountingDocument, System.Nullable<System.DateTime>>
7a5ac5755690       3          96 System.Collections.Concurrent.ConcurrentDictionary<System.Type, Microsoft.Extensions.Internal.PropertyHelper[]>
7a5ac647bbe0       2          96 Microsoft.EntityFrameworkCore.Metadata.Internal.ClrPropertyGetter<ForexExchange.Models.CustomerBalance, ForexExchange.Models.CustomerBalance, System.String>
7a5ac6306e18       2          96 Microsoft.EntityFrameworkCore.Metadata.Internal.ClrPropertyGetter<ForexExchange.Models.CurrencyPoolHistory, ForexExchange.Models.CurrencyPoolHistory, System.DateTime>
7a5ac630ea48       3          96 Microsoft.EntityFrameworkCore.Update.Internal.ColumnAccessorsFactory+<>c__DisplayClass3_0<System.Int64>
7a5ac630eb90       3          96 Microsoft.EntityFrameworkCore.Update.Internal.ColumnAccessorsFactory+<>c__DisplayClass4_0<System.Int64>
7a5ac630df20       3          96 Microsoft.EntityFrameworkCore.Update.Internal.SimpleRowKeyValueFactory<System.Int64>+NoNullsCustomEqualityComparer
7a5ac6317b98       2          96 Microsoft.EntityFrameworkCore.Metadata.Internal.ClrPropertyGetter<ForexExchange.Models.CurrencyPool, ForexExchange.Models.CurrencyPool, System.String>
7a5ac631e5b0       2          96 Microsoft.EntityFrameworkCore.Metadata.Internal.ClrPropertyGetter<ForexExchange.Models.Currency, ForexExchange.Models.Currency, System.Collections.Generic.ICollection<ForexExchange.Models.Order>>
7a5ac631eac8       2          96 Microsoft.EntityFrameworkCore.Metadata.Internal.ClrPropertyGetter<ForexExchange.Models.Currency, ForexExchange.Models.Currency, System.Collections.Generic.ICollection<ForexExchange.Models.ExchangeRate>>
7a5ac6345588       2          96 Microsoft.EntityFrameworkCore.Metadata.Internal.ClrPropertyGetter<ForexExchange.Models.BankAccountBalanceHistory, ForexExchange.Models.BankAccountBalanceHistory, System.DateTime>
7a5ac16a0028       1          96 Microsoft.Data.Sqlite.SqliteCommand
7a5ac6362c88       2          96 Microsoft.EntityFrameworkCore.Metadata.Internal.ClrPropertyGetter<ForexExchange.Models.BankAccountBalance, ForexExchange.Models.BankAccountBalance, System.Int32>
7a5ac63639f8       2          96 Microsoft.EntityFrameworkCore.Metadata.Internal.ClrPropertyGetter<ForexExchange.Models.BankAccountBalance, ForexExchange.Models.BankAccountBalance, System.String>
7a5ac646dc70       1          96 Microsoft.EntityFrameworkCore.Storage.ValueConversion.CollectionToJsonStringConverter<System.Int32>
7a5ac6376cd0       2          96 Microsoft.EntityFrameworkCore.Metadata.Internal.ClrPropertyGetter<ForexExchange.Models.CustomerBalanceHistory, ForexExchange.Models.CustomerBalanceHistory, System.DateTime>
7a5ac2260bf8       3          96 System.Collections.Concurrent.ConcurrentDictionary<System.Byte[], System.IDisposable>
7a5ac1bb2910       3          96 System.Linq.Expressions.Expression1<System.Func<ForexExchange.Models.Customer, System.String>>
7a5ac653fab8       3          96 System.Linq.Expressions.Expression1<System.Func<ForexExchange.Models.Order, System.Int32>>
7a5ac1bd4188       3          96 System.Linq.Expressions.Expression1<System.Func<ForexExchange.Models.Order, System.Decimal>>
7a5ac65e8ec8       2          96 Microsoft.EntityFrameworkCore.Metadata.Internal.ClrPropertyGetter<ForexExchange.Models.Order, ForexExchange.Models.Order, ForexExchange.Models.Currency>
7a5ac65eac18       2          96 Microsoft.EntityFrameworkCore.Metadata.Internal.ClrPropertyGetter<ForexExchange.Models.Order, ForexExchange.Models.Order, System.Nullable<System.DateTime>>
7a5ac65ecdc8       2          96 Microsoft.EntityFrameworkCore.Metadata.Internal.ClrPropertyGetter<ForexExchange.Models.Order, ForexExchange.Models.Order, System.String>
7a5ac65ed760       2          96 Microsoft.EntityFrameworkCore.Metadata.Internal.ClrPropertyGetter<ForexExchange.Models.Order, ForexExchange.Models.Order, System.Boolean>
7a5ac2274608       2          96 System.Random+Net5CompatDerivedImpl
7a5ac69ceb88       3          96 System.Collections.Generic.List<System.Net.Security.SslApplicationProtocol>
7a5ac6b3e570       1          96 System.Collections.Generic.Dictionary<System.Object, System.Threading.Tasks.Task>+Entry[]
7a5ac6bd2d40       1          96 System.Threading.Tasks.Task<System.ValueTuple<System.IO.Stream, System.Net.TransportContext, System.Diagnostics.Activity, System.Net.IPEndPoint>>
7a5ac6cb9bf8       1          96 System.Collections.Generic.Dictionary<System.Net.NetworkInformation.NetworkAddressChangedEventHandler, System.Threading.ExecutionContext>+Entry[]
7a5ac6cbc1e0       2          96 Microsoft.EntityFrameworkCore.Metadata.Internal.ClrPropertyGetter<ForexExchange.Models.PushNotificationLog, ForexExchange.Models.PushNotificationLog, System.Int32>
7a5ac6ce16f0       2          96 Microsoft.EntityFrameworkCore.Metadata.Internal.ClrPropertyGetter<ForexExchange.Models.PushNotificationLog, ForexExchange.Models.PushNotificationLog, System.Nullable<System.Int32>>
7a5ac6ce5968       2          96 Microsoft.EntityFrameworkCore.Metadata.Internal.ClrPropertyGetter<ForexExchange.Models.VapidConfiguration, ForexExchange.Models.VapidConfiguration, System.DateTime>
7a5ac6cebca8       2          96 Microsoft.EntityFrameworkCore.Metadata.Internal.ClrPropertyGetter<ForexExchange.Models.PushSubscription, ForexExchange.Models.PushSubscription, System.DateTime>
7a5ac500c500       2          96 System.Collections.Concurrent.ConcurrentDictionary<System.String, Microsoft.AspNetCore.Http.Connections.Internal.HttpConnectionContext>+Node
7a5ac5280398       2          96 Microsoft.AspNetCore.Http.Features.HttpConnectionFeature
7a5ac52809f0       2          96 Microsoft.AspNetCore.Http.Features.HttpResponseFeature
7a5ac5280140       2          96 Microsoft.AspNetCore.Http.StreamResponseBodyFeature
7a5ac44c0fd8       4          96 Microsoft.AspNetCore.Http.Features.ItemsFeature
7a5abf05e148       3          96 Microsoft.AspNetCore.Authentication.AuthenticationHandlerProvider
7a5ac4227e90       3          96 Microsoft.AspNetCore.Authentication.AuthenticationProperties
7a5ac223f400       3          96 Microsoft.Data.Sqlite.SqliteConnection+<>c__DisplayClass162_0<System.Object, System.Nullable<System.Boolean>>
7a5ac2241398       3          96 Microsoft.Data.Sqlite.SqliteConnection+<>c__DisplayClass162_0<System.Object, System.Nullable<System.Int32>>
7a5ac0df9518       2          96 Microsoft.AspNetCore.Server.Kestrel.Core.Internal.Infrastructure.ConnectionReference
7a5ac4575998       1          96 Microsoft.AspNetCore.Razor.Runtime.TagHelpers.TagHelperExecutionContext
7a5ac15fedb8       2          96 System.Reflection.FieldAccessor
7a5ac73c9578       1          96 System.Collections.Generic.Dictionary<System.Reflection.FieldInfo, System.Linq.Expressions.Interpreter.Instruction>+Entry[]
7a5ac73de908       1          96 System.Collections.Generic.Dictionary<System.Int32, System.Object>+Entry[]
7a5ac7466488       4          96 System.Diagnostics.Metrics.LabelInstructionInterpreter<System.Diagnostics.Metrics.ObjectSequence1, System.Diagnostics.Metrics.Aggregator>+<>c__DisplayClass4_0
7a5ac74520b0       4          96 System.Diagnostics.Tracing.PropertyValue+ReferenceTypeHelper<System.Diagnostics.Tracing.CounterPayload>+<>c__DisplayClass1_15
7a5ac7454878       1          96 System.Diagnostics.Tracing.DataCollector
7a5abd661590       1         104 Microsoft.Extensions.Hosting.HostApplicationBuilder
7a5ac0df4e38       3         104 Microsoft.AspNetCore.Server.Kestrel.Core.ListenOptions[]
7a5ac0df6008       1         104 Microsoft.AspNetCore.Server.Kestrel.KestrelConfigurationLoader
7a5ac22698b8       1         104 System.Threading.Tasks.Task<System.Int32>[]
7a5abf9a1ef8       1         104 Microsoft.AspNetCore.DataProtection.KeyManagement.KeyRingProvider
7a5ac3586190       1         104 Microsoft.AspNetCore.StaticAssets.StaticAssetsEndpointDataSource
7a5ac3d5e3a8       3         104 Microsoft.AspNetCore.Authentication.AuthenticationScheme[]
7a5ac4170568       1         104 Microsoft.AspNetCore.Authentication.RequestPathBaseCookieBuilder
7a5ac5d01418       1         104 System.Runtime.CompilerServices.PoolingAsyncValueTaskMethodBuilder<System.IO.Pipelines.ReadResult>+SyncSuccessSentinelStateMachineBox
7a5ac5e70b88       1         104 Microsoft.EntityFrameworkCore.Update.Internal.CommandBatchPreparer+<BatchCommands>d__8
7a5ac5ec7fc8       1         104 Microsoft.EntityFrameworkCore.Update.SingularModificationCommandBatch
7a5abea439a0       1         104 System.Diagnostics.Metrics.MeterListener
7a5ac3447120       1         108 System.Collections.Generic.HashSet<System.Linq.Expressions.ExpressionType>+Entry[]
7a5abdeb3038       2         112 System.Collections.Concurrent.ConcurrentDictionary<Microsoft.Extensions.FileProviders.IPollingChangeToken, Microsoft.Extensions.FileProviders.IPollingChangeToken>+Tables
7a5abe3b9ab8       2         112 System.Action<Microsoft.Extensions.Hosting.HostBuilderContext, Microsoft.Extensions.DependencyInjection.IServiceCollection>[]
7a5ac0594e28       2         112 System.Diagnostics.ActivitySource[]
7a5ac05981f0       2         112 Microsoft.Extensions.DependencyInjection.ServiceLookup.CallSiteFactory
7a5ac0a674a0       2         112 Serilog.Sinks.SystemConsole.Output.OutputTemplateTokenRenderer[]
7a5abda242a0       1         112 Microsoft.Extensions.Hosting.Internal.ConsoleLifetime
7a5ac0dfb830       2         112 System.Collections.Concurrent.ConcurrentDictionary<System.Int64, Microsoft.AspNetCore.Server.Kestrel.Core.Internal.Infrastructure.ConnectionReference>+Tables
7a5ac0e015e8       2         112 System.Func<Microsoft.AspNetCore.Http.RequestDelegate, Microsoft.AspNetCore.Http.RequestDelegate>[]
7a5ac0603600       2         112 System.Collections.Concurrent.ConcurrentDictionary<Microsoft.Extensions.DependencyInjection.ServiceLookup.ServiceIdentifier, Microsoft.Extensions.DependencyInjection.ServiceProvider+ServiceAccessor>+Tables
7a5ac0606218       2         112 System.Collections.Concurrent.ConcurrentDictionary<Microsoft.Extensions.DependencyInjection.ServiceLookup.ServiceCacheKey, Microsoft.Extensions.DependencyInjection.ServiceLookup.ServiceCallSite>+Tables
7a5ac1da31f0       2         112 System.Collections.Concurrent.ConcurrentDictionary<System.Type, System.Reflection.MethodInfo>+Tables
7a5ac1fca7c8       2         112 System.Collections.Concurrent.ConcurrentDictionary<System.Type, Microsoft.EntityFrameworkCore.Metadata.RuntimeEntityType>+Tables
7a5ac3249468       2         112 System.Collections.Concurrent.ConcurrentDictionary<System.Object, System.Object>+Tables
7a5ac47933d0       4         112 Microsoft.AspNetCore.Authorization.IAllowAnonymous[]
7a5ac35ac750       2         112 System.Collections.Concurrent.ConcurrentDictionary<System.Type, System.Text.Json.JsonSerializerOptions+CachingContext+CacheEntry>+Tables
7a5ac36a39a8       2         112 Newtonsoft.Json.Serialization.DefaultContractResolver
7a5ac37c3348       2         112 System.Collections.Concurrent.ConcurrentDictionary<System.Type, System.Func<System.Object, System.Threading.CancellationToken, System.Threading.Tasks.Task<System.Collections.ICollection>>>+Tables
7a5ac37e2720       2         112 Microsoft.AspNetCore.Http.ParameterBindingMethodCache
7a5ac37e5cc8       2         112 System.Collections.Concurrent.ConcurrentDictionary<System.Type, System.Func<System.Linq.Expressions.ParameterExpression, System.Linq.Expressions.Expression, System.Linq.Expressions.Expression>>+Tables
7a5ac37e6500       2         112 System.Collections.Concurrent.ConcurrentDictionary<System.Type, System.ValueTuple<System.Func<System.Reflection.ParameterInfo, System.Linq.Expressions.Expression>, System.Int32>>+Tables
7a5ac37e6878       2         112 System.Collections.Concurrent.ConcurrentDictionary<System.Type, System.ValueTuple<System.Reflection.ConstructorInfo, Microsoft.AspNetCore.Http.ParameterBindingMethodCache+ConstructorParameter[]>>+Tables
7a5ac392be38       2         112 System.Collections.Concurrent.ConcurrentDictionary<System.Type, Microsoft.Extensions.Internal.PropertyActivator<Microsoft.AspNetCore.Mvc.ControllerContext>[]>+Tables7a5abf286138       2         112 Microsoft.AspNetCore.Mvc.ViewFeatures.ViewDataDictionaryControllerPropertyActivator
7a5ac3a1db28       2         112 System.Collections.Concurrent.ConcurrentDictionary<System.Type, Microsoft.Extensions.Internal.PropertyHelper[]>+Tables
7a5ac3b17670       2         112 Microsoft.AspNetCore.WebSockets.WebSocketMiddleware
7a5abdeb4880       2         112 Microsoft.Extensions.Primitives.CompositeChangeToken
7a5ac3fbdd10       2         112 Microsoft.AspNetCore.Server.Kestrel.Core.Internal.Http.ZeroContentLengthMessageBody
7a5ac06065c0       2         112 System.Collections.Concurrent.ConcurrentDictionary<Microsoft.Extensions.DependencyInjection.ServiceLookup.ServiceIdentifier, System.Object>+Tables
7a5ac4549710       3         112 Microsoft.AspNetCore.Mvc.ViewEngines.IViewEngine[]
7a5ac454b758       3         112 System.Linq.Expressions.MemberBinding[]
7a5ac45a97b0       2         112 System.Collections.Concurrent.ConcurrentDictionary<System.Type, Microsoft.Extensions.Internal.PropertyActivator<Microsoft.AspNetCore.Mvc.Rendering.ViewContext>[]>+Tables
7a5ac45b0b48       2         112 Microsoft.AspNetCore.Routing.Tree.OutboundMatchResult[]
7a5ac1ea0d40       2         112 System.IO.StringWriter
7a5ac45c7720       2         112 Microsoft.AspNetCore.Routing.UriBuildingContext+BufferValue[]
7a5ac0602a20       2         112 System.Collections.Concurrent.ConcurrentDictionary<Microsoft.Extensions.DependencyInjection.ServiceLookup.ServiceCacheKey, Microsoft.Extensions.DependencyInjection.ServiceLookup.ILEmitResolverBuilder+GeneratedMethod>+Tables
7a5ac495a458       2         112 System.Runtime.CompilerServices.CallSite<System.Action<System.Runtime.CompilerServices.CallSite, AspNetCoreGeneratedDocument.Views_ExchangeRates_Manage, System.Object>>
7a5ac57e0f88       2         112 System.Collections.Concurrent.ConcurrentDictionary<System.Reflection.MemberInfo, System.Func<ForexExchange.Models.LoginViewModel, System.Object>>+Tables
7a5ac57e4118       2         112 System.Collections.Concurrent.ConcurrentDictionary<Microsoft.AspNetCore.Mvc.ViewFeatures.MemberExpressionCacheKey, System.Func<ForexExchange.Models.LoginViewModel, System.Object>>+Tables
7a5ac5c95008       2         112 System.Collections.Concurrent.ConcurrentDictionary<System.Reflection.MemberInfo, System.Func<System.Object, System.Decimal>>+Tables
7a5ac5c9bd38       2         112 System.Collections.Concurrent.ConcurrentDictionary<System.Reflection.MemberInfo, System.Func<System.Object, System.DateTime>>+Tables
7a5ac37ce438       2         112 System.Collections.Concurrent.ConcurrentDictionary<System.Type, System.ComponentModel.ReflectTypeDescriptionProvider+ReflectedTypeData>+Tables
7a5ac5ec3b68       1         112 Microsoft.EntityFrameworkCore.Update.Internal.CommandBatchPreparer+<CreateCommandBatches>d__10
7a5ac6e1a260       2         112 System.Runtime.CompilerServices.CallSite<System.Func<System.Runtime.CompilerServices.CallSite, System.Type, System.Int32, System.Object, System.Object>>
7a5ac65578b0       2         112 System.Runtime.CompilerServices.CallSite<System.Action<System.Runtime.CompilerServices.CallSite, AspNetCoreGeneratedDocument.Views_Orders_Create, System.Object>>
7a5ac6557ad8       2         112 System.Runtime.CompilerServices.CallSite<System.Func<System.Runtime.CompilerServices.CallSite, Microsoft.AspNetCore.Mvc.Rendering.IHtmlHelper<ForexExchange.Models.Order>, System.Object, System.Object>>
7a5ac6557d00       2         112 System.Runtime.CompilerServices.CallSite<System.Func<System.Runtime.CompilerServices.CallSite, System.Type, System.Object, System.Object>>
7a5ac5286d18       2         112 System.Collections.Concurrent.ConcurrentDictionary<System.String, System.Threading.CancellationTokenSource>+Tables
7a5ac4177d18       2         112 Microsoft.AspNetCore.Http.Features.RequestCookiesFeature
7a5ac392a868       2         112 Microsoft.AspNetCore.Mvc.ControllerContext
7a5ac36ae260       2         112 Microsoft.AspNetCore.Mvc.ModelBinding.ModelStateDictionary
7a5ac4553d68       2         112 Microsoft.AspNetCore.Mvc.ViewFeatures.Buffers.ViewBuffer
7a5ac5fbd858       1         112 System.Runtime.CompilerServices.AsyncTaskMethodBuilder<System.Threading.Tasks.VoidTaskResult>+AsyncStateMachineBox<Microsoft.AspNetCore.WebUtilities.HttpResponseStreamWriter+<FlushInternalAsync>d__42>
7a5ac5fbf528       1         112 System.Runtime.CompilerServices.AsyncTaskMethodBuilder<System.Threading.Tasks.VoidTaskResult>+AsyncStateMachineBox<Microsoft.AspNetCore.Mvc.ViewResult+<ExecuteResultAsync>d__26>
7a5abd3ba260       1         112 ForexExchange.Services.BankAccountTimelineItem
7a5ac1e7a9f8       2         112 System.Globalization.TimeSpanFormat+FormatLiterals
7a5abc0de440       1         120 System.OutOfMemoryException
7a5abc0de568       1         120 System.StackOverflowException
7a5abc0de690       1         120 System.ExecutionEngineException
7a5abc196bc8       1         120 System.Collections.Generic.Dictionary<System.Guid, System.Diagnostics.Tracing.EventSource+OverrideEventProvider>+Entry[]
7a5abd664e30       3         120 Microsoft.Extensions.Configuration.Memory.MemoryConfigurationProvider
7a5abdf60d90       3         120 System.IO.EnumerationOptions
7a5abda2e140       3         120 Microsoft.Extensions.Configuration.ConfigurationSection
7a5ac0600ca0       5         120 Microsoft.Extensions.DependencyInjection.ServiceLookup.StackGuard
7a5ac06237c0       4         120 Serilog.Core.ILogEventSink[]
7a5abeb84888       1         120 Microsoft.AspNetCore.Server.Kestrel.Core.KestrelServerImpl
7a5ac0e4a3d8       5         120 Microsoft.EntityFrameworkCore.Infrastructure.Internal.DbContextOptionsConfiguration<ForexExchange.Models.ForexDbContext>
7a5ac1619a08       5         120 Microsoft.EntityFrameworkCore.Infrastructure.Internal.CurrentDbContext
7a5ac119aa58       5         120 Microsoft.EntityFrameworkCore.Diagnostics.Internal.NullDbContextLogger
7a5ac1631078       5         120 Microsoft.EntityFrameworkCore.Storage.NonRetryingExecutionStrategy
7a5ac1379f60       5         120 Microsoft.EntityFrameworkCore.Infrastructure.Internal.ConcurrencyDetector
7a5ac1343d00       5         120 Microsoft.EntityFrameworkCore.Storage.Internal.NamedConnectionStringResolver
7a5ac16585b0       5         120 System.Collections.Concurrent.ConcurrentStack<System.Transactions.Transaction>
7a5ac126b320       5         120 Microsoft.EntityFrameworkCore.Sqlite.Query.Internal.SqliteQueryStringFactory
7a5ac165a5f0       3         120 Microsoft.Extensions.Caching.Memory.MemoryCache+CoherentState
7a5ac13891c0       5         120 Microsoft.EntityFrameworkCore.Infrastructure.ModelDependencies
7a5ac179f8b0       3         120 System.Net.IPAddress+ReadOnlyIPAddress
7a5ac1cad0c8       3         120 Microsoft.EntityFrameworkCore.Metadata.ParameterBinding[]
7a5ac49421a8       1         120 System.Collections.Generic.Dictionary<System.ValueTuple<System.Reflection.Assembly, System.Reflection.Assembly>, System.Boolean>+Entry[]
7a5ac134fbc8       5         120 Microsoft.EntityFrameworkCore.Query.RelationalCompiledQueryCacheKeyGeneratorDependencies
7a5ac1371d48       5         120 Microsoft.EntityFrameworkCore.Query.RelationalQueryTranslationPreprocessorDependencies
7a5ac1387920       5         120 Microsoft.EntityFrameworkCore.Query.QueryableMethodTranslatingExpressionVisitorDependencies
7a5ac203cff8       5         120 Microsoft.EntityFrameworkCore.Query.Internal.NullableMemberTranslator
7a5ac203ad58       5         120 Microsoft.EntityFrameworkCore.Sqlite.Query.Internal.SqliteDateTimeMemberTranslator
7a5ac203ae70       5         120 Microsoft.EntityFrameworkCore.Sqlite.Query.Internal.SqliteStringLengthTranslator
7a5ac203afb0       5         120 Microsoft.EntityFrameworkCore.Sqlite.Query.Internal.SqliteDateOnlyMemberTranslator
7a5ac2040960       5         120 Microsoft.EntityFrameworkCore.Query.Internal.EqualsTranslator
7a5ac2040ad0       5         120 Microsoft.EntityFrameworkCore.Query.Internal.StringMethodTranslator
7a5ac2040c00       5         120 Microsoft.EntityFrameworkCore.Query.Internal.CollateTranslator
7a5ac2040d80       5         120 Microsoft.EntityFrameworkCore.Query.Internal.ContainsTranslator
7a5ac2040ed0       5         120 Microsoft.EntityFrameworkCore.Query.Internal.LikeTranslator
7a5ac2041060       5         120 Microsoft.EntityFrameworkCore.Query.Internal.EnumMethodTranslator
7a5ac2041198       5         120 Microsoft.EntityFrameworkCore.Query.Internal.GetValueOrDefaultTranslator
7a5ac20412b0       5         120 Microsoft.EntityFrameworkCore.Query.Internal.ComparisonTranslator
7a5ac20413c8       5         120 Microsoft.EntityFrameworkCore.Query.Internal.ByteArraySequenceEqualTranslator
7a5ac2041508       5         120 Microsoft.EntityFrameworkCore.Query.Internal.RandomTranslator
7a5ac203ec48       5         120 Microsoft.EntityFrameworkCore.Sqlite.Query.Internal.SqliteByteArrayMethodTranslator
7a5ac203ed88       5         120 Microsoft.EntityFrameworkCore.Sqlite.Query.Internal.SqliteCharMethodTranslator
7a5ac203eec0       5         120 Microsoft.EntityFrameworkCore.Sqlite.Query.Internal.SqliteDateOnlyMethodTranslator
7a5ac203f060       5         120 Microsoft.EntityFrameworkCore.Sqlite.Query.Internal.SqliteDateTimeMethodTranslator
7a5ac203f1c0       5         120 Microsoft.EntityFrameworkCore.Sqlite.Query.Internal.SqliteGlobMethodTranslator
7a5ac203f340       5         120 Microsoft.EntityFrameworkCore.Sqlite.Query.Internal.SqliteHexMethodTranslator
7a5ac203f4c0       5         120 Microsoft.EntityFrameworkCore.Sqlite.Query.Internal.SqliteMathTranslator
7a5ac203f620       5         120 Microsoft.EntityFrameworkCore.Sqlite.Query.Internal.SqliteObjectToStringTranslator
7a5ac203f780       5         120 Microsoft.EntityFrameworkCore.Sqlite.Query.Internal.SqliteRandomTranslator
7a5ac203f8e0       5         120 Microsoft.EntityFrameworkCore.Sqlite.Query.Internal.SqliteRegexMethodTranslator
7a5ac203fb80       5         120 Microsoft.EntityFrameworkCore.Sqlite.Query.Internal.SqliteStringMethodTranslator
7a5ac203fcf0       5         120 Microsoft.EntityFrameworkCore.Sqlite.Query.Internal.SqliteSubstrMethodTranslator
7a5ac2043f10       5         120 Microsoft.EntityFrameworkCore.Query.Internal.QueryableAggregateMethodTranslator
7a5ac2043218       5         120 Microsoft.EntityFrameworkCore.Sqlite.Query.Internal.SqliteQueryableAggregateMethodTranslator
7a5ac2043368       5         120 Microsoft.EntityFrameworkCore.Sqlite.Query.Internal.SqliteStringAggregateMethodTranslator
7a5ac126c7e8       5         120 Microsoft.EntityFrameworkCore.Sqlite.Query.Internal.SqliteSqlTranslatingExpressionVisitorFactory
7a5ac1388078       5         120 Microsoft.EntityFrameworkCore.Query.QueryTranslationPostprocessorDependencies
7a5ac126f2a0       5         120 Microsoft.EntityFrameworkCore.Sqlite.Query.Internal.SqliteParameterBasedSqlProcessorFactory
7a5ac2047b18       5         120 Microsoft.EntityFrameworkCore.Query.MaterializerLiftableConstantContext
7a5ac2049250       5         120 Microsoft.EntityFrameworkCore.Query.LiftableConstantProcessor+UnsupportedConstantChecker
7a5ac1373668       5         120 Microsoft.EntityFrameworkCore.Query.RelationalQueryCompilationContextDependencies
7a5ac13810b0       5         120 Microsoft.EntityFrameworkCore.Update.Internal.UpdateAdapterFactory
7a5ac1267698       5         120 Microsoft.EntityFrameworkCore.Sqlite.Update.Internal.SqliteModificationCommandBatchFactory
7a5ac13788b0       5         120 Microsoft.EntityFrameworkCore.ChangeTracking.Internal.LocalViewListener
7a5ac1388a20       5         120 Microsoft.EntityFrameworkCore.ValueGeneration.ValueGeneratorSelectorDependencies
7a5ac2063870       5         120 Microsoft.EntityFrameworkCore.ValueGeneration.TemporaryNumberValueGeneratorFactory
7a5ac1378078       5         120 Microsoft.EntityFrameworkCore.ChangeTracking.Internal.KeyPropagator
7a5ac222cd30       1         120 System.Text.RegularExpressions.Generated.<RegexGenerator_g>F340A74DFCBD0D4D474D4DCB56725D9F5EC83468BAA59FD4BF796EDA247EFBBF2__CreateConnectionStringValidKeyRegex_0+RunnerFactory+Runner
7a5ac222e460       1         120 System.Text.RegularExpressions.Generated.<RegexGenerator_g>F340A74DFCBD0D4D474D4DCB56725D9F5EC83468BAA59FD4BF796EDA247EFBBF2__CreateConnectionStringQuoteValueRegex_1+RunnerFactory+Runner
7a5ac02296e0       5         120 Microsoft.AspNetCore.Identity.IdentityErrorDescriber
7a5ac02314a8       5         120 Microsoft.AspNetCore.Identity.UserValidator<ForexExchange.Models.ApplicationUser>
7a5ac0231cb0       5         120 Microsoft.AspNetCore.Identity.PasswordValidator<ForexExchange.Models.ApplicationUser>
7a5ac02299d0       5         120 Microsoft.AspNetCore.Identity.UpperInvariantLookupNormalizer
7a5ac0269888       5         120 Microsoft.AspNetCore.Identity.EmailTokenProvider<ForexExchange.Models.ApplicationUser>
7a5ac02695c8       5         120 Microsoft.AspNetCore.Identity.PhoneNumberTokenProvider<ForexExchange.Models.ApplicationUser>
7a5ac0269a98       5         120 Microsoft.AspNetCore.Identity.AuthenticatorTokenProvider<ForexExchange.Models.ApplicationUser>
7a5ac026a7e8       1         120 Microsoft.Extensions.Http.DefaultHttpClientFactory
7a5ac3509b98       3         120 Microsoft.EntityFrameworkCore.ChangeTracking.Internal.Snapshot<System.String, System.Nullable<System.Int32>, System.Object>
7a5ac35800c8       5         120 Microsoft.EntityFrameworkCore.ChangeTracking.Internal.Snapshot<System.Int32>
7a5ac3588b30       1         120 Microsoft.AspNetCore.StaticAssets.StaticAssetsManifestJsonContext
7a5ac37c2108       5         120 Microsoft.AspNetCore.Mvc.NewtonsoftJson.JsonArrayPool<System.Char>
7a5ac36184a0       1         120 Microsoft.AspNetCore.Mvc.Routing.ControllerActionEndpointDataSource
7a5ac3af6450       1         120 Microsoft.AspNetCore.SignalR.HubConnectionHandler<ForexExchange.Hubs.NotificationHub>
7a5abee642f8       1         120 Microsoft.AspNetCore.Hosting.GenericWebHostService
7a5ac3cbd560       1         120 System.Collections.Generic.Dictionary<System.ValueTuple<System.Type, System.String>, System.Action>+Entry[]
7a5ac3d0bf78       3         120 Microsoft.AspNetCore.Cryptography.SafeHandles.SecureLocalAllocHandle
7a5ac3d270c8       1         120 System.Collections.Generic.Dictionary<System.Guid, Microsoft.AspNetCore.DataProtection.KeyManagement.KeyRing+KeyHolder>+Entry[]
7a5ac3e368e8       1         120 System.Runtime.CompilerServices.AsyncTaskMethodBuilder<System.Threading.Tasks.VoidTaskResult>+AsyncStateMachineBox<Microsoft.AspNetCore.Server.Kestrel.Core.Internal.ConnectionDispatcher<Microsoft.AspNetCore.Connections.ConnectionContext>+<>c__DisplayClass10_0+<<StartAcceptingConnectionsCore>g__AcceptConnectionsAsync|0>d>
7a5ac3e390a8       1         120 System.Runtime.CompilerServices.AsyncTaskMethodBuilder<System.Threading.Tasks.VoidTaskResult>+AsyncStateMachineBox<Microsoft.AspNetCore.Http.Connections.Internal.HttpConnectionManager+<ExecuteTimerLoop>d__14>
7a5ac3e39fa0       1         120 System.Runtime.CompilerServices.AsyncTaskMethodBuilder<System.Threading.Tasks.VoidTaskResult>+AsyncStateMachineBox<Microsoft.Extensions.Hosting.HostingAbstractionsHostExtensions+<WaitForShutdownAsync>d__5>
7a5ac497e728       4         120 System.Action<System.Runtime.CompilerServices.CallSite, AspNetCoreGeneratedDocument.Views_ExchangeRates_Manage, System.Object>[]
7a5abc0dfe60       5         120 System.WeakReference
7a5ac15ba2b8       1         120 System.Diagnostics.UnreachableException
7a5ac6559f58       4         120 System.Func<System.Runtime.CompilerServices.CallSite, Microsoft.AspNetCore.Mvc.Rendering.IHtmlHelper<ForexExchange.Models.Order>, System.Object, System.Object>[]
7a5ac655b000       4         120 System.Action<System.Runtime.CompilerServices.CallSite, AspNetCoreGeneratedDocument.Views_Orders_Create, System.Object>[]
7a5ac31217e0       3         120 System.Lazy<Microsoft.Extensions.Http.ActiveHandlerTrackingEntry>
7a5ac0234c20       3         120 Microsoft.AspNetCore.Identity.UserClaimsPrincipalFactory<ForexExchange.Models.ApplicationUser, Microsoft.AspNetCore.Identity.IdentityRole>
7a5ac5e07d20       5         120 System.Collections.Generic.Dictionary<System.Object, Microsoft.EntityFrameworkCore.ChangeTracking.Internal.InternalEntityEntry>+ValueCollection
7a5ac1344a08       1         120 Microsoft.EntityFrameworkCore.Storage.Internal.RelationalDatabaseFacadeDependencies
7a5ac57159a8       5         120 Microsoft.AspNetCore.Internal.ReusableUtf8JsonWriter
7a5ac44e6218       3         120 Microsoft.AspNetCore.Mvc.ViewFeatures.TemplateInfo
7a5ac3936648       1         120 Microsoft.AspNetCore.Mvc.TagHelpers.FormTagHelper
7a5ac5fbdbe8       1         120 System.Runtime.CompilerServices.AsyncTaskMethodBuilder<System.Threading.Tasks.VoidTaskResult>+AsyncStateMachineBox<Microsoft.AspNetCore.WebUtilities.HttpResponseStreamWriter+<WriteAsyncAwaited>d__26>
7a5ac5fbe6d8       1         120 System.Runtime.CompilerServices.AsyncTaskMethodBuilder<System.Threading.Tasks.VoidTaskResult>+AsyncStateMachineBox<Microsoft.AspNetCore.Mvc.Razor.RazorView+<RenderAsync>d__18>
7a5ac4682cd0       1         120 System.Runtime.CompilerServices.AsyncTaskMethodBuilder<System.Threading.Tasks.VoidTaskResult>+AsyncStateMachineBox<Microsoft.AspNetCore.Routing.EndpointMiddleware+<<Invoke>g__AwaitRequestTask|7_0>d>
7a5ac46859d8       1         120 System.Runtime.CompilerServices.AsyncTaskMethodBuilder<System.Threading.Tasks.VoidTaskResult>+AsyncStateMachineBox<Microsoft.AspNetCore.Diagnostics.StatusCodePagesMiddleware+<Invoke>d__3>
7a5ac462cf00       1         120 System.Runtime.CompilerServices.AsyncTaskMethodBuilder<System.Threading.Tasks.VoidTaskResult>+AsyncStateMachineBox<Microsoft.AspNetCore.Server.Kestrel.Core.Internal.Http.HttpProtocol+<ProcessRequestsAsync>d__237<Microsoft.AspNetCore.Hosting.HostingApplication+Context>>
7a5abd856400       2         128 Microsoft.Extensions.FileProviders.PhysicalFileProvider
7a5abd9ab0a0       2         128 System.Func<Microsoft.Extensions.FileProviders.Physical.PhysicalFilesWatcher>
7a5abd837850       2         128 System.Func<System.IServiceProvider>
7a5abdd4d588       4         128 System.Collections.Concurrent.ConcurrentDictionary<System.String, Microsoft.Extensions.FileProviders.Physical.PhysicalFilesWatcher+ChangeTokenInfo>
7a5abdd48cc8       2         128 System.IO.RenamedEventHandler
7a5abdd489d8       2         128 System.IO.ErrorEventHandler
7a5abdd4e8b8       2         128 System.Func<System.Threading.Timer>
7a5abdf61f08       2         128 System.IO.Enumeration.FileSystemEnumerable<System.String>+FindTransform
7a5abe3b8c48       2         128 System.Action<Microsoft.Extensions.Hosting.HostBuilderContext, Microsoft.Extensions.Configuration.IConfigurationBuilder>
7a5abeb80738       2         128 System.Action<Microsoft.AspNetCore.Hosting.GenericWebHostServiceOptions>
7a5abeb80908       2         128 System.Func<System.IServiceProvider, System.Diagnostics.DiagnosticSource>
7a5abeb88368       2         128 System.Action<Microsoft.AspNetCore.HostFiltering.HostFilteringOptions>
7a5abee67240       2         128 System.Func<System.IServiceProvider, Microsoft.Extensions.Logging.ILoggerFactory>
7a5abee6ecf8       2         128 System.Func<System.Reflection.Assembly, System.String>
7a5ac0269f40       4         128 Microsoft.AspNetCore.Identity.IdentityBuilder+<>c__DisplayClass19_0
7a5ac0600fb8       2         128 System.Func<Microsoft.Extensions.DependencyInjection.ServiceLookup.ServiceCacheKey, Microsoft.Extensions.DependencyInjection.ServiceLookup.ServiceCallSite, Microsoft.Extensions.DependencyInjection.ServiceLookup.ILEmitResolverBuilder+GeneratedMethod>
7a5ac059f6c0       2         128 System.Func<Microsoft.Extensions.DependencyInjection.ServiceLookup.ServiceIdentifier, Microsoft.Extensions.DependencyInjection.ServiceProvider+ServiceAccessor>
7a5ac06a9bd0       2         128 System.Func<Microsoft.Extensions.DependencyModel.DependencyContextJsonReader+RuntimeTargetEntryStub, System.Boolean>
7a5ac06a9d40       2         128 System.Func<Microsoft.Extensions.DependencyModel.DependencyContextJsonReader+RuntimeTargetEntryStub, Microsoft.Extensions.DependencyModel.RuntimeFile>
7a5ac06a9ff0       2         128 System.Func<Microsoft.Extensions.DependencyModel.RuntimeFile, System.Boolean>
7a5ac06e6fd8       2         128 System.Func<System.String, System.Reflection.AssemblyName>
7a5ac0d5d1f8       2         128 System.Func<System.Buffers.MemoryPool<System.Byte>>
7a5abe3bc7e0       1         128 Microsoft.AspNetCore.Server.Kestrel.Core.KestrelServerOptions
7a5ac119a2b0       2         128 System.Func<System.Collections.Generic.KeyValuePair<System.String, System.String>, System.String>
7a5ac1343498       2         128 System.Func<System.IServiceProvider, Microsoft.EntityFrameworkCore.Storage.IDbContextTransactionManager>
7a5ac16a38c8       2         128 System.EventHandler
7a5ac170abe0       4         128 System.Collections.Concurrent.ConcurrentDictionary<System.Type, System.Reflection.PropertyInfo>
7a5ac170b328       4         128 System.Collections.Concurrent.ConcurrentDictionary<System.Type, System.String>
7a5ac1725bd8       2         128 System.Func<System.Type, System.String>
7a5ac1750d58       2         128 System.Func<System.Type, System.Boolean>
7a5ac186d8e0       4         128 System.Linq.Expressions.Expression1<System.Func<ForexExchange.Models.PayerType, System.Int32>>
7a5ac19000f8       4         128 System.Linq.Expressions.Expression1<System.Func<ForexExchange.Models.ReceiverType, System.Int32>>
7a5ac1901718       4         128 System.Linq.Expressions.Expression1<System.Func<ForexExchange.Models.DocumentType, System.Int32>>
7a5ac193f778       2         128 System.Func<Microsoft.EntityFrameworkCore.Metadata.IReadOnlyNavigation, System.Boolean>
7a5ac194e070       2         128 System.Func<Microsoft.EntityFrameworkCore.Metadata.Internal.Navigation, Microsoft.EntityFrameworkCore.Metadata.Internal.InternalForeignKeyBuilder>
7a5ac1952b98       2         128 System.Func<System.Reflection.FieldInfo, System.Boolean>
7a5ac194f8d0       2         128 System.Func<Microsoft.EntityFrameworkCore.Metadata.Internal.Property, System.Type>
7a5ac191a920       2         128 System.Func<Microsoft.EntityFrameworkCore.Metadata.Internal.Property, System.String>
7a5ac1955ec8       2         128 System.Func<Microsoft.EntityFrameworkCore.Metadata.IReadOnlyProperty, System.Type>
7a5ac1990708       4         128 System.Linq.Expressions.Expression1<System.Func<ForexExchange.Models.AdminActivityType, System.Int32>>
7a5ac1991e30       4         128 System.Linq.Expressions.Expression1<System.Func<ForexExchange.Models.BankAccountTransactionType, System.Int32>>
7a5ac19f6368       4         128 System.Linq.Expressions.Expression1<System.Func<ForexExchange.Models.CurrencyPoolTransactionType, System.Int32>>
7a5ac19f7988       4         128 System.Linq.Expressions.Expression1<System.Func<ForexExchange.Models.PoolRiskLevel, System.Int32>>
7a5ac19f94b0       4         128 System.Linq.Expressions.Expression1<System.Func<ForexExchange.Models.CustomerBalanceTransactionType, System.Int32>>
7a5ac19faad0       4         128 System.Linq.Expressions.Expression1<System.Func<ForexExchange.Services.Notifications.NotificationPriority, System.Int32>>
7a5ac19fc0f0       4         128 System.Linq.Expressions.Expression1<System.Func<ForexExchange.Services.Notifications.NotificationEventType, System.Int32>>
7a5ac19ffec0       4         128 System.Linq.Expressions.Expression1<System.Func<ForexExchange.Models.ShareableLinkType, System.Int32>>
7a5ac1a11e80       4         128 System.Linq.Expressions.Expression1<System.Func<ForexExchange.Models.TaskStatus, System.Int32>>
7a5ac1a14140       4         128 System.Linq.Expressions.Expression1<System.Func<ForexExchange.Models.UserRole, System.Int32>>
7a5ac1b02788       2         128 System.Func<Microsoft.EntityFrameworkCore.Metadata.IConventionProperty, System.String>
7a5ac1b4f3a0       4         128 Microsoft.AspNetCore.Identity.TokenProviderDescriptor
7a5ac1b4fbf8       4         128 System.Collections.Generic.Stack<System.Type>
7a5ac1b4ad40       2         128 System.Action<Microsoft.EntityFrameworkCore.Metadata.Builders.EntityTypeBuilder<ForexExchange.Models.ApplicationUser>>
7a5ac1b48140       2         128 System.Action<Microsoft.EntityFrameworkCore.Metadata.Builders.EntityTypeBuilder<ForexExchange.Models.Order>>
7a5ac1b48540       2         128 System.Action<Microsoft.EntityFrameworkCore.Metadata.Builders.EntityTypeBuilder<ForexExchange.Models.ExchangeRate>>
7a5ac1c1a680       2         128 System.Func<Microsoft.EntityFrameworkCore.Metadata.IConventionForeignKey, Microsoft.EntityFrameworkCore.Metadata.IConventionEntityType>
7a5ac1c1a9a0       2         128 System.Func<Microsoft.EntityFrameworkCore.Metadata.IConventionSkipNavigation, Microsoft.EntityFrameworkCore.Metadata.IConventionEntityType>
7a5ac1ab3bd0       2         128 System.Func<Microsoft.EntityFrameworkCore.Metadata.IConventionEntityType, System.Boolean>
7a5ac1d1ee88       2         128 System.Func<System.Object, System.Collections.Concurrent.ConcurrentDictionary<System.String, Microsoft.EntityFrameworkCore.Infrastructure.Annotation>>
7a5ac1d3d260       2         128 System.Func<Microsoft.EntityFrameworkCore.Metadata.IProperty, Microsoft.EntityFrameworkCore.Storage.CoreTypeMapping>
7a5ac1d53288       2         128 System.Func<Microsoft.EntityFrameworkCore.Metadata.IForeignKey, System.Boolean>
7a5ac1d77a70       2         128 System.Func<Microsoft.EntityFrameworkCore.Metadata.ParameterBinding, System.Collections.Generic.IEnumerable<Microsoft.EntityFrameworkCore.Metadata.IPropertyBase>>
7a5ac1e3b9a0       4         128 System.Linq.Expressions.Expression1<System.Func<System.Nullable<System.Decimal>, System.Int32>>
7a5ac1e3bc18       4         128 System.Linq.Expressions.Expression1<System.Func<System.Nullable<System.Decimal>, System.Nullable<System.Decimal>>>
7a5ac1eb8340       2         128 System.Func<Serilog.Sinks.File.RollingLogFile, System.Nullable<System.Int32>>
7a5ac1bbfeb8       4         128 System.Linq.Expressions.Expression1<System.Func<ForexExchange.Models.ExchangeRate, ForexExchange.Models.Currency>>
7a5ac1fc2170       2         128 System.Action<Microsoft.EntityFrameworkCore.Metadata.Conventions.RuntimeModelConvention, System.Collections.Generic.Dictionary<System.String, System.Object>, Microsoft.EntityFrameworkCore.Metadata.INavigation, Microsoft.EntityFrameworkCore.Metadata.RuntimeNavigation, System.Boolean>
7a5ac2066260       2         128 Microsoft.EntityFrameworkCore.Diagnostics.Internal.DiagnosticsLogger<Microsoft.EntityFrameworkCore.DbLoggerCategory+Migrations>
7a5ac2242748       2         128 SQLitePCL.delegate_function_aggregate_step
7a5ac22428c0       2         128 SQLitePCL.delegate_function_aggregate_final
7a5ac1cade08       4         128 Microsoft.EntityFrameworkCore.Metadata.PropertyParameterBinding
7a5ac1d794d0       4         128 Microsoft.EntityFrameworkCore.Metadata.IPropertyBase[]
7a5abf9a15a0       1         128 Microsoft.AspNetCore.DataProtection.KeyManagement.XmlKeyManager
7a5ac27ad040       2         128 System.Action<Microsoft.Extensions.Logging.ILogger, System.Guid, System.DateTimeOffset, System.Exception>
7a5ac3104c20       4         128 System.Collections.Generic.List<Microsoft.AspNetCore.Identity.IRoleValidator<Microsoft.AspNetCore.Identity.IdentityRole>>
7a5ac3126a48       2         128 System.Action<Microsoft.Extensions.Logging.ILogger, System.Net.Http.HttpMethod, System.String, System.Exception>
7a5ac3126d90       2         128 System.Action<Microsoft.Extensions.Logging.ILogger, System.Double, System.Int32, System.Exception>
7a5ac3123288       4         128 Microsoft.Extensions.Http.LifetimeTrackingHttpMessageHandler
7a5ac325fd08       2         128 System.Func<Microsoft.EntityFrameworkCore.Metadata.INavigationBase, System.Boolean>
7a5ac33438f0       2         128 System.Func<Microsoft.EntityFrameworkCore.Metadata.IEntityType, System.Collections.Generic.IEnumerable<Microsoft.EntityFrameworkCore.Metadata.INavigation>>
7a5ac3343e48       2         128 System.Func<Microsoft.EntityFrameworkCore.Metadata.RuntimeProperty, Microsoft.EntityFrameworkCore.ChangeTracking.ValueComparer>
7a5ac32f6908       2         128 System.Func<Microsoft.EntityFrameworkCore.Metadata.ITableMappingBase, System.Boolean>
7a5ac3368690       2         128 System.Func<Microsoft.EntityFrameworkCore.Query.SqlExpressions.ColumnExpression, System.ValueTuple<Microsoft.EntityFrameworkCore.Query.SqlExpressions.ColumnExpression, Microsoft.EntityFrameworkCore.ChangeTracking.ValueComparer>, System.ValueTuple<Microsoft.EntityFrameworkCore.Query.SqlExpressions.ColumnExpression, Microsoft.EntityFrameworkCore.ChangeTracking.ValueComparer>>
7a5ac3496678       2         128 System.Func<Microsoft.EntityFrameworkCore.Metadata.RuntimeEntityType, System.Func<Microsoft.EntityFrameworkCore.ChangeTracking.Internal.ISnapshot>>
7a5ac3498c80       2         128 System.Func<Microsoft.EntityFrameworkCore.Metadata.RuntimeTypeBase, Microsoft.EntityFrameworkCore.Metadata.RuntimeProperty[]>
7a5ac1bbfb48       4         128 System.Linq.Expressions.Expression1<System.Func<ForexExchange.Models.ExchangeRate, System.String>>
7a5ac3579ef8       2         128 System.Func<Microsoft.EntityFrameworkCore.Query.QueryContext, System.Threading.Tasks.Task<ForexExchange.Models.SystemSettings>>
7a5ac35c2c30       2         128 System.Action<System.Object, System.Int32>
7a5ac36a4d50       4         128 Newtonsoft.Json.DefaultJsonNameTable
7a5ac36b88f0       2         128 Microsoft.Net.Http.Headers.GenericHeaderParser<Microsoft.Net.Http.Headers.MediaTypeHeaderValue>+GetParsedValueLengthDelegate
7a5ac36b5b88       4         128 System.Collections.Generic.List<System.Text.Encoding>
7a5ac37eccf8       2         128 System.Func<Microsoft.AspNetCore.Mvc.ActionContext, System.Boolean>
7a5ac392bf10       2         128 System.Func<System.Type, Microsoft.Extensions.Internal.PropertyActivator<Microsoft.AspNetCore.Mvc.ControllerContext>[]>
7a5ac3a35a10       2         128 System.Func<Microsoft.AspNetCore.Mvc.ControllerBase, Microsoft.AspNetCore.Http.HttpContext>
7a5ac3a35e60       2         128 System.Func<Microsoft.AspNetCore.Mvc.ControllerBase, Microsoft.AspNetCore.Http.HttpRequest>
7a5ac3a36170       2         128 System.Func<Microsoft.AspNetCore.Mvc.ControllerBase, Microsoft.AspNetCore.Http.HttpResponse>
7a5ac3a363e0       2         128 System.Func<Microsoft.AspNetCore.Mvc.ControllerBase, Microsoft.AspNetCore.Routing.RouteData>
7a5ac3a36650       2         128 System.Func<Microsoft.AspNetCore.Mvc.ControllerBase, Microsoft.AspNetCore.Mvc.ModelBinding.ModelStateDictionary>
7a5ac3a36888       2         128 System.Func<Microsoft.AspNetCore.Mvc.ControllerBase, Microsoft.AspNetCore.Mvc.ControllerContext>
7a5ac3a36d28       2         128 System.Func<Microsoft.AspNetCore.Mvc.ControllerBase, Microsoft.AspNetCore.Mvc.ModelBinding.IModelMetadataProvider>
7a5ac3a36eb8       2         128 System.Action<Microsoft.AspNetCore.Mvc.ControllerBase, Microsoft.AspNetCore.Mvc.ModelBinding.IModelMetadataProvider>
7a5ac3a37048       2         128 System.Func<Microsoft.AspNetCore.Mvc.ControllerBase, Microsoft.AspNetCore.Mvc.ModelBinding.IModelBinderFactory>
7a5ac3a371d8       2         128 System.Action<Microsoft.AspNetCore.Mvc.ControllerBase, Microsoft.AspNetCore.Mvc.ModelBinding.IModelBinderFactory>
7a5ac3a37368       2         128 System.Func<Microsoft.AspNetCore.Mvc.ControllerBase, Microsoft.AspNetCore.Mvc.IUrlHelper>
7a5ac3a374f8       2         128 System.Action<Microsoft.AspNetCore.Mvc.ControllerBase, Microsoft.AspNetCore.Mvc.IUrlHelper>
7a5ac3a37688       2         128 System.Func<Microsoft.AspNetCore.Mvc.ControllerBase, Microsoft.AspNetCore.Mvc.ModelBinding.Validation.IObjectModelValidator>
7a5ac3a37818       2         128 System.Action<Microsoft.AspNetCore.Mvc.ControllerBase, Microsoft.AspNetCore.Mvc.ModelBinding.Validation.IObjectModelValidator>
7a5ac3a379a8       2         128 System.Func<Microsoft.AspNetCore.Mvc.ControllerBase, Microsoft.AspNetCore.Mvc.Infrastructure.ProblemDetailsFactory>
7a5ac3a37b38       2         128 System.Action<Microsoft.AspNetCore.Mvc.ControllerBase, Microsoft.AspNetCore.Mvc.Infrastructure.ProblemDetailsFactory>
7a5ac3a37cc8       2         128 System.Func<Microsoft.AspNetCore.Mvc.ControllerBase, System.Security.Claims.ClaimsPrincipal>
7a5ac3a4a5c0       2         128 Microsoft.AspNetCore.Mvc.ResponseCacheAttribute
7a5abd3b2820       1         128 Microsoft.AspNetCore.SignalR.HubOptions
7a5ac3af6640       2         128 System.Func<Microsoft.AspNetCore.Connections.ConnectionContext, System.Threading.Tasks.Task>
7a5ac3b1ec68       2         128 System.Reflection.InvokerEmitUtil+InvokeFunc_Obj4Args
7a5ac3cb8bf8       2         128 System.Action<System.String>
7a5ac3cba250       2         128 System.Action<Microsoft.Extensions.Diagnostics.Metrics.MetricsOptions, System.String>
7a5ac3ccbf68       1         128 System.Xml.XmlTextReaderImpl+NodeData
7a5ac3d53b40       2         128 Microsoft.Net.Http.Headers.GenericHeaderParser<Microsoft.Net.Http.Headers.EntityTagHeaderValue>+GetParsedValueLengthDelegate
7a5ac3d74930       2         128 System.Func<Microsoft.AspNetCore.Diagnostics.StatusCodeContext, System.Threading.Tasks.Task>
7a5ac3d7a648       2         128 System.Action<Microsoft.AspNetCore.HostFiltering.HostFilteringOptions, System.String>
7a5abd668360       2         128 System.Threading.SendOrPostCallback
7a5ac3fc9b20       2         128 System.Func<Microsoft.AspNetCore.Http.Features.IFeatureCollection, Microsoft.AspNetCore.Http.Features.ISessionFeature>
7a5ac40d2c30       2         128 System.Func<Microsoft.AspNetCore.Routing.Matching.MatcherBuilder>
7a5ac40d33a0       2         128 System.Func<System.Collections.Generic.IReadOnlyList<Microsoft.AspNetCore.Http.Endpoint>, Microsoft.AspNetCore.Routing.Matching.Matcher>
7a5ac40d34b0       2         128 System.Func<Microsoft.AspNetCore.Routing.Matching.Matcher>
7a5ac40fdd10       2         128 System.Func<Microsoft.AspNetCore.Http.Endpoint, System.Boolean>
7a5ac410ad00       2         128 System.Func<System.ValueTuple<System.String, System.Int32>, System.Int32>
7a5ac4172650       2         128 System.Func<Microsoft.AspNetCore.Authentication.Cookies.CookieValidatePrincipalContext, System.Threading.Tasks.Task>
7a5ac321bff8       2         128 System.Func<System.Int32, System.Func<System.Linq.Expressions.Expression, System.Linq.Expressions.Expression>>
7a5ac4260e00       2         128 System.Func<System.Object[]>
7a5ac4288198       2         128 System.Func<Microsoft.EntityFrameworkCore.Query.QueryContext, System.Collections.Generic.IAsyncEnumerable<System.Security.Claims.Claim>>
7a5ac449fb88       2         128 System.Func<Microsoft.EntityFrameworkCore.Query.QueryContext, System.Collections.Generic.IAsyncEnumerable<System.String>>
7a5ac44c3230       2         128 System.Action<Microsoft.Extensions.Logging.ILogger, Microsoft.AspNetCore.Http.Endpoint, System.Exception>
7a5ac44cb548       2         128 System.Func<System.Reflection.PropertyInfo, Microsoft.Extensions.Internal.PropertyActivator<Microsoft.AspNetCore.Mvc.ControllerContext>>
7a5ac392acd8       2         128 System.Func<Microsoft.AspNetCore.Mvc.ControllerContext, System.Object, System.Threading.Tasks.ValueTask>
7a5ac44cfad0       2         128 System.Action<Microsoft.Extensions.Logging.ILogger, Microsoft.AspNetCore.Mvc.Filters.IFilterMetadata, System.Exception>
7a5ac44cfc80       2         128 System.Action<Microsoft.Extensions.Logging.ILogger, System.Type, System.Exception>
7a5ac4509e68       2         128 System.Func<ForexExchange.Models.Currency, System.Action<ForexExchange.Models.Currency, System.Collections.Generic.ICollection<ForexExchange.Models.ExchangeRate>>, System.Collections.Generic.ICollection<ForexExchange.Models.ExchangeRate>>
7a5ac450a348       2         128 System.Func<System.Collections.Generic.ICollection<ForexExchange.Models.ExchangeRate>>
7a5ac44ec798       2         128 System.Func<Microsoft.EntityFrameworkCore.Query.QueryContext, System.Collections.Generic.IAsyncEnumerable<ForexExchange.Models.ExchangeRate>>
7a5ac4531908       2         128 System.Func<Microsoft.EntityFrameworkCore.Metadata.RuntimePropertyBase, Microsoft.EntityFrameworkCore.Metadata.IClrPropertySetter>
7a5ac45497d0       3         128 Microsoft.AspNetCore.Mvc.ModelBinding.Validation.IClientModelValidatorProvider[]
7a5ac4574650       2         128 System.Action<Microsoft.AspNetCore.Mvc.Razor.RazorPage<System.Collections.Generic.IEnumerable<ForexExchange.Models.ExchangeRate>>, Microsoft.AspNetCore.Mvc.ViewFeatures.ViewDataDictionary<System.Collections.Generic.IEnumerable<ForexExchange.Models.ExchangeRate>>>
7a5ac45a9410       2         128 System.Func<System.Type, Microsoft.Extensions.Internal.PropertyActivator<Microsoft.AspNetCore.Mvc.Rendering.ViewContext>[]>
7a5ac45cf158       2         128 System.Predicate<System.Security.Claims.Claim>
7a5ac45e3128       2         128 Microsoft.Net.Http.Headers.GenericHeaderParser<Microsoft.Net.Http.Headers.SetCookieHeaderValue>+GetParsedValueLengthDelegate
7a5ac45e8aa8       2         128 System.Action<Microsoft.AspNetCore.Mvc.Razor.TagHelpers.TagHelperComponentTagHelper, Microsoft.AspNetCore.Mvc.Rendering.ViewContext>
7a5abdf82938       2         128 System.Threading.Thread+StartHelper
7a5ac4644688       2         128 Microsoft.Net.Http.Headers.GenericHeaderParser<Microsoft.Net.Http.Headers.StringWithQualityHeaderValue>+GetParsedValueLengthDelegate
7a5ac4641bc0       2         128 System.Comparison<System.Linq.IGrouping<System.Int32, System.ValueTuple<System.String, System.Int32>>>
7a5ac4660bf8       2         128 System.Comparison<System.Linq.IGrouping<System.UInt64, System.ValueTuple<System.String, System.Int32>>>
7a5ac4684708       2         128 System.Action<Microsoft.Extensions.Logging.ILogger, Microsoft.Extensions.Primitives.StringValues, System.String, System.Exception>
7a5ac47a29d8       2         128 Microsoft.AspNetCore.Http.QueryCollection+Enumerator
7a5ac4992b60       2         128 Microsoft.Net.Http.Headers.GenericHeaderParser<Microsoft.Net.Http.Headers.NameValueHeaderValue>+GetParsedValueLengthDelegate
7a5ac50d0eb8       2         128 System.Func<Microsoft.EntityFrameworkCore.Query.QueryContext, System.Collections.Generic.IAsyncEnumerable<ForexExchange.Models.CurrencyPool>>
7a5ac50d6d38       2         128 System.Action<ForexExchange.Models.CurrencyPool, ForexExchange.Models.Currency>
7a5ac57ca210       2         128 System.Func<ForexExchange.Models.LoginViewModel, System.String>
7a5ac57cd9c0       2         128 System.Action<ForexExchange.Models.LoginViewModel, System.String>
7a5ac62f4928       2         128 System.Func<ForexExchange.Models.CurrencyPoolHistory, System.Int64>
7a5ac1e34be0       2         128 System.Func<System.Nullable<System.Int32>, System.Int32>
7a5ac625a310       2         128 Microsoft.AspNetCore.Http.FormCollection+Enumerator
7a5ac338a180       2         128 System.Func<System.ValueTuple<Microsoft.EntityFrameworkCore.Query.SqlExpressions.ColumnExpression, Microsoft.EntityFrameworkCore.ChangeTracking.ValueComparer>, System.ValueTuple<Microsoft.EntityFrameworkCore.Query.SqlExpressions.ColumnExpression, Microsoft.EntityFrameworkCore.ChangeTracking.ValueComparer>>
7a5ac3368478       2         128 System.Func<System.ValueTuple<Microsoft.EntityFrameworkCore.Query.SqlExpressions.ColumnExpression, System.ValueTuple<Microsoft.EntityFrameworkCore.Query.SqlExpressions.ColumnExpression, Microsoft.EntityFrameworkCore.ChangeTracking.ValueComparer>>, System.ValueTuple<Microsoft.EntityFrameworkCore.Query.SqlExpressions.ColumnExpression, Microsoft.EntityFrameworkCore.ChangeTracking.ValueComparer>>
7a5ac1bf9950       2         128 System.Func<ForexExchange.Models.CustomerBalanceHistory, ForexExchange.Models.Customer>
7a5ac5bb82a0       2         128 System.Action<ForexExchange.Models.CustomerBalanceHistory, ForexExchange.Models.Customer>
7a5ac5bc9c08       2         128 System.Func<ForexExchange.Models.CustomerTransactionHistory, System.Boolean>
7a5ac5c4f058       2         128 System.Action<Microsoft.AspNetCore.Mvc.Razor.RazorPage<ForexExchange.Models.AccountingDocument>, Microsoft.AspNetCore.Mvc.ViewFeatures.ViewDataDictionary<ForexExchange.Models.AccountingDocument>>
7a5ac5c5ec50       2         128 System.Action<ForexExchange.Models.AccountingDocument, System.DateTime>
7a5ac5c5f4b8       2         128 System.Action<ForexExchange.Models.AccountingDocument, System.Nullable<System.DateTime>>
7a5ac5c7cbb8       4         128 System.Linq.Expressions.Expression1<System.Func<ForexExchange.Models.AccountingDocument, System.Nullable<System.Int32>>>
7a5ac1bd9d48       4         128 System.Linq.Expressions.Expression1<System.Func<ForexExchange.Models.AccountingDocument, System.String>>
7a5ac5d16288       2         128 System.Func<ForexExchange.Models.BankAccount, System.Int32>
7a5ac5d16408       2         128 System.Action<ForexExchange.Models.BankAccount, System.Int32>
7a5ac3570fc8       2         128 System.Func<ForexExchange.Models.BankAccount, System.Boolean>
7a5ac5d16ad8       2         128 System.Action<ForexExchange.Models.BankAccount, System.Boolean>
7a5ac5d1fc88       2         128 System.Func<Microsoft.EntityFrameworkCore.Query.QueryContext, System.Threading.Tasks.Task<ForexExchange.Models.CustomerBalance>>
7a5ac5d32828       2         128 System.Action<ForexExchange.Models.CustomerBalance, ForexExchange.Models.Customer>
7a5ac5d6f680       2         128 System.Action<ForexExchange.Models.Order, System.Nullable<System.DateTime>>
7a5ac5d6f8b0       2         128 System.Action<ForexExchange.Models.Order, System.String>
7a5ac5d6fae0       2         128 System.Action<ForexExchange.Models.Order, System.Boolean>
7a5ac5d6fd80       2         128 System.Action<ForexExchange.Models.Order, ForexExchange.Models.Customer>
7a5ac5d80310       2         128 System.Func<ForexExchange.Models.Notification, System.Int32>
7a5ac5d804a0       2         128 System.Action<ForexExchange.Models.Notification, System.Int32>
7a5ac5d80650       2         128 System.Func<ForexExchange.Models.Notification, System.String>
7a5ac5d807e0       2         128 System.Action<ForexExchange.Models.Notification, System.String>
7a5ac5d82be0       2         128 System.Action<ForexExchange.Models.CustomerBalance, System.Int32>
7a5ac5d82e20       2         128 System.Action<ForexExchange.Models.CustomerBalance, System.String>
7a5ac1bbe070       2         128 System.Func<ForexExchange.Models.ExchangeRate, System.Nullable<System.Decimal>>
7a5ac5d852a8       2         128 System.Action<ForexExchange.Models.ExchangeRate, System.Nullable<System.Decimal>>
7a5ac1bbeae8       2         128 System.Func<ForexExchange.Models.ExchangeRate, System.String>
7a5ac5d86220       2         128 System.Action<ForexExchange.Models.CurrencyPool, System.String>
7a5ac5dd4ba0       2         128 System.Func<Microsoft.EntityFrameworkCore.Metadata.RuntimeEntityType, Microsoft.EntityFrameworkCore.Metadata.IProperty[]>
7a5ac5dd4d30       2         128 System.Func<Microsoft.EntityFrameworkCore.Metadata.RuntimeProperty, System.Boolean>
7a5ac5ed7dc0       2         128 System.Action<System.Text.StringBuilder, Microsoft.EntityFrameworkCore.Update.IColumnModification, Microsoft.EntityFrameworkCore.Storage.ISqlGenerationHelper>
7a5ac5f1c540       2         128 System.Func<System.Reflection.PortableExecutable.DebugDirectoryEntry, System.Boolean>
7a5ac63078d8       2         128 System.Func<ForexExchange.Models.CurrencyPoolHistory, System.Nullable<System.DateTime>>
7a5ac630a3b0       2         128 System.Func<ForexExchange.Models.CurrencyPoolHistory, System.Nullable<System.Int32>>
7a5ac1bfb530       2         128 System.Func<ForexExchange.Models.CurrencyPoolHistory, ForexExchange.Models.CurrencyPoolTransactionType>
7a5ac633a640       2         128 System.Func<ForexExchange.Models.BankAccountBalanceHistory, System.Int64>
7a5ac633b210       2         128 System.Func<ForexExchange.Models.BankAccountBalanceHistory, System.Int32>
7a5ac1bff150       2         128 System.Func<ForexExchange.Models.BankAccountBalanceHistory, ForexExchange.Models.BankAccount>
7a5ac6347c60       2         128 System.Func<ForexExchange.Models.BankAccountBalanceHistory, System.Nullable<System.DateTime>>
7a5ac6348b20       2         128 System.Func<ForexExchange.Models.BankAccountBalanceHistory, System.Nullable<System.Int32>>
7a5ac1bfdc58       2         128 System.Func<ForexExchange.Models.BankAccountBalanceHistory, ForexExchange.Models.BankAccountTransactionType>
7a5ac64abc80       2         128 System.Func<Microsoft.EntityFrameworkCore.Query.QueryContext, System.Collections.Generic.IAsyncEnumerable<ForexExchange.Models.AccountingDocument>>
7a5ac1bd6ef0       2         128 System.Func<ForexExchange.Models.BankAccountBalance, System.Decimal>
7a5ac6363e08       2         128 System.Func<ForexExchange.Models.BankAccountBalance, System.DateTime>
7a5ac1bd70f0       2         128 System.Func<ForexExchange.Models.BankAccountBalance, ForexExchange.Models.BankAccount>
7a5ac6cfa530       2         128 System.Func<Microsoft.EntityFrameworkCore.Query.QueryContext, System.Threading.Tasks.Task<ForexExchange.Models.Order>>
7a5ac5ba9130       2         128 System.Func<ForexExchange.Models.CustomerBalanceHistory, System.Int64>
7a5ac6373e38       2         128 System.Func<ForexExchange.Models.CustomerBalanceHistory, System.Int32>
7a5ac334e8c8       2         128 Microsoft.EntityFrameworkCore.Query.SqlExpressions.InExpression
7a5ac6460f50       2         128 System.Func<Microsoft.EntityFrameworkCore.Query.QueryContext, System.Collections.Generic.IAsyncEnumerable<ForexExchange.Models.CustomerBalance>>
7a5ac6377790       2         128 System.Func<ForexExchange.Models.CustomerBalanceHistory, System.Nullable<System.DateTime>>
7a5ac637a268       2         128 System.Func<ForexExchange.Models.CustomerBalanceHistory, System.Nullable<System.Int32>>
7a5ac1bf82d0       2         128 System.Func<ForexExchange.Models.CustomerBalanceHistory, ForexExchange.Models.CustomerBalanceTransactionType>
7a5ac64a64c0       2         128 System.Func<ForexExchange.Models.Currency, System.Action<ForexExchange.Models.Currency, System.Collections.Generic.ICollection<ForexExchange.Models.Order>>, System.Collections.Generic.ICollection<ForexExchange.Models.Order>>
7a5ac64a01e0       2         128 System.Func<Microsoft.EntityFrameworkCore.Query.QueryContext, System.Collections.Generic.IAsyncEnumerable<ForexExchange.Models.Order>>
7a5ac744d658       2         128 System.Func<System.Diagnostics.Metrics.ListenerSubscription, System.Diagnostics.Metrics.ListenerSubscription, System.Boolean>
7a5ac49bdba0       2         128 System.Func<System.Object, <>f__AnonymousType38<System.String, System.String, System.String, System.String>[]>
7a5ac49be620       2         128 System.Func<System.Object, System.String[]>
7a5ac49bf0a8       2         128 System.Func<System.Object[], <>f__AnonymousType37<System.String, System.String, System.String, <>f__AnonymousType38<System.String, System.String, System.String, System.String>[], System.String, System.String, System.String, System.String, System.String, System.String[], System.String, System.String>>
7a5ac4a005b8       2         128 System.Text.Json.Serialization.Metadata.JsonTypeInfo+ParameterizedConstructorDelegate<<>f__AnonymousType38<System.String, System.String, System.String, System.String>, System.String, System.String, System.String, System.String>
7a5ac65371e0       2         128 System.Action<Microsoft.AspNetCore.Mvc.Razor.RazorPage<ForexExchange.Models.Order>, Microsoft.AspNetCore.Mvc.ViewFeatures.ViewDataDictionary<ForexExchange.Models.Order>>
7a5ac6e10268       2         128 System.Func<Microsoft.EntityFrameworkCore.Query.QueryContext, System.Collections.Generic.IAsyncEnumerable<ForexExchange.Models.Customer>>
7a5ac5c9b250       2         128 System.Func<System.Object, System.DateTime>
7a5ac6515aa0       2         128 System.Func<<>f__AnonymousType42<System.Int32, System.String, System.String, System.Int32, System.Int32>, Microsoft.AspNetCore.Mvc.Rendering.SelectListItem>
7a5ac651c0e8       4         128 System.Runtime.CompilerServices.RuleCache<System.Func<System.Runtime.CompilerServices.CallSite, System.Object, System.Collections.Generic.List<Microsoft.AspNetCore.Mvc.Rendering.SelectListItem>, System.Object>>
7a5ac6552318       4         128 System.Collections.Concurrent.ConcurrentDictionary<System.Reflection.MemberInfo, System.Func<ForexExchange.Models.Order, System.Object>>
7a5ac6552dd8       4         128 System.Collections.Concurrent.ConcurrentDictionary<Microsoft.AspNetCore.Mvc.ViewFeatures.MemberExpressionCacheKey, System.Func<ForexExchange.Models.Order, System.Object>>
7a5ac65c4ad8       2         128 System.Func<Microsoft.EntityFrameworkCore.Query.QueryContext, System.Threading.Tasks.Task<ForexExchange.Models.Currency>>
7a5ac65c96a0       2         128 System.Func<Microsoft.EntityFrameworkCore.Query.QueryContext, System.Threading.Tasks.Task<ForexExchange.Models.CurrencyPool>>
7a5ac660d248       2         128 System.Func<ForexExchange.Models.AdminActivity, System.Int32>
7a5ac6865cd0       2         128 System.Func<ForexExchange.Models.AdminActivity, ForexExchange.Models.AdminActivityType>
7a5ac6868f10       2         128 System.Func<ForexExchange.Models.AdminActivity, System.Nullable<System.Int32>>
7a5ac686b9e8       2         128 System.Func<ForexExchange.Models.AdminActivity, System.DateTime>
7a5ac686cc88       2         128 System.Func<ForexExchange.Models.ApplicationUser, System.Int32>
7a5ac686f360       2         128 System.Func<ForexExchange.Models.ApplicationUser, System.DateTime>
7a5ac686fe20       2         128 System.Func<ForexExchange.Models.ApplicationUser, System.Nullable<System.Int32>>
7a5ac6883128       2         128 System.Func<ForexExchange.Models.ApplicationUser, System.Nullable<System.DateTimeOffset>>
7a5ac68860a0       2         128 System.Func<ForexExchange.Models.ApplicationUser, ForexExchange.Models.UserRole>
7a5ac6887018       2         128 System.Func<ForexExchange.Models.ApplicationUser, System.Nullable<System.DateTime>>
7a5ac1bda800       2         128 System.Func<ForexExchange.Models.ApplicationUser, ForexExchange.Models.Customer>
7a5ac6893428       2         128 System.Func<System.Object, System.Collections.Generic.Dictionary<System.String, System.Object>>
7a5ac68de2f8       2         128 System.Func<Microsoft.EntityFrameworkCore.Query.SqlExpressions.SqlExpression, System.ValueTuple<Microsoft.EntityFrameworkCore.Query.SqlExpressions.ColumnExpression, Microsoft.EntityFrameworkCore.ChangeTracking.ValueComparer>>
7a5ac68fecf8       2         128 Org.BouncyCastle.Asn1.X9.X9ECParameters
7a5abd666958       1         128 System.ObjectDisposedException
7a5ac6bf7790       2         128 System.Func<Microsoft.Win32.SafeHandles.SafeX509Handle, System.String>
7a5ac6bf83a0       2         128 Interop+Crypto+NegativeSizeReadMethod<System.IntPtr>
7a5ac16a1fe0       2         128 Microsoft.Data.Sqlite.SqliteConnectionPool
7a5ac2273f38       4         128 System.Collections.Generic.Stack<Microsoft.Data.Sqlite.SqliteConnectionInternal>
7a5ac72fee68       2         128 System.Func<System.Collections.Generic.KeyValuePair<Microsoft.EntityFrameworkCore.Metadata.ITableBase, System.String>, Microsoft.EntityFrameworkCore.Metadata.ITableBase>
7a5ac6cbc530       2         128 System.Func<Microsoft.EntityFrameworkCore.ChangeTracking.Internal.Snapshot<System.Int32, System.Int32>, System.Int32>
7a5ac1bf5fc0       2         128 System.Func<ForexExchange.Models.PushNotificationLog, ForexExchange.Models.PushSubscription>
7a5ac6ce1b00       2         128 System.Func<ForexExchange.Models.PushNotificationLog, System.DateTime>
7a5ac6ce45d8       2         128 System.Func<ForexExchange.Models.VapidConfiguration, System.Int32>
7a5ac6ce5d78       2         128 System.Func<ForexExchange.Models.VapidConfiguration, System.Nullable<System.DateTime>>
7a5ac6ce8850       2         128 System.Func<ForexExchange.Models.VapidConfiguration, System.Int64>
7a5ac6cec4b8       2         128 System.Func<ForexExchange.Models.PushSubscription, System.Nullable<System.DateTime>>
7a5ac6ceeba0       2         128 System.Func<ForexExchange.Models.PushSubscription, ForexExchange.Models.ApplicationUser>
7a5ac6cef940       2         128 System.Func<Microsoft.EntityFrameworkCore.ChangeTracking.Internal.Snapshot<System.Int32, System.Int32, System.Object>, System.Int32>
7a5ac52586a0       4         128 System.IO.Pipelines.DuplexPipe
7a5abf2810b0       2         128 Microsoft.AspNetCore.Authorization.DefaultAuthorizationService
7a5ac3a1e6c8       2         128 Microsoft.AspNetCore.Mvc.ViewFeatures.ViewDataDictionary
7a5ac44e6628       2         128 Microsoft.AspNetCore.Mvc.ViewFeatures.ModelExplorer
7a5ac453c900       2         128 Microsoft.AspNetCore.Mvc.ViewFeatures.TempDataDictionary
7a5abf286ad8       2         128 Microsoft.AspNetCore.Mvc.ViewComponents.DefaultViewComponentHelper
7a5ac5bcc6b0       1         128 System.Runtime.CompilerServices.AsyncTaskMethodBuilder<System.Threading.Tasks.VoidTaskResult>+AsyncStateMachineBox<Microsoft.AspNetCore.Mvc.Infrastructure.ResourceInvoker+<<InvokeNextResultFilterAsync>g__Awaited|30_0>d<Microsoft.AspNetCore.Mvc.Filters.IResultFilter, Microsoft.AspNetCore.Mvc.Filters.IAsyncResultFilter>>
7a5ac5c00048       1         128 System.Runtime.CompilerServices.AsyncTaskMethodBuilder<System.Threading.Tasks.VoidTaskResult>+AsyncStateMachineBox<Microsoft.AspNetCore.Mvc.Infrastructure.ResourceInvoker+<<InvokeResultFilters>g__Awaited|28_0>d>
7a5ac5c005b8       1         128 System.Runtime.CompilerServices.AsyncTaskMethodBuilder<System.Threading.Tasks.VoidTaskResult>+AsyncStateMachineBox<Microsoft.AspNetCore.Mvc.Infrastructure.ResourceInvoker+<<InvokeNextResourceFilter>g__Awaited|25_0>d>
7a5ac5c00c10       1         128 System.Runtime.CompilerServices.AsyncTaskMethodBuilder<System.Threading.Tasks.VoidTaskResult>+AsyncStateMachineBox<Microsoft.AspNetCore.Mvc.Infrastructure.ResourceInvoker+<<InvokeFilterPipelineAsync>g__Awaited|20_0>d>
7a5ac4687730       1         128 System.Runtime.CompilerServices.AsyncTaskMethodBuilder<System.Threading.Tasks.VoidTaskResult>+AsyncStateMachineBox<Microsoft.AspNetCore.Diagnostics.ExceptionHandlerMiddlewareImpl+<<Invoke>g__Awaited|10_0>d>
7a5ac73d4610       2         128 System.Func<System.ValueTuple<Microsoft.EntityFrameworkCore.Query.SqlExpressions.TableExpressionBase, Microsoft.EntityFrameworkCore.Query.SqlExpressions.TableExpressionBase>, Microsoft.EntityFrameworkCore.Query.Internal.TpcTablesExpression>
7a5ac7445dd8       2         128 System.Action<System.DateTime, System.DateTime>
7a5ac7445c60       2         128 System.Action<System.Exception>
7a5ac57839f8       2         128 System.Diagnostics.Metrics.MeasurementCallback<System.Byte>
7a5ac5783b88       2         128 System.Diagnostics.Metrics.MeasurementCallback<System.Int16>
7a5ac5783d18       2         128 System.Diagnostics.Metrics.MeasurementCallback<System.Int32>
7a5ac5783ea8       2         128 System.Diagnostics.Metrics.MeasurementCallback<System.Int64>
7a5ac5784038       2         128 System.Diagnostics.Metrics.MeasurementCallback<System.Single>
7a5ac57841c8       2         128 System.Diagnostics.Metrics.MeasurementCallback<System.Double>
7a5ac5784358       2         128 System.Diagnostics.Metrics.MeasurementCallback<System.Decimal>
7a5ac745e7f0       4         128 System.Diagnostics.Metrics.FixedSizeLabelNameDictionary<System.Diagnostics.Metrics.StringSequence1, System.Diagnostics.Metrics.ObjectSequence1, System.Diagnostics.Metrics.Aggregator>
7a5ac7460240       4         128 System.Collections.Concurrent.ConcurrentDictionary<System.Diagnostics.Metrics.ObjectSequence1, System.Diagnostics.Metrics.Aggregator>
7a5ac0af2c78       1         136 Serilog.Sinks.File.RollingFileSink
7a5ac1eb06c8       1         136 System.Collections.Generic.Dictionary<Serilog.Events.LogEventLevel, Serilog.Sinks.SystemConsole.Themes.ConsoleThemeStyle>+Entry[]
7a5ac45a8ab0       3         136 Microsoft.AspNetCore.Razor.TagHelpers.TagHelperAttribute[]
7a5ac134f838       1         136 Microsoft.EntityFrameworkCore.Migrations.HistoryRepositoryDependencies
7a5ac38a2d90       3         136 Microsoft.AspNetCore.Mvc.ApplicationModels.IActionModelConvention[]
7a5abd3b2ae8       1         136 Microsoft.AspNetCore.SignalR.HubOptions<ForexExchange.Hubs.NotificationHub>
7a5ac24edca0       1         136 Microsoft.AspNetCore.DataProtection.KeyManagement.Key
7a5ac0af93b0       1         136 System.Text.RegularExpressions.RegexFindOptimizations
7a5ac5fb6b48       1         136 Microsoft.EntityFrameworkCore.Query.Internal.SingleQueryingEnumerable<ForexExchange.Models.AccountingDocument>+AsyncEnumerator
7a5ac5c4a958       1         136 Microsoft.EntityFrameworkCore.ChangeTracking.Internal.Snapshot<System.Int32, System.Decimal, System.String, System.String, System.String, System.String, System.String, System.DateTime, System.String, System.Int32, System.String, System.Boolean, System.Boolean, System.Nullable<System.DateTime>, System.String>
7a5ac74442f0       3         136 System.Diagnostics.Tracing.CounterGroup[]
7a5abd83c7b8       6         144 System.Text.EncoderReplacementFallback
7a5abd83c468       6         144 System.Text.DecoderReplacementFallback
7a5abd6694d8       3         144 Microsoft.Extensions.Configuration.EnvironmentVariables.EnvironmentVariablesConfigurationProvider
7a5abe3a2f80       3         144 System.Text.UnicodeEncoding
7a5ac0597c10       2         144 Microsoft.Extensions.DependencyInjection.ServiceProvider
7a5ac3a47920       6         144 Microsoft.AspNetCore.Mvc.FromBodyAttribute
7a5ac0c8d688       6         144 System.Threading.AutoResetEvent
7a5ac0ca77d0       2         144 System.Threading.Tasks.Task<System.Threading.Tasks.VoidTaskResult>
7a5abeb80018       3         144 System.Diagnostics.DiagnosticListener
7a5ac1cb70a8       3         144 Microsoft.Extensions.Logging.LoggerMessage+<>c__DisplayClass14_0<System.String, System.String, System.String>
7a5ac1dbba28       3         144 System.Linq.Expressions.InstanceMethodCallExpression2
7a5ac42641f0       2         144 System.Threading.Tasks.Task<System.String>
7a5ac13429b0       2         144 Microsoft.EntityFrameworkCore.Migrations.Internal.MigrationsModelDiffer
7a5ac2268c30       3         144 Microsoft.Extensions.Logging.LoggerMessage+<>c__DisplayClass14_0<System.String, System.String, System.Int32>
7a5ac22723c8       3         144 Microsoft.Extensions.Logging.LoggerMessage+<>c__DisplayClass12_0<System.String, System.Int32>
7a5ac27ae320       3         144 Microsoft.Extensions.Logging.LoggerMessage+<>c__DisplayClass10_0<System.Xml.Linq.XElement>
7a5ac27aef70       3         144 Microsoft.Extensions.Logging.LoggerMessage+<>c__DisplayClass12_0<Microsoft.Win32.RegistryKey, System.String>
7a5ac45c6048       3         144 System.Collections.Concurrent.ConcurrentDictionary<Microsoft.AspNetCore.Routing.RouteEndpoint, Microsoft.AspNetCore.Routing.Template.TemplateBinder>+Node
7a5ac44ced08       6         144 Microsoft.AspNetCore.Mvc.MvcCoreLoggerExtensions+ActionLogScope
7a5ac39330b0       6         144 Microsoft.AspNetCore.Authorization.AllowAnonymousAttribute
7a5ac3d5c320       6         144 Microsoft.AspNetCore.SignalR.HubMetadata
7a5ac3d5e058       2         144 System.Threading.Tasks.Task<Microsoft.AspNetCore.Authentication.AuthenticationScheme>
7a5ac3e18ab8       3         144 System.Collections.Concurrent.ConcurrentDictionary<System.IntPtr, System.Net.Sockets.SocketAsyncEngine+SocketAsyncContextWrapper>+Node
7a5ac3e3a588       1         144 System.Runtime.CompilerServices.AsyncTaskMethodBuilder<System.Threading.Tasks.VoidTaskResult>+AsyncStateMachineBox<Microsoft.Extensions.Hosting.HostingAbstractionsHostExtensions+<RunAsync>d__4>
7a5ac40d2058       2         144 System.Threading.Tasks.Task<Microsoft.AspNetCore.Routing.Matching.Matcher>
7a5ac42427f8       3         144 System.Collections.Concurrent.ConcurrentDictionary<System.Type, System.Func<Microsoft.EntityFrameworkCore.ChangeTracking.Internal.IStateManager, Microsoft.EntityFrameworkCore.Internal.IDbSetSource, Microsoft.EntityFrameworkCore.Internal.IDbSetCache, Microsoft.EntityFrameworkCore.Metadata.IEntityType, Microsoft.EntityFrameworkCore.Internal.IEntityFinder>>+Node
7a5ac450dcd8       2         144 Microsoft.EntityFrameworkCore.Metadata.Internal.ClrICollectionAccessor<ForexExchange.Models.Currency, System.Collections.Generic.ICollection<ForexExchange.Models.ExchangeRate>, ForexExchange.Models.ExchangeRate>
7a5ac4179760       3         144 Microsoft.AspNetCore.Internal.AdaptiveCapacityDictionary<System.String, System.String>
7a5ac3f7d120       2         144 System.Threading.Tasks.Task<System.IO.Pipelines.FlushResult>
7a5ac57e5298       3         144 System.Collections.Concurrent.ConcurrentDictionary<System.Reflection.MemberInfo, System.Func<ForexExchange.Models.LoginViewModel, System.Object>>+Node
7a5ac5bb2c28       3         144 Microsoft.EntityFrameworkCore.ChangeTracking.Internal.SimplePrincipalKeyValueFactory<System.Int64>
7a5ac4725018       2         144 System.Threading.Tasks.Task<System.Threading.Tasks.Task>
7a5ac6304740       3         144 Microsoft.EntityFrameworkCore.Metadata.Internal.ClrPropertyGetter<ForexExchange.Models.CurrencyPoolHistory, ForexExchange.Models.CurrencyPoolHistory, System.Decimal>7a5ac5d847e0       3         144 Microsoft.AspNetCore.Mvc.ModelBinding.Binders.CollectionModelBinder<ForexExchange.Models.ExchangeRate>
7a5ac5e627e0       3         144 Microsoft.EntityFrameworkCore.Metadata.Internal.ClrPropertyGetter<ForexExchange.Models.AccountingDocument, ForexExchange.Models.AccountingDocument, System.Boolean>
7a5ac062ec60       2         144 System.IO.Strategies.BufferedFileStreamStrategy
7a5ac630dd80       3         144 Microsoft.EntityFrameworkCore.Update.Internal.SimpleRowKeyValueFactory<System.Int64>
7a5ac63174e8       3         144 Microsoft.EntityFrameworkCore.Metadata.Internal.ClrPropertyGetter<ForexExchange.Models.CurrencyPool, ForexExchange.Models.CurrencyPool, System.Decimal>
7a5ac631a638       3         144 Microsoft.EntityFrameworkCore.Metadata.Internal.ClrPropertyGetter<ForexExchange.Models.Currency, ForexExchange.Models.Currency, System.Int32>
7a5ac6344ac8       3         144 Microsoft.EntityFrameworkCore.Metadata.Internal.ClrPropertyGetter<ForexExchange.Models.BankAccountBalanceHistory, ForexExchange.Models.BankAccountBalanceHistory, System.Decimal>
7a5ac5d1e278       2         144 System.Threading.Tasks.Task<ForexExchange.Models.BankAccountBalance>
7a5ac6374ba8       3         144 Microsoft.EntityFrameworkCore.Metadata.Internal.ClrPropertyGetter<ForexExchange.Models.CustomerBalanceHistory, ForexExchange.Models.CustomerBalanceHistory, System.Decimal>
7a5ac64a6d10       2         144 Microsoft.EntityFrameworkCore.Metadata.Internal.ClrICollectionAccessor<ForexExchange.Models.Currency, System.Collections.Generic.ICollection<ForexExchange.Models.Order>, ForexExchange.Models.Order>
7a5ac5ba9458       2         144 System.Threading.Tasks.Task<System.Collections.Generic.List<ForexExchange.Models.CustomerBalanceHistory>>
7a5ac62bdee8       2         144 Microsoft.EntityFrameworkCore.Storage.RelationalTransaction
7a5ac224b650       3         144 Microsoft.Data.Sqlite.SqliteConnectionInternal
7a5ac223f288       3         144 SQLitePCL.sqlite3
7a5ac22613b8       6         144 SQLitePCL.CompareFuncName
7a5ac65ed360       3         144 Microsoft.EntityFrameworkCore.Metadata.Internal.ClrPropertyGetter<ForexExchange.Models.Order, ForexExchange.Models.Order, System.Decimal>
7a5ac68f6950       3         144 System.Net.Http.Headers.MediaTypeHeaderParser
7a5ac6ce0560       3         144 Microsoft.EntityFrameworkCore.Metadata.Internal.ClrPropertyGetter<ForexExchange.Models.PushSubscription, ForexExchange.Models.PushSubscription, System.Int32>
7a5ac525a600       6         144 Microsoft.AspNetCore.Internal.ReusableUtf8JsonWriter
7a5ac3122d40       3         144 System.Collections.Concurrent.ConcurrentDictionary<System.String, System.Lazy<Microsoft.Extensions.Http.ActiveHandlerTrackingEntry>>+Node
7a5ac4792720       2         144 System.Threading.Tasks.Task<System.Collections.Generic.IEnumerable<Microsoft.AspNetCore.Authorization.IAuthorizationHandler>>
7a5ac44e4628       2         144 Microsoft.AspNetCore.Mvc.Infrastructure.ResourceInvoker+ResourceExecutingContextSealed
7a5ac4546c60       1         144 Microsoft.AspNetCore.Mvc.Rendering.ViewContext
7a5ac454fa90       2         144 Microsoft.AspNetCore.Mvc.Razor.RazorPageBase+TagHelperScopeInfo[]
7a5ac5fbf198       1         144 System.Runtime.CompilerServices.AsyncTaskMethodBuilder<System.Threading.Tasks.VoidTaskResult>+AsyncStateMachineBox<Microsoft.AspNetCore.Mvc.ViewFeatures.ViewResultExecutor+<ExecuteAsync>d__7>
7a5ac524a2b0       2         144 Newtonsoft.Json.JsonPosition[]
7a5ac7451ba8       6         144 System.Diagnostics.Tracing.PropertyValue+ReferenceTypeHelper<System.Diagnostics.Tracing.CounterPayload>+<>c__DisplayClass1_1
7a5ac0c53320       1         152 System.Text.RegularExpressions.CompiledRegexRunner
7a5ac22648a0       1         152 System.Runtime.CompilerServices.ConditionalWeakTable<System.Transactions.ContextKey, System.Transactions.ContextData>+Entry[]
7a5ac3a6d040       1         152 System.Decimal+DecCalc+PowerOvfl[]
7a5ac57c5be8       1         152 Microsoft.CSharp.RuntimeBinder.Semantics.ExpressionBinder+UnaOpSig[]
7a5ac5f166c8       1         152 System.Runtime.CompilerServices.ConditionalWeakTable<System.Reflection.Assembly, System.Reflection.Metadata.MetadataReaderProvider>+Entry[]
7a5ac6e6b8e8       5         152 System.Func<System.Runtime.CompilerServices.CallSite, System.String, System.Object, System.Object>[]
7a5ac6e75808       5         152 System.Func<System.Runtime.CompilerServices.CallSite, System.Type, System.Int32, System.Object, System.Object>[]
7a5ac65506f0       5         152 System.Func<System.Runtime.CompilerServices.CallSite, System.Object, System.Collections.Generic.IEnumerable<Microsoft.AspNetCore.Mvc.Rendering.SelectListItem>>[]
7a5ac6558a78       5         152 System.Func<System.Runtime.CompilerServices.CallSite, System.Type, System.Object, System.Object>[]
7a5ac358a5c8       1         152 System.Runtime.CompilerServices.ConditionalWeakTable<System.Text.Json.JsonSerializerOptions, System.Object>+Entry[]
7a5ac5fbdf88       1         152 System.Runtime.CompilerServices.AsyncTaskMethodBuilder<System.Threading.Tasks.VoidTaskResult>+AsyncStateMachineBox<Microsoft.AspNetCore.Mvc.ViewFeatures.Buffers.ViewBuffer+<WriteToAsync>d__23>
7a5ac5fbee08       1         152 System.Runtime.CompilerServices.AsyncTaskMethodBuilder<System.Threading.Tasks.VoidTaskResult>+AsyncStateMachineBox<Microsoft.AspNetCore.Mvc.ViewFeatures.ViewExecutor+<ExecuteAsync>d__21>
7a5abd9a2b58       2         160 System.Collections.Generic.Dictionary<System.String, System.IntPtr>
7a5abdedee78       2         160 System.Collections.Generic.Dictionary<System.Int32, System.IO.FileSystemWatcher+RunningInstance+WatchedDirectory>
7a5abe3be7a0       5         160 Microsoft.AspNetCore.Hosting.WebHostBuilderBase+<>c__DisplayClass6_0
7a5abee63500       5         160 System.Collections.Generic.List<Microsoft.AspNetCore.Routing.EndpointDataSource>
7a5ac022b6f0       5         160 Microsoft.Extensions.Options.ConfigureNamedOptions<Microsoft.AspNetCore.Authentication.AuthenticationOptions>
7a5ac02301d8       4         160 Microsoft.AspNetCore.Authentication.AuthenticationBuilder+<>c__DisplayClass4_0<Microsoft.AspNetCore.Authentication.Cookies.CookieAuthenticationOptions, Microsoft.AspNetCore.Authentication.Cookies.CookieAuthenticationHandler>
7a5ac0230330       5         160 Microsoft.Extensions.Options.ConfigureNamedOptions<Microsoft.AspNetCore.Authentication.Cookies.CookieAuthenticationOptions>
7a5ac026de48       2         160 System.Collections.Generic.Dictionary<System.String, System.Type>
7a5ac0604808       2         160 System.Collections.Generic.Dictionary<Microsoft.Extensions.DependencyInjection.ServiceLookup.ServiceIdentifier, Microsoft.Extensions.DependencyInjection.ServiceLookup.CallSiteFactory+ServiceDescriptorCacheItem>
7a5ac5bae3f8       5         160 System.Linq.Expressions.Expression1<System.Func<ForexExchange.Models.CustomerBalanceHistory, System.Boolean>>
7a5ac0d5e728       5         160 System.Collections.Generic.List<Microsoft.Extensions.Diagnostics.Metrics.FactoryMeter>
7a5ac0df34c8       1         160 Microsoft.AspNetCore.Server.Kestrel.Core.KestrelServerLimits
7a5ac0e49df0       5         160 Microsoft.EntityFrameworkCore.Infrastructure.IDbContextOptionsConfiguration<ForexExchange.Models.ForexDbContext>[]
7a5ac12829b0       2         160 System.Collections.Generic.Dictionary<System.Type, Microsoft.EntityFrameworkCore.Infrastructure.ServiceCharacteristics>
7a5ac16126a0       4         160 System.Threading.LowLevelLock
7a5ac119a610       5         160 Microsoft.EntityFrameworkCore.Diagnostics.Internal.ScopedLoggerFactory
7a5ac13466a0       5         160 Microsoft.EntityFrameworkCore.Diagnostics.Internal.DbConnectionInterceptorAggregator
7a5ac1346bc8       5         160 Microsoft.EntityFrameworkCore.Diagnostics.Internal.DbTransactionInterceptorAggregator
7a5ac1347260       5         160 Microsoft.EntityFrameworkCore.Diagnostics.Internal.DbCommandInterceptorAggregator
7a5ac137d070       5         160 Microsoft.EntityFrameworkCore.Diagnostics.Internal.SaveChangesInterceptorAggregator
7a5ac137d4b8       5         160 Microsoft.EntityFrameworkCore.Diagnostics.Internal.IdentityResolutionInterceptorAggregator
7a5ac137d7d8       5         160 Microsoft.EntityFrameworkCore.Diagnostics.Internal.QueryExpressionInterceptorAggregator
7a5ac1377c48       5         160 Microsoft.EntityFrameworkCore.ChangeTracking.Internal.EntityGraphAttacher
7a5ac1342e10       5         160 Microsoft.EntityFrameworkCore.Storage.RelationalExecutionStrategyFactory
7a5ac13732d8       5         160 Microsoft.EntityFrameworkCore.Query.RelationalQueryContextDependencies
7a5ac13436b0       5         160 Microsoft.EntityFrameworkCore.Query.Internal.RelationalQueryContextFactory
7a5ac134dfe8       5         160 Microsoft.EntityFrameworkCore.Metadata.Conventions.Infrastructure.RelationalConventionSetBuilderDependencies
7a5ac1267400       5         160 Microsoft.EntityFrameworkCore.Metadata.Conventions.SqliteConventionSetBuilder
7a5ac1376be0       5         160 Microsoft.EntityFrameworkCore.Metadata.Conventions.Internal.RuntimeConventionSetBuilder
7a5ac16a9190       5         160 System.Collections.Generic.List<Microsoft.EntityFrameworkCore.Metadata.Conventions.Infrastructure.IConventionSetPlugin>
7a5ac1710018       2         160 System.Collections.Generic.Dictionary<System.Type, System.ValueTuple<Microsoft.EntityFrameworkCore.Metadata.ConfigurationSource, System.Collections.Generic.SortedSet<Microsoft.EntityFrameworkCore.Metadata.Internal.EntityType>>>
7a5abc2d8228       5         160 System.DateTimeOffset
7a5ac17894e0       2         160 System.Collections.Generic.Dictionary<System.Type, System.Collections.Generic.SortedSet<System.Type>>
7a5ac1830050       4         160 System.UInt16[]
7a5ac18500a8       2         160 System.Collections.Generic.Dictionary<System.Type, System.Collections.Generic.List<Microsoft.EntityFrameworkCore.Metadata.IConventionEntityType>>
7a5ac1ad1018       2         160 System.Collections.Generic.Dictionary<System.Reflection.Module, System.Reflection.NullabilityInfoContext+NotAnnotatedStatus>
7a5ac1abf210       2         160 System.Collections.Generic.Dictionary<System.Reflection.MemberInfo, System.Reflection.NullabilityState>
7a5ac1db21c0       2         160 Microsoft.EntityFrameworkCore.ChangeTracking.ValueComparer+DefaultValueComparer<System.DateTime>
7a5ac1dbb4d0       2         160 Microsoft.EntityFrameworkCore.ChangeTracking.ValueComparer<System.Byte[]>
7a5ac1e32ab0       2         160 Microsoft.EntityFrameworkCore.ChangeTracking.ValueComparer+DefaultValueComparer<System.Boolean>
7a5ac1da7f18       2         160 Microsoft.EntityFrameworkCore.ChangeTracking.ValueComparer+DefaultDateTimeOffsetValueComparer
7a5ac1e38db8       2         160 Microsoft.EntityFrameworkCore.ChangeTracking.ValueComparer+DefaultValueComparer<System.Int64>
7a5ac1e3b728       4         160 System.Linq.Expressions.Expression2<System.Func<System.Nullable<System.Decimal>, System.Nullable<System.Decimal>, System.Boolean>>
7a5ac1e56fe8       5         160 System.Collections.Concurrent.ConcurrentDictionary<System.String, System.String>
7a5ac1fc8928       2         160 System.Collections.Generic.Dictionary<System.Type, System.Collections.Generic.List<Microsoft.EntityFrameworkCore.Metadata.RuntimeEntityType>>
7a5ac1fc9748       2         160 System.Collections.Generic.Dictionary<System.String, Microsoft.EntityFrameworkCore.Metadata.RuntimeEntityType>
7a5ac1fc9e20       2         160 System.Collections.Generic.Dictionary<System.Type, Microsoft.EntityFrameworkCore.Metadata.RuntimeTypeMappingConfiguration>
7a5ac1fd9ee0       2         160 Microsoft.EntityFrameworkCore.ChangeTracking.ValueComparer<ForexExchange.Models.PayerType>
7a5ac1fe6d90       2         160 Microsoft.EntityFrameworkCore.ChangeTracking.ValueComparer<ForexExchange.Models.ReceiverType>
7a5ac1fe86c8       2         160 Microsoft.EntityFrameworkCore.ChangeTracking.ValueComparer<ForexExchange.Models.DocumentType>
7a5ac1feeac8       2         160 Microsoft.EntityFrameworkCore.ChangeTracking.ValueComparer<ForexExchange.Models.AdminActivityType>
7a5ac2010408       2         160 Microsoft.EntityFrameworkCore.ChangeTracking.ValueComparer<ForexExchange.Models.UserRole>
7a5ac2011d40       2         160 Microsoft.EntityFrameworkCore.ChangeTracking.ValueComparer<ForexExchange.Models.BankAccountTransactionType>
7a5ac2013678       2         160 Microsoft.EntityFrameworkCore.ChangeTracking.ValueComparer<ForexExchange.Models.PoolRiskLevel>
7a5ac2014fb0       2         160 Microsoft.EntityFrameworkCore.ChangeTracking.ValueComparer<ForexExchange.Models.CurrencyPoolTransactionType>
7a5ac20168e8       2         160 Microsoft.EntityFrameworkCore.ChangeTracking.ValueComparer<ForexExchange.Models.CustomerBalanceTransactionType>
7a5ac2018220       2         160 Microsoft.EntityFrameworkCore.ChangeTracking.ValueComparer<ForexExchange.Services.Notifications.NotificationPriority>
7a5ac2019b58       2         160 Microsoft.EntityFrameworkCore.ChangeTracking.ValueComparer<ForexExchange.Services.Notifications.NotificationEventType>
7a5ac201b9c8       2         160 Microsoft.EntityFrameworkCore.ChangeTracking.ValueComparer<ForexExchange.Models.ShareableLinkType>
7a5ac201d300       2         160 Microsoft.EntityFrameworkCore.ChangeTracking.ValueComparer<ForexExchange.Models.TaskStatus>
7a5ac1343a08       5         160 Microsoft.EntityFrameworkCore.Query.RelationalCompiledQueryCacheKeyGenerator
7a5ac1348478       5         160 Microsoft.EntityFrameworkCore.Query.Internal.RelationalQueryTranslationPreprocessorFactory
7a5ac1370828       5         160 Microsoft.EntityFrameworkCore.Query.RelationalMemberTranslatorProviderDependencies
7a5ac126c570       5         160 Microsoft.EntityFrameworkCore.Sqlite.Query.Internal.SqliteQueryableMethodTranslatingExpressionVisitorFactory
7a5ac1372128       5         160 Microsoft.EntityFrameworkCore.Query.RelationalQueryTranslationPostprocessorDependencies
7a5ac126ca80       5         160 Microsoft.EntityFrameworkCore.Sqlite.Query.Internal.SqliteQueryTranslationPostprocessorFactory
7a5ac1347a78       5         160 Microsoft.EntityFrameworkCore.Query.Internal.RelationalShapedQueryCompilingExpressionVisitorFactory
7a5ac20484d0       5         160 System.Collections.Generic.List<Microsoft.EntityFrameworkCore.Query.LiftableConstantProcessor+LiftedConstant>
7a5ac2048b00       5         160 Microsoft.EntityFrameworkCore.Query.LiftableConstantProcessor+LiftedExpressionProcessor
7a5ac126b5f8       5         160 Microsoft.EntityFrameworkCore.Sqlite.Query.Internal.SqliteQueryCompilationContextFactory
7a5ac1340ef8       5         160 Microsoft.EntityFrameworkCore.Update.Internal.BatchExecutor
7a5ac137c608       5         160 Microsoft.EntityFrameworkCore.Query.Internal.EntityQueryProvider
7a5ac20603e8       5         160 System.Collections.Generic.List<System.Action<Microsoft.EntityFrameworkCore.ChangeTracking.Internal.InternalEntityEntry, Microsoft.EntityFrameworkCore.EntityState>>
7a5ac1341338       5         160 Microsoft.EntityFrameworkCore.ValueGeneration.RelationalValueGeneratorSelector
7a5ac2064248       5         160 System.Collections.Generic.List<Microsoft.EntityFrameworkCore.Diagnostics.IInterceptor>
7a5ac0232718       5         160 Microsoft.AspNetCore.Identity.PasswordHasher<ForexExchange.Models.ApplicationUser>
7a5ac24e9678       5         160 System.Collections.Generic.List<Microsoft.AspNetCore.Identity.IUserValidator<ForexExchange.Models.ApplicationUser>>
7a5ac24e9b80       5         160 System.Collections.Generic.List<Microsoft.AspNetCore.Identity.IPasswordValidator<ForexExchange.Models.ApplicationUser>>
7a5ac0267658       4         160 Microsoft.AspNetCore.Identity.EntityFrameworkCore.RoleStore<Microsoft.AspNetCore.Identity.IdentityRole, ForexExchange.Models.ForexDbContext, System.String, Microsoft.AspNetCore.Identity.IdentityUserRole<System.String>, Microsoft.AspNetCore.Identity.IdentityRoleClaim<System.String>>
7a5ac3105890       5         160 System.Collections.Generic.List<ForexExchange.Services.Notifications.INotificationProvider>
7a5abd3bd5b8       5         160 ForexExchange.Services.Notifications.Providers.SmsNotificationProvider
7a5abd3b4248       5         160 ForexExchange.Services.EmailService
7a5abe38c1d8       5         160 System.Collections.Generic.List<System.Reflection.MethodInfo>
7a5ac33fb798       4         160 System.Reflection.CerHashtable<System.String, System.Reflection.RuntimeEventInfo[]>+Table
7a5ac36176a0       4         160 System.Action<Microsoft.AspNetCore.Builder.EndpointBuilder>[]
7a5ac36a4210       5         160 System.Collections.Generic.List<Newtonsoft.Json.JsonConverter>
7a5abf057b40       1         160 Microsoft.AspNetCore.Mvc.MvcOptions
7a5ac36bdb78       5         160 Microsoft.AspNetCore.Mvc.ModelBinding.Metadata.BindingSourceMetadataProvider
7a5abf280dd0       4         160 Microsoft.AspNetCore.Authorization.DefaultAuthorizationPolicyProvider
7a5ac3b1e690       4         160 Microsoft.AspNetCore.Routing.RouteEndpointDataSource+ThrowOnAddAfterEndpointBuiltConventionCollection
7a5ac3d2dc58       5         160 System.Collections.Generic.List<Microsoft.AspNetCore.Http.Endpoint>
7a5ac3d5e628       4         160 Microsoft.AspNetCore.Authentication.AuthenticationSchemeBuilder
7a5ac3d5d238       4         160 Microsoft.AspNetCore.Authentication.AuthenticationScheme
7a5ac3f9f740       1         160 System.Tuple<System.UInt64, System.UInt64, Microsoft.AspNetCore.Server.Kestrel.Core.Internal.Http.HttpMethod, System.Int32>[]
7a5ac40d32c8       2         160 Microsoft.AspNetCore.Routing.DataSourceDependentCache<Microsoft.AspNetCore.Routing.Matching.Matcher>
7a5ac3a83688       2         160 System.Collections.Generic.Dictionary<System.Reflection.MethodInfo, System.String>
7a5ac6bf4438       5         160 Microsoft.Win32.SafeHandles.SafeX509StackHandle
7a5ac4919a88       4         160 Microsoft.CSharp.RuntimeBinder.Semantics.ArrayType
7a5ac57c0128       5         160 System.Runtime.CompilerServices.RuleCache<System.Func<System.Runtime.CompilerServices.CallSite, System.Object, System.Boolean, System.Object>>
7a5ac58d92c0       5         160 System.Linq.Expressions.Expression1<System.Func<ForexExchange.Models.CustomerBalance, System.Boolean>>
7a5ac334c218       4         160 Microsoft.EntityFrameworkCore.Query.SqlExpressions.ScalarSubqueryExpression
7a5ac1bb3ff0       5         160 System.Linq.Expressions.Expression1<System.Func<ForexExchange.Models.Order, ForexExchange.Models.Customer>>
7a5ac1fa6228       2         160 System.Collections.Concurrent.ConcurrentDictionary<System.String, Microsoft.Extensions.FileProviders.Physical.PhysicalFilesWatcher+ChangeTokenInfo>+Enumerator
7a5ac6892f08       2         160 System.Text.Json.Serialization.Metadata.JsonParameterInfo<System.DateTime>
7a5ac6957f40       1         160 Org.BouncyCastle.Math.BigInteger[]
7a5ac4227488       5         160 System.Collections.Generic.List<System.Security.Claims.Claim>
7a5ac3a1faf8       5         160 System.Security.Claims.ClaimsPrincipal
7a5ac4227fd8       5         160 System.Collections.Generic.List<System.Security.Claims.ClaimsIdentity>
7a5ac44e5670       2         160 Microsoft.AspNetCore.Mvc.Infrastructure.ControllerActionInvoker+ActionExecutingContextSealed
7a5ac453d6e0       2         160 Microsoft.AspNetCore.Mvc.Infrastructure.ResourceInvoker+ResultExecutingContextSealed
7a5ac454ee88       2         160 System.Collections.Generic.Dictionary<System.String, Microsoft.AspNetCore.Mvc.Razor.RenderAsyncDelegate>
7a5ac57366b0       1         160 System.Runtime.CompilerServices.AsyncTaskMethodBuilder<System.IO.Pipelines.FlushResult>+AsyncStateMachineBox<Microsoft.AspNetCore.Server.Kestrel.Core.Internal.Infrastructure.PipeWriterHelpers.TimingPipeFlusher+<TimeFlushAsyncAwaited>d__9>
7a5ac5c00fb0       1         160 System.Runtime.CompilerServices.AsyncTaskMethodBuilder<System.Threading.Tasks.VoidTaskResult>+AsyncStateMachineBox<Microsoft.AspNetCore.Mvc.Infrastructure.ResourceInvoker+<<InvokeAsync>g__Logged|17_1>d>
7a5ac4683c48       1         160 System.Runtime.CompilerServices.AsyncTaskMethodBuilder<System.Threading.Tasks.VoidTaskResult>+AsyncStateMachineBox<Microsoft.AspNetCore.Authorization.AuthorizationMiddleware+<Invoke>d__11>
7a5ac462dac0       1         160 System.Runtime.CompilerServices.AsyncTaskMethodBuilder<System.Threading.Tasks.VoidTaskResult>+AsyncStateMachineBox<Microsoft.AspNetCore.Server.Kestrel.Core.Internal.HttpConnection+<ProcessRequestsAsync>d__12<Microsoft.AspNetCore.Hosting.HostingApplication+Context>>
7a5ac50f2b48       1         160 Newtonsoft.Json.JsonTextWriter
7a5ac745ae80       4         160 System.Diagnostics.Metrics.LabelInstruction[]
7a5abd9a0e50       3         168 System.Globalization.CompareInfo
7a5ac0d5f560       7         168 System.Diagnostics.Metrics.InstrumentAdvice<System.Double>
7a5ac0dd6d88       7         168 System.Collections.ObjectModel.ReadOnlyCollection<System.Double>
7a5ac1659db8       3         168 Microsoft.Extensions.Caching.Memory.MemoryCacheOptions
7a5ac165d728       3         168 System.Collections.Concurrent.ConcurrentDictionary<System.String, Microsoft.Extensions.Caching.Memory.CacheEntry>+Tables
7a5ac19e0ee0       3         168 System.Text.DecoderNLS
7a5ac1cb2978       3         168 Microsoft.EntityFrameworkCore.Diagnostics.EventDefinition<System.String, System.String, System.String>
7a5ac2267cf0       3         168 Microsoft.EntityFrameworkCore.Diagnostics.EventDefinition<System.String, System.String, System.Int32>
7a5ac22711e0       3         168 Microsoft.EntityFrameworkCore.Diagnostics.EventDefinition<System.String, System.Int32>
7a5ac3570738       3         168 Microsoft.EntityFrameworkCore.ChangeTracking.Internal.Snapshot<System.Int32, System.Object, System.Object, System.Object, System.Object>
7a5ac36a7bd8       3         168 System.Collections.Concurrent.ConcurrentDictionary<System.Type, Newtonsoft.Json.Serialization.JsonContract>+Tables
7a5ac165daa0       3         168 System.Collections.Concurrent.ConcurrentDictionary<System.Object, Microsoft.Extensions.Caching.Memory.CacheEntry>+Tables
7a5ac57e4bd8       3         168 System.Collections.Concurrent.ConcurrentDictionary<System.Reflection.MemberInfo, System.Func<System.Object, System.String>>+Tables
7a5ac3a3bd08       7         168 Microsoft.AspNetCore.Mvc.DataAnnotations.DataAnnotationsMetadataProvider+<>c__DisplayClass5_1
7a5ac479b738       3         168 Microsoft.AspNetCore.Mvc.ModelBinding.Binders.BodyModelBinder
7a5ac5fbbcd0       3         168 System.Collections.Concurrent.ConcurrentDictionary<System.Type, Microsoft.Extensions.Internal.PropertyHelper[]>+Tables
7a5ac6e6eaa0       5         168 System.Action<System.Runtime.CompilerServices.CallSite, AspNetCoreGeneratedDocument.Views_Orders_Index, System.String, System.Int32, System.Object, System.Int32, System.Int32, System.Boolean>[]
7a5ac6e4b098       3         168 System.Runtime.CompilerServices.CallSite<System.Action<System.Runtime.CompilerServices.CallSite, AspNetCoreGeneratedDocument.Views_Orders_Index, System.String, System.Int32, System.Object, System.Int32, System.Int32, System.Boolean>>
7a5ac6e4b2c0       3         168 System.Runtime.CompilerServices.CallSite<System.Func<System.Runtime.CompilerServices.CallSite, System.String, System.Object, System.Object>>
7a5ac3fc90f8       7         168 Microsoft.AspNetCore.Hosting.HttpActivityFeature
7a5ac22622f8       3         168 System.Collections.Concurrent.ConcurrentDictionary<System.Byte[], System.IDisposable>+Tables
7a5ac6537a48       3         168 System.Runtime.CompilerServices.CallSite<System.Func<System.Runtime.CompilerServices.CallSite, System.Object, System.Collections.Generic.IEnumerable<Microsoft.AspNetCore.Mvc.Rendering.SelectListItem>>>
7a5ac6972cb0       7         168 Org.BouncyCastle.Math.Field.PrimeField
7a5ac6ca1a88       3         168 System.Security.Cryptography.X509Certificates.OpenSslCachedDirectoryStoreProvider
7a5abf05f350       3         168 Microsoft.AspNetCore.Authentication.AuthenticationService
7a5ac0233708       3         168 Microsoft.AspNetCore.Identity.SecurityStampValidator<ForexExchange.Models.ApplicationUser>
7a5ac62c9f08       3         168 System.Linq.Grouping<System.String, System.ValueTuple<System.String, System.DateTime, System.String, System.Nullable<System.Int32>, System.Decimal, System.String, System.String>>
7a5ac4685500       1         168 System.Runtime.CompilerServices.AsyncTaskMethodBuilder<System.Threading.Tasks.VoidTaskResult>+AsyncStateMachineBox<Microsoft.AspNetCore.Authentication.AuthenticationMiddleware+<Invoke>d__6>
7a5ac462e580       1         168 System.Runtime.CompilerServices.AsyncTaskMethodBuilder<System.Threading.Tasks.VoidTaskResult>+AsyncStateMachineBox<Microsoft.AspNetCore.Server.Kestrel.Core.Internal.Infrastructure.KestrelConnection<Microsoft.AspNetCore.Connections.ConnectionContext>+<ExecuteAsync>d__8>
7a5ac7457c20       7         168 System.Diagnostics.Tracing.PropertyValue+ReferenceTypeHelper<System.Diagnostics.Tracing.IncrementingCounterPayload>+<>c__DisplayClass1_1
7a5abd664790       2         176 Microsoft.Extensions.Configuration.IConfigurationSource[]
7a5abdedc490       2         176 System.IO.FileSystemWatcher+RunningInstance
7a5abea40c30       2         176 System.Diagnostics.Metrics.Meter[]
7a5ac0599958       2         176 Microsoft.Extensions.DependencyInjection.ServiceLookup.ServiceProviderCallSite
7a5ac0af4ed0       2         176 System.Text.RegularExpressions.Regex
7a5ac1614a30       1         176 System.Threading.LowLevelLifoSemaphore
7a5ac186a870       2         176 Microsoft.EntityFrameworkCore.Storage.ValueConversion.EnumToNumberConverter<ForexExchange.Models.PayerType, System.Int32>
7a5ac186f6f8       2         176 Microsoft.EntityFrameworkCore.Storage.ValueConversion.EnumToNumberConverter<ForexExchange.Models.ReceiverType, System.Int32>
7a5ac1900d40       2         176 Microsoft.EntityFrameworkCore.Storage.ValueConversion.EnumToNumberConverter<ForexExchange.Models.DocumentType, System.Int32>
7a5ac198fd28       2         176 Microsoft.EntityFrameworkCore.Storage.ValueConversion.EnumToNumberConverter<ForexExchange.Models.AdminActivityType, System.Int32>
7a5ac1991458       2         176 Microsoft.EntityFrameworkCore.Storage.ValueConversion.EnumToNumberConverter<ForexExchange.Models.BankAccountTransactionType, System.Int32>
7a5ac19f5990       2         176 Microsoft.EntityFrameworkCore.Storage.ValueConversion.EnumToNumberConverter<ForexExchange.Models.CurrencyPoolTransactionType, System.Int32>
7a5ac19f6fb0       2         176 Microsoft.EntityFrameworkCore.Storage.ValueConversion.EnumToNumberConverter<ForexExchange.Models.PoolRiskLevel, System.Int32>
7a5ac19f8ad8       2         176 Microsoft.EntityFrameworkCore.Storage.ValueConversion.EnumToNumberConverter<ForexExchange.Models.CustomerBalanceTransactionType, System.Int32>
7a5ac19fa0f8       2         176 Microsoft.EntityFrameworkCore.Storage.ValueConversion.EnumToNumberConverter<ForexExchange.Services.Notifications.NotificationPriority, System.Int32>
7a5ac19fb718       2         176 Microsoft.EntityFrameworkCore.Storage.ValueConversion.EnumToNumberConverter<ForexExchange.Services.Notifications.NotificationEventType, System.Int32>
7a5ac19fdcc0       2         176 Microsoft.EntityFrameworkCore.Storage.ValueConversion.EnumToNumberConverter<ForexExchange.Models.ShareableLinkType, System.Int32>
7a5ac1a114a8       2         176 Microsoft.EntityFrameworkCore.Storage.ValueConversion.EnumToNumberConverter<ForexExchange.Models.TaskStatus, System.Int32>
7a5ac1a13768       2         176 Microsoft.EntityFrameworkCore.Storage.ValueConversion.EnumToNumberConverter<ForexExchange.Models.UserRole, System.Int32>
7a5ac1e37008       2         176 Microsoft.EntityFrameworkCore.ChangeTracking.Internal.NullableValueComparer<System.DateTimeOffset>
7a5ac134db78       2         176 Microsoft.EntityFrameworkCore.Migrations.MigrationsSqlGeneratorDependencies
7a5ac134f048       2         176 Microsoft.EntityFrameworkCore.Storage.RelationalDatabaseCreatorDependencies
7a5ac36b1b38       3         176 Microsoft.AspNetCore.Mvc.ModelBinding.IValueProviderFactory[]
7a5ac50fe328       1         176 Newtonsoft.Json.Utilities.TypeInformation[]
7a5ac7412028       2         176 System.Diagnostics.Tracing.EventCommandEventArgs
7a5ac5280720       2         176 Microsoft.AspNetCore.Http.Features.HttpRequestFeature
7a5ac455e1b8       2         176 Microsoft.AspNetCore.Mvc.ViewFeatures.HtmlHelper<System.Object>
7a5ac5fbe338       1         176 System.Runtime.CompilerServices.AsyncTaskMethodBuilder<System.Threading.Tasks.VoidTaskResult>+AsyncStateMachineBox<Microsoft.AspNetCore.Mvc.Razor.RazorView+<RenderLayoutAsync>d__22>
7a5ac5fbea78       1         176 System.Runtime.CompilerServices.AsyncTaskMethodBuilder<System.Threading.Tasks.VoidTaskResult>+AsyncStateMachineBox<Microsoft.AspNetCore.Mvc.ViewFeatures.ViewExecutor+<ExecuteAsync>d__22>
7a5ac44e4418       2         176 Microsoft.AspNetCore.Mvc.Infrastructure.ResourceInvoker+ResourceExecutedContextSealed
7a5ac7445578       1         176 System.Diagnostics.Metrics.AggregationManager
7a5ac744ec40       2         176 System.Diagnostics.Tracing.TraceLoggingEventTypes
7a5abc189dc8       1         184 System.Diagnostics.Tracing.NativeRuntimeEventSource
7a5abdf669c8       1         184 System.Buffers.ArrayPoolEventSource
7a5abe8c5570       1         184 System.Net.NetEventSource
7a5ac0c8ed68       1         184 System.Diagnostics.Tracing.FrameworkEventSource
7a5ac138f6d8       1         184 System.Collections.Concurrent.CDSCollectionETWBCLProvider
7a5ac16a82d0       1         184 System.Data.DataCommonEventSource
7a5ac2263e98       1         184 System.Transactions.TransactionsEtwProvider
7a5ac312a840       1         184 System.Net.NetEventSource
7a5ac34e9c70       1         184 System.DateTimeParse+DS[][]
7a5ac3e06668       1         184 System.Net.NetEventSource
7a5ac57c5aa8       1         184 Microsoft.CSharp.RuntimeBinder.Semantics.ExpressionBinder+BinOpSig[]
7a5ac6bd82b8       1         184 System.Net.NetEventSource
7a5ac6bf2328       1         184 System.Security.Cryptography.X509Certificates.OpenSslX509ChainEventSource
7a5abc188240       1         192 System.Collections.Generic.Dictionary<System.Char, System.String>+Entry[]
7a5abd9a3db0       2         192 System.Collections.Generic.Dictionary<System.String, System.IntPtr>+Entry[]
7a5abda2c0c8       8         192 Microsoft.Extensions.DependencyInjection.OptionsBuilderExtensions+<>c__DisplayClass0_0<Microsoft.Extensions.DependencyInjection.MetricsServiceExtensions+NoOpOptions>7a5abd9aafb0       2         192 Microsoft.Extensions.FileProviders.Physical.PhysicalFilesWatcher
7a5ac5d149b0       3         192 System.Func<ForexExchange.Models.Customer, System.Int32>
7a5abe387fd8       3         192 System.Reflection.MemberFilter
7a5abea41020       1         192 System.Diagnostics.Metrics.MetricsEventSource
7a5abee638a8       3         192 System.Func<System.IServiceProvider, System.Object>
7a5ac0239bb8       6         192 Microsoft.Extensions.Options.ConfigureNamedOptions<Microsoft.AspNetCore.Identity.IdentityOptions>
7a5ac06087c8       1         192 Microsoft.Extensions.DependencyInjection.DependencyInjectionEventSource
7a5ac0ca8550       1         192 System.Threading.Tasks.TplEventSource
7a5ac0228f30       6         192 Microsoft.EntityFrameworkCore.DbContextOptions<ForexExchange.Models.ForexDbContext>
7a5ac13b2a38       3         192 System.Func<System.Reflection.PropertyInfo, System.String>
7a5ac16526d0       1         192 System.Collections.Generic.Dictionary<System.String, Microsoft.EntityFrameworkCore.Storage.RelationalTypeMapping>+Entry[]
7a5ac1659718       6         192 Microsoft.EntityFrameworkCore.Infrastructure.IndentedStringBuilder
7a5ac16a0ca8       4         192 System.WeakReference<Microsoft.Data.Sqlite.SqliteCommand>[]
7a5ac190e9b0       3         192 System.Func<Microsoft.EntityFrameworkCore.Metadata.Internal.Property, System.Boolean>
7a5ac195aa38       3         192 System.Func<System.ValueTuple<Microsoft.EntityFrameworkCore.Metadata.Internal.InternalForeignKeyBuilder, System.Boolean, Microsoft.EntityFrameworkCore.Metadata.Internal.InternalForeignKeyBuilder+Resolution, System.Boolean>, System.Boolean>
7a5ac1947870       4         192 System.Collections.Immutable.ImmutableSortedDictionary<System.Reflection.MemberInfo, System.Type>
7a5ac1ad84f0       3         192 System.Func<Microsoft.EntityFrameworkCore.Metadata.IConventionEntityType, System.Collections.Generic.IEnumerable<Microsoft.EntityFrameworkCore.Metadata.IConventionIndex>>
7a5ac1b33358       3         192 System.Func<Microsoft.EntityFrameworkCore.Metadata.IConventionSkipNavigation, System.Boolean>
7a5ac1b4fe38       1         192 System.Collections.Generic.Dictionary<System.String, Microsoft.AspNetCore.Identity.TokenProviderDescriptor>+Entry[]
7a5ac1951f68       3         192 System.Func<System.Reflection.MemberInfo, System.Boolean>
7a5ac1cb66d0       3         192 System.Func<Microsoft.Extensions.Logging.LogLevel, System.Action<Microsoft.Extensions.Logging.ILogger, System.String, System.String, System.String, System.Exception>>
7a5ac1cb65c8       3         192 System.Action<Microsoft.Extensions.Logging.ILogger, System.String, System.String, System.String, System.Exception>
7a5ac1d59d20       3         192 System.Func<Microsoft.EntityFrameworkCore.Metadata.IProperty, System.Boolean>
7a5ac1d77878       3         192 System.Func<Microsoft.EntityFrameworkCore.Metadata.IPropertyBase, System.Boolean>
7a5ac1da2370       3         192 System.Func<Microsoft.EntityFrameworkCore.Storage.CoreTypeMapping, Microsoft.EntityFrameworkCore.ChangeTracking.ValueComparer>
7a5ac1dafcd0       6         192 System.Linq.Expressions.Expression1<System.Func<System.Decimal, System.Int32>>
7a5ac1daff48       6         192 System.Linq.Expressions.Expression1<System.Func<System.Decimal, System.Decimal>>
7a5ac1e34048       6         192 Microsoft.EntityFrameworkCore.ChangeTracking.EntryCurrentValueComparer<System.Nullable<System.Int32>>
7a5ac1e382d8       6         192 Microsoft.EntityFrameworkCore.ChangeTracking.EntryCurrentValueComparer<System.Int64>
7a5ac1e73e70       2         192 System.TimeZoneInfo
7a5ac1ea69d8       4         192 System.Text.EncoderNLS
7a5ac1d1fee8       3         192 System.Func<Microsoft.EntityFrameworkCore.Metadata.IRelationalModel>
7a5ac2248760       4         192 Microsoft.Extensions.Logging.LoggerMessage+<>c__DisplayClass10_0<System.Int32>
7a5ac2268208       3         192 System.Func<Microsoft.Extensions.Logging.LogLevel, System.Action<Microsoft.Extensions.Logging.ILogger, System.String, System.String, System.Int32, System.Exception>>7a5ac2268100       3         192 System.Action<Microsoft.Extensions.Logging.ILogger, System.String, System.String, System.Int32, System.Exception>
7a5ac22719f0       3         192 System.Func<Microsoft.Extensions.Logging.LogLevel, System.Action<Microsoft.Extensions.Logging.ILogger, System.String, System.Int32, System.Exception>>
7a5ac22718f0       3         192 System.Action<Microsoft.Extensions.Logging.ILogger, System.String, System.Int32, System.Exception>
7a5ac27ae3d8       3         192 System.Action<Microsoft.Extensions.Logging.ILogger, System.Xml.Linq.XElement, System.Exception>
7a5ac27af038       3         192 System.Action<Microsoft.Extensions.Logging.ILogger, Microsoft.Win32.RegistryKey, System.String, System.Exception>
7a5ac33f9320       3         192 System.Func<System.Type, System.Reflection.MethodInfo>
7a5ac34702f8       3         192 System.Func<Microsoft.EntityFrameworkCore.Metadata.RuntimeKey, Microsoft.EntityFrameworkCore.ChangeTracking.IPrincipalKeyValueFactory>
7a5ac347be10       3         192 Microsoft.EntityFrameworkCore.ChangeTracking.Internal.NullableKeyIdentityMap<System.String>
7a5abc2d9ca8       4         192 Microsoft.AspNetCore.Identity.IdentityRole
7a5ac34bca50       3         192 System.Func<Microsoft.EntityFrameworkCore.Metadata.RuntimeEntityType, System.Func<Microsoft.EntityFrameworkCore.ChangeTracking.Internal.InternalEntityEntry, Microsoft.EntityFrameworkCore.ChangeTracking.Internal.ISnapshot>>
7a5ac34d78b8       4         192 Microsoft.EntityFrameworkCore.ChangeTracking.Internal.Snapshot<System.String, System.String, System.String, System.String>
7a5ac34e2e28       3         192 System.Func<Microsoft.EntityFrameworkCore.Query.QueryContext, System.Threading.Tasks.Task<ForexExchange.Models.ApplicationUser>>
7a5ac353d028       3         192 System.Func<Microsoft.EntityFrameworkCore.Query.QueryContext, System.Threading.Tasks.Task<ForexExchange.Models.Customer>>
7a5ac3617110       6         192 System.Collections.Generic.List<System.Action<Microsoft.AspNetCore.Builder.EndpointBuilder>>
7a5ac36a54a8       3         192 System.Func<System.Type, Newtonsoft.Json.Serialization.JsonContract>
7a5ac3a87b08       3         192 System.Func<Microsoft.AspNetCore.Mvc.Filters.IFilterMetadata, Microsoft.AspNetCore.Mvc.Filters.FilterDescriptor>
7a5ac3afe830       3         192 Microsoft.Extensions.Internal.ObjectMethodExecutor+MethodExecutor
7a5ac3aff168       3         192 Microsoft.Extensions.Internal.ObjectMethodExecutor+MethodExecutorAsync
7a5ac3cb0e68       3         192 System.Collections.Generic.HashSet<System.Runtime.InteropServices.PosixSignalRegistration+Token>
7a5ac3d5f600       1         192 System.Collections.Generic.Dictionary<System.String, Microsoft.AspNetCore.Authentication.AuthenticationSchemeBuilder>+Entry[]
7a5ac3d5fbd8       1         192 System.Collections.Generic.Dictionary<System.String, Microsoft.AspNetCore.Authentication.AuthenticationScheme>+Entry[]
7a5ac0d5fc18       1         192 System.Collections.Generic.Dictionary<System.String, System.Collections.Generic.List<Microsoft.Extensions.Diagnostics.Metrics.FactoryMeter>>+Entry[]
7a5ac3e38b18       3         192 System.Action<System.Object, System.Threading.CancellationToken>
7a5ac3fb8ab8       3         192 System.Buffers.SpanAction<System.Char, System.ReadOnlySpan<System.Byte>>
7a5ac3fc56b8       8         192 Microsoft.AspNetCore.Http.HttpContextAccessor+HttpContextHolder
7a5ac3fcb9d0       3         192 System.Func<System.Object, System.Exception, System.String>
7a5abcdbe310       1         192 Microsoft.AspNetCore.Authentication.Cookies.CookieAuthenticationOptions
7a5ac161f140       3         192 System.Func<Microsoft.EntityFrameworkCore.ChangeTracking.Internal.IStateManager, Microsoft.EntityFrameworkCore.Internal.IDbSetSource, Microsoft.EntityFrameworkCore.Internal.IDbSetCache, Microsoft.EntityFrameworkCore.Metadata.IEntityType, Microsoft.EntityFrameworkCore.Internal.IEntityFinder>
7a5ac449da18       3         192 System.Linq.Expressions.MethodCallExpression5
7a5ac41703a0       2         192 Microsoft.AspNetCore.Http.CookieBuilder
7a5ac44e0138       4         192 Microsoft.Extensions.Logging.LoggerMessage+<>c__DisplayClass12_0<System.String, System.Double>
7a5ac44e9850       3         192 System.Func<System.Reflection.ParameterInfo, System.Boolean>
7a5ac45e99e0       3         192 System.Action<Microsoft.AspNetCore.Mvc.Razor.TagHelpers.UrlResolutionTagHelper, Microsoft.AspNetCore.Mvc.Rendering.ViewContext>
7a5ac45ef508       6         192 Microsoft.AspNetCore.Mvc.TagHelpers.ModeAttributes<Microsoft.AspNetCore.Mvc.TagHelpers.LinkTagHelper+Mode>
7a5ac4604608       6         192 Microsoft.AspNetCore.Mvc.TagHelpers.ModeAttributes<Microsoft.AspNetCore.Mvc.TagHelpers.ScriptTagHelper+Mode>
7a5ac5f99f28       3         192 System.Func<Microsoft.EntityFrameworkCore.Query.QueryContext, System.Threading.Tasks.Task<ForexExchange.Models.AccountingDocument>>
7a5ac6271738       4         192 Microsoft.EntityFrameworkCore.Metadata.Internal.ClrPropertyGetter<ForexExchange.Models.Customer, ForexExchange.Models.Customer, System.Boolean>
7a5ac47aa608       3         192 System.Func<System.Runtime.CompilerServices.CallSite, System.Object, System.Collections.Generic.List<<>f__AnonymousType35<System.Int32, System.String, System.String>>, System.Object>
7a5ac4931490       6         192 System.Linq.Expressions.Expression1<System.Func<ForexExchange.Models.Currency, System.Boolean>>
7a5ac4955548       3         192 System.Func<System.Runtime.CompilerServices.CallSite, System.Object, System.Int64, System.Object>
7a5ac495a140       3         192 System.Func<System.Runtime.CompilerServices.CallSite, System.Object, System.String>
7a5ac495a360       3         192 System.Action<System.Runtime.CompilerServices.CallSite, AspNetCoreGeneratedDocument.Views_ExchangeRates_Manage, System.Object>
7a5ac50d51a8       3         192 System.Action<ForexExchange.Models.Currency, System.Collections.Generic.ICollection<ForexExchange.Models.CurrencyPool>>
7a5ac1bb8bb0       3         192 System.Func<ForexExchange.Models.CurrencyPool, ForexExchange.Models.Currency>
7a5ac50f6f40       2         192 System.UInt64[]
7a5ac5d15b88       3         192 System.Func<ForexExchange.Models.Customer, System.Collections.Generic.ICollection<ForexExchange.Models.BankAccount>>
7a5ac5d15868       3         192 System.Func<ForexExchange.Models.Customer, System.Collections.Generic.ICollection<ForexExchange.Models.Notification>>
7a5ac493c518       3         192 Microsoft.CSharp.RuntimeBinder.CSharpUnaryOperationBinder
7a5ac57e04a0       3         192 System.Func<ForexExchange.Models.LoginViewModel, System.Object>
7a5ac1dae3f8       3         192 System.Func<System.Decimal, System.Decimal, System.Boolean>
7a5ac5d151f8       3         192 System.Func<ForexExchange.Models.Customer, System.DateTime>
7a5ac33a9cc0       3         192 System.Func<Microsoft.EntityFrameworkCore.ChangeTracking.ValueComparer, System.Func<System.Object, System.Object, System.Boolean>>
7a5ac33a9f30       3         192 System.Func<Microsoft.EntityFrameworkCore.ChangeTracking.ValueComparer, System.Linq.Expressions.LambdaExpression>
7a5ac33a9bc8       3         192 System.Func<System.Object, System.Object, System.Boolean>
7a5ac5bb0328       3         192 System.Func<Microsoft.EntityFrameworkCore.Query.QueryContext, System.Collections.Generic.IAsyncEnumerable<ForexExchange.Models.CustomerBalanceHistory>>
7a5ac5c5ca90       3         192 System.Action<ForexExchange.Models.AccountingDocument, System.Int32>
7a5ac5c50048       3         192 System.Func<ForexExchange.Models.AccountingDocument, ForexExchange.Models.DocumentType>
7a5ac5c50538       3         192 System.Func<ForexExchange.Models.AccountingDocument, ForexExchange.Models.PayerType>
7a5ac5c509a0       3         192 System.Func<ForexExchange.Models.AccountingDocument, ForexExchange.Models.ReceiverType>
7a5ac1bd8c60       3         192 System.Func<ForexExchange.Models.AccountingDocument, System.Decimal>
7a5ac5c5ef38       3         192 System.Action<ForexExchange.Models.AccountingDocument, System.Boolean>
7a5ac5c5f760       3         192 System.Func<ForexExchange.Models.AccountingDocument, System.Byte[]>
7a5ac5ce92a0       3         192 System.Func<System.IO.Stream, System.Text.Encoding, System.IO.TextReader>
7a5ac5d156d8       3         192 System.Action<ForexExchange.Models.Customer, System.Collections.Generic.ICollection<ForexExchange.Models.Order>>
7a5ac5d15f48       3         192 System.Action<ForexExchange.Models.Customer, System.Collections.Generic.ICollection<ForexExchange.Models.CustomerBalance>>
7a5ac1bbc0f8       3         192 System.Func<ForexExchange.Models.CustomerBalance, ForexExchange.Models.Customer>
7a5ac5d6f000       3         192 System.Action<ForexExchange.Models.Order, System.Decimal>
7a5ac5d6f1d0       3         192 System.Func<ForexExchange.Models.Order, System.DateTime>
7a5ac1bb2c98       3         192 System.Func<ForexExchange.Models.Order, ForexExchange.Models.Customer>
7a5ac479a2b8       8         192 Microsoft.AspNetCore.Mvc.ModelBinding.PlaceholderBinder
7a5ac5d831b0       3         192 System.Func<ForexExchange.Models.CustomerBalance, System.DateTime>
7a5ac5d6ea88       4         192 Microsoft.AspNetCore.Mvc.ModelBinding.Binders.CollectionModelBinder<ForexExchange.Models.Order>
7a5ac5d83910       3         192 System.Action<ForexExchange.Models.Currency, System.Int32>
7a5ac5d83ee0       3         192 System.Func<ForexExchange.Models.Currency, System.DateTime>
7a5ac5d84928       3         192 System.Func<ForexExchange.Models.ExchangeRate, System.Int32>
7a5ac5d84ab8       3         192 System.Action<ForexExchange.Models.ExchangeRate, System.Int32>
7a5ac1bbdca8       3         192 System.Func<ForexExchange.Models.ExchangeRate, System.Decimal>
7a5ac5d84e28       3         192 System.Action<ForexExchange.Models.ExchangeRate, System.Decimal>
7a5ac5d86430       3         192 System.Action<ForexExchange.Models.CurrencyPool, System.Decimal>
7a5ac5d865f0       3         192 System.Func<ForexExchange.Models.CurrencyPool, System.DateTime>
7a5ac5d86900       3         192 System.Func<ForexExchange.Models.CurrencyPool, ForexExchange.Models.PoolRiskLevel>
7a5ac5dd7a68       4         192 Microsoft.EntityFrameworkCore.Metadata.Internal.ClrPropertyGetter<ForexExchange.Models.AccountingDocument, ForexExchange.Models.AccountingDocument, System.Nullable<System.Int32>>
7a5ac6316e28       4         192 Microsoft.EntityFrameworkCore.Metadata.Internal.ClrPropertyGetter<ForexExchange.Models.CurrencyPool, ForexExchange.Models.CurrencyPool, System.Int32>
7a5ac631acf8       4         192 Microsoft.EntityFrameworkCore.Metadata.Internal.ClrPropertyGetter<ForexExchange.Models.Currency, ForexExchange.Models.Currency, System.String>
7a5ac6e4b1c0       3         192 System.Func<System.Runtime.CompilerServices.CallSite, System.String, System.Object, System.Object>
7a5ac6347850       4         192 Microsoft.EntityFrameworkCore.Metadata.Internal.ClrPropertyGetter<ForexExchange.Models.BankAccountBalanceHistory, ForexExchange.Models.BankAccountBalanceHistory, System.String>
7a5ac64a4f68       3         192 System.Func<System.Collections.Generic.ICollection<ForexExchange.Models.Order>>
7a5ac2260860       3         192 System.Func<System.IntPtr, System.IntPtr, System.Int32, System.Boolean>
7a5ac2261778       6         192 System.Collections.Concurrent.ConcurrentDictionary<SQLitePCL.FuncName, System.IDisposable>
7a5ac1e58ec8       6         192 Serilog.Events.StructureValue
7a5ac6e09878       3         192 System.Func<System.Runtime.CompilerServices.CallSite, System.Object, System.Collections.Generic.List<ForexExchange.Models.Currency>, System.Object>
7a5ac6e09b30       3         192 System.Func<System.Runtime.CompilerServices.CallSite, System.Object, System.Collections.Generic.List<ForexExchange.Models.Customer>, System.Object>
7a5ac6e164e0       6         192 System.Runtime.CompilerServices.RuleCache<System.Func<System.Runtime.CompilerServices.CallSite, System.Int32, System.Object, System.Object>>
7a5ac62c11e8       6         192 Microsoft.EntityFrameworkCore.Query.Internal.EntityQueryable<ForexExchange.Models.Order>
7a5ac6516700       3         192 System.Func<System.Runtime.CompilerServices.CallSite, System.Object, System.Collections.Generic.Dictionary<System.Int32, <>f__AnonymousType43<System.String, System.String, System.Int32>>, System.Object>
7a5ac65171e8       3         192 System.Func<System.Runtime.CompilerServices.CallSite, System.Object, System.Collections.Generic.Dictionary<System.String, System.Decimal>, System.Object>
7a5ac6537950       3         192 System.Func<System.Runtime.CompilerServices.CallSite, System.Object, System.Collections.Generic.IEnumerable<Microsoft.AspNetCore.Mvc.Rendering.SelectListItem>>
7a5ac65577b8       3         192 System.Action<System.Runtime.CompilerServices.CallSite, AspNetCoreGeneratedDocument.Views_Orders_Create, System.Object>
7a5ac65579d8       3         192 System.Func<System.Runtime.CompilerServices.CallSite, Microsoft.AspNetCore.Mvc.Rendering.IHtmlHelper<ForexExchange.Models.Order>, System.Object, System.Object>
7a5ac65c2448       3         192 System.Func<ForexExchange.Services.OrderFormDataDto, System.Int32>
7a5ac65c25d8       3         192 System.Action<ForexExchange.Services.OrderFormDataDto, System.Int32>
7a5ac65c27a8       3         192 System.Func<ForexExchange.Services.OrderFormDataDto, System.Decimal>
7a5ac65c2938       3         192 System.Action<ForexExchange.Services.OrderFormDataDto, System.Decimal>
7a5ac65e3eb8       4         192 Microsoft.EntityFrameworkCore.Metadata.Internal.ClrPropertyGetter<ForexExchange.Models.Order, ForexExchange.Models.Order, System.Int32>
7a5ac66016b8       3         192 System.Func<Microsoft.EntityFrameworkCore.ChangeTracking.Internal.Snapshot<System.Int32, System.Nullable<System.Int32>, System.Int32, System.Int32, System.Int32, System.Object, System.Object, System.Object>, System.Object>
7a5ac5c94520       3         192 System.Func<System.Object, System.Decimal>
7a5ac68f6a58       3         192 System.Func<System.Net.Http.Headers.MediaTypeHeaderValue>
7a5ac68fb1d8       4         192 System.Net.Http.Headers.TransferCodingHeaderParser
7a5ac6b0fb60       4         192 System.Net.Security.SslApplicationProtocol[]
7a5ac7252ce8       3         192 System.Func<ForexExchange.Models.FinancialTransactionItem, System.DateTime>
7a5ac16a11c0       4         192 Microsoft.Data.Sqlite.SqliteConnectionPoolGroup
7a5ac734e6f0       3         192 System.Action<System.Runtime.CompilerServices.CallSite, AspNetCoreGeneratedDocument.Views_AccountingDocuments_Index, System.String, System.Int32, System.Object, System.Int32, System.Int32, System.Boolean>
7a5ac578cfa8       3         192 System.Func<System.Runtime.CompilerServices.CallSite, System.Object, System.String, System.Object>
7a5ac4f9f408       2         192 Microsoft.AspNetCore.Server.Kestrel.Core.Internal.Http.HttpRequestHeaders+EnumeratorBox
7a5ac416bc48       3         192 System.Collections.Generic.HashSet<System.Security.Claims.ClaimsPrincipal>
7a5ac223bae0       3         192 System.Func<System.Object, Microsoft.Data.Sqlite.SqliteValueReader, System.Nullable<System.Boolean>>
7a5ac2240ef0       3         192 System.Func<System.Object, Microsoft.Data.Sqlite.SqliteValueReader, System.Nullable<System.Int32>>
7a5ac2242160       3         192 System.Func<System.ValueTuple<System.Decimal, System.UInt64>, Microsoft.Data.Sqlite.SqliteValueReader, System.ValueTuple<System.Decimal, System.UInt64>>
7a5ac2242bf0       3         192 Microsoft.Data.Sqlite.SqliteConnection+AggregateDefinition<System.ValueTuple<System.Decimal, System.UInt64>, System.Nullable<System.Decimal>>
7a5ac22466c0       3         192 System.Func<System.Nullable<System.Decimal>, Microsoft.Data.Sqlite.SqliteValueReader, System.Nullable<System.Decimal>>
7a5ac2247248       3         192 Microsoft.Data.Sqlite.SqliteConnection+AggregateDefinition<System.Nullable<System.Decimal>, System.Nullable<System.Decimal>>
7a5ac6335c70       1         192 System.Linq.IGrouping<System.Int32, System.ValueTuple<System.Int32, System.String, System.DateTime, System.String, System.Nullable<System.Int32>, System.Decimal, System.String>>[]
7a5ac3f82098       4         192 System.Collections.Concurrent.ConcurrentDictionary<System.Int64, Microsoft.AspNetCore.Server.Kestrel.Core.Internal.Infrastructure.ConnectionReference>+Node
7a5ac44e59e8       2         192 Microsoft.AspNetCore.Mvc.Infrastructure.ControllerActionInvoker+ActionExecutedContextSealed
7a5ac462c3f8       1         192 System.Runtime.CompilerServices.AsyncTaskMethodBuilder<System.Threading.Tasks.VoidTaskResult>+AsyncStateMachineBox<Microsoft.AspNetCore.Server.Kestrel.Core.Internal.Http.HttpProtocol+<ProcessRequests>d__238<Microsoft.AspNetCore.Hosting.HostingApplication+Context>>
7a5ac453d458       2         192 Microsoft.AspNetCore.Mvc.Infrastructure.ResourceInvoker+ResultExecutedContextSealed
7a5ac741f4d0       3         192 System.Diagnostics.Tracing.ScalarTypeInfo
7a5ac7445b70       3         192 System.Action<System.Diagnostics.Metrics.Instrument, System.Diagnostics.Metrics.InstrumentState>
7a5ac7449180       3         192 System.Func<System.Collections.Generic.IEnumerable<System.Diagnostics.Metrics.Measurement<System.Int64>>>
7a5ac7465e68       4         192 System.Collections.Concurrent.ConcurrentDictionary<System.Diagnostics.Metrics.StringSequence1, System.Collections.Concurrent.ConcurrentDictionary<System.Diagnostics.Metrics.ObjectSequence1, System.Diagnostics.Metrics.Aggregator>>+Node
7a5ac74661a0       4         192 System.Diagnostics.Metrics.LabelInstructionInterpreter<System.Diagnostics.Metrics.ObjectSequence1, System.Diagnostics.Metrics.Aggregator>
7a5abdf8d658       1         200 Microsoft.Extensions.Logging.EventSource.LoggingEventSource
7a5abe383fc0       1         200 System.Collections.Generic.HashSet<System.RuntimeType>+Entry[]
7a5ac0dfd258       5         200 Microsoft.AspNetCore.Http.Features.FeatureCollection
7a5ac0e1f4c0       5         200 Microsoft.EntityFrameworkCore.Diagnostics.WarningsConfiguration
7a5ac11970a8       5         200 Microsoft.EntityFrameworkCore.Sqlite.Infrastructure.Internal.SqliteOptionsExtension+ExtensionInfo
7a5ac1612150       1         200 System.Threading.ThreadPoolWorkQueue
7a5ac1619fc8       1         200 System.Threading.PortableThreadPool+HillClimbing
7a5ac0e4e4c0       5         200 Microsoft.EntityFrameworkCore.Storage.ExecutionStrategyDependencies
7a5ac13870c0       5         200 Microsoft.EntityFrameworkCore.Query.CompiledQueryCacheKeyGeneratorDependencies
7a5ac1387d58       5         200 Microsoft.EntityFrameworkCore.Query.QueryTranslationPreprocessorDependencies
7a5ac126c0a0       5         200 Microsoft.EntityFrameworkCore.Sqlite.Query.Internal.SqliteMemberTranslatorProvider
7a5ac1370018       5         200 Microsoft.EntityFrameworkCore.Query.RelationalMethodCallTranslatorProviderDependencies
7a5ac1370448       5         200 Microsoft.EntityFrameworkCore.Query.RelationalAggregateMethodCallTranslatorProviderDependencies
7a5ac126bd30       5         200 Microsoft.EntityFrameworkCore.Sqlite.Query.Internal.SqliteAggregateMethodCallTranslatorProvider
7a5ac13719b8       5         200 Microsoft.EntityFrameworkCore.Query.RelationalShapedQueryCompilingExpressionVisitorDependencies
7a5ac2047e58       5         200 Microsoft.EntityFrameworkCore.Query.RelationalMaterializerLiftableConstantContext
7a5ac1388e30       5         200 Microsoft.EntityFrameworkCore.Storage.DatabaseDependencies
7a5ac1341d40       5         200 Microsoft.EntityFrameworkCore.Update.Internal.CommandBatchPreparer
7a5ac1372ef8       5         200 Microsoft.EntityFrameworkCore.Storage.RelationalDatabaseDependencies
7a5ac1340c60       5         200 Microsoft.EntityFrameworkCore.Storage.RelationalDatabase
7a5ac137a2a8       5         200 Microsoft.EntityFrameworkCore.ChangeTracking.Internal.InternalEntityEntryNotifier
7a5ac0264f78       5         200 Microsoft.AspNetCore.Identity.EntityFrameworkCore.UserStore<ForexExchange.Models.ApplicationUser, Microsoft.AspNetCore.Identity.IdentityRole, ForexExchange.Models.ForexDbContext, System.String, Microsoft.AspNetCore.Identity.IdentityUserClaim<System.String>, Microsoft.AspNetCore.Identity.IdentityUserRole<System.String>, Microsoft.AspNetCore.Identity.IdentityUserLogin<System.String>, Microsoft.AspNetCore.Identity.IdentityUserToken<System.String>, Microsoft.AspNetCore.Identity.IdentityRoleClaim<System.String>>
7a5ac0269080       5         200 Microsoft.AspNetCore.Identity.DataProtectorTokenProvider<ForexExchange.Models.ApplicationUser>
7a5abd3bcfb8       5         200 ForexExchange.Services.Notifications.Providers.SignalRNotificationProvider
7a5abd3bd840       5         200 ForexExchange.Services.Notifications.Providers.EmailNotificationProvider
7a5abd3bdac8       5         200 ForexExchange.Services.Notifications.Providers.TelegramNotificationProvider
7a5abd3b53e0       5         200 ForexExchange.Services.CurrencyPoolService
7a5ac1db7ab0       5         200 System.Linq.Expressions.MemberAssignment
7a5abdd43410       1         200 System.Buffers.ProbabilisticWithAsciiCharSearchValues<System.Buffers.IndexOfAnyAsciiSearcher+Ssse3AndWasmHandleZeroInNeedle>
7a5ac1ea34b0       2         208 System.IO.StreamWriter
7a5ac1facde0       2         208 Microsoft.EntityFrameworkCore.Metadata.RuntimeModel
7a5ac4994b50       2         208 Microsoft.AspNetCore.Http.RequestCookieCollection+Enumerator
7a5ac5257328       2         208 System.Collections.Generic.KeyValuePair<System.String, Microsoft.Extensions.Primitives.StringValues>[]
7a5ac5289a40       2         208 System.Threading.Channels.AsyncOperation<System.Int32>
7a5ac0595370       1         216 System.Diagnostics.DiagnosticSourceEventSource
7a5ac1943790       5         216 Microsoft.EntityFrameworkCore.Metadata.IConventionEntityType[]
7a5ac1578570       9         216 System.Linq.Expressions.PrimitiveParameterExpression<System.Int64>
7a5ac2225f00       3         216 System.Threading.Tasks.Task<System.Boolean>
7a5ac356e3a8       3         216 Microsoft.EntityFrameworkCore.ChangeTracking.Internal.Snapshot<System.Int32, System.String, System.DateTime, System.String, System.String, System.Boolean, System.Boolean, System.Boolean, System.Boolean, System.String, System.String>
7a5ac35c99b0       9         216 System.Text.Json.Serialization.Metadata.JsonPropertyInfo<System.Int32>+<>c__DisplayClass9_0
7a5ac3cb20f0       3         216 System.Collections.Generic.HashSet<System.Runtime.InteropServices.PosixSignalRegistration+Token>+Entry[]
7a5ac38a36b0       3         216 System.Threading.Tasks.Task<Microsoft.AspNetCore.Authorization.AuthorizationPolicy>
7a5ac5e71530       3         216 System.Threading.Tasks.Task<Microsoft.EntityFrameworkCore.Storage.IDbContextTransaction>
7a5ac6e736e0       7         216 System.Func<System.Runtime.CompilerServices.CallSite, System.Type, System.Object, System.Object, System.Object>[]
7a5ac44bf350       3         216 System.Collections.Generic.HashSet<System.Security.Claims.ClaimsPrincipal>+Entry[]
7a5ac5de7498       1         216 Microsoft.EntityFrameworkCore.ChangeTracking.Internal.Snapshot<System.Int32, System.Decimal, System.String, System.DateTime, System.String, System.Nullable<System.DateTime>, System.String, System.String, System.DateTime, System.Byte[], System.String, System.Boolean, System.Boolean, System.Boolean, System.String, System.Nullable<System.Int32>, System.Nullable<System.Int32>, ForexExchange.Models.PayerType, System.Nullable<System.Int32>, System.Nullable<System.Int32>, ForexExchange.Models.ReceiverType, System.String, System.String, ForexExchange.Models.DocumentType, System.Nullable<System.DateTime>, System.String>
7a5ac15669e0       3         216 Microsoft.EntityFrameworkCore.ChangeTracking.ChangeTracker
7a5ac744a180       3         216 System.Diagnostics.Metrics.ObservableCounter<System.Double>
7a5abdeb2728       4         224 System.Collections.Concurrent.ConcurrentDictionary<System.String, Microsoft.Extensions.FileProviders.Physical.PhysicalFilesWatcher+ChangeTokenInfo>+Tables
7a5abd85f178       4         224 System.Globalization.TextInfo
7a5ac0dd5338       7         224 System.Collections.Generic.List<System.Double>
7a5ac1713450       4         224 System.Collections.Concurrent.ConcurrentDictionary<System.Type, System.Reflection.PropertyInfo>+Tables
7a5abc182c20       7         224 System.Guid
7a5ac17137c8       4         224 System.Collections.Concurrent.ConcurrentDictionary<System.Type, System.String>+Tables
7a5ac1c10920       7         224 System.Linq.Expressions.Expression1<System.Func<ForexExchange.Models.Order, System.Boolean>>
7a5ac1ec4238       2         224 System.Text.RegularExpressions.Match
7a5ac3a3d120       7         224 System.Collections.Generic.List<System.Collections.Generic.KeyValuePair<Microsoft.AspNetCore.Mvc.ModelBinding.EnumGroupAndName, System.String>>
7a5ac5c74058       7         224 System.Collections.Concurrent.ConcurrentDictionary<System.Reflection.MemberInfo, System.Func<ForexExchange.Models.AccountingDocument, System.Object>>
7a5ac5c74b18       7         224 System.Collections.Concurrent.ConcurrentDictionary<Microsoft.AspNetCore.Mvc.ViewFeatures.MemberExpressionCacheKey, System.Func<ForexExchange.Models.AccountingDocument, System.Object>>
7a5ac479bf48       7         224 Microsoft.AspNetCore.Mvc.ModelBinding.Binders.EnumTypeModelBinder
7a5ac6e4ac58       4         224 System.Runtime.CompilerServices.CallSite<System.Func<System.Runtime.CompilerServices.CallSite, System.Object, System.Collections.IEnumerable>>
7a5ac6e69478       7         224 System.Func<System.Runtime.CompilerServices.CallSite, System.Object, System.Collections.IEnumerable>[]
7a5ac3f98eb8       7         224 System.Collections.Generic.List<System.ValueTuple<System.Action<System.Object>, System.Object>>
7a5ac3fbf088       7         224 Microsoft.AspNetCore.Server.Kestrel.Core.Internal.Infrastructure.WrappingPipeWriter
7a5ac6e1a490       4         224 System.Runtime.CompilerServices.CallSite<System.Func<System.Runtime.CompilerServices.CallSite, System.Type, System.Object, System.Object, System.Object>>
7a5ac6515978       4         224 System.Runtime.CompilerServices.CallSite<System.Func<System.Runtime.CompilerServices.CallSite, System.Object, System.Collections.Generic.List<Microsoft.AspNetCore.Mvc.Rendering.SelectListItem>, System.Object>>
7a5ac6552d20       4         224 System.Collections.Concurrent.ConcurrentDictionary<System.Reflection.MemberInfo, System.Func<ForexExchange.Models.Order, System.Object>>+Tables
7a5ac65537e0       4         224 System.Collections.Concurrent.ConcurrentDictionary<Microsoft.AspNetCore.Mvc.ViewFeatures.MemberExpressionCacheKey, System.Func<ForexExchange.Models.Order, System.Object>>+Tables
7a5ac6b3a998       1         224 System.Net.NameResolutionTelemetry
7a5ac52881d8       2         224 System.Threading.Channels.BoundedChannel<System.Int32>
7a5ac528ae30       2         224 System.Threading.Channels.VoidAsyncOperationWithData<System.Int32>
7a5ac4168068       4         224 Microsoft.AspNetCore.Http.Features.RequestServicesFeature
7a5ac45526e8       2         224 Microsoft.AspNetCore.WebUtilities.HttpResponseStreamWriter
7a5ac74645f8       4         224 System.Collections.Concurrent.ConcurrentDictionary<System.Diagnostics.Metrics.StringSequence1, System.Collections.Concurrent.ConcurrentDictionary<System.Diagnostics.Metrics.ObjectSequence1, System.Diagnostics.Metrics.Aggregator>>+Tables
7a5ac7465c48       4         224 System.Collections.Concurrent.ConcurrentDictionary<System.Diagnostics.Metrics.ObjectSequence1, System.Diagnostics.Metrics.Aggregator>+Tables
7a5ac3122788       1         232 System.Collections.Concurrent.ConcurrentQueueSegment<Microsoft.Extensions.Http.ExpiredHandlerTrackingEntry>
7a5ac3e03f38       1         232 System.Collections.Concurrent.ConcurrentQueueSegment<System.Buffers.MemoryPoolBlock>
7a5ac3e043f0       1         232 System.Collections.Concurrent.ConcurrentQueueSegment<Microsoft.AspNetCore.Server.Kestrel.Transport.Sockets.Internal.IOQueue+Work>
7a5ac3e051f0       1         232 System.Collections.Concurrent.ConcurrentQueueSegment<Microsoft.AspNetCore.Server.Kestrel.Transport.Sockets.Internal.SocketSender>
7a5ac3e0a390       1         232 System.Collections.Concurrent.ConcurrentQueueSegment<System.Net.Sockets.SocketAsyncEngine+SocketIOEvent>
7a5ac455adb0       1         232 System.Collections.Concurrent.ConcurrentQueueSegment<Microsoft.AspNetCore.Routing.UriBuildingContext>
7a5ac455f170       1         232 System.Collections.Concurrent.ConcurrentQueueSegment<Microsoft.AspNetCore.Antiforgery.AntiforgerySerializationContext>
7a5ac5247dd0       3         232 Newtonsoft.Json.Utilities.ImmutableCollectionsUtils+ImmutableCollectionTypeInfo[]
7a5ac0ca50b0       1         232 System.Collections.Concurrent.ConcurrentQueueSegment<Serilog.Events.LogEvent>
7a5ac5d039e0       1         232 System.Collections.Concurrent.ConcurrentQueueSegment<Newtonsoft.Json.JsonSerializer>
7a5abdd46d08       2         240 System.IO.FileSystemWatcher
7a5ac1658d28       6         240 Microsoft.EntityFrameworkCore.Storage.RelationalCommandBuilder
7a5abff6a7c0       3         240 Microsoft.Extensions.Caching.Memory.MemoryCache
7a5ac1713f00       2         240 System.Collections.Generic.Dictionary<System.Type, System.ValueTuple<Microsoft.EntityFrameworkCore.Metadata.ConfigurationSource, System.Collections.Generic.SortedSet<Microsoft.EntityFrameworkCore.Metadata.Internal.EntityType>>>+Entry[]
7a5ac19f4b20       3         240 System.Collections.Generic.Dictionary<System.String, System.Reflection.MemberInfo>
7a5ac1daf4c8       6         240 System.Linq.Expressions.Expression2<System.Func<System.Decimal, System.Decimal, System.Boolean>>
7a5ac126b9c0       5         240 Microsoft.EntityFrameworkCore.Sqlite.Query.Internal.SqliteMethodCallTranslatorProvider
7a5ac1371588       5         240 Microsoft.EntityFrameworkCore.Query.RelationalQueryableMethodTranslatingExpressionVisitorDependencies
7a5ac2048cb8       5         240 Microsoft.EntityFrameworkCore.Query.LiftableConstantProcessor+LiftedConstantOptimizer
7a5ac204ba38       5         240 Microsoft.EntityFrameworkCore.Utilities.Multigraph<Microsoft.EntityFrameworkCore.Update.IReadOnlyModificationCommand, Microsoft.EntityFrameworkCore.Update.Internal.CommandBatchPreparer+CommandDependency>
7a5ac1378660       5         240 Microsoft.EntityFrameworkCore.ChangeTracking.Internal.NavigationFixer
7a5ac137a610       5         240 Microsoft.EntityFrameworkCore.ChangeTracking.Internal.ValueGenerationManager
7a5abdf81f08       6         240 System.Diagnostics.Stopwatch
7a5ac27adaf0       5         240 Microsoft.Extensions.Logging.LoggerMessage+<>c__DisplayClass12_0<System.Guid, System.String>
7a5ac31296d0       5         240 System.Net.Http.SocketsHttpHandler
7a5ac3128238       5         240 Microsoft.Extensions.Http.Logging.LoggingScopeHttpMessageHandler
7a5ac3128018       5         240 Microsoft.Extensions.Http.Logging.LoggingHttpMessageHandler
7a5abd3b70d0       5         240 ForexExchange.Services.AdminNotificationService
7a5ac3256240       3         240 System.Collections.Generic.Dictionary<System.Reflection.MethodInfo, System.Reflection.MethodInfo>
7a5ac33fbba8       6         240 System.Reflection.CerHashtable<System.String, System.RuntimeType[]>+Table
7a5ac347df38       3         240 System.Collections.Generic.Dictionary<System.String, Microsoft.EntityFrameworkCore.ChangeTracking.Internal.InternalEntityEntry>
7a5ac1d7e680       3         240 System.Collections.Generic.Dictionary<Microsoft.EntityFrameworkCore.Metadata.IKey, Microsoft.EntityFrameworkCore.ChangeTracking.Internal.IIdentityMap>
7a5ac356a050       5         240 Microsoft.EntityFrameworkCore.ChangeTracking.Internal.DependentsMap<System.Int32>
7a5ac3a36c90      10         240 System.Diagnostics.DebuggerBrowsableAttribute
7a5ac392f990       2         240 Microsoft.AspNetCore.Mvc.Routing.ConventionalRouteEntry[]
7a5ac3d28a78       1         240 Microsoft.AspNetCore.Hosting.HostingEventSource
7a5ac35855e0       3         240 Microsoft.AspNetCore.Routing.EndpointRoutingMiddleware
7a5ac41036b8       6         240 Microsoft.AspNetCore.Routing.Matching.SingleEntryAsciiJumpTable
7a5ac625ec48       5         240 Microsoft.EntityFrameworkCore.Metadata.Internal.ClrPropertyGetter<ForexExchange.Models.Customer, ForexExchange.Models.Customer, System.String>
7a5ac3121010       5         240 Microsoft.Extensions.Http.ExpiredHandlerTrackingEntry
7a5ac0e261c0       6         240 System.Enum+EnumInfo<System.UInt32>
7a5ac68808d8       5         240 Microsoft.EntityFrameworkCore.Metadata.Internal.ClrPropertyGetter<ForexExchange.Models.ApplicationUser, ForexExchange.Models.ApplicationUser, System.Boolean>
7a5ac6ce0c30       5         240 Microsoft.EntityFrameworkCore.Metadata.Internal.ClrPropertyGetter<ForexExchange.Models.PushNotificationLog, ForexExchange.Models.PushNotificationLog, System.String>
7a5ac6ce5458       5         240 Microsoft.EntityFrameworkCore.Metadata.Internal.ClrPropertyGetter<ForexExchange.Models.VapidConfiguration, ForexExchange.Models.VapidConfiguration, System.String>
7a5ac3121748       3         240 Microsoft.Extensions.Http.ActiveHandlerTrackingEntry
7a5ac52843c0       2         240 System.Runtime.CompilerServices.AsyncTaskMethodBuilder<System.Threading.Tasks.VoidTaskResult>+AsyncStateMachineBox<Microsoft.AspNetCore.Http.Connections.Internal.HttpConnectionContext+<ExecuteApplication>d__144>
7a5ac416a108       3         240 System.Collections.Generic.Dictionary<System.String, Microsoft.AspNetCore.Authentication.IAuthenticationHandler>
7a5ac223dff8       3         240 System.Collections.Generic.Dictionary<System.ValueTuple<System.String, System.Int32>, System.ValueTuple<System.Int32, System.Object, SQLitePCL.delegate_function_scalar>>
7a5ac22445d0       3         240 System.Collections.Generic.Dictionary<System.ValueTuple<System.String, System.Int32>, System.ValueTuple<System.Int32, System.Object, SQLitePCL.delegate_function_aggregate_step, SQLitePCL.delegate_function_aggregate_final>>
7a5ac62cea68       1         240 System.Collections.Generic.Dictionary<System.String, System.ValueTuple<System.Decimal, System.Int32, System.Int32, System.Decimal, System.Decimal>>+Entry[]
7a5abd664600       3         248 Microsoft.Extensions.Configuration.IConfigurationProvider[]
7a5ac1635dd8       1         248 Microsoft.EntityFrameworkCore.Storage.LongTypeMapping
7a5ac1638400       1         248 Microsoft.EntityFrameworkCore.Storage.DoubleTypeMapping
7a5ac1635330       1         248 Microsoft.EntityFrameworkCore.Sqlite.Storage.Internal.SqliteByteArrayTypeMapping
7a5ac1635540       1         248 Microsoft.EntityFrameworkCore.Storage.BoolTypeMapping
7a5ac1635788       1         248 Microsoft.EntityFrameworkCore.Storage.ByteTypeMapping
7a5ac1635998       1         248 Microsoft.EntityFrameworkCore.Storage.CharTypeMapping
7a5ac1635fd0       1         248 Microsoft.EntityFrameworkCore.Storage.SByteTypeMapping
7a5ac16361c8       1         248 Microsoft.EntityFrameworkCore.Storage.ShortTypeMapping
7a5ac16363c0       1         248 Microsoft.EntityFrameworkCore.Storage.UIntTypeMapping
7a5ac16367c8       1         248 Microsoft.EntityFrameworkCore.Sqlite.Storage.Internal.SqliteULongTypeMapping
7a5ac1636a10       1         248 Microsoft.EntityFrameworkCore.Storage.UShortTypeMapping
7a5ac1636e40       1         248 Microsoft.EntityFrameworkCore.Sqlite.Storage.Internal.SqliteDateTimeTypeMapping
7a5ac1637280       1         248 Microsoft.EntityFrameworkCore.Sqlite.Storage.Internal.SqliteDateTimeOffsetTypeMapping
7a5ac16374a0       1         248 Microsoft.EntityFrameworkCore.Storage.TimeSpanTypeMapping
7a5ac16378e0       1         248 Microsoft.EntityFrameworkCore.Sqlite.Storage.Internal.SqliteDateOnlyTypeMapping
7a5ac1637d60       1         248 Microsoft.EntityFrameworkCore.Sqlite.Storage.Internal.SqliteTimeOnlyTypeMapping
7a5ac1638660       1         248 Microsoft.EntityFrameworkCore.Storage.FloatTypeMapping
7a5ac1638ae0       1         248 Microsoft.EntityFrameworkCore.Sqlite.Storage.Internal.SqliteGuidTypeMapping
7a5ac16399a8       1         248 Microsoft.EntityFrameworkCore.Sqlite.Storage.Internal.SqliteJsonTypeMapping
7a5ac33f94e8       1         248 Microsoft.EntityFrameworkCore.Storage.Internal.NullTypeMapping
7a5ac35bd0e0       1         248 System.Text.Json.Serialization.Metadata.JsonPropertyInfo<Microsoft.AspNetCore.StaticAssets.StaticAssetsManifest>
7a5ac35fcf90       1         248 System.Text.Json.Serialization.Metadata.JsonPropertyInfo<Microsoft.AspNetCore.StaticAssets.StaticAssetDescriptor>
7a5ac3605b80       1         248 System.Text.Json.Serialization.Metadata.JsonPropertyInfo<Microsoft.AspNetCore.StaticAssets.StaticAssetSelector>
7a5ac3608e08       1         248 System.Text.Json.Serialization.Metadata.JsonPropertyInfo<Microsoft.AspNetCore.StaticAssets.StaticAssetProperty>
7a5ac360afd8       1         248 System.Text.Json.Serialization.Metadata.JsonPropertyInfo<Microsoft.AspNetCore.StaticAssets.StaticAssetResponseHeader>
7a5ac36b6118       5         248 System.Text.Encoding[]
7a5ac3afcac0       1         248 Microsoft.AspNetCore.SignalR.Internal.Utf8HashLookup+Slot[]
7a5ac6f4ebb0       1         248 System.Text.Json.Serialization.Metadata.JsonPropertyInfo<<>f__AnonymousType199<System.Int32, System.Int32, System.DateTime>>
7a5ac4974a10       1         248 System.Collections.Generic.Dictionary<Microsoft.CSharp.RuntimeBinder.Semantics.TypeTable+KeyPair<Microsoft.CSharp.RuntimeBinder.Semantics.CType, System.Int32>, Microsoft.CSharp.RuntimeBinder.Semantics.ArrayType>+Entry[]
7a5ac6570ca0       1         248 System.Text.Json.Serialization.Metadata.JsonPropertyInfo<System.Collections.Generic.Dictionary<System.Int32, <>f__AnonymousType43<System.String, System.String, System.Int32>>>
7a5ac6571c50       1         248 System.Text.Json.Serialization.Metadata.JsonPropertyInfo<<>f__AnonymousType43<System.String, System.String, System.Int32>>
7a5ac6608da0       1         248 System.Text.Json.Serialization.Metadata.JsonPropertyInfo<<>f__AnonymousType197<System.Int32, System.Int32, System.Int32, System.Int32, System.Decimal, System.Decimal, System.Decimal>>
7a5ac688fc18       1         248 System.Text.Json.Serialization.Metadata.JsonPropertyInfo<<>f__AnonymousType59<System.String, System.String, System.String, System.String, System.String, <>f__AnonymousType229<System.String, System.String, System.String, System.DateTime, System.String, System.Collections.Generic.Dictionary<System.String, System.Object>, ForexExchange.Services.Notifications.RelatedEntity>>>
7a5ac68988e8       1         248 System.Text.Json.Serialization.Metadata.JsonPropertyInfo<System.Object>
7a5ac689bb40       1         248 System.Text.Json.Serialization.Metadata.JsonPropertyInfo<System.ValueType>
7a5ac689c7f8       1         248 System.Text.Json.Serialization.Metadata.JsonPropertyInfo<System.IComparable>
7a5ac689e9d0       1         248 System.Text.Json.Serialization.Metadata.JsonPropertyInfo<System.IConvertible>
7a5ac689f2a0       1         248 System.Text.Json.Serialization.Metadata.JsonPropertyInfo<System.ISpanFormattable>
7a5ac689fd88       1         248 System.Text.Json.Serialization.Metadata.JsonPropertyInfo<System.IFormattable>
7a5ac68a06a0       1         248 System.Text.Json.Serialization.Metadata.JsonPropertyInfo<System.IComparable<System.Int32>>
7a5ac68a0f70       1         248 System.Text.Json.Serialization.Metadata.JsonPropertyInfo<System.IEquatable<System.Int32>>
7a5ac68a1840       1         248 System.Text.Json.Serialization.Metadata.JsonPropertyInfo<System.Numerics.IBinaryInteger<System.Int32>>
7a5ac68a2110       1         248 System.Text.Json.Serialization.Metadata.JsonPropertyInfo<System.Numerics.IBinaryNumber<System.Int32>>
7a5ac68a29e0       1         248 System.Text.Json.Serialization.Metadata.JsonPropertyInfo<System.Numerics.IBitwiseOperators<System.Int32, System.Int32, System.Int32>>
7a5ac68a32b0       1         248 System.Text.Json.Serialization.Metadata.JsonPropertyInfo<System.Numerics.INumber<System.Int32>>
7a5ac68a3b80       1         248 System.Text.Json.Serialization.Metadata.JsonPropertyInfo<System.Numerics.IComparisonOperators<System.Int32, System.Int32, System.Boolean>>
7a5ac68a4450       1         248 System.Text.Json.Serialization.Metadata.JsonPropertyInfo<System.Numerics.IEqualityOperators<System.Int32, System.Int32, System.Boolean>>
7a5ac68a4d20       1         248 System.Text.Json.Serialization.Metadata.JsonPropertyInfo<System.Numerics.IModulusOperators<System.Int32, System.Int32, System.Int32>>
7a5ac68a55f0       1         248 System.Text.Json.Serialization.Metadata.JsonPropertyInfo<System.Numerics.INumberBase<System.Int32>>
7a5ac68a5ec0       1         248 System.Text.Json.Serialization.Metadata.JsonPropertyInfo<System.Numerics.IAdditionOperators<System.Int32, System.Int32, System.Int32>>
7a5ac68a6790       1         248 System.Text.Json.Serialization.Metadata.JsonPropertyInfo<System.Numerics.IAdditiveIdentity<System.Int32, System.Int32>>
7a5ac68a7060       1         248 System.Text.Json.Serialization.Metadata.JsonPropertyInfo<System.Numerics.IDecrementOperators<System.Int32>>
7a5ac68a7930       1         248 System.Text.Json.Serialization.Metadata.JsonPropertyInfo<System.Numerics.IDivisionOperators<System.Int32, System.Int32, System.Int32>>
7a5ac68a8200       1         248 System.Text.Json.Serialization.Metadata.JsonPropertyInfo<System.Numerics.IIncrementOperators<System.Int32>>
7a5ac68a8ad0       1         248 System.Text.Json.Serialization.Metadata.JsonPropertyInfo<System.Numerics.IMultiplicativeIdentity<System.Int32, System.Int32>>
7a5ac68a93a0       1         248 System.Text.Json.Serialization.Metadata.JsonPropertyInfo<System.Numerics.IMultiplyOperators<System.Int32, System.Int32, System.Int32>>
7a5ac68a9c70       1         248 System.Text.Json.Serialization.Metadata.JsonPropertyInfo<System.ISpanParsable<System.Int32>>
7a5ac68aa540       1         248 System.Text.Json.Serialization.Metadata.JsonPropertyInfo<System.IParsable<System.Int32>>
7a5ac68aae10       1         248 System.Text.Json.Serialization.Metadata.JsonPropertyInfo<System.Numerics.ISubtractionOperators<System.Int32, System.Int32, System.Int32>>
7a5ac68ab6e0       1         248 System.Text.Json.Serialization.Metadata.JsonPropertyInfo<System.Numerics.IUnaryPlusOperators<System.Int32, System.Int32>>
7a5ac68abfb0       1         248 System.Text.Json.Serialization.Metadata.JsonPropertyInfo<System.Numerics.IUnaryNegationOperators<System.Int32, System.Int32>>
7a5ac68ac880       1         248 System.Text.Json.Serialization.Metadata.JsonPropertyInfo<System.IUtf8SpanFormattable>
7a5ac68ad150       1         248 System.Text.Json.Serialization.Metadata.JsonPropertyInfo<System.IUtf8SpanParsable<System.Int32>>
7a5ac68ada20       1         248 System.Text.Json.Serialization.Metadata.JsonPropertyInfo<System.Numerics.IShiftOperators<System.Int32, System.Int32, System.Int32>>
7a5ac68ae2f0       1         248 System.Text.Json.Serialization.Metadata.JsonPropertyInfo<System.Numerics.IMinMaxValue<System.Int32>>
7a5ac68aebc0       1         248 System.Text.Json.Serialization.Metadata.JsonPropertyInfo<System.Numerics.ISignedNumber<System.Int32>>
7a5ac68af490       1         248 System.Text.Json.Serialization.Metadata.JsonPropertyInfo<System.IBinaryIntegerParseAndFormatInfo<System.Int32>>
7a5ac68afe30       1         248 System.Text.Json.Serialization.Metadata.JsonPropertyInfo<System.IComparable<System.Decimal>>
7a5ac68b0728       1         248 System.Text.Json.Serialization.Metadata.JsonPropertyInfo<System.IEquatable<System.Decimal>>
7a5ac68b0ff8       1         248 System.Text.Json.Serialization.Metadata.JsonPropertyInfo<System.Runtime.Serialization.ISerializable>
7a5ac68b18c8       1         248 System.Text.Json.Serialization.Metadata.JsonPropertyInfo<System.Runtime.Serialization.IDeserializationCallback>
7a5ac68b2198       1         248 System.Text.Json.Serialization.Metadata.JsonPropertyInfo<System.Numerics.IFloatingPoint<System.Decimal>>
7a5ac68b2a68       1         248 System.Text.Json.Serialization.Metadata.JsonPropertyInfo<System.Numerics.IFloatingPointConstants<System.Decimal>>
7a5ac68b3338       1         248 System.Text.Json.Serialization.Metadata.JsonPropertyInfo<System.Numerics.INumberBase<System.Decimal>>
7a5ac68b3c08       1         248 System.Text.Json.Serialization.Metadata.JsonPropertyInfo<System.Numerics.IAdditionOperators<System.Decimal, System.Decimal, System.Decimal>>
7a5ac68b44d8       1         248 System.Text.Json.Serialization.Metadata.JsonPropertyInfo<System.Numerics.IAdditiveIdentity<System.Decimal, System.Decimal>>
7a5ac68b4da8       1         248 System.Text.Json.Serialization.Metadata.JsonPropertyInfo<System.Numerics.IDecrementOperators<System.Decimal>>
7a5ac68b5678       1         248 System.Text.Json.Serialization.Metadata.JsonPropertyInfo<System.Numerics.IDivisionOperators<System.Decimal, System.Decimal, System.Decimal>>
7a5ac68b5f48       1         248 System.Text.Json.Serialization.Metadata.JsonPropertyInfo<System.Numerics.IEqualityOperators<System.Decimal, System.Decimal, System.Boolean>>
7a5ac68b6818       1         248 System.Text.Json.Serialization.Metadata.JsonPropertyInfo<System.Numerics.IIncrementOperators<System.Decimal>>
7a5ac68b70e8       1         248 System.Text.Json.Serialization.Metadata.JsonPropertyInfo<System.Numerics.IMultiplicativeIdentity<System.Decimal, System.Decimal>>
7a5ac68b79b8       1         248 System.Text.Json.Serialization.Metadata.JsonPropertyInfo<System.Numerics.IMultiplyOperators<System.Decimal, System.Decimal, System.Decimal>>
7a5ac68b8288       1         248 System.Text.Json.Serialization.Metadata.JsonPropertyInfo<System.ISpanParsable<System.Decimal>>
7a5ac68b8b58       1         248 System.Text.Json.Serialization.Metadata.JsonPropertyInfo<System.IParsable<System.Decimal>>
7a5ac68b9428       1         248 System.Text.Json.Serialization.Metadata.JsonPropertyInfo<System.Numerics.ISubtractionOperators<System.Decimal, System.Decimal, System.Decimal>>
7a5ac68b9cf8       1         248 System.Text.Json.Serialization.Metadata.JsonPropertyInfo<System.Numerics.IUnaryPlusOperators<System.Decimal, System.Decimal>>
7a5ac68ba5c8       1         248 System.Text.Json.Serialization.Metadata.JsonPropertyInfo<System.Numerics.IUnaryNegationOperators<System.Decimal, System.Decimal>>
7a5ac68bae98       1         248 System.Text.Json.Serialization.Metadata.JsonPropertyInfo<System.IUtf8SpanParsable<System.Decimal>>
7a5ac68bb768       1         248 System.Text.Json.Serialization.Metadata.JsonPropertyInfo<System.Numerics.INumber<System.Decimal>>
7a5ac68bc038       1         248 System.Text.Json.Serialization.Metadata.JsonPropertyInfo<System.Numerics.IComparisonOperators<System.Decimal, System.Decimal, System.Boolean>>
7a5ac68bc908       1         248 System.Text.Json.Serialization.Metadata.JsonPropertyInfo<System.Numerics.IModulusOperators<System.Decimal, System.Decimal, System.Decimal>>
7a5ac68bd1d8       1         248 System.Text.Json.Serialization.Metadata.JsonPropertyInfo<System.Numerics.ISignedNumber<System.Decimal>>
7a5ac68bdaa8       1         248 System.Text.Json.Serialization.Metadata.JsonPropertyInfo<System.Numerics.IMinMaxValue<System.Decimal>>
7a5ac68d0028       1         248 System.Text.Json.Serialization.Metadata.JsonPropertyInfo<System.Collections.IEnumerable>
7a5ac68d1240       1         248 System.Text.Json.Serialization.Metadata.JsonPropertyInfo<System.Collections.Generic.IEnumerable<System.Char>>
7a5ac68d1d40       1         248 System.Text.Json.Serialization.Metadata.JsonPropertyInfo<System.Char>
7a5ac68d2aa8       1         248 System.Text.Json.Serialization.Metadata.JsonPropertyInfo<System.IComparable<System.String>>
7a5ac68d3378       1         248 System.Text.Json.Serialization.Metadata.JsonPropertyInfo<System.IEquatable<System.String>>
7a5ac68d3c48       1         248 System.Text.Json.Serialization.Metadata.JsonPropertyInfo<System.ICloneable>
7a5ac68d4518       1         248 System.Text.Json.Serialization.Metadata.JsonPropertyInfo<System.ISpanParsable<System.String>>
7a5ac68d4de8       1         248 System.Text.Json.Serialization.Metadata.JsonPropertyInfo<System.IParsable<System.String>>
7a5abda2b7f0       8         256 Microsoft.Extensions.Options.OptionsBuilder<Microsoft.Extensions.DependencyInjection.MetricsServiceExtensions+NoOpOptions>
7a5abda2bd80       8         256 Microsoft.Extensions.Options.OptionsBuilder<Microsoft.Extensions.Options.StartupValidatorOptions>
7a5abda2cac0       8         256 Microsoft.Extensions.Options.OptionsBuilder<Microsoft.Extensions.Options.StartupValidatorOptions>+<>c__DisplayClass9_0<Microsoft.Extensions.Options.IOptionsMonitor<Microsoft.Extensions.DependencyInjection.MetricsServiceExtensions+NoOpOptions>>
7a5ac1bbbef8       4         256 System.Func<ForexExchange.Models.CustomerBalance, System.Decimal>
7a5abdf825b8       4         256 System.Threading.ParameterizedThreadStart
7a5abe3bca70       4         256 System.Action<Microsoft.Extensions.DependencyInjection.IServiceCollection>
7a5abee6b100       4         256 System.Func<Microsoft.Extensions.DependencyInjection.ServiceDescriptor, System.Boolean>
7a5abdf82bb8       4         256 System.Threading.ThreadStart
7a5ac0df4a88       4         256 System.Func<System.String, System.Text.Encoding>
7a5ac0e45908       8         256 System.Collections.Generic.Stack<System.Collections.Immutable.RefAsValueType<System.Collections.Immutable.SecurePooledObject<System.Collections.Generic.Stack<System.Collections.Immutable.RefAsValueType<System.Collections.Immutable.ImmutableSortedDictionary<System.Int32, System.ValueTuple<System.Nullable<Microsoft.EntityFrameworkCore.WarningBehavior>, System.Nullable<Microsoft.Extensions.Logging.LogLevel>>>+Node>>>>>
7a5ac1197558       8         256 System.Collections.Generic.Stack<System.Collections.Immutable.RefAsValueType<System.Collections.Immutable.SecurePooledObject<System.Collections.Generic.Stack<System.Collections.Immutable.RefAsValueType<System.Collections.Immutable.ImmutableSortedDictionary<System.Type, System.ValueTuple<Microsoft.EntityFrameworkCore.Infrastructure.IDbContextOptionsExtension, System.Int32>>+Node>>>>>
7a5ac163a220       4         256 System.Func<System.String, Microsoft.EntityFrameworkCore.Storage.RelationalTypeMapping>
7a5ac1905190       4         256 System.Func<Microsoft.EntityFrameworkCore.Metadata.IConventionForeignKey, System.Boolean>
7a5ac1ae3dc0       4         256 System.Func<Microsoft.EntityFrameworkCore.Metadata.IReadOnlyForeignKey, System.Boolean>
7a5ac1c10ca8       8         256 System.Linq.Expressions.Expression1<System.Func<ForexExchange.Models.AccountingDocument, System.Boolean>>
7a5ac1ca9fd8       4         256 System.Func<System.Reflection.ConstructorInfo, System.Boolean>
7a5ac1d7b158       4         256 System.Func<Microsoft.EntityFrameworkCore.Metadata.INavigation, System.Boolean>
7a5ac1db1788       8         256 System.Linq.Expressions.Expression1<System.Func<System.String, System.Int32>>
7a5ac1db1af8       8         256 System.Linq.Expressions.Expression1<System.Func<System.String, System.String>>
7a5ac1f75230       4         256 System.Func<Microsoft.EntityFrameworkCore.Metadata.IEntityType, System.Collections.Generic.IEnumerable<Microsoft.EntityFrameworkCore.Metadata.IForeignKey>>
7a5ac1eca150       4         256 System.Func<Microsoft.EntityFrameworkCore.Metadata.IProperty, System.String>
7a5ac1e3b350       4         256 System.Func<System.Nullable<System.Decimal>, System.Nullable<System.Decimal>>
7a5ac2247df8       4         256 System.Action<Microsoft.Extensions.Logging.ILogger, System.Int32, System.Exception>
7a5abcdbf060       4         256 Microsoft.AspNetCore.Identity.RoleManager<Microsoft.AspNetCore.Identity.IdentityRole>
7a5ac3367508       4         256 System.Func<System.ValueTuple<Microsoft.EntityFrameworkCore.Query.SqlExpressions.ColumnExpression, Microsoft.EntityFrameworkCore.ChangeTracking.ValueComparer>, Microsoft.EntityFrameworkCore.Query.SqlExpressions.ColumnExpression>
7a5ac346a218       4         256 System.Action<Microsoft.EntityFrameworkCore.Storage.IRelationalCommandBuilder>
7a5ac3503b10       4         256 System.Func<Microsoft.EntityFrameworkCore.ChangeTracking.Internal.InternalEntityEntry, System.Nullable<System.DateTimeOffset>>
7a5ac3506228       4         256 System.Func<Microsoft.EntityFrameworkCore.ChangeTracking.Internal.InternalEntityEntry, ForexExchange.Models.UserRole>
7a5ac3562668       8         256 Microsoft.EntityFrameworkCore.Internal.NullableComparerAdapter<System.Int32>
7a5ac1791d88       4         256 System.Action<System.Object, System.String>
7a5ac35f9980       4         256 System.Func<System.Text.Json.Serialization.Metadata.JsonParameterInfoValues[]>
7a5ac3d75928       4         256 System.Func<System.Object, System.Threading.Tasks.Task>
7a5ac3a87a18       4         256 System.Func<Microsoft.AspNetCore.Mvc.Filters.FilterDescriptor, Microsoft.AspNetCore.Mvc.Filters.FilterDescriptor>
7a5ac3af5658       4         256 Microsoft.AspNetCore.Connections.ConnectionDelegate
7a5ac3d5f408       4         256 System.Action<Microsoft.AspNetCore.Authentication.AuthenticationSchemeBuilder>
7a5ac3fc6410       4         256 System.Func<Microsoft.AspNetCore.Http.Features.IFeatureCollection, Microsoft.AspNetCore.Http.Features.IHttpRequestFeature>
7a5ac4172d38       4         256 System.Func<Microsoft.AspNetCore.Authentication.RedirectContext<Microsoft.AspNetCore.Authentication.Cookies.CookieAuthenticationOptions>, System.Threading.Tasks.Task>
7a5ac1db0f28       4         256 System.Func<System.String, System.String, System.Boolean>
7a5ac44e0200       4         256 System.Action<Microsoft.Extensions.Logging.ILogger, System.String, System.Double, System.Exception>
7a5ac450ee10       4         256 System.Action<ForexExchange.Models.ExchangeRate, ForexExchange.Models.Currency>
7a5ac3e02800       1         256 Microsoft.AspNetCore.Server.Kestrel.Transport.Sockets.Internal.SocketSender
7a5ac50d4be8       4         256 System.Func<ForexExchange.Models.Currency, System.Collections.Generic.ICollection<ForexExchange.Models.CurrencyPool>>
7a5ac50da330       4         256 System.Func<Microsoft.EntityFrameworkCore.ChangeTracking.Internal.InternalEntityEntry, ForexExchange.Models.PoolRiskLevel>
7a5ac50f6180       2         256 Newtonsoft.Json.JsonWriter+State[][]
7a5ac0df6278       4         256 System.Threading.WaitCallback
7a5ac3e3acb0       1         256 Microsoft.AspNetCore.Http.Connections.Internal.HttpConnectionsEventSource
7a5ac58d7458       4         256 System.Func<ForexExchange.Models.Customer, System.Collections.Generic.ICollection<ForexExchange.Models.CustomerBalance>>
7a5ac57c1118       8         256 System.Runtime.CompilerServices.RuleCache<System.Func<System.Runtime.CompilerServices.CallSite, System.Object, System.Object, System.Object>>
7a5ac5d15548       4         256 System.Func<ForexExchange.Models.Customer, System.Collections.Generic.ICollection<ForexExchange.Models.Order>>
7a5ac62fcac0       4         256 System.Func<Microsoft.EntityFrameworkCore.ChangeTracking.Internal.InternalEntityEntry, ForexExchange.Models.CurrencyPoolTransactionType>
7a5ac1e39338       4         256 System.Func<System.Int64, System.Int32>
7a5ac5bb94a8       4         256 System.Func<Microsoft.EntityFrameworkCore.ChangeTracking.Internal.InternalEntityEntry, ForexExchange.Models.CustomerBalanceTransactionType>
7a5ac5c5c868       4         256 System.Func<ForexExchange.Models.AccountingDocument, System.Int32>
7a5ac5c5fbc0       4         256 System.Action<ForexExchange.Models.AccountingDocument, ForexExchange.Models.Customer>
7a5ac5c5fe10       4         256 System.Action<ForexExchange.Models.AccountingDocument, ForexExchange.Models.BankAccount>
7a5ac5d15048       4         256 System.Action<ForexExchange.Models.Customer, System.Boolean>
7a5ac5d80028       4         256 System.Action<ForexExchange.Models.Order, ForexExchange.Models.Currency>
7a5ac5d83b30       4         256 System.Action<ForexExchange.Models.Currency, System.String>
7a5ac5d85ec0       4         256 System.Action<ForexExchange.Models.CurrencyPool, System.Int32>
7a5ac5de6018       4         256 System.Func<Microsoft.EntityFrameworkCore.ChangeTracking.Internal.Snapshot<System.Int32, System.Nullable<System.Int32>, System.Nullable<System.Int32>, System.Nullable<System.Int32>, System.Nullable<System.Int32>>, System.Nullable<System.Int32>>
7a5ac5deb090       4         256 System.Func<Microsoft.EntityFrameworkCore.ChangeTracking.Internal.InternalEntityEntry, System.Byte[]>
7a5ac5dedc08       4         256 System.Func<Microsoft.EntityFrameworkCore.ChangeTracking.Internal.InternalEntityEntry, ForexExchange.Models.PayerType>
7a5ac5deea48       4         256 System.Func<Microsoft.EntityFrameworkCore.ChangeTracking.Internal.InternalEntityEntry, ForexExchange.Models.ReceiverType>
7a5ac5def888       4         256 System.Func<Microsoft.EntityFrameworkCore.ChangeTracking.Internal.InternalEntityEntry, ForexExchange.Models.DocumentType>
7a5ac5ea0d28       8         256 Microsoft.EntityFrameworkCore.Update.Internal.SimpleRowKeyValueFactory<System.Int32>+NoNullsCustomEqualityComparer
7a5ac5efd498       4         256 System.Func<Microsoft.EntityFrameworkCore.ChangeTracking.Internal.Snapshot<System.Int32, System.Nullable<System.Int32>, System.Nullable<System.Int32>, System.Nullable<System.Int32>, System.Nullable<System.Int32>, System.Object, System.Object, System.Object, System.Object>, System.Nullable<System.Int32>>
7a5ac5efd630       4         256 System.Func<Microsoft.EntityFrameworkCore.ChangeTracking.Internal.Snapshot<System.Int32, System.Nullable<System.Int32>, System.Nullable<System.Int32>, System.Nullable<System.Int32>, System.Nullable<System.Int32>, System.Object, System.Object, System.Object, System.Object>, System.Object>
7a5ac6306768       4         256 System.Func<ForexExchange.Models.CurrencyPoolHistory, System.DateTime>
7a5ac633ece0       4         256 System.Func<Microsoft.EntityFrameworkCore.ChangeTracking.Internal.InternalEntityEntry, ForexExchange.Models.BankAccountTransactionType>
7a5ac6344ed8       4         256 System.Func<ForexExchange.Models.BankAccountBalanceHistory, System.DateTime>
7a5ac5f99040       8         256 Microsoft.EntityFrameworkCore.Query.Internal.EntityQueryable<ForexExchange.Models.AccountingDocument>
7a5ac63624c8       4         256 System.Func<ForexExchange.Models.BankAccountBalance, System.Int32>
7a5ac1bd6cf0       4         256 System.Func<ForexExchange.Models.BankAccountBalance, System.String>
7a5ac5ba8e90       4         256 System.Func<ForexExchange.Models.CustomerBalanceHistory, System.DateTime>
7a5ac5bb3b58       4         256 Microsoft.EntityFrameworkCore.ChangeTracking.Internal.IdentityMap<System.Int64>
7a5ac3e16c30       4         256 System.Action<System.IntPtr, System.Memory<System.Byte>, System.Net.Sockets.SocketError>
7a5ac6e1a388       4         256 System.Func<System.Runtime.CompilerServices.CallSite, System.Type, System.Object, System.Object, System.Object>
7a5ac6e1a158       4         256 System.Func<System.Runtime.CompilerServices.CallSite, System.Type, System.Int32, System.Object, System.Object>
7a5ac6557c00       4         256 System.Func<System.Runtime.CompilerServices.CallSite, System.Type, System.Object, System.Object>
7a5ac65e4250       4         256 System.Func<Microsoft.EntityFrameworkCore.ChangeTracking.Internal.Snapshot<System.Int32, System.Nullable<System.Int32>, System.Int32, System.Int32, System.Int32>, System.Int32>
7a5ac65ef808       4         256 System.Func<Microsoft.EntityFrameworkCore.ChangeTracking.Internal.Snapshot<System.Int32, System.Nullable<System.Int32>, System.Int32, System.Int32, System.Int32, System.Object, System.Object, System.Object>, System.Int32>
7a5ac660eab0       4         256 System.Func<Microsoft.EntityFrameworkCore.ChangeTracking.Internal.InternalEntityEntry, ForexExchange.Models.AdminActivityType>
7a5ac1db4d30       4         256 System.Func<System.Nullable<System.DateTime>, System.Nullable<System.DateTime>, System.Boolean>
7a5ac68fb570       4         256 System.Func<System.Net.Http.Headers.TransferCodingHeaderValue>
7a5ac6cbb470       4         256 System.Func<ForexExchange.Models.PushNotificationLog, System.Int32>
7a5ac6ce1040       4         256 System.Func<ForexExchange.Models.PushNotificationLog, System.Nullable<System.Int32>>
7a5ac525ed38       4         256 System.Func<ForexExchange.Models.VapidConfiguration, System.DateTime>
7a5ac6ceb5f8       4         256 System.Func<ForexExchange.Models.PushSubscription, System.DateTime>
7a5ac16a0708       8         256 System.Collections.Generic.List<System.WeakReference<Microsoft.Data.Sqlite.SqliteCommand>>
7a5ac741fda0       4         256 System.Func<System.Object, System.Diagnostics.Tracing.PropertyValue>
7a5ac7466718       4         256 System.Func<System.Diagnostics.Metrics.ObjectSequence1, System.Diagnostics.Metrics.Aggregator>
7a5ac74522d8       4         256 System.Func<System.Diagnostics.Tracing.CounterPayload, System.Double>
7a5abdf66690      11         264 System.Buffers.SharedArrayPoolPartitions
7a5ac13a4e60      11         264 System.Resources.ResourceManager+ResourceManagerMediator
7a5ac13a4af0      11         264 System.Resources.ManifestBasedResourceGroveler
7a5ac15ee290       1         264 Microsoft.EntityFrameworkCore.Infrastructure.EntityFrameworkEventSource
7a5ac455b790       3         264 Microsoft.AspNetCore.Routing.Template.TemplateBinder
7a5ac3afd2a8       3         264 Microsoft.Extensions.Internal.ObjectMethodExecutor
7a5ac3f835e0      11         264 Serilog.Context.LogContext+ContextStackBookmark
7a5ac660a448       3         264 System.Text.Json.Serialization.Metadata.JsonParameterInfo<System.Decimal>
7a5ac5312260       2         272 System.Runtime.CompilerServices.AsyncTaskMethodBuilder<System.Threading.Tasks.VoidTaskResult>+AsyncStateMachineBox<Microsoft.AspNetCore.SignalR.HubConnectionHandler<ForexExchange.Hubs.NotificationHub>+<OnConnectedAsync>d__17>
7a5abea417d0       1         280 System.Int64[]
7a5ac137cee0       5         280 Microsoft.EntityFrameworkCore.Diagnostics.Internal.Interceptors
7a5ac1389690       5         280 Microsoft.EntityFrameworkCore.ModelCreationDependencies
7a5ac1e59838       5         280 System.Collections.Concurrent.ConcurrentDictionary<System.String, System.String>+Tables
7a5ac20d7080       5         280 ForexExchange.Services.Notifications.NotificationHub
7a5abd3bbca8       5         280 ForexExchange.Services.VapidService
7a5abd3bd340       5         280 ForexExchange.Services.Notifications.Providers.PushNotificationProvider
7a5abd3bb840       5         280 ForexExchange.Services.PushNotificationService
7a5abd3bb048       5         280 ForexExchange.Services.CentralFinancialService
7a5ac137a820       5         280 Microsoft.EntityFrameworkCore.ChangeTracking.Internal.ChangeTrackerFactory
7a5ac3584d10       5         280 Microsoft.AspNetCore.Builder.UseMiddlewareExtensions+ReflectionMiddlewareBinder
7a5abc194308       1         280 System.WeakReference<System.Diagnostics.Tracing.EventSource>[]
7a5ac4959f90       5         280 System.Runtime.CompilerServices.CallSite<System.Func<System.Runtime.CompilerServices.CallSite, System.Object, System.Int32>>
7a5ac4978ed8       9         280 System.Func<System.Runtime.CompilerServices.CallSite, System.Object, System.Int32>[]
7a5ac578cc58       5         280 System.Runtime.CompilerServices.CallSite<System.Func<System.Runtime.CompilerServices.CallSite, System.Object, System.Boolean, System.Object>>
7a5ac5f97420       1         280 System.Reflection.Internal.ObjectPool<System.Reflection.Internal.PooledStringBuilder>+Element[]
7a5ac3f80130       7         280 Microsoft.AspNetCore.Server.Kestrel.Core.Internal.Infrastructure.ConnectionMetricsContext
7a5ac3f98320       7         280 Microsoft.AspNetCore.Server.Kestrel.Core.Internal.Infrastructure.PipeWriterHelpers.TimingPipeFlusher
7a5ac3fc0bd0       7         280 Microsoft.AspNetCore.Server.Kestrel.Core.Internal.Http.HttpResponseStream
7a5ac3fbf610       7         280 Microsoft.AspNetCore.Server.Kestrel.Core.Internal.Infrastructure.WrappingStream
7a5ac3fc1230       7         280 Microsoft.AspNetCore.Server.Kestrel.Core.Internal.Http.HttpUpgradeStream
7a5ac3fbe480       7         280 Microsoft.AspNetCore.Server.Kestrel.Core.Internal.Infrastructure.StatusCheckPipeWriter
7a5ac3fbebd0       7         280 Microsoft.AspNetCore.Server.Kestrel.Core.Internal.Infrastructure.StatusCheckWriteStream
7a5ac651c2f0       9         280 System.Func<System.Runtime.CompilerServices.CallSite, System.Object, System.Collections.Generic.List<Microsoft.AspNetCore.Mvc.Rendering.SelectListItem>, System.Object>[]
7a5ac68fef68       5         280 Org.BouncyCastle.Crypto.Parameters.ECDomainParameters
7a5ac45e9610       1         280 Microsoft.AspNetCore.Mvc.ViewFeatures.Buffers.ViewBufferPage[]
7a5abe8ce9d0       4         288 System.Diagnostics.Metrics.Meter
7a5ac0c8df88       9         288 Microsoft.Win32.SafeHandles.SafeWaitHandle
7a5ac0df0388       4         288 System.Diagnostics.Metrics.Counter<System.Int64>
7a5ac0e21130       6         288 System.Collections.Immutable.ImmutableSortedDictionary<System.Int32, System.ValueTuple<System.Nullable<Microsoft.EntityFrameworkCore.WarningBehavior>, System.Nullable<Microsoft.Extensions.Logging.LogLevel>>>
7a5ac16a7960       1         288 System.Collections.Generic.Dictionary<System.String, Microsoft.Data.Sqlite.SqliteConnectionStringBuilder+Keywords>+Entry[]
7a5abc0d3030      12         288 System.Double
7a5ac1780e48       2         288 System.Collections.Generic.Dictionary<System.String, Microsoft.EntityFrameworkCore.Metadata.ConfigurationSource>+Entry[]
7a5ac1577ce8      12         288 System.Linq.Expressions.PrimitiveParameterExpression<System.Boolean>
7a5ac353c428       9         288 System.Linq.Expressions.Expression1<System.Func<ForexExchange.Models.Customer, System.Boolean>>
7a5ac35613c8       6         288 Microsoft.EntityFrameworkCore.ChangeTracking.Internal.SimpleNullableDependentKeyValueFactory<System.Int32>
7a5ac358f428       2         288 System.Text.Encodings.Web.DefaultJavaScriptEncoder+EscaperImplementation
7a5ac37cdc60       4         288 System.Guid[]
7a5ac3a38030      12         288 System.ComponentModel.ReferenceConverter
7a5ac3a89b08      12         288 Microsoft.AspNetCore.Mvc.ApiDescriptionActionData
7a5ac3d2c130       4         288 Microsoft.AspNetCore.Routing.CompositeEndpointDataSource
7a5ac3e01098       4         288 System.IO.Pipelines.PipeOptions
7a5ac62b0e08       9         288 System.Linq.Expressions.Expression1<System.Func<ForexExchange.Models.BankAccountBalanceHistory, System.Boolean>>
7a5ac57ea5a8       6         288 Microsoft.AspNetCore.Mvc.DataAnnotations.StringLengthAttributeAdapter
7a5ac22396d8       6         288 System.RuntimeType+BoxCache
7a5ac63074c8       6         288 Microsoft.EntityFrameworkCore.Metadata.Internal.ClrPropertyGetter<ForexExchange.Models.CurrencyPoolHistory, ForexExchange.Models.CurrencyPoolHistory, System.String>
7a5ac454d890       9         288 System.Collections.Generic.List<Microsoft.AspNetCore.Mvc.Razor.ViewLocationCacheItem>
7a5ac6377380       6         288 Microsoft.EntityFrameworkCore.Metadata.Internal.ClrPropertyGetter<ForexExchange.Models.CustomerBalanceHistory, ForexExchange.Models.CustomerBalanceHistory, System.String>
7a5ac224fec8       3         288 SQLitePCL.hook_handles
7a5ac16160e0       9         288 System.Collections.Generic.List<System.Threading.ThreadInt64PersistentCounter+ThreadLocalNodeFinalizationHelper>
7a5ac1616670       9         288 System.Threading.ThreadInt64PersistentCounter+ThreadLocalNodeFinalizationHelper[]
7a5ac1616030      12         288 System.Threading.ThreadInt64PersistentCounter+ThreadLocalNodeFinalizationHelper
7a5ac6ce95d0       6         288 Microsoft.EntityFrameworkCore.Metadata.Internal.ClrPropertyGetter<ForexExchange.Models.PushSubscription, ForexExchange.Models.PushSubscription, System.String>
7a5ac41759e0       3         288 System.Collections.Generic.Dictionary<System.String, Microsoft.AspNetCore.Authentication.IAuthenticationHandler>+Entry[]
7a5ac0239848       3         288 Microsoft.AspNetCore.Identity.SignInManager<ForexExchange.Models.ApplicationUser>
7a5ac2240188      12         288 Microsoft.Data.Sqlite.SqliteConnection+<>c__DisplayClass53_0<System.Nullable<System.Decimal>, System.Nullable<System.Decimal>, System.Nullable<System.Decimal>>
7a5ac20d3100       1         288 AspNetCoreGeneratedDocument.Views__ViewStart
7a5ac744fad0       4         288 System.Diagnostics.Tracing.InvokeTypeInfo
7a5ac1eb3628       1         296 System.String[,]
7a5ac3e11be8       1         296 System.Net.Sockets.Socket+AwaitableSocketAsyncEventArgs
7a5ac3e12940       1         296 System.Net.Sockets.SocketsTelemetry
7a5abee637b8       6         304 Microsoft.AspNetCore.Routing.EndpointDataSource[]
7a5ac0d5fa70       6         304 Microsoft.Extensions.Diagnostics.Metrics.FactoryMeter[]
7a5ac19f4908       1         304 System.Collections.Immutable.RefAsValueType<System.Collections.Immutable.SecurePooledObject<System.Collections.Generic.Stack<System.Collections.Immutable.RefAsValueType<System.Collections.Immutable.ImmutableSortedDictionary<System.Reflection.MemberInfo, System.Type>+Node>>>>[]
7a5ac22281d8       2         304 Microsoft.EntityFrameworkCore.Migrations.HistoryRow[]
7a5ac36b19b8       2         304 Microsoft.AspNetCore.Mvc.ModelBinding.Metadata.IMetadataDetailsProvider[]
7a5ac4227388       6         304 System.Security.Claims.ClaimsIdentity[]
7a5ac62b2090       2         304 <>f__AnonymousType220<System.Int64, System.Int32, System.Decimal, System.DateTime, System.String>[]
7a5ac7450a18       5         304 System.Diagnostics.Tracing.PropertyAnalysis[]
7a5ac1578090      13         312 System.Linq.Expressions.PrimitiveParameterExpression<System.DateTime>
7a5ac42623f8       3         312 System.Collections.Generic.KeyValuePair<System.Threading.IAsyncLocal, System.Object>[]
7a5abd85de48       2         320 System.Globalization.CalendarData
7a5abdd310d8       5         320 System.Func<System.Char, System.Boolean>
7a5abe3be630       5         320 System.Action<Microsoft.AspNetCore.Hosting.WebHostBuilderContext, Microsoft.Extensions.DependencyInjection.IServiceCollection>
7a5abef16770       5         320 System.Func<System.String, System.Boolean>
7a5ac022a300       5         320 System.Action<Microsoft.AspNetCore.Authentication.AuthenticationOptions>
7a5abcdbe3a0       5         320 System.Action<Microsoft.AspNetCore.Authentication.Cookies.CookieAuthenticationOptions>
7a5ac022be78       5         320 System.Func<Microsoft.AspNetCore.Authentication.Cookies.CookieAuthenticationOptions, System.Boolean>
7a5ac022c6b0       8         320 Microsoft.Extensions.Options.ValidateOptions<Microsoft.AspNetCore.Authentication.Cookies.CookieAuthenticationOptions>
7a5ac11930b0       1         320 System.Collections.Concurrent.ConcurrentDictionary<Microsoft.EntityFrameworkCore.Infrastructure.IDbContextOptions, System.ValueTuple<System.IServiceProvider, System.Collections.Generic.IDictionary<System.String, System.String>>>+VolatileNode[]
7a5ac138ed68       1         320 System.Collections.Concurrent.ConcurrentDictionary<System.Type, System.Boolean>+VolatileNode[]
7a5ac13ae4b0       1         320 System.Collections.Concurrent.ConcurrentDictionary<System.Type, System.Collections.Generic.IReadOnlyList<Microsoft.EntityFrameworkCore.Infrastructure.DbSetProperty>>+VolatileNode[]
7a5ac13b0ae8       1         320 System.Collections.Concurrent.ConcurrentDictionary<System.ValueTuple<System.Type, System.String>, System.Func<Microsoft.EntityFrameworkCore.DbContext, System.String, System.Object>>+VolatileNode[]
7a5ac15e73f0       5         320 Microsoft.EntityFrameworkCore.Internal.InternalDbSet<ForexExchange.Models.AccountingDocument>
7a5ac15e7f50       5         320 Microsoft.EntityFrameworkCore.Internal.InternalDbSet<ForexExchange.Models.AdminActivity>
7a5ac15e82f8       5         320 Microsoft.EntityFrameworkCore.Internal.InternalDbSet<ForexExchange.Models.BankAccountBalanceHistory>
7a5ac15e86a0       5         320 Microsoft.EntityFrameworkCore.Internal.InternalDbSet<ForexExchange.Models.BankAccountBalance>
7a5ac15e8cd8       5         320 Microsoft.EntityFrameworkCore.Internal.InternalDbSet<ForexExchange.Models.BankAccount>
7a5ac15e9080       5         320 Microsoft.EntityFrameworkCore.Internal.InternalDbSet<ForexExchange.Models.Currency>
7a5ac15e9428       5         320 Microsoft.EntityFrameworkCore.Internal.InternalDbSet<ForexExchange.Models.CurrencyPoolHistory>
7a5ac15e97d0       5         320 Microsoft.EntityFrameworkCore.Internal.InternalDbSet<ForexExchange.Models.CurrencyPool>
7a5ac15e9b78       5         320 Microsoft.EntityFrameworkCore.Internal.InternalDbSet<ForexExchange.Models.CustomerBalanceHistory>
7a5ac15e9f20       5         320 Microsoft.EntityFrameworkCore.Internal.InternalDbSet<ForexExchange.Models.CustomerBalance>
7a5ac15ea2c8       5         320 Microsoft.EntityFrameworkCore.Internal.InternalDbSet<ForexExchange.Models.Customer>
7a5ac15ea670       5         320 Microsoft.EntityFrameworkCore.Internal.InternalDbSet<ForexExchange.Models.ExchangeRate>
7a5ac15eaa18       5         320 Microsoft.EntityFrameworkCore.Internal.InternalDbSet<ForexExchange.Models.Notification>
7a5ac15eadc0       5         320 Microsoft.EntityFrameworkCore.Internal.InternalDbSet<ForexExchange.Models.Order>
7a5ac15eb168       5         320 Microsoft.EntityFrameworkCore.Internal.InternalDbSet<ForexExchange.Models.PushNotificationLog>
7a5ac15eb510       5         320 Microsoft.EntityFrameworkCore.Internal.InternalDbSet<ForexExchange.Models.PushSubscription>
7a5ac15eb8b8       5         320 Microsoft.EntityFrameworkCore.Internal.InternalDbSet<Microsoft.AspNetCore.Identity.IdentityRoleClaim<System.String>>
7a5ac15ebc60       5         320 Microsoft.EntityFrameworkCore.Internal.InternalDbSet<Microsoft.AspNetCore.Identity.IdentityRole>
7a5ac15ec008       5         320 Microsoft.EntityFrameworkCore.Internal.InternalDbSet<ForexExchange.Models.ShareableLink>
7a5ac15ec3b0       5         320 Microsoft.EntityFrameworkCore.Internal.InternalDbSet<ForexExchange.Models.SystemSettings>
7a5ac15ec758       5         320 Microsoft.EntityFrameworkCore.Internal.InternalDbSet<ForexExchange.Models.TaskItem>
7a5ac15ecb00       5         320 Microsoft.EntityFrameworkCore.Internal.InternalDbSet<Microsoft.AspNetCore.Identity.IdentityUserClaim<System.String>>
7a5ac15ecea8       5         320 Microsoft.EntityFrameworkCore.Internal.InternalDbSet<Microsoft.AspNetCore.Identity.IdentityUserLogin<System.String>>
7a5ac15ed250       5         320 Microsoft.EntityFrameworkCore.Internal.InternalDbSet<Microsoft.AspNetCore.Identity.IdentityUserRole<System.String>>
7a5ac15ed5f8       5         320 Microsoft.EntityFrameworkCore.Internal.InternalDbSet<ForexExchange.Models.ApplicationUser>
7a5ac15ed9a0       5         320 Microsoft.EntityFrameworkCore.Internal.InternalDbSet<Microsoft.AspNetCore.Identity.IdentityUserToken<System.String>>
7a5ac15edd48       5         320 Microsoft.EntityFrameworkCore.Internal.InternalDbSet<ForexExchange.Models.VapidConfiguration>
7a5ac137b1d0       5         320 Microsoft.EntityFrameworkCore.Internal.DbContextServices
7a5ac161b688       5         320 Microsoft.EntityFrameworkCore.Diagnostics.Internal.DiagnosticsLogger<Microsoft.EntityFrameworkCore.DbLoggerCategory+ChangeTracking>
7a5ac161fa68       1         320 System.Collections.Concurrent.ConcurrentDictionary<System.Type, System.Func<Microsoft.EntityFrameworkCore.ChangeTracking.Internal.IStateManager, Microsoft.EntityFrameworkCore.Internal.IDbSetSource, Microsoft.EntityFrameworkCore.Internal.IDbSetCache, Microsoft.EntityFrameworkCore.Metadata.IEntityType, Microsoft.EntityFrameworkCore.Internal.IEntityFinder>>+VolatileNode[]
7a5ac1198f78       5         320 Microsoft.EntityFrameworkCore.Diagnostics.Internal.DiagnosticsLogger<Microsoft.EntityFrameworkCore.DbLoggerCategory+Infrastructure>
7a5ac0e4e738       5         320 System.Func<Microsoft.EntityFrameworkCore.Storage.ExecutionStrategyDependencies, Microsoft.EntityFrameworkCore.Storage.IExecutionStrategy>
7a5ac161b8a8       5         320 Microsoft.EntityFrameworkCore.Diagnostics.Internal.DiagnosticsLogger<Microsoft.EntityFrameworkCore.DbLoggerCategory+Query>
7a5ac1387600       5         320 Microsoft.EntityFrameworkCore.Query.QueryContextDependencies
7a5ac16314b0       5         320 Microsoft.EntityFrameworkCore.Diagnostics.Internal.DiagnosticsLogger<Microsoft.EntityFrameworkCore.DbLoggerCategory+Database+Transaction>
7a5ac1633e88       1         320 System.Collections.Concurrent.ConcurrentDictionary<System.ValueTuple<System.Type, System.Type>, Microsoft.EntityFrameworkCore.Storage.ValueConversion.ValueConverterInfo>+VolatileNode[]
7a5ac16629b8       5         320 Microsoft.EntityFrameworkCore.Diagnostics.Internal.DiagnosticsLogger<Microsoft.EntityFrameworkCore.DbLoggerCategory+Model>
7a5ac1662ab0       5         320 Microsoft.EntityFrameworkCore.Diagnostics.Internal.DiagnosticsLogger<Microsoft.EntityFrameworkCore.DbLoggerCategory+Model+Validation>
7a5ac1db12a0       8         320 System.Linq.Expressions.Expression2<System.Func<System.String, System.String, System.Boolean>>
7a5ac203ca20      10         320 System.Collections.Generic.List<Microsoft.EntityFrameworkCore.Query.IMemberTranslator>
7a5ac2040358      10         320 System.Collections.Generic.List<Microsoft.EntityFrameworkCore.Query.IMethodCallTranslator>
7a5ac2043918      10         320 System.Collections.Generic.List<Microsoft.EntityFrameworkCore.Query.IAggregateMethodCallTranslator>
7a5ac1371108       5         320 Microsoft.EntityFrameworkCore.Query.RelationalSqlTranslatingExpressionVisitorDependencies
7a5ac161bcd0       5         320 Microsoft.EntityFrameworkCore.Diagnostics.Internal.DiagnosticsLogger<Microsoft.EntityFrameworkCore.DbLoggerCategory+Update>
7a5ac134e4e8       5         320 Microsoft.EntityFrameworkCore.Update.ModificationCommandBatchFactoryDependencies
7a5ac204ea68       5         320 System.Collections.Generic.HashSet<Microsoft.EntityFrameworkCore.Update.IReadOnlyModificationCommand>
7a5ac2063560       1         320 System.Collections.Concurrent.ConcurrentDictionary<Microsoft.EntityFrameworkCore.ValueGeneration.ValueGeneratorCache+CacheKey, Microsoft.EntityFrameworkCore.ValueGeneration.ValueGenerator>+VolatileNode[]
7a5ac223a280       5         320 System.Func<System.Nullable<System.Decimal>, System.Nullable<System.Decimal>, System.Nullable<System.Decimal>>
7a5ac24efb18       1         320 System.Collections.Concurrent.ConcurrentDictionary<System.Guid, Microsoft.AspNetCore.DataProtection.KeyManagement.Key>+VolatileNode[]
7a5ac27adbb8       5         320 System.Action<Microsoft.Extensions.Logging.ILogger, System.Guid, System.String, System.Exception>
7a5ac310af10       1         320 System.Collections.Concurrent.ConcurrentDictionary<System.String, Microsoft.AspNetCore.SignalR.HubConnectionContext>+VolatileNode[]
7a5ac310bbb8       1         320 System.Collections.Concurrent.ConcurrentDictionary<System.String, Microsoft.AspNetCore.SignalR.Internal.GroupConnectionList>+VolatileNode[]
7a5ac310c3f0       1         320 System.Collections.Concurrent.ConcurrentDictionary<System.String, System.ValueTuple<System.Type, System.String, System.Object, System.Action<System.Object, Microsoft.AspNetCore.SignalR.Protocol.CompletionMessage>>>+VolatileNode[]
7a5ac3120b00       1         320 System.Collections.Concurrent.ConcurrentDictionary<System.String, System.Lazy<Microsoft.Extensions.Http.HttpClientFactoryOptions>>+VolatileNode[]
7a5ac31224e8       1         320 System.Collections.Concurrent.ConcurrentDictionary<System.String, System.Lazy<Microsoft.Extensions.Http.ActiveHandlerTrackingEntry>>+VolatileNode[]
7a5ac312bf98       1         320 System.Collections.Concurrent.ConcurrentDictionary<System.String, Microsoft.Extensions.Logging.LogValuesFormatter>+VolatileNode[]
7a5ac33fb8a0       4         320 System.Reflection.RuntimeEventInfo[][]
7a5ac334f4b0       8         320 Microsoft.EntityFrameworkCore.Query.SqlExpressions.SqlFragmentExpression
7a5ac349bd18       4         320 System.Collections.Generic.Dictionary<Microsoft.EntityFrameworkCore.Metadata.IForeignKey, Microsoft.EntityFrameworkCore.ChangeTracking.Internal.IDependentsMap>
7a5ac3619640       1         320 System.Collections.Concurrent.ConcurrentDictionary<Microsoft.AspNetCore.Routing.IEndpointRouteBuilder, Microsoft.AspNetCore.Mvc.Infrastructure.OrderedEndpointsSequenceProvider>+VolatileNode[]
7a5ac37cd620       1         320 System.Collections.Concurrent.ConcurrentDictionary<System.Type, System.ComponentModel.TypeDescriptor+TypeDescriptionNode>+VolatileNode[]
7a5ac38a9c30       1         320 System.Collections.Concurrent.ConcurrentDictionary<Newtonsoft.Json.Utilities.StructMultiKey<System.String, System.String>, System.Type>+VolatileNode[]
7a5ac392a4a8       1         320 System.Collections.Concurrent.ConcurrentDictionary<System.Type, Microsoft.Extensions.DependencyInjection.ObjectFactory>+VolatileNode[]
7a5ac3a46b08       8         320 System.ComponentModel.NullableConverter
7a5ac3a472d0      10         320 System.ComponentModel.EnumConverter
7a5ac3a48638       8         320 Microsoft.AspNetCore.Mvc.BindAttribute
7a5ac3af4188       1         320 System.Collections.Concurrent.ConcurrentDictionary<System.String, Microsoft.AspNetCore.Http.Connections.Internal.HttpConnectionContext>+VolatileNode[]
7a5ac3b192b8       1         320 System.Collections.Concurrent.ConcurrentDictionary<System.Type, Microsoft.Extensions.DependencyInjection.ActivatorUtilities+ConstructorInfoEx[]>+VolatileNode[]
7a5ac3617040       5         320 System.Action<Microsoft.AspNetCore.Builder.EndpointBuilder>
7a5ac3cb66e0       8         320 Microsoft.Extensions.Options.ConfigureNamedOptions<Microsoft.Extensions.Options.StartupValidatorOptions, Microsoft.Extensions.Options.IOptionsMonitor<Microsoft.Extensions.DependencyInjection.MetricsServiceExtensions+NoOpOptions>>
7a5ac3cb8830       1         320 System.Collections.Concurrent.ConcurrentDictionary<System.String, System.Lazy<Microsoft.Extensions.Diagnostics.Metrics.MetricsOptions>>+VolatileNode[]
7a5ac3cbc5e0       1         320 System.Collections.Concurrent.ConcurrentDictionary<System.String, System.Lazy<Microsoft.Extensions.DependencyInjection.MetricsServiceExtensions+NoOpOptions>>+VolatileNode[]
7a5ac3d22658       1         320 System.Collections.Concurrent.ConcurrentDictionary<System.String, System.Int32>+VolatileNode[]
7a5ac3d2a7a8       1         320 System.Collections.Concurrent.ConcurrentDictionary<System.Type, System.Lazy<Microsoft.AspNetCore.Http.RequestDelegate>>+VolatileNode[]
7a5ac3d5c490       1         320 System.Collections.Concurrent.ConcurrentDictionary<Microsoft.AspNetCore.Http.Endpoint, Microsoft.AspNetCore.Authorization.AuthorizationPolicy>+VolatileNode[]
7a5ac3d77118       1         320 System.Collections.Concurrent.ConcurrentDictionary<System.String, System.Lazy<Microsoft.AspNetCore.HostFiltering.HostFilteringOptions>>+VolatileNode[]
7a5ac3e09c88       1         320 System.Collections.Concurrent.ConcurrentDictionary<System.IntPtr, System.Net.Sockets.SocketAsyncEngine+SocketAsyncContextWrapper>+VolatileNode[]
7a5ac3fc9510       8         320 Microsoft.AspNetCore.Hosting.HostingApplicationDiagnostics+Log+HostingLogScope
7a5ac40d70e8       1         320 System.Collections.Concurrent.ConcurrentDictionary<System.Int32, Microsoft.AspNetCore.Routing.EndpointDataSource>+VolatileNode[]
7a5ac40d7460       1         320 System.Collections.Concurrent.ConcurrentDictionary<System.Int32, Microsoft.AspNetCore.Mvc.Routing.DynamicControllerEndpointSelector>+VolatileNode[]
7a5ac1bda428      10         320 System.Linq.Expressions.Expression1<System.Func<ForexExchange.Models.AccountingDocument, ForexExchange.Models.Customer>>
7a5ac1bda710      10         320 System.Linq.Expressions.Expression1<System.Func<ForexExchange.Models.AccountingDocument, ForexExchange.Models.BankAccount>>
7a5ac416dc18       1         320 System.Collections.Concurrent.ConcurrentDictionary<System.String, System.Lazy<Microsoft.AspNetCore.Authentication.Cookies.CookieAuthenticationOptions>>+VolatileNode[]
7a5ac45443d0       1         320 System.Collections.Concurrent.ConcurrentDictionary<System.Linq.Expressions.LambdaExpression, System.String>+VolatileNode[]
7a5ac45476e0       1         320 System.Collections.Concurrent.ConcurrentDictionary<Microsoft.AspNetCore.Mvc.Razor.RazorPageActivator+CacheKey, Microsoft.AspNetCore.Mvc.Razor.RazorPagePropertyActivator>+VolatileNode[]
7a5ac455d350       1         320 System.Collections.Concurrent.ConcurrentDictionary<System.Type, Microsoft.Extensions.Internal.PropertyActivator<Microsoft.AspNetCore.Mvc.ViewComponents.ViewComponentContext>[]>+VolatileNode[]
7a5ac45734f0       1         320 System.Collections.Concurrent.ConcurrentDictionary<Microsoft.AspNetCore.Mvc.ModelBinding.ModelMetadata, Microsoft.AspNetCore.Mvc.ModelBinding.Validation.ClientValidatorCache+CacheEntry>+VolatileNode[]
7a5ac45c3878       1         320 System.Collections.Concurrent.ConcurrentDictionary<Microsoft.AspNetCore.Routing.RouteEndpoint, Microsoft.AspNetCore.Routing.Template.TemplateBinder>+VolatileNode[]
7a5ac4959e98       5         320 System.Func<System.Runtime.CompilerServices.CallSite, System.Object, System.Int32>
7a5ac50f82f8       1         320 System.Collections.Concurrent.ConcurrentDictionary<Newtonsoft.Json.Utilities.StructMultiKey<System.Type, Newtonsoft.Json.Serialization.NamingStrategy>, Newtonsoft.Json.Utilities.EnumInfo>+VolatileNode[]
7a5ac50ff928       1         320 System.Collections.Concurrent.ConcurrentDictionary<Newtonsoft.Json.Utilities.StructMultiKey<System.Type, System.Type>, System.Func<System.Object, System.Object>>+VolatileNode[]
7a5ac516dcd8       1         320 System.Collections.Concurrent.ConcurrentDictionary<System.Type, System.Func<System.Object[], System.Object>>+VolatileNode[]
7a5ac5201f80       1         320 System.Collections.Concurrent.ConcurrentDictionary<System.Object, Newtonsoft.Json.JsonObjectAttribute>+VolatileNode[]
7a5ac57c2d10       5         320 System.Func<System.Runtime.CompilerServices.CallSite, System.Object, System.Boolean>
7a5ac5804ce0       1         320 System.Collections.Concurrent.ConcurrentDictionary<System.Reflection.MemberInfo, System.Func<System.Object, System.Boolean>>+VolatileNode[]
7a5ac1e39098       5         320 System.Func<System.Int64, System.Int64, System.Boolean>
7a5ac33aec70       5         320 System.Func<Microsoft.EntityFrameworkCore.Query.QueryContext, System.Data.Common.DbDataReader, System.Object[]>
7a5ac5c5da08       5         320 System.Action<ForexExchange.Models.AccountingDocument, System.Nullable<System.Int32>>
7a5ac5c756c0       1         320 System.Collections.Concurrent.ConcurrentDictionary<System.Reflection.MemberInfo, System.Func<System.Object, ForexExchange.Models.DocumentType>>+VolatileNode[]
7a5ac5c79128       1         320 System.Collections.Concurrent.ConcurrentDictionary<System.Reflection.MemberInfo, System.Func<System.Object, ForexExchange.Models.PayerType>>+VolatileNode[]
7a5ac5c7bc18       1         320 System.Collections.Concurrent.ConcurrentDictionary<System.Reflection.MemberInfo, System.Func<System.Object, ForexExchange.Models.ReceiverType>>+VolatileNode[]
7a5ac5c7e670       1         320 System.Collections.Concurrent.ConcurrentDictionary<System.Reflection.MemberInfo, System.Func<System.Object, System.Nullable<System.Int32>>>+VolatileNode[]
7a5ac5d14e28       5         320 System.Action<ForexExchange.Models.Customer, System.String>
7a5ac5d6ed70       5         320 System.Action<ForexExchange.Models.Order, System.Int32>
7a5ac5e9bf28       5         320 Microsoft.EntityFrameworkCore.Update.Internal.SimpleNullableRowForeignKeyValueFactory<System.Int32, System.Int32>
7a5ac6e4af78       5         320 System.Action<System.Runtime.CompilerServices.CallSite, AspNetCoreGeneratedDocument.Views_Orders_Index, System.String, System.Int32, System.Object, System.Int32, System.Int32, System.Boolean>
7a5ac6e4ab60       5         320 System.Func<System.Runtime.CompilerServices.CallSite, System.Object, System.Collections.IEnumerable>
7a5ac5bb3de0       4         320 System.Collections.Generic.Dictionary<System.Int64, Microsoft.EntityFrameworkCore.ChangeTracking.Internal.InternalEntityEntry>
7a5ac6553980       1         320 System.Collections.Concurrent.ConcurrentDictionary<System.Reflection.MemberInfo, System.Func<System.Object, System.Int32>>+VolatileNode[]
7a5ac69cc218       1         320 System.Net.Http.HttpTelemetry
7a5ac6bdd1f8       1         320 System.Collections.Concurrent.ConcurrentDictionary<System.Net.Security.SslSessionsCache+SslCredKey, System.Net.Security.SafeCredentialReference>+VolatileNode[]
7a5ac6be1540       1         320 System.Collections.Concurrent.ConcurrentDictionary<Interop+OpenSsl+SslContextCacheKey, Microsoft.Win32.SafeHandles.SafeSslContextHandle>+VolatileNode[]
7a5ac16a4f30       4         320 Microsoft.Data.Sqlite.SqliteConnectionStringBuilder
7a5ac6ca1fb0       1         320 System.Collections.Concurrent.ConcurrentDictionary<System.Int32, System.String>+VolatileNode[]
7a5ac3fc3860       5         320 Microsoft.AspNetCore.Http.DefaultHttpResponse
7a5ac416bbd0       8         320 Microsoft.AspNetCore.Authentication.AuthenticationTicket
7a5ac5168610       4         320 System.Collections.Generic.Dictionary<Newtonsoft.Json.Utilities.StructMultiKey<System.Type, System.Type>, Newtonsoft.Json.Serialization.JsonContract>
7a5ac20e59a0       2         320 ForexExchange.Controllers.ReportsController
7a5ac7447838       1         320 System.Collections.Concurrent.ConcurrentDictionary<System.Diagnostics.Metrics.Instrument, System.Diagnostics.Metrics.InstrumentState>+VolatileNode[]
7a5ac203ac08       7         328 Microsoft.EntityFrameworkCore.Query.IMemberTranslator[]
7a5ac20430a8       7         328 Microsoft.EntityFrameworkCore.Query.IAggregateMethodCallTranslator[]
7a5ac2069f40       3         328 System.Reflection.TypeInfo[]
7a5ac0e08ba8       7         336 System.Collections.Immutable.ImmutableSortedDictionary<System.Type, System.ValueTuple<Microsoft.EntityFrameworkCore.Infrastructure.IDbContextOptionsExtension, System.Int32>>
7a5ac22640f8       7         336 System.Transactions.ContextData
7a5ac3afc218       3         336 Microsoft.AspNetCore.SignalR.Internal.HubMethodDescriptor
7a5ac3b1e1c8       2         336 Microsoft.AspNetCore.Routing.RouteEndpointDataSource+RouteEntry[]
7a5ac3e0ddf8       1         336 Microsoft.AspNetCore.Server.Kestrel.Core.Internal.Infrastructure.KestrelEventSource
7a5ac3fc8160       7         336 System.Diagnostics.RandomNumberGenerator
7a5ac34da4b0       7         336 System.Threading.AsyncLocalValueMap+TwoElementAsyncLocalValueMap
7a5ac3fc07d8       7         336 Microsoft.AspNetCore.Server.Kestrel.Core.Internal.Http.HttpResponsePipeWriter
7a5ac22627b8       6         336 System.Collections.Concurrent.ConcurrentDictionary<SQLitePCL.FuncName, System.IDisposable>+Tables
7a5ac6bfb0f8      14         336 System.Formats.Asn1.Asn1Tag
7a5ac57c0330      11         344 System.Func<System.Runtime.CompilerServices.CallSite, System.Object, System.Boolean, System.Object>[]
7a5ac20c8780       1         344 AspNetCoreGeneratedDocument.Views_Reports_BankAccountReports
7a5abdf81730      11         352 System.Buffers.SharedArrayPoolPartitions+Partition[]
7a5abdf81520      11         352 System.Buffers.SharedArrayPoolPartitions+Partition
7a5ac13a4bf8      11         352 System.Resources.ResourceManager+CultureNameResourceSetPair
7a5ac1e3aad0       4         352 Microsoft.EntityFrameworkCore.ChangeTracking.Internal.NullableValueComparer<System.Decimal>
7a5ac3f82f08      11         352 Microsoft.AspNetCore.Server.Kestrel.Core.Internal.ConnectionLogScope
7a5ac466bd28       4         352 Internal.PaddedReference[]
7a5ac3f90c58      11         352 Microsoft.AspNetCore.Http.HeaderDictionary
7a5ac0a643a0      15         360 System.Runtime.CompilerServices.StrongBox<System.Boolean>
7a5ac0d5e650       5         360 Microsoft.Extensions.Diagnostics.Metrics.FactoryMeter
7a5ac161ce68       5         360 Microsoft.EntityFrameworkCore.Diagnostics.IInterceptorAggregator[]
7a5ac137ade8       5         360 Microsoft.EntityFrameworkCore.ChangeTracking.Internal.ChangeDetector
7a5ac1372ac8       5         360 Microsoft.EntityFrameworkCore.Storage.RelationalConnectionDependencies
7a5abc0b4460      15         360 System.Int64
7a5ac457fd48       3         360 Microsoft.AspNetCore.Mvc.ViewFeatures.Buffers.ViewBufferValue[][]
7a5ac134ea58       5         360 Microsoft.EntityFrameworkCore.Update.Internal.CommandBatchPreparerDependencies
7a5ac2063c28       5         360 Microsoft.EntityFrameworkCore.ChangeTracking.Internal.EntityReferenceMap
7a5ac3479dd8       9         360 Microsoft.EntityFrameworkCore.ChangeTracking.Internal.KeyValueFactoryFactory+<>c__DisplayClass6_0<System.String>
7a5ac3560888      15         360 Microsoft.EntityFrameworkCore.ChangeTracking.Internal.SimplePrincipalKeyValueFactory<System.Int32>+NoNullsCustomEqualityComparer
7a5ac35bbef0       1         360 System.Text.Json.Serialization.Metadata.JsonTypeInfo<Microsoft.AspNetCore.StaticAssets.StaticAssetsManifest>
7a5ac35f8a38       1         360 System.Text.Json.Serialization.Metadata.JsonTypeInfo<System.Collections.Generic.List<Microsoft.AspNetCore.StaticAssets.StaticAssetDescriptor>>
7a5ac35fce48       1         360 System.Text.Json.Serialization.Metadata.JsonTypeInfo<Microsoft.AspNetCore.StaticAssets.StaticAssetDescriptor>
7a5ac3604a48       1         360 System.Text.Json.Serialization.Metadata.JsonTypeInfo<System.Collections.Generic.IReadOnlyList<Microsoft.AspNetCore.StaticAssets.StaticAssetSelector>>
7a5ac3605a38       1         360 System.Text.Json.Serialization.Metadata.JsonTypeInfo<Microsoft.AspNetCore.StaticAssets.StaticAssetSelector>
7a5ac3607cd0       1         360 System.Text.Json.Serialization.Metadata.JsonTypeInfo<System.Collections.Generic.IReadOnlyList<Microsoft.AspNetCore.StaticAssets.StaticAssetProperty>>
7a5ac3608cc0       1         360 System.Text.Json.Serialization.Metadata.JsonTypeInfo<Microsoft.AspNetCore.StaticAssets.StaticAssetProperty>
7a5ac3609ea0       1         360 System.Text.Json.Serialization.Metadata.JsonTypeInfo<System.Collections.Generic.IReadOnlyList<Microsoft.AspNetCore.StaticAssets.StaticAssetResponseHeader>>
7a5ac360ae90       1         360 System.Text.Json.Serialization.Metadata.JsonTypeInfo<Microsoft.AspNetCore.StaticAssets.StaticAssetResponseHeader>
7a5ac3932e28       9         360 Microsoft.AspNetCore.Mvc.RouteAttribute
7a5ac3f9e468       9         360 System.Tuple<System.UInt64, System.UInt64, Microsoft.AspNetCore.Server.Kestrel.Core.Internal.Http.HttpMethod, System.Int32>
7a5ac4914860       9         360 Microsoft.CSharp.RuntimeBinder.Semantics.NullableType
7a5ac6f4e098       1         360 System.Text.Json.Serialization.Metadata.JsonTypeInfo<<>f__AnonymousType199<System.Int32, System.Int32, System.DateTime>>
7a5ac655f8c0       1         360 System.Text.Json.Serialization.Metadata.JsonTypeInfo<System.Collections.Generic.Dictionary<System.Int32, <>f__AnonymousType43<System.String, System.String, System.Int32>>>
7a5ac6571b08       1         360 System.Text.Json.Serialization.Metadata.JsonTypeInfo<<>f__AnonymousType43<System.String, System.String, System.Int32>>
7a5ac6608490       1         360 System.Text.Json.Serialization.Metadata.JsonTypeInfo<<>f__AnonymousType197<System.Int32, System.Int32, System.Int32, System.Int32, System.Decimal, System.Decimal, System.Decimal>>
7a5ac660afa0       1         360 System.Text.Json.Serialization.Metadata.JsonTypeInfo<System.Decimal>
7a5ac688f308       1         360 System.Text.Json.Serialization.Metadata.JsonTypeInfo<<>f__AnonymousType59<System.String, System.String, System.String, System.String, System.String, <>f__AnonymousType229<System.String, System.String, System.String, System.DateTime, System.String, System.Collections.Generic.Dictionary<System.String, System.Object>, ForexExchange.Services.Notifications.RelatedEntity>>>
7a5ac68918e8       1         360 System.Text.Json.Serialization.Metadata.JsonTypeInfo<<>f__AnonymousType229<System.String, System.String, System.String, System.DateTime, System.String, System.Collections.Generic.Dictionary<System.String, System.Object>, ForexExchange.Services.Notifications.RelatedEntity>>
7a5ac6896d38       1         360 System.Text.Json.Serialization.Metadata.JsonTypeInfo<System.DateTime>
7a5ac68984e8       1         360 System.Text.Json.Serialization.Metadata.JsonTypeInfo<System.Collections.Generic.Dictionary<System.String, System.Object>>
7a5ac35aec70       1         360 System.Text.Json.Serialization.Metadata.JsonTypeInfo<System.Object>
7a5ac6898fc8       1         360 System.Text.Json.Serialization.Metadata.JsonTypeInfo<ForexExchange.Services.Notifications.RelatedEntity>
7a5ac689b9f8       1         360 System.Text.Json.Serialization.Metadata.JsonTypeInfo<System.ValueType>
7a5ac689c6b0       1         360 System.Text.Json.Serialization.Metadata.JsonTypeInfo<System.IComparable>
7a5ac689e888       1         360 System.Text.Json.Serialization.Metadata.JsonTypeInfo<System.IConvertible>
7a5ac689f158       1         360 System.Text.Json.Serialization.Metadata.JsonTypeInfo<System.ISpanFormattable>
7a5ac689fc40       1         360 System.Text.Json.Serialization.Metadata.JsonTypeInfo<System.IFormattable>
7a5ac68a0558       1         360 System.Text.Json.Serialization.Metadata.JsonTypeInfo<System.IComparable<System.Int32>>
7a5ac68a0e28       1         360 System.Text.Json.Serialization.Metadata.JsonTypeInfo<System.IEquatable<System.Int32>>
7a5ac68a16f8       1         360 System.Text.Json.Serialization.Metadata.JsonTypeInfo<System.Numerics.IBinaryInteger<System.Int32>>
7a5ac68a1fc8       1         360 System.Text.Json.Serialization.Metadata.JsonTypeInfo<System.Numerics.IBinaryNumber<System.Int32>>
7a5ac68a2898       1         360 System.Text.Json.Serialization.Metadata.JsonTypeInfo<System.Numerics.IBitwiseOperators<System.Int32, System.Int32, System.Int32>>
7a5ac68a3168       1         360 System.Text.Json.Serialization.Metadata.JsonTypeInfo<System.Numerics.INumber<System.Int32>>
7a5ac68a3a38       1         360 System.Text.Json.Serialization.Metadata.JsonTypeInfo<System.Numerics.IComparisonOperators<System.Int32, System.Int32, System.Boolean>>
7a5ac68a4308       1         360 System.Text.Json.Serialization.Metadata.JsonTypeInfo<System.Numerics.IEqualityOperators<System.Int32, System.Int32, System.Boolean>>
7a5ac68a4bd8       1         360 System.Text.Json.Serialization.Metadata.JsonTypeInfo<System.Numerics.IModulusOperators<System.Int32, System.Int32, System.Int32>>
7a5ac68a54a8       1         360 System.Text.Json.Serialization.Metadata.JsonTypeInfo<System.Numerics.INumberBase<System.Int32>>
7a5ac68a5d78       1         360 System.Text.Json.Serialization.Metadata.JsonTypeInfo<System.Numerics.IAdditionOperators<System.Int32, System.Int32, System.Int32>>
7a5ac68a6648       1         360 System.Text.Json.Serialization.Metadata.JsonTypeInfo<System.Numerics.IAdditiveIdentity<System.Int32, System.Int32>>
7a5ac68a6f18       1         360 System.Text.Json.Serialization.Metadata.JsonTypeInfo<System.Numerics.IDecrementOperators<System.Int32>>
7a5ac68a77e8       1         360 System.Text.Json.Serialization.Metadata.JsonTypeInfo<System.Numerics.IDivisionOperators<System.Int32, System.Int32, System.Int32>>
7a5ac68a80b8       1         360 System.Text.Json.Serialization.Metadata.JsonTypeInfo<System.Numerics.IIncrementOperators<System.Int32>>
7a5ac68a8988       1         360 System.Text.Json.Serialization.Metadata.JsonTypeInfo<System.Numerics.IMultiplicativeIdentity<System.Int32, System.Int32>>
7a5ac68a9258       1         360 System.Text.Json.Serialization.Metadata.JsonTypeInfo<System.Numerics.IMultiplyOperators<System.Int32, System.Int32, System.Int32>>
7a5ac68a9b28       1         360 System.Text.Json.Serialization.Metadata.JsonTypeInfo<System.ISpanParsable<System.Int32>>
7a5ac68aa3f8       1         360 System.Text.Json.Serialization.Metadata.JsonTypeInfo<System.IParsable<System.Int32>>
7a5ac68aacc8       1         360 System.Text.Json.Serialization.Metadata.JsonTypeInfo<System.Numerics.ISubtractionOperators<System.Int32, System.Int32, System.Int32>>
7a5ac68ab598       1         360 System.Text.Json.Serialization.Metadata.JsonTypeInfo<System.Numerics.IUnaryPlusOperators<System.Int32, System.Int32>>
7a5ac68abe68       1         360 System.Text.Json.Serialization.Metadata.JsonTypeInfo<System.Numerics.IUnaryNegationOperators<System.Int32, System.Int32>>
7a5ac68ac738       1         360 System.Text.Json.Serialization.Metadata.JsonTypeInfo<System.IUtf8SpanFormattable>
7a5ac68ad008       1         360 System.Text.Json.Serialization.Metadata.JsonTypeInfo<System.IUtf8SpanParsable<System.Int32>>
7a5ac68ad8d8       1         360 System.Text.Json.Serialization.Metadata.JsonTypeInfo<System.Numerics.IShiftOperators<System.Int32, System.Int32, System.Int32>>
7a5ac68ae1a8       1         360 System.Text.Json.Serialization.Metadata.JsonTypeInfo<System.Numerics.IMinMaxValue<System.Int32>>
7a5ac68aea78       1         360 System.Text.Json.Serialization.Metadata.JsonTypeInfo<System.Numerics.ISignedNumber<System.Int32>>
7a5ac68af348       1         360 System.Text.Json.Serialization.Metadata.JsonTypeInfo<System.IBinaryIntegerParseAndFormatInfo<System.Int32>>
7a5ac68afce8       1         360 System.Text.Json.Serialization.Metadata.JsonTypeInfo<System.IComparable<System.Decimal>>
7a5ac68b05e0       1         360 System.Text.Json.Serialization.Metadata.JsonTypeInfo<System.IEquatable<System.Decimal>>
7a5ac68b0eb0       1         360 System.Text.Json.Serialization.Metadata.JsonTypeInfo<System.Runtime.Serialization.ISerializable>
7a5ac68b1780       1         360 System.Text.Json.Serialization.Metadata.JsonTypeInfo<System.Runtime.Serialization.IDeserializationCallback>
7a5ac68b2050       1         360 System.Text.Json.Serialization.Metadata.JsonTypeInfo<System.Numerics.IFloatingPoint<System.Decimal>>
7a5ac68b2920       1         360 System.Text.Json.Serialization.Metadata.JsonTypeInfo<System.Numerics.IFloatingPointConstants<System.Decimal>>
7a5ac68b31f0       1         360 System.Text.Json.Serialization.Metadata.JsonTypeInfo<System.Numerics.INumberBase<System.Decimal>>
7a5ac68b3ac0       1         360 System.Text.Json.Serialization.Metadata.JsonTypeInfo<System.Numerics.IAdditionOperators<System.Decimal, System.Decimal, System.Decimal>>
7a5ac68b4390       1         360 System.Text.Json.Serialization.Metadata.JsonTypeInfo<System.Numerics.IAdditiveIdentity<System.Decimal, System.Decimal>>
7a5ac68b4c60       1         360 System.Text.Json.Serialization.Metadata.JsonTypeInfo<System.Numerics.IDecrementOperators<System.Decimal>>
7a5ac68b5530       1         360 System.Text.Json.Serialization.Metadata.JsonTypeInfo<System.Numerics.IDivisionOperators<System.Decimal, System.Decimal, System.Decimal>>
7a5ac68b5e00       1         360 System.Text.Json.Serialization.Metadata.JsonTypeInfo<System.Numerics.IEqualityOperators<System.Decimal, System.Decimal, System.Boolean>>
7a5ac68b66d0       1         360 System.Text.Json.Serialization.Metadata.JsonTypeInfo<System.Numerics.IIncrementOperators<System.Decimal>>
7a5ac68b6fa0       1         360 System.Text.Json.Serialization.Metadata.JsonTypeInfo<System.Numerics.IMultiplicativeIdentity<System.Decimal, System.Decimal>>
7a5ac68b7870       1         360 System.Text.Json.Serialization.Metadata.JsonTypeInfo<System.Numerics.IMultiplyOperators<System.Decimal, System.Decimal, System.Decimal>>
7a5ac68b8140       1         360 System.Text.Json.Serialization.Metadata.JsonTypeInfo<System.ISpanParsable<System.Decimal>>
7a5ac68b8a10       1         360 System.Text.Json.Serialization.Metadata.JsonTypeInfo<System.IParsable<System.Decimal>>
7a5ac68b92e0       1         360 System.Text.Json.Serialization.Metadata.JsonTypeInfo<System.Numerics.ISubtractionOperators<System.Decimal, System.Decimal, System.Decimal>>
7a5ac68b9bb0       1         360 System.Text.Json.Serialization.Metadata.JsonTypeInfo<System.Numerics.IUnaryPlusOperators<System.Decimal, System.Decimal>>
7a5ac68ba480       1         360 System.Text.Json.Serialization.Metadata.JsonTypeInfo<System.Numerics.IUnaryNegationOperators<System.Decimal, System.Decimal>>
7a5ac68bad50       1         360 System.Text.Json.Serialization.Metadata.JsonTypeInfo<System.IUtf8SpanParsable<System.Decimal>>
7a5ac68bb620       1         360 System.Text.Json.Serialization.Metadata.JsonTypeInfo<System.Numerics.INumber<System.Decimal>>
7a5ac68bbef0       1         360 System.Text.Json.Serialization.Metadata.JsonTypeInfo<System.Numerics.IComparisonOperators<System.Decimal, System.Decimal, System.Boolean>>
7a5ac68bc7c0       1         360 System.Text.Json.Serialization.Metadata.JsonTypeInfo<System.Numerics.IModulusOperators<System.Decimal, System.Decimal, System.Decimal>>
7a5ac68bd090       1         360 System.Text.Json.Serialization.Metadata.JsonTypeInfo<System.Numerics.ISignedNumber<System.Decimal>>
7a5ac68bd960       1         360 System.Text.Json.Serialization.Metadata.JsonTypeInfo<System.Numerics.IMinMaxValue<System.Decimal>>
7a5ac68bfec0       1         360 System.Text.Json.Serialization.Metadata.JsonTypeInfo<System.Collections.IEnumerable>
7a5ac68d10f8       1         360 System.Text.Json.Serialization.Metadata.JsonTypeInfo<System.Collections.Generic.IEnumerable<System.Char>>
7a5ac68d17c0       1         360 System.Text.Json.Serialization.Metadata.JsonTypeInfo<System.Char>
7a5ac68d2960       1         360 System.Text.Json.Serialization.Metadata.JsonTypeInfo<System.IComparable<System.String>>
7a5ac68d3230       1         360 System.Text.Json.Serialization.Metadata.JsonTypeInfo<System.IEquatable<System.String>>
7a5ac68d3b00       1         360 System.Text.Json.Serialization.Metadata.JsonTypeInfo<System.ICloneable>
7a5ac68d43d0       1         360 System.Text.Json.Serialization.Metadata.JsonTypeInfo<System.ISpanParsable<System.String>>
7a5ac68d4ca0       1         360 System.Text.Json.Serialization.Metadata.JsonTypeInfo<System.IParsable<System.String>>
7a5ac6bd88e0       1         360 System.Net.Security.NetSecurityTelemetry
7a5ac45c9e70      15         360 Microsoft.AspNetCore.Mvc.ViewFeatures.Buffers.ViewBuffer+EncodingWrapper
7a5ac1661e20       2         368 Microsoft.EntityFrameworkCore.Metadata.Internal.Model
7a5ac3104b40       9         376 Microsoft.AspNetCore.Identity.IRoleValidator<Microsoft.AspNetCore.Identity.IdentityRole>[]
7a5abdd48b50       6         384 System.IO.FileSystemEventHandler
7a5ac58deee8       6         384 System.Func<ForexExchange.Models.CustomerBalance, System.Int32>
7a5abd9a8d28      12         384 System.Version
7a5abcdbab68       6         384 System.Action<Microsoft.AspNetCore.Identity.IdentityOptions>
7a5abea4f748       8         384 System.Diagnostics.ActivitySource
7a5ac1ba4660      16         384 System.Runtime.CompilerServices.TrueReadOnlyCollection<System.Reflection.MemberInfo>
7a5ac19f52f0       3         384 System.Collections.Generic.Dictionary<System.String, System.Reflection.MemberInfo>+Entry[]
7a5ac22740b0       8         384 Microsoft.Data.Sqlite.SqliteConnectionInternal[]
7a5ac349ca40       3         384 System.Collections.Generic.Dictionary<System.String, Microsoft.EntityFrameworkCore.ChangeTracking.Internal.InternalEntityEntry>+Entry[]
7a5ac3566fa8       3         384 System.Collections.Generic.Dictionary<Microsoft.EntityFrameworkCore.Metadata.IKey, Microsoft.EntityFrameworkCore.ChangeTracking.Internal.IIdentityMap>+Entry[]
7a5ac356db58       4         384 System.Collections.Generic.Dictionary<Microsoft.EntityFrameworkCore.Metadata.IForeignKey, Microsoft.EntityFrameworkCore.ChangeTracking.Internal.IDependentsMap>+Entry[]
7a5ac3d8a0a0      12         384 System.Net.IPEndPoint
7a5ac1bbece8       6         384 System.Func<ForexExchange.Models.ExchangeRate, ForexExchange.Models.Currency>
7a5ac5ea2c48       6         384 System.Func<Microsoft.EntityFrameworkCore.Update.IColumnModification, System.Boolean>
7a5ac1bfbf40       6         384 System.Func<ForexExchange.Models.CurrencyPoolHistory, System.Decimal>
7a5ac5c51120       6         384 System.Func<ForexExchange.Models.AccountingDocument, System.DateTime>
7a5ac5c5f0c8       6         384 System.Func<ForexExchange.Models.AccountingDocument, System.Nullable<System.DateTime>>
7a5abdca1080       6         384 System.RuntimeType+CompositeCacheEntry
7a5ac5d6f4f0       6         384 System.Func<ForexExchange.Models.Order, System.Nullable<System.DateTime>>
7a5ac1bd3428       6         384 System.Func<ForexExchange.Models.Order, ForexExchange.Models.Currency>
7a5ac5d84500       6         384 System.Action<ForexExchange.Models.Currency, System.Collections.Generic.ICollection<ForexExchange.Models.Order>>
7a5ac5ea0588       8         384 Microsoft.EntityFrameworkCore.Update.Internal.SimpleRowKeyValueFactory<System.Int32>
7a5ac630e880       6         384 System.Func<Microsoft.EntityFrameworkCore.Update.IReadOnlyModificationCommand, System.ValueTuple<System.Int64, System.Boolean>>
7a5ac6e19d58       6         384 System.Action<System.Runtime.CompilerServices.CallSite, AspNetCoreGeneratedDocument.Views_Orders_Index, System.Object>
7a5ac1bfe668       6         384 System.Func<ForexExchange.Models.BankAccountBalanceHistory, System.Decimal>
7a5ac5e9ce68       6         384 Microsoft.EntityFrameworkCore.Update.Internal.SimpleNonNullableRowForeignKeyValueFactory<System.Int32, System.Int32>
7a5ac1bf8ce0       6         384 System.Func<ForexExchange.Models.CustomerBalanceHistory, System.Decimal>
7a5ac6515878       6         384 System.Func<System.Runtime.CompilerServices.CallSite, System.Object, System.Collections.Generic.List<Microsoft.AspNetCore.Mvc.Rendering.SelectListItem>, System.Object>
7a5ac6554310       8         384 System.Collections.Concurrent.ConcurrentDictionary<System.Reflection.MemberInfo, System.Func<ForexExchange.Models.Order, System.Object>>+Node
7a5ac6cbfc08       6         384 System.Func<ForexExchange.Models.PushSubscription, System.Int32>
7a5ac7325a60       6         384 System.Action<System.Runtime.CompilerServices.CallSite, AspNetCoreGeneratedDocument.Views_AccountingDocuments_Index, System.Object>
7a5ac392d890       2         384 Microsoft.AspNetCore.Mvc.Infrastructure.ControllerActionInvoker
7a5ac7451d98       6         384 System.Func<System.Diagnostics.Tracing.CounterPayload, System.String>
7a5ac5c74a60       7         392 System.Collections.Concurrent.ConcurrentDictionary<System.Reflection.MemberInfo, System.Func<ForexExchange.Models.AccountingDocument, System.Object>>+Tables
7a5ac5c75520       7         392 System.Collections.Concurrent.ConcurrentDictionary<Microsoft.AspNetCore.Mvc.ViewFeatures.MemberExpressionCacheKey, System.Func<ForexExchange.Models.AccountingDocument, System.Object>>+Tables
7a5ac3f984e8       7         392 System.IO.Pipelines.BufferSegmentStack+SegmentAsValueType[]
7a5abc194ed0       1         400 System.Diagnostics.Tracing.RuntimeEventSource
7a5ac0689bd0       5         400 System.Buffers.AsciiByteSearchValues
7a5ac0d54408       5         400 System.Collections.Generic.Dictionary<System.Type, System.String>
7a5ac15e1f00       5         400 System.Collections.Generic.Dictionary<System.ValueTuple<System.Type, System.String>, System.Object>
7a5ac161db98       5         400 System.Collections.Generic.Dictionary<System.Type, Microsoft.EntityFrameworkCore.Diagnostics.IInterceptorAggregator>
7a5ac1385c98       5         400 Microsoft.EntityFrameworkCore.Metadata.Conventions.Infrastructure.ProviderConventionSetBuilderDependencies
7a5ac2049b50       5         400 System.Collections.Generic.Dictionary<System.Linq.Expressions.Expression, Microsoft.EntityFrameworkCore.Query.LiftableConstantProcessor+LiftedConstantOptimizer+ExpressionInfo>
7a5ac137ca08       5         400 Microsoft.EntityFrameworkCore.Query.Internal.QueryCompiler
7a5ac24e8fa0       5         400 System.Collections.Generic.Dictionary<System.String, Microsoft.AspNetCore.Identity.IUserTwoFactorTokenProvider<ForexExchange.Models.ApplicationUser>>
7a5ac356a9c0       5         400 System.Collections.Generic.Dictionary<System.Int32, System.Collections.Generic.HashSet<Microsoft.EntityFrameworkCore.Update.IUpdateEntry>>
7a5ac13bbf38       5         400 ForexExchange.Models.SystemSettings
7a5ac357e260       5         400 Microsoft.EntityFrameworkCore.ChangeTracking.Internal.Snapshot<System.Int32, System.DateTime, System.String, System.String, System.Boolean, System.String, System.String, System.DateTime, System.String>
7a5ac36be228      10         400 Microsoft.AspNetCore.Mvc.ModelBinding.BindingSource
7a5ac44c5d98       5         400 Microsoft.AspNetCore.Mvc.ModelBinding.ModelStateDictionary+ModelStateNode
7a5ac36a4610       7         408 Newtonsoft.Json.JsonConverter[]
7a5ac47920e0      17         408 Microsoft.AspNetCore.Authorization.Infrastructure.RolesAuthorizationRequirement
7a5abd85dee8       2         416 System.Globalization.CalendarData[]
7a5abd661f80      13         416 Microsoft.Extensions.Configuration.ConfigurationReloadToken
7a5ac3530a38      13         416 System.Collections.Generic.List<System.Boolean>
7a5ac48ffea0       1         416 Microsoft.CSharp.RuntimeBinder.Semantics.PredefinedTypeFacts+PredefinedTypeInfo[]
7a5ac4971c28       1         416 Microsoft.CSharp.RuntimeBinder.Semantics.AggregateSymbol[]
7a5ac528e478       4         416 System.Threading.Channels.AsyncOperation<System.Boolean>
7a5ac1d56650      13         424 Microsoft.EntityFrameworkCore.Metadata.IForeignKey[]
7a5abea44ac8       6         432 System.Diagnostics.Metrics.ObservableGauge<System.Int64>
7a5ac0df6140       9         432 Microsoft.Extensions.DependencyInjection.ServiceLookup.DynamicServiceProviderEngine+<>c__DisplayClass2_0
7a5ac1837bd8       1         432 System.Collections.Generic.Dictionary<System.Type, System.Collections.Generic.SortedSet<System.Type>>+Entry[]
7a5ac18669b0       1         432 System.Collections.Generic.Dictionary<System.Type, System.Collections.Generic.HashSet<Microsoft.EntityFrameworkCore.Metadata.Internal.Property>>+Entry[]
7a5ac1eaff18       6         432 System.String[][]
7a5ac24eb530       9         432 Microsoft.AspNetCore.DataProtection.KeyManagement.KeyRingBasedDataProtector
7a5ac3360f40       1         432 System.Collections.Generic.Dictionary<System.Linq.Expressions.ExpressionType, System.Collections.Generic.IReadOnlyCollection<System.Type>>+Entry[]
7a5ac3478770       9         432 Microsoft.EntityFrameworkCore.ChangeTracking.Internal.SimpleFullyNullableDependentKeyValueFactory<System.String>
7a5ac38a2b40       1         432 System.Collections.Generic.Dictionary<System.Int32, Microsoft.AspNetCore.Mvc.ClientErrorData>+Entry[]
7a5ac4166fa8       9         432 Microsoft.AspNetCore.Authentication.AuthenticateResult
7a5ac523cd00       1         432 System.Collections.Generic.Dictionary<System.Type, Newtonsoft.Json.ReadType>+Entry[]
7a5ac5e0cb80       9         432 Microsoft.EntityFrameworkCore.Metadata.Internal.ClrPropertyGetter<ForexExchange.Models.AccountingDocument, ForexExchange.Models.AccountingDocument, System.String>
7a5ac6e6bd48       1         432 System.Collections.Generic.Dictionary<Microsoft.CSharp.RuntimeBinder.Semantics.CType, Microsoft.CSharp.RuntimeBinder.Semantics.NullableType>+Entry[]
7a5ac6559918       9         432 System.Collections.Concurrent.ConcurrentDictionary<System.Type, Newtonsoft.Json.Serialization.JsonContract>+Node
7a5ac6866ee8       9         432 Microsoft.EntityFrameworkCore.Metadata.Internal.ClrPropertyGetter<ForexExchange.Models.AdminActivity, ForexExchange.Models.AdminActivity, System.String>
7a5ac7450e58       1         432 System.Collections.Generic.Dictionary<System.Type, System.Diagnostics.Tracing.TraceLoggingTypeInfo>+Entry[]
7a5ac1388690       5         440 Microsoft.EntityFrameworkCore.Query.ShapedQueryCompilingExpressionVisitorDependencies
7a5ac134a160       5         440 Microsoft.EntityFrameworkCore.Query.RelationalLiftableConstantProcessor
7a5ac137b610       5         440 Microsoft.EntityFrameworkCore.Internal.DbContextDependencies
7a5ac4227220       5         440 System.Security.Claims.ClaimsIdentity
7a5abd85a858       4         448 System.Globalization.CultureInfo
7a5ac13b2898       7         448 System.Func<System.Reflection.PropertyInfo, System.Boolean>
7a5ac1a1b5b0       7         448 System.Func<Microsoft.EntityFrameworkCore.Metadata.IConventionEntityType, System.Collections.Generic.IEnumerable<Microsoft.EntityFrameworkCore.Metadata.IConventionForeignKey>>
7a5ac1dbfe00       7         448 System.Func<System.Reflection.ParameterInfo, System.Type>
7a5ac44e7c50       7         448 System.Func<ForexExchange.Models.ExchangeRate, System.Boolean>
7a5ac226f010       8         448 Microsoft.EntityFrameworkCore.Diagnostics.EventDefinition<System.String>
7a5ac2039a88      14         448 System.Collections.Generic.List<Microsoft.Extensions.Primitives.IChangeToken>
7a5ac1db5268       7         448 System.Func<System.Nullable<System.DateTime>, System.Nullable<System.DateTime>>
7a5ac36bda08      14         448 Microsoft.AspNetCore.Mvc.ModelBinding.SuppressChildValidationMetadataProvider
7a5ac4509548       7         448 System.Action<ForexExchange.Models.Currency, System.Collections.Generic.ICollection<ForexExchange.Models.ExchangeRate>>
7a5ac1bd4868      14         448 System.Linq.Expressions.Expression1<System.Func<ForexExchange.Models.Order, ForexExchange.Models.Currency>>
7a5ac578cb58       7         448 System.Func<System.Runtime.CompilerServices.CallSite, System.Object, System.Boolean, System.Object>
7a5ac1bd8e60       7         448 System.Func<ForexExchange.Models.AccountingDocument, ForexExchange.Models.Customer>
7a5ac1bd9260       7         448 System.Func<ForexExchange.Models.AccountingDocument, ForexExchange.Models.BankAccount>
7a5ac1bd3228       7         448 System.Func<ForexExchange.Models.Order, System.String>
7a5ac1bb8638       7         448 System.Func<ForexExchange.Models.CurrencyPool, System.String>
7a5ac5ef5ec8       7         448 System.Func<System.Data.Common.DbDataReader, System.Int32, System.Object>
7a5ac3f76fc8      14         448 System.IO.Pipelines.DuplexPipe
7a5ac3f80ea8      14         448 System.Collections.Generic.List<System.Collections.Generic.KeyValuePair<System.Type, System.Object>>
7a5ac4169478      14         448 System.Collections.Generic.Stack<System.Collections.Generic.KeyValuePair<System.Func<System.Object, System.Threading.Tasks.Task>, System.Object>>
7a5ac1615ec8       5         448 System.Threading.ThreadPoolWorkQueue+WorkStealingQueue[]
7a5ac6e14d08      14         448 System.Runtime.CompilerServices.RuleCache<System.Func<System.Runtime.CompilerServices.CallSite, System.Object, System.Int32, System.Object>>
7a5ac6e0a9c8       8         448 System.Runtime.CompilerServices.CallSite<System.Func<System.Runtime.CompilerServices.CallSite, System.Int32, System.Object, System.Object>>
7a5ac5255520       8         448 Microsoft.AspNetCore.Internal.MemoryBufferWriter
7a5ac7457dc8       7         448 System.Func<System.Diagnostics.Tracing.IncrementingCounterPayload, System.String>
7a5ac745ad78      14         448 System.Diagnostics.Metrics.LabelInstructionCompiler+<>c__DisplayClass0_0<System.Diagnostics.Metrics.Aggregator>
7a5ac15a4598      19         456 System.Runtime.CompilerServices.TrueReadOnlyCollection<System.Linq.Expressions.Expression>
7a5ac1612980       2         464 System.Collections.Concurrent.ConcurrentQueueSegment<System.Object>
7a5ac24e8880      11         464 Microsoft.AspNetCore.Identity.IUserValidator<ForexExchange.Models.ApplicationUser>[]
7a5ac24e8950      11         464 Microsoft.AspNetCore.Identity.IPasswordValidator<ForexExchange.Models.ApplicationUser>[]
7a5ac3105e20       6         464 ForexExchange.Services.Notifications.INotificationProvider[]
7a5ac4227868       6         464 System.Security.Claims.Claim[]
7a5ac36af470       3         472 Microsoft.AspNetCore.Mvc.ModelBinding.IModelBinderProvider[]
7a5ac6e166e8      15         472 System.Func<System.Runtime.CompilerServices.CallSite, System.Int32, System.Object, System.Object>[]
7a5abd83b858      10         480 System.Text.UTF8Encoding
7a5ac1789250      10         480 System.Collections.Generic.SortedSet<System.Type>
7a5ac353f338      15         480 Microsoft.EntityFrameworkCore.ChangeTracking.Internal.IdentityMapFactoryFactory+<>c__DisplayClass2_0<System.Int32>
7a5ac1dae040       6         480 Microsoft.EntityFrameworkCore.ChangeTracking.ValueComparer+DefaultValueComparer<System.Decimal>
7a5ac1db3c78      12         480 System.Linq.Expressions.InstanceMethodCallExpression1
7a5ac2063e30      10         480 Microsoft.EntityFrameworkCore.Internal.EntityFinderFactory
7a5ac026c7c8       6         480 System.Net.Http.HttpClient
7a5ac33fbcb0       6         480 System.RuntimeType[][]
7a5ac36b7158      10         480 Microsoft.Net.Http.Headers.MediaTypeHeaderValue
7a5ac3a16ed8      20         480 Microsoft.AspNetCore.Mvc.Filters.ControllerActionFilter
7a5ac1e8f7f8      12         480 Serilog.Context.EnricherStack
7a5ac1615ce8      12         480 System.Threading.ThreadPoolWorkQueue+WorkStealingQueue
7a5ac0ca13b0       6         480 Serilog.Events.LogEvent
7a5ac1e8d8a8       6         480 System.Collections.Generic.Dictionary<System.String, Serilog.Events.LogEventPropertyValue>
7a5ac3fc2d98       5         480 Microsoft.AspNetCore.Http.DefaultHttpRequest
7a5ac22408c0      15         480 Microsoft.Data.Sqlite.SqliteConnection+<>c__DisplayClass162_0<System.Object, System.Nullable<System.Decimal>>
7a5ac7355af8      15         488 System.Action<System.Runtime.CompilerServices.CallSite, AspNetCoreGeneratedDocument.Views_AccountingDocuments_Index, System.Object>[]
7a5ac1613d58       1         496 System.Threading.PortableThreadPool
7a5ac35cb898       2         496 System.Text.Json.Serialization.Metadata.JsonPropertyInfo<System.Collections.Generic.List<Microsoft.AspNetCore.StaticAssets.StaticAssetDescriptor>>
7a5ac3600ab0       2         496 System.Text.Json.Serialization.Metadata.JsonPropertyInfo<System.Collections.Generic.IReadOnlyList<Microsoft.AspNetCore.StaticAssets.StaticAssetSelector>>
7a5ac3600df8       2         496 System.Text.Json.Serialization.Metadata.JsonPropertyInfo<System.Collections.Generic.IReadOnlyList<Microsoft.AspNetCore.StaticAssets.StaticAssetProperty>>
7a5ac3601140       2         496 System.Text.Json.Serialization.Metadata.JsonPropertyInfo<System.Collections.Generic.IReadOnlyList<Microsoft.AspNetCore.StaticAssets.StaticAssetResponseHeader>>
7a5ac3606aa8       9         496 System.Text.Json.Serialization.Metadata.JsonParameterInfo[]
7a5ac688fe70       2         496 System.Text.Json.Serialization.Metadata.JsonPropertyInfo<<>f__AnonymousType229<System.String, System.String, System.String, System.DateTime, System.String, System.Collections.Generic.Dictionary<System.String, System.Object>, ForexExchange.Services.Notifications.RelatedEntity>>
7a5ac6893b48       2         496 System.Text.Json.Serialization.Metadata.JsonPropertyInfo<ForexExchange.Services.Notifications.RelatedEntity>
7a5ac53111c0       2         496 System.Runtime.CompilerServices.AsyncTaskMethodBuilder<System.Boolean>+AsyncStateMachineBox<Microsoft.AspNetCore.SignalR.HubConnectionContext+<HandshakeAsync>d__92>
7a5ac138fb58       9         504 Microsoft.EntityFrameworkCore.Diagnostics.EventDefinition
7a5ac495f7b8       7         504 Microsoft.CSharp.RuntimeBinder.CSharpConvertBinder
7a5ac17566e8      21         504 System.Runtime.CompilerServices.CompilerGeneratedAttribute
7a5ac5ddf9f8       7         504 System.Collections.Concurrent.ConcurrentDictionary<Microsoft.EntityFrameworkCore.ValueGeneration.ValueGeneratorCache+CacheKey, Microsoft.EntityFrameworkCore.ValueGeneration.ValueGenerator>+Node
7a5ac3f83cf8       7         504 Microsoft.AspNetCore.Server.Kestrel.Core.Internal.HttpConnection
7a5ac3d282f8       7         504 Microsoft.AspNetCore.Hosting.HostingApplication+Context
7a5ac74499f0       7         504 System.Diagnostics.Metrics.ObservableUpDownCounter<System.Int64>
7a5abda2c668       8         512 System.Action<Microsoft.Extensions.Options.StartupValidatorOptions, Microsoft.Extensions.Options.IOptionsMonitor<Microsoft.Extensions.DependencyInjection.MetricsServiceExtensions+NoOpOptions>>
7a5abda2cc00       8         512 System.Func<System.IServiceProvider, Microsoft.Extensions.Options.IConfigureOptions<Microsoft.Extensions.Options.StartupValidatorOptions>>
7a5abe3b92c8       8         512 System.Action<Microsoft.Extensions.Hosting.HostBuilderContext, Microsoft.Extensions.DependencyInjection.IServiceCollection>
7a5ac0e42740      16         512 System.Collections.Generic.Stack<System.Collections.Immutable.RefAsValueType<System.Collections.Immutable.ImmutableSortedDictionary<System.Int32, System.ValueTuple<System.Nullable<Microsoft.EntityFrameworkCore.WarningBehavior>, System.Nullable<Microsoft.Extensions.Logging.LogLevel>>>+Node>>
7a5ac0e42d40      16         512 System.Collections.Immutable.SecurePooledObject<System.Collections.Generic.Stack<System.Collections.Immutable.RefAsValueType<System.Collections.Immutable.ImmutableSortedDictionary<System.Int32, System.ValueTuple<System.Nullable<Microsoft.EntityFrameworkCore.WarningBehavior>, System.Nullable<Microsoft.Extensions.Logging.LogLevel>>>+Node>>>
7a5ac1194b38      16         512 System.Collections.Generic.Stack<System.Collections.Immutable.RefAsValueType<System.Collections.Immutable.ImmutableSortedDictionary<System.Type, System.ValueTuple<Microsoft.EntityFrameworkCore.Infrastructure.IDbContextOptionsExtension, System.Int32>>+Node>>
7a5ac1194f18      16         512 System.Collections.Immutable.SecurePooledObject<System.Collections.Generic.Stack<System.Collections.Immutable.RefAsValueType<System.Collections.Immutable.ImmutableSortedDictionary<System.Type, System.ValueTuple<Microsoft.EntityFrameworkCore.Infrastructure.IDbContextOptionsExtension, System.Int32>>+Node>>>
7a5ac1905878       8         512 System.Func<Microsoft.EntityFrameworkCore.Metadata.IConventionProperty, System.Boolean>
7a5ac226f658       8         512 System.Func<Microsoft.Extensions.Logging.LogLevel, System.Action<Microsoft.Extensions.Logging.ILogger, System.String, System.Exception>>
7a5ac33a1070       8         512 System.Func<Microsoft.EntityFrameworkCore.Query.SqlExpressions.SqlExpression, System.Boolean>
7a5ac3526e18       8         512 System.Func<Microsoft.EntityFrameworkCore.Query.QueryContext, System.Threading.Tasks.Task<System.Int32>>
7a5ac0e00f78       8         512 System.Func<Microsoft.AspNetCore.Http.RequestDelegate, Microsoft.AspNetCore.Http.RequestDelegate>
7a5ac37ee870      16         512 Microsoft.AspNetCore.Mvc.ClientErrorData
7a5ac4517a70       8         512 System.Func<Microsoft.EntityFrameworkCore.ChangeTracking.Internal.InternalEntityEntry, System.Nullable<System.Decimal>>
7a5ac45579d8       8         512 System.Action<Microsoft.AspNetCore.Mvc.Razor.RazorPage<System.Object>, Microsoft.AspNetCore.Mvc.ViewFeatures.ViewDataDictionary<System.Object>>
7a5ac3f7aba0       8         512 System.Action<System.Int32, System.Memory<System.Byte>, System.Net.Sockets.SocketFlags, System.Net.Sockets.SocketError>
7a5ac497cd30      16         512 System.Dynamic.CallInfo
7a5ac2290068       5         512 System.Byte[][]
7a5ac50f5f58       8         512 Newtonsoft.Json.JsonWriter+State[]
7a5ac57c5778       8         512 Microsoft.CSharp.RuntimeBinder.Semantics.ExpressionBinder+PfnBindUnaOp
7a5ac1bd5440       8         512 System.Func<ForexExchange.Models.BankAccount, System.String>
7a5ac5d16868       8         512 System.Action<ForexExchange.Models.BankAccount, System.String>
7a5ac1bbbcf8       8         512 System.Func<ForexExchange.Models.CustomerBalance, System.String>
7a5ac5d84370       8         512 System.Func<ForexExchange.Models.Currency, System.Collections.Generic.ICollection<ForexExchange.Models.Order>>
7a5ac1bfe868       8         512 System.Func<ForexExchange.Models.BankAccountBalanceHistory, System.String>
7a5ac6e0a8c8       8         512 System.Func<System.Runtime.CompilerServices.CallSite, System.Int32, System.Object, System.Object>
7a5ac1bb2b20       8         512 System.Func<ForexExchange.Models.Order, System.Object>
7a5ac4537a08       8         512 Microsoft.EntityFrameworkCore.ChangeTracking.Internal.Snapshot<System.Int32, System.Object, System.Object, System.Object, System.Object, System.Object>
7a5ac33fa818      13         520 System.Reflection.CerHashtable<System.String, System.Reflection.RuntimeConstructorInfo[]>+Table
7a5ac0238210       5         520 Microsoft.AspNetCore.Identity.UserManager<ForexExchange.Models.ApplicationUser>
7a5ac52474a0      13         520 Newtonsoft.Json.Utilities.ImmutableCollectionsUtils+ImmutableCollectionTypeInfo
7a5abc083080      22         528 System.Boolean
7a5ac0dfd720      22         528 System.Threading.Tasks.TaskCompletionSource
7a5ac35bc328       7         528 System.Text.Json.Serialization.Metadata.PropertyRef[]
7a5ac36a2ea0       2         528 Newtonsoft.Json.JsonSerializerSettings
7a5ac41287e8       6         528 System.Collections.Frozen.OrdinalStringFrozenDictionary_FullCaseInsensitiveAscii<System.Int32>
7a5ac022f108       3         528 Microsoft.AspNetCore.Authentication.Cookies.CookieAuthenticationHandler
7a5ac1da5d90       1         536 System.Dynamic.Utils.CacheDict<System.Type, System.Func<System.Linq.Expressions.Expression, System.String, System.Boolean, System.Collections.ObjectModel.ReadOnlyCollection<System.Linq.Expressions.ParameterExpression>, System.Linq.Expressions.LambdaExpression>>+Entry[]
7a5ac3122928       1         536 System.Collections.Concurrent.ConcurrentQueueSegment<Microsoft.Extensions.Http.ExpiredHandlerTrackingEntry>+Slot[]
7a5ac35ab510       1         536 System.WeakReference<System.Text.Json.JsonSerializerOptions+CachingContext>[]
7a5ac3ce82c8       1         536 System.Xml.Linq.XHashtable<System.WeakReference<System.Xml.Linq.XNamespace>>+XHashtableState+Entry[]
7a5ac3e040d8       1         536 System.Collections.Concurrent.ConcurrentQueueSegment<System.Buffers.MemoryPoolBlock>+Slot[]
7a5ac3e05390       1         536 System.Collections.Concurrent.ConcurrentQueueSegment<Microsoft.AspNetCore.Server.Kestrel.Transport.Sockets.Internal.SocketSender>+Slot[]
7a5ac455af50       1         536 System.Collections.Concurrent.ConcurrentQueueSegment<Microsoft.AspNetCore.Routing.UriBuildingContext>+Slot[]
7a5ac455f310       1         536 System.Collections.Concurrent.ConcurrentQueueSegment<Microsoft.AspNetCore.Antiforgery.AntiforgerySerializationContext>+Slot[]
7a5ac5d03b80       1         536 System.Collections.Concurrent.ConcurrentQueueSegment<Newtonsoft.Json.JsonSerializer>+Slot[]
7a5ac3d8abb8      17         544 System.UriParser+BuiltInUriParser
7a5ac57ea298      17         544 Microsoft.AspNetCore.Mvc.DataAnnotations.RequiredAttributeAdapter
7a5ac479ba48      17         544 Microsoft.AspNetCore.Mvc.ModelBinding.Binders.DecimalModelBinder
7a5ac3e1ec40       4         544 System.Runtime.CompilerServices.AsyncTaskMethodBuilder<Microsoft.AspNetCore.Connections.ConnectionContext>+AsyncStateMachineBox<Microsoft.AspNetCore.Server.Kestrel.Transport.Sockets.SocketConnectionListener+<AcceptAsync>d__10>
7a5abdd4e7c8      23         552 System.Threading.Timer
7a5ac0c8c290      23         552 System.Threading.TimerHolder
7a5ac629dcc0       2         560 <>f__AnonymousType219<System.Int64, System.Int32, System.String, System.Decimal, System.DateTime, System.String>[]
7a5ac0709d28       8         560 System.Reflection.MethodInfo[]
7a5ac451c8d0      10         560 ForexExchange.Models.CurrencyPool[]
7a5abdca0338      10         560 System.RuntimeType+ActivatorCache
7a5ac1386398       5         560 Microsoft.EntityFrameworkCore.Query.QueryCompilationContextDependencies
7a5ac310e588      10         560 WebPush.WebPushClient
7a5ac4600eb0      14         560 Microsoft.Extensions.Caching.Memory.CacheEntry+CacheEntryTokens
7a5ac62c29e8       2         560 <>f__AnonymousType222<System.Int32, System.Int32, System.DateTime, System.Decimal, System.Decimal, System.Decimal, System.String, System.String, System.String>[]
7a5ac16afc18      14         560 System.ComponentModel.DataAnnotations.Schema.ColumnAttribute
7a5ac3fc0288      14         560 Microsoft.AspNetCore.Server.Kestrel.Core.Internal.Http.HttpRequestStream
7a5ac65726d0       7         560 System.Text.Json.Serialization.Metadata.JsonParameterInfo<System.Int32>
7a5ac161da48      18         568 System.Func<System.IServiceProvider, System.Object>[]
7a5ac38a22e0       1         568 System.Collections.Generic.Dictionary<System.Int32, System.ValueTuple<System.String, System.String>>+Entry[]
7a5ac57c3f40       1         568 Microsoft.CSharp.RuntimeBinder.Semantics.Operators+OperatorInfo[]
7a5ac0ddf100       8         576 System.Diagnostics.Metrics.Histogram<System.Double>
7a5ac13a3b78       9         576 System.Func<Microsoft.Extensions.Logging.LogLevel, System.Action<Microsoft.Extensions.Logging.ILogger, System.Exception>>
7a5ac1d56c30       9         576 System.Func<Microsoft.EntityFrameworkCore.Metadata.IEntityType, System.Boolean>
7a5ac1577900      24         576 System.Linq.Expressions.PrimitiveParameterExpression<System.Decimal>
7a5ac2224de8       6         576 Microsoft.EntityFrameworkCore.Storage.RelationalDataReader
7a5ac34ed6a8       3         576 Microsoft.EntityFrameworkCore.ChangeTracking.Internal.Snapshot<System.String, System.Int32, System.String, System.String, System.DateTime, System.Nullable<System.Int32>, System.String, System.Boolean, System.String, System.Boolean, System.Boolean, System.Nullable<System.DateTimeOffset>, System.String, System.String, System.String, System.String, System.String, System.Boolean, ForexExchange.Models.UserRole, System.String, System.String, System.Nullable<System.DateTime>, System.Boolean, System.String>
7a5ac1da97a8       9         576 System.Func<System.Int32, System.Int32>
7a5ac35c2d20       9         576 System.Func<System.Object, System.Int32>
7a5ac4508dc0       9         576 System.Func<ForexExchange.Models.Currency, System.Collections.Generic.ICollection<ForexExchange.Models.ExchangeRate>>
7a5ac50f5e38      12         576 System.Collections.Concurrent.ConcurrentDictionary<System.Type, System.Func<System.Object, System.Threading.CancellationToken, System.Threading.Tasks.Task<System.Collections.ICollection>>>+Node
7a5ac5c5e780       9         576 System.Action<ForexExchange.Models.AccountingDocument, System.String>
7a5ac1bd3028       9         576 System.Func<ForexExchange.Models.Order, System.Decimal>
7a5ac3525500       9         576 System.Func<ForexExchange.Models.Currency, System.Int32>
7a5ac1e34940       9         576 System.Func<System.Nullable<System.Int32>, System.Nullable<System.Int32>, System.Boolean>
7a5ac2261598      18         576 SQLitePCL.FuncName
7a5ac3126268       9         576 System.Net.Http.HttpMethod
7a5ac42286c0       8         576 System.Threading.Tasks.Task<Microsoft.AspNetCore.Authentication.AuthenticateResult>
7a5ac2245ff8       3         576 System.Collections.Generic.Dictionary<System.ValueTuple<System.String, System.Int32>, System.ValueTuple<System.Int32, System.Object, SQLitePCL.delegate_function_aggregate_step, SQLitePCL.delegate_function_aggregate_final>>+Entry[]
7a5ac37e00f8       8         576 System.Collections.Generic.HashSet<System.Object>+Entry[]
7a5ac4538050       8         576 Microsoft.EntityFrameworkCore.ChangeTracking.Internal.Snapshot<System.Int32, System.String, System.DateTime, System.Int32, System.Boolean, System.String, System.String, System.Int32, System.String>
7a5ac69772a8       3         584 Org.BouncyCastle.Math.EC.ECPoint[]
7a5ac33449f0      17         592 Microsoft.EntityFrameworkCore.Query.SqlExpressions.SqlExpression[]
7a5abc189fa8      25         600 System.Diagnostics.Tracing.TraceLoggingEventHandleTable
7a5abc18bb40      25         600 System.WeakReference<System.Diagnostics.Tracing.EventProvider>
7a5abc193c78      25         600 System.WeakReference<System.Diagnostics.Tracing.EventSource>
7a5abdd43c48       3         600 System.Buffers.ProbabilisticWithAsciiCharSearchValues<System.Buffers.IndexOfAnyAsciiSearcher+Default>
7a5ac38a4c10      25         600 System.Collections.ObjectModel.ReadOnlyCollection<Microsoft.AspNetCore.Authorization.IAuthorizationRequirement>
7a5ac179b048      15         600 System.Net.IPAddress
7a5ac1daae80      15         600 System.Linq.Expressions.Expression2<System.Func<System.Int32, System.Int32, System.Boolean>>
7a5ac186efd8       3         600 System.Int32[][]
7a5abc2d9670       3         600 ForexExchange.Models.ApplicationUser
7a5ac2223058      19         608 Microsoft.EntityFrameworkCore.Migrations.HistoryRow
7a5ac4640f70      19         608 Microsoft.AspNetCore.Routing.Matching.ILEmitTrieJumpTable+<>c__DisplayClass13_0
7a5ac50fe2b0      19         608 Newtonsoft.Json.Utilities.TypeInformation
7a5ac5e9dc40      19         608 Microsoft.EntityFrameworkCore.Update.Internal.ColumnAccessorsFactory+<>c__DisplayClass3_0<System.Int32>
7a5ac5e9e988      19         608 Microsoft.EntityFrameworkCore.Update.Internal.ColumnAccessorsFactory+<>c__DisplayClass4_0<System.Int32>
7a5ac457f4a8      19         608 Microsoft.AspNetCore.Mvc.ViewFeatures.Buffers.ViewBufferPage
7a5ac744d4e8      19         608 System.Diagnostics.DiagNode<System.Diagnostics.Metrics.Instrument>
7a5ac5de5438      12         616 System.Delegate[]
7a5ac0a69dd0       2         624 System.Globalization.NumberFormatInfo
7a5ac16140e8      13         624 System.Threading.ThreadInt64PersistentCounter+ThreadLocalNode
7a5ac1631880      13         624 Microsoft.EntityFrameworkCore.Storage.ValueConversion.ValueConverterInfo
7a5ac312c358      13         624 System.Collections.Concurrent.ConcurrentDictionary<System.String, Microsoft.Extensions.Logging.LogValuesFormatter>+Node
7a5ac3931be8      26         624 Microsoft.AspNetCore.Mvc.ControllerAttribute
7a5ac5c76320      13         624 System.Collections.Concurrent.ConcurrentDictionary<System.Reflection.MemberInfo, System.Func<ForexExchange.Models.AccountingDocument, System.Object>>+Node
7a5ac686c858      13         624 Microsoft.EntityFrameworkCore.Metadata.Internal.ClrPropertyGetter<ForexExchange.Models.ApplicationUser, ForexExchange.Models.ApplicationUser, System.String>
7a5ac6954f60       6         624 Org.BouncyCastle.Math.EC.FpCurve
7a5ac3107388       2         624 Microsoft.AspNetCore.SignalR.HubConnectionContext
7a5ac1e75cc0       2         632 System.TimeZoneInfo+AdjustmentRule[]
7a5abdeb2a70       2         640 System.Collections.Concurrent.ConcurrentDictionary<Microsoft.Extensions.FileProviders.IPollingChangeToken, Microsoft.Extensions.FileProviders.IPollingChangeToken>+VolatileNode[]
7a5ac16a3148       8         640 System.Collections.Generic.Dictionary<System.String, Microsoft.Data.Sqlite.SqliteConnectionPoolGroup>
7a5ac0dfb658       2         640 System.Collections.Concurrent.ConcurrentDictionary<System.Int64, Microsoft.AspNetCore.Server.Kestrel.Core.Internal.Infrastructure.ConnectionReference>+VolatileNode[]7a5ac0e4ccb8       5         640 Microsoft.EntityFrameworkCore.Sqlite.Infrastructure.Internal.SqliteOptionsExtension
7a5ac11950f0      16         640 System.Collections.Immutable.RefAsValueType<System.Collections.Immutable.ImmutableSortedDictionary<System.Type, System.ValueTuple<Microsoft.EntityFrameworkCore.Infrastructure.IDbContextOptionsExtension, System.Int32>>+Node>[]
7a5ac1da3018       2         640 System.Collections.Concurrent.ConcurrentDictionary<System.Type, System.Reflection.MethodInfo>+VolatileNode[]
7a5ac1db0400       8         640 Microsoft.EntityFrameworkCore.ChangeTracking.ValueComparer+DefaultValueComparer<System.String>
7a5ac1fca5f0       2         640 System.Collections.Concurrent.ConcurrentDictionary<System.Type, Microsoft.EntityFrameworkCore.Metadata.RuntimeEntityType>+VolatileNode[]
7a5ac3249290       2         640 System.Collections.Concurrent.ConcurrentDictionary<System.Object, System.Object>+VolatileNode[]
7a5ac1da9508      10         640 System.Func<System.Int32, System.Int32, System.Boolean>
7a5ac37c3170       2         640 System.Collections.Concurrent.ConcurrentDictionary<System.Type, System.Func<System.Object, System.Threading.CancellationToken, System.Threading.Tasks.Task<System.Collections.ICollection>>>+VolatileNode[]
7a5ac37e6328       2         640 System.Collections.Concurrent.ConcurrentDictionary<System.Type, System.ValueTuple<System.Func<System.Reflection.ParameterInfo, System.Linq.Expressions.Expression>, System.Int32>>+VolatileNode[]
7a5ac37e66a0       2         640 System.Collections.Concurrent.ConcurrentDictionary<System.Type, System.ValueTuple<System.Reflection.ConstructorInfo, Microsoft.AspNetCore.Http.ParameterBindingMethodCache+ConstructorParameter[]>>+VolatileNode[]
7a5ac392bc60       2         640 System.Collections.Concurrent.ConcurrentDictionary<System.Type, Microsoft.Extensions.Internal.PropertyActivator<Microsoft.AspNetCore.Mvc.ControllerContext>[]>+VolatileNode[]
7a5ac3a1d950       2         640 System.Collections.Concurrent.ConcurrentDictionary<System.Type, Microsoft.Extensions.Internal.PropertyHelper[]>+VolatileNode[]
7a5ac3e05d40      10         640 System.Net.Sockets.SafeSocketHandle
7a5ac3f99498       8         640 System.ValueTuple<System.Action<System.Object>, System.Object>[]
7a5ac45a95d8       2         640 System.Collections.Concurrent.ConcurrentDictionary<System.Type, Microsoft.Extensions.Internal.PropertyActivator<Microsoft.AspNetCore.Mvc.Rendering.ViewContext>[]>+VolatileNode[]
7a5ac57c5a28      16         640 Microsoft.CSharp.RuntimeBinder.Semantics.ExpressionBinder+UnaOpSig
7a5ac57e0db0       2         640 System.Collections.Concurrent.ConcurrentDictionary<System.Reflection.MemberInfo, System.Func<ForexExchange.Models.LoginViewModel, System.Object>>+VolatileNode[]
7a5ac57e3c28       2         640 System.Collections.Concurrent.ConcurrentDictionary<Microsoft.AspNetCore.Mvc.ViewFeatures.MemberExpressionCacheKey, System.Func<ForexExchange.Models.LoginViewModel, System.Object>>+VolatileNode[]
7a5ac5c94e30       2         640 System.Collections.Concurrent.ConcurrentDictionary<System.Reflection.MemberInfo, System.Func<System.Object, System.Decimal>>+VolatileNode[]
7a5ac5c9bb60       2         640 System.Collections.Concurrent.ConcurrentDictionary<System.Reflection.MemberInfo, System.Func<System.Object, System.DateTime>>+VolatileNode[]
7a5ac1bb7bc0      10         640 System.Func<ForexExchange.Models.CurrencyPool, System.Decimal>
7a5ac1bf5dc0      10         640 System.Func<ForexExchange.Models.PushNotificationLog, System.String>
7a5ac1bf7220      10         640 System.Func<ForexExchange.Models.VapidConfiguration, System.String>
7a5ac5286b40       2         640 System.Collections.Concurrent.ConcurrentDictionary<System.String, System.Threading.CancellationTokenSource>+VolatileNode[]
7a5ac0dd07b8       9         648 System.Diagnostics.Metrics.UpDownCounter<System.Int64>
7a5ac1d32798      27         648 System.Collections.Generic.Dictionary<System.String, Microsoft.EntityFrameworkCore.Metadata.ConfigurationSource>+KeyCollection
7a5ac3272728      27         648 Microsoft.EntityFrameworkCore.Utilities.OrderedDictionary<System.String, Microsoft.EntityFrameworkCore.Metadata.RuntimeNavigation>+ValueCollection
7a5ac32d2960      27         648 Microsoft.EntityFrameworkCore.Utilities.OrderedDictionary<System.String, Microsoft.EntityFrameworkCore.Metadata.RuntimeProperty>+ValueCollection
7a5ac32e03c8      27         648 System.Collections.Generic.SortedDictionary<System.String, Microsoft.EntityFrameworkCore.Metadata.Internal.UniqueConstraint>+KeyValuePairComparer
7a5ac32e0af8      27         648 System.Collections.Generic.SortedDictionary<System.String, Microsoft.EntityFrameworkCore.Metadata.Internal.TableIndex>+KeyValuePairComparer
7a5ac32e1228      27         648 System.Collections.Generic.SortedDictionary<System.String, Microsoft.EntityFrameworkCore.Metadata.Internal.CheckConstraint>+KeyValuePairComparer
7a5ac32e1958      27         648 System.Collections.Generic.SortedDictionary<System.String, Microsoft.EntityFrameworkCore.Metadata.ITrigger>+KeyValuePairComparer
7a5ac32e02d0      27         648 Microsoft.EntityFrameworkCore.Metadata.Internal.ColumnNameComparer
7a5ac3304238      27         648 Microsoft.EntityFrameworkCore.Utilities.OrderedDictionary<System.Collections.Generic.IReadOnlyList<Microsoft.EntityFrameworkCore.Metadata.IReadOnlyProperty>, Microsoft.EntityFrameworkCore.Metadata.RuntimeKey>+ValueCollection
7a5ac3308270      27         648 Microsoft.EntityFrameworkCore.Utilities.OrderedDictionary<System.Collections.Generic.IReadOnlyList<Microsoft.EntityFrameworkCore.Metadata.IReadOnlyProperty>, Microsoft.EntityFrameworkCore.Metadata.RuntimeIndex>+ValueCollection
7a5ac33083e0      27         648 Microsoft.EntityFrameworkCore.Utilities.OrderedDictionary<System.String, Microsoft.EntityFrameworkCore.Metadata.RuntimeIndex>+ValueCollection
7a5ac32aade0      27         648 System.Collections.Generic.SortedDictionary<System.String, Microsoft.EntityFrameworkCore.Metadata.IColumnBase>+ValueCollection
7a5ac32ab6d8      27         648 System.Collections.Generic.SortedDictionary<System.String, Microsoft.EntityFrameworkCore.Metadata.Internal.UniqueConstraint>+ValueCollection
7a5ac32abfd0      27         648 System.Collections.Generic.SortedDictionary<System.String, Microsoft.EntityFrameworkCore.Metadata.Internal.TableIndex>+ValueCollection
7a5ac0a24980      12         672 System.IO.BinaryReader
7a5ac13b1c40       1         672 Microsoft.EntityFrameworkCore.Infrastructure.DbSetProperty[]
7a5ac1615750      14         672 System.Random+XoshiroImpl
7a5ac1738538      28         672 System.Collections.Generic.SortedDictionary<System.String, Microsoft.EntityFrameworkCore.Metadata.Internal.Navigation>+KeyValuePairComparer
7a5ac1738c68      28         672 System.Collections.Generic.SortedDictionary<System.String, Microsoft.EntityFrameworkCore.Metadata.Internal.SkipNavigation>+KeyValuePairComparer
7a5ac1739398      28         672 System.Collections.Generic.SortedDictionary<System.String, Microsoft.EntityFrameworkCore.Metadata.Internal.ServiceProperty>+KeyValuePairComparer
7a5ac1739ae8      28         672 System.Collections.Generic.SortedDictionary<System.Collections.Generic.IReadOnlyList<Microsoft.EntityFrameworkCore.Metadata.IReadOnlyProperty>, Microsoft.EntityFrameworkCore.Metadata.Internal.Index>+KeyValuePairComparer
7a5ac173a218      28         672 System.Collections.Generic.SortedDictionary<System.String, Microsoft.EntityFrameworkCore.Metadata.Internal.Index>+KeyValuePairComparer
7a5ac173a948      28         672 System.Collections.Generic.SortedDictionary<System.Collections.Generic.IReadOnlyList<Microsoft.EntityFrameworkCore.Metadata.IReadOnlyProperty>, Microsoft.EntityFrameworkCore.Metadata.Internal.Key>+KeyValuePairComparer
7a5ac173b078      28         672 System.Collections.Generic.SortedDictionary<System.String, Microsoft.EntityFrameworkCore.Metadata.Internal.Trigger>+KeyValuePairComparer
7a5ac17503e8      28         672 System.Collections.Generic.SortedDictionary<System.String, Microsoft.EntityFrameworkCore.Metadata.Internal.ComplexProperty>+KeyValuePairComparer
7a5ac1752280      28         672 System.Collections.Generic.SortedDictionary<System.String, Microsoft.EntityFrameworkCore.Metadata.Internal.Property>+KeyValuePairComparer
7a5ac175d420      28         672 System.Collections.Generic.SortedDictionary<System.String, System.Reflection.PropertyInfo>+KeyValuePairComparer
7a5ac175e5d0      28         672 System.Collections.Generic.SortedDictionary<System.String, System.Reflection.PropertyInfo>+ValueCollection
7a5ac175f850      28         672 System.Collections.Generic.SortedDictionary<System.String, System.Reflection.FieldInfo>+KeyValuePairComparer
7a5ac1770280      28         672 System.Collections.Generic.SortedDictionary<System.String, System.Reflection.FieldInfo>+ValueCollection
7a5ac1905b30      28         672 System.Collections.Generic.SortedDictionary<System.String, Microsoft.EntityFrameworkCore.Metadata.Internal.Property>+ValueCollection
7a5ac191ea30      28         672 System.Collections.Generic.SortedDictionary<System.Collections.Generic.IReadOnlyList<Microsoft.EntityFrameworkCore.Metadata.IReadOnlyProperty>, Microsoft.EntityFrameworkCore.Metadata.Internal.Key>+ValueCollection
7a5ac1ad9798      28         672 System.Collections.Generic.SortedDictionary<System.Collections.Generic.IReadOnlyList<Microsoft.EntityFrameworkCore.Metadata.IReadOnlyProperty>, Microsoft.EntityFrameworkCore.Metadata.Internal.Index>+ValueCollection
7a5ac1c1b160      28         672 System.Collections.Generic.SortedDictionary<System.String, Microsoft.EntityFrameworkCore.Metadata.Internal.SkipNavigation>+ValueCollection
7a5ac1c1f570      28         672 System.Collections.Generic.SortedDictionary<System.String, Microsoft.EntityFrameworkCore.Metadata.Internal.Navigation>+ValueCollection
7a5ac1ca4700      28         672 System.Collections.Generic.SortedDictionary<System.String, Microsoft.EntityFrameworkCore.Metadata.Internal.ComplexProperty>+ValueCollection
7a5ac1d1c390      28         672 System.Collections.Generic.SortedDictionary<System.String, Microsoft.EntityFrameworkCore.Metadata.Internal.Trigger>+ValueCollection
7a5ac1d3ddc0      28         672 System.Collections.Generic.SortedDictionary<System.String, Microsoft.EntityFrameworkCore.Metadata.Internal.ServiceProperty>+ValueCollection
7a5ac1e52bf8      12         672 Microsoft.EntityFrameworkCore.Diagnostics.EventDefinition<System.String, System.String>
7a5ac4600fd8      14         672 System.Collections.Concurrent.ConcurrentDictionary<System.String, Microsoft.Extensions.Caching.Memory.CacheEntry>+Node
7a5ac3562130      14         672 Microsoft.EntityFrameworkCore.ChangeTracking.Internal.SimpleNonNullableDependentKeyValueFactory<System.Int32>
7a5ac3a6dd78      21         672 System.Collections.Generic.List<Microsoft.AspNetCore.Routing.Template.TemplateSegment>
7a5ac45ae3f0      21         672 Microsoft.AspNetCore.Routing.Tree.OutboundMatch
7a5ac45bbfd8      21         672 Microsoft.AspNetCore.Routing.DecisionTree.DecisionCriterion<Microsoft.AspNetCore.Routing.Tree.OutboundMatch>
7a5ac4973c00       1         672 Microsoft.CSharp.RuntimeBinder.Semantics.MethodSymbol[]
7a5ac4973e40       1         672 Microsoft.CSharp.RuntimeBinder.Semantics.PredefinedMethodInfo[]
7a5ac578ce80      12         672 System.Runtime.CompilerServices.CallSite<System.Func<System.Runtime.CompilerServices.CallSite, System.Object, System.Object, System.Object>>
7a5ac57c1320      21         672 System.Func<System.Runtime.CompilerServices.CallSite, System.Object, System.Object, System.Object>[]
7a5ac3fbfcb8      14         672 Microsoft.AspNetCore.Server.Kestrel.Core.Internal.Http.HttpRequestPipeReader
7a5ac7325b58      12         672 System.Runtime.CompilerServices.CallSite<System.Action<System.Runtime.CompilerServices.CallSite, AspNetCoreGeneratedDocument.Views_AccountingDocuments_Index, System.Object>>
7a5abee68c10       9         680 Serilog.Events.LogEventProperty[]
7a5ac1345e60       5         680 Microsoft.EntityFrameworkCore.Diagnostics.Internal.RelationalCommandDiagnosticsLogger
7a5ac13452b0       5         680 Microsoft.EntityFrameworkCore.Diagnostics.Internal.RelationalConnectionDiagnosticsLogger
7a5ac6e6a560      21         680 System.Action<System.Runtime.CompilerServices.CallSite, AspNetCoreGeneratedDocument.Views_Orders_Index, System.Object>[]
7a5ac3fc2208       5         680 Microsoft.AspNetCore.Http.DefaultHttpContext
7a5ac3ce4bf8       2         688 System.Xml.Linq.XHashtable<System.Xml.Linq.XName>+XHashtableState+Entry[]
7a5ac3a30e10      29         696 Microsoft.AspNetCore.Mvc.ModelBinding.ModelPropertyCollection
7a5ac44cb300      29         696 Microsoft.AspNetCore.Mvc.Controllers.DefaultControllerPropertyActivator+<>c__DisplayClass4_0
7a5ac44cce70      29         696 Microsoft.AspNetCore.Mvc.ViewFeatures.ViewDataDictionaryControllerPropertyActivator+<>c__DisplayClass7_0
7a5ac44ca498      29         696 Microsoft.AspNetCore.Mvc.Controllers.ControllerActivatorProvider+<>c__DisplayClass7_0
7a5ac157dbe8      29         696 System.Runtime.CompilerServices.TrueReadOnlyCollection<System.Linq.Expressions.ParameterExpression>
7a5abdeb4610      22         704 Microsoft.Extensions.Primitives.CancellationChangeToken
7a5ac13a70f8      11         704 System.Resources.RuntimeResourceSet
7a5ac1db3a90      22         704 System.Linq.Expressions.MethodCallExpression1
7a5ac35663e0      11         704 Microsoft.EntityFrameworkCore.ChangeTracking.Internal.IdentityMap<System.Int32>
7a5ac578cd80      11         704 System.Func<System.Runtime.CompilerServices.CallSite, System.Object, System.Object, System.Object>
7a5ac479c0b0      22         704 Microsoft.AspNetCore.Mvc.ModelBinding.Binders.DateTimeModelBinder
7a5ac5e9b0d8      22         704 Microsoft.EntityFrameworkCore.Update.Internal.ColumnAccessors
7a5ac356a538      11         704 System.Collections.Generic.HashSet<Microsoft.EntityFrameworkCore.Update.IUpdateEntry>
7a5ac353f990      15         720 Microsoft.EntityFrameworkCore.ChangeTracking.Internal.SimplePrincipalKeyValueFactory<System.Int32>
7a5ac3494568       9         720 System.Collections.Generic.Dictionary<System.Object, Microsoft.EntityFrameworkCore.ChangeTracking.Internal.InternalEntityEntry>
7a5ac35cdb60       2         720 System.Text.Json.Serialization.Metadata.JsonTypeInfo<System.Int32>
7a5ac35f1c98       2         720 System.Text.Json.Serialization.Metadata.JsonTypeInfo<System.String>
7a5ac3fc8fa0       9         720 System.Threading.AsyncLocalValueMap+FourElementAsyncLocalValueMap
7a5ac45aa440      15         720 System.Collections.Concurrent.ConcurrentDictionary<System.Type, Microsoft.Extensions.Internal.PropertyActivator<Microsoft.AspNetCore.Mvc.Rendering.ViewContext>[]>+Node
7a5ac3fb9db8       9         720 System.Collections.Generic.Dictionary<System.String, Microsoft.Extensions.Primitives.StringValues>
7a5ac451e078       4         720 System.Collections.Generic.Dictionary<System.Int32, System.Collections.Generic.HashSet<Microsoft.EntityFrameworkCore.Update.IUpdateEntry>>+Entry[]
7a5ac7467558      15         720 System.Collections.Concurrent.ConcurrentDictionary<System.Diagnostics.Metrics.ObjectSequence1, System.Diagnostics.Metrics.Aggregator>+Node
7a5ac57eaec8      21         728 Microsoft.AspNetCore.Mvc.ModelBinding.Validation.IClientModelValidator[]
7a5ac516c890       1         736 System.Collections.Concurrent.ConcurrentDictionary<System.Object, Newtonsoft.Json.JsonContainerAttribute>+VolatileNode[]
7a5ac516e798       1         736 System.Collections.Concurrent.ConcurrentDictionary<System.Type, System.Type>+VolatileNode[]
7a5ac51f54e0       1         736 System.Collections.Concurrent.ConcurrentDictionary<System.Object, System.Runtime.Serialization.DataContractAttribute>+VolatileNode[]
7a5ac3929308       1         736 System.Collections.Concurrent.ConcurrentDictionary<Microsoft.AspNetCore.Mvc.ModelBinding.ModelMetadata, Microsoft.AspNetCore.Mvc.ModelBinding.Validation.ValidatorCache+CacheEntry>+VolatileNode[]
7a5ac3af3340       2         736 Microsoft.AspNetCore.Http.Connections.Internal.HttpConnectionContext
7a5ac6891d68       3         744 System.Text.Json.Serialization.Metadata.JsonPropertyInfo<System.DateTime>
7a5ac6892fe8       3         744 System.Text.Json.Serialization.Metadata.JsonPropertyInfo<System.Collections.Generic.Dictionary<System.String, System.Object>>
7a5ac1fd3a88      22         760 Microsoft.EntityFrameworkCore.Metadata.RuntimeForeignKey[]
7a5ac1386c08       5         760 Microsoft.EntityFrameworkCore.ChangeTracking.Internal.StateManagerDependencies
7a5ac27acbd0      19         760 System.Xml.Linq.XName
7a5ac4f92df0      19         760 System.Diagnostics.DiagNode<System.Diagnostics.Metrics.ListenerSubscription>
7a5ac16a86f8       8         768 System.Collections.Generic.Dictionary<System.String, Microsoft.Data.Sqlite.SqliteConnectionPoolGroup>+Entry[]
7a5ac0c8bc28      12         768 System.Threading.TimerCallback
7a5ac0e0dbc8      12         768 System.Collections.Immutable.ImmutableSortedDictionary<System.Type, System.ValueTuple<Microsoft.EntityFrameworkCore.Infrastructure.IDbContextOptionsExtension, System.Int32>>+Node
7a5ac1e533c0      12         768 System.Func<Microsoft.Extensions.Logging.LogLevel, System.Action<Microsoft.Extensions.Logging.ILogger, System.String, System.String, System.Exception>>
7a5ac27ad680      16         768 Microsoft.Extensions.Logging.LoggerMessage+<>c__DisplayClass10_0<System.Guid>
7a5ac454e440      16         768 System.Collections.Concurrent.ConcurrentDictionary<System.String, System.String>+Node
7a5ac5d6ebe0      12         768 System.Func<ForexExchange.Models.Order, System.Int32>
7a5ac1bbad10      12         768 System.Func<ForexExchange.Models.Currency, System.String>
7a5ac50cf178      12         768 System.Func<ForexExchange.Models.CurrencyPool, System.Int32>
7a5ac1bfb168      12         768 System.Func<ForexExchange.Models.CurrencyPoolHistory, System.String>
7a5ac3f78888      24         768 System.IO.Pipelines.Pipe+DefaultPipeReader
7a5ac3f79198      24         768 System.IO.Pipelines.Pipe+DefaultPipeWriter
7a5ac1bdf8c8      12         768 System.Func<ForexExchange.Models.PushSubscription, System.String>
7a5ac463d5b0       1         776 System.Collections.Generic.Dictionary<Interop+Error, System.Net.Sockets.SocketError>+Entry[]
7a5ac463e0f8       1         776 System.Collections.Generic.Dictionary<System.Net.Sockets.SocketError, Interop+Error>+Entry[]
7a5ac6f42040       1         776 System.Collections.Generic.Dictionary<Interop+Error, System.Net.Sockets.SocketError>+Entry[]
7a5ac6f42ce8       1         776 System.Collections.Generic.Dictionary<System.Net.Sockets.SocketError, Interop+Error>+Entry[]
7a5ac3a10438      14         784 Microsoft.AspNetCore.Mvc.Razor.ViewLocationCacheResult
7a5ac3fbe0c8       7         784 Microsoft.AspNetCore.Server.Kestrel.Core.Internal.Infrastructure.BodyControl
7a5ac3b1a520       9         792 System.Reflection.ConstructorInvoker
7a5ac3e047b0       1         792 System.Collections.Concurrent.ConcurrentQueueSegment<Microsoft.AspNetCore.Server.Kestrel.Transport.Sockets.Internal.IOQueue+Work>+Slot[]
7a5ac3e0a568       1         792 System.Collections.Concurrent.ConcurrentQueueSegment<System.Net.Sockets.SocketAsyncEngine+SocketIOEvent>+Slot[]
7a5ac15739c8      33         792 System.Linq.Expressions.ParameterExpression
7a5ac451e330      11         792 System.Collections.Generic.HashSet<Microsoft.EntityFrameworkCore.Update.IUpdateEntry>+Entry[]
7a5abd6635f8      25         800 System.Collections.Generic.List<System.IDisposable>
7a5abe8cf6b0      10         800 System.Collections.Generic.Dictionary<System.String, System.Collections.Generic.List<System.Diagnostics.Metrics.Instrument>>
7a5ac38a3628      25         800 Microsoft.AspNetCore.Authorization.AuthorizationPolicy
7a5ac38a4008      25         800 System.Collections.Generic.List<Microsoft.AspNetCore.Authorization.IAuthorizationRequirement>
7a5ac128e100       5         800 Microsoft.EntityFrameworkCore.Sqlite.Storage.Internal.SqliteRelationalConnection
7a5ac1e359d8      25         800 Microsoft.EntityFrameworkCore.ChangeTracking.EntryCurrentValueComparer<System.String>
7a5ac1854508       2         800 System.Globalization.DateTimeFormatInfo
7a5ac204f900      10         800 System.Collections.Generic.Dictionary<Microsoft.EntityFrameworkCore.Update.IReadOnlyModificationCommand, System.Collections.Generic.Dictionary<Microsoft.EntityFrameworkCore.Update.IReadOnlyModificationCommand, System.Object>>
7a5abdf83e10       4         800 System.IO.DirectoryInfo
7a5ac35627e8      20         800 Microsoft.EntityFrameworkCore.ChangeTracking.Internal.KeyValueFactoryFactory+<>c__DisplayClass6_0<System.Int32>
7a5ac3a876c0      20         800 Microsoft.AspNetCore.Mvc.Routing.AttributeRouteInfo
7a5ac1fca968       2         816 System.Collections.Generic.Dictionary<System.String, Microsoft.EntityFrameworkCore.Metadata.RuntimeEntityType>+Entry[]
7a5ac1370c08      26         832 Microsoft.EntityFrameworkCore.Query.SqlExpressionFactoryDependencies
7a5ac0ca6dc8      13         832 System.Threading.SemaphoreSlim
7a5ac3a8d048      26         832 Microsoft.AspNetCore.Authorization.IAuthorizeData[]
7a5ac1e354c8      26         832 System.Linq.Expressions.Expression1<System.Func<System.Nullable<System.Int32>, System.Int32>>
7a5ac1e35740      26         832 System.Linq.Expressions.Expression1<System.Func<System.Nullable<System.Int32>, System.Nullable<System.Int32>>>
7a5ac41033e8      26         832 Microsoft.AspNetCore.Routing.Matching.DictionaryJumpTable
7a5ac1e34e78      13         832 System.Func<System.Nullable<System.Int32>, System.Nullable<System.Int32>>
7a5ac1bf7f08      13         832 System.Func<ForexExchange.Models.CustomerBalanceHistory, System.String>
7a5ac5c50c40      13         832 System.Func<ForexExchange.Models.AccountingDocument, System.Nullable<System.Int32>>
7a5ac1bd88e8      13         832 System.Func<ForexExchange.Models.AccountingDocument, System.Object>
7a5abc19d978      21         840 System.Threading.ExecutionContext
7a5ac1b8c380      21         840 System.Linq.Expressions.NewExpression
7a5ac3a65530      21         840 Microsoft.AspNetCore.Routing.Template.RouteTemplate
7a5abdf83810      35         840 Microsoft.Extensions.FileProviders.Physical.PhysicalFileInfo
7a5ac454e1f8      11         840 Microsoft.AspNetCore.Mvc.Razor.ViewLocationCacheItem[]
7a5ac19fe538      35         840 System.Reflection.Emit.DynamicResolver+DestroyScout
7a5ac3f841a0       7         840 Microsoft.AspNetCore.Server.Kestrel.Core.Internal.HttpConnectionContext
7a5ac57c8d68      27         856 System.Func<System.Runtime.CompilerServices.CallSite, System.Object, System.Boolean>[]
7a5ac38a4598      27         864 Microsoft.AspNetCore.Authorization.IAuthorizationRequirement[]
7a5ac32bc570      27         864 System.Collections.Generic.List<Microsoft.EntityFrameworkCore.Metadata.Internal.TableMappingBase<Microsoft.EntityFrameworkCore.Metadata.Internal.ColumnMappingBase>>
7a5ac32dc1c0      27         864 System.Collections.Generic.List<Microsoft.EntityFrameworkCore.Metadata.Internal.TableMapping>
7a5ac2260110      18         864 SQLitePCL.function_hook_info
7a5ac2262d00      18         864 System.Collections.Concurrent.ConcurrentDictionary<SQLitePCL.FuncName, System.IDisposable>+Node
7a5ac1615258      12         864 System.Threading.ThreadPoolWorkQueueThreadLocals
7a5ac74405b8       9         864 System.Diagnostics.Tracing.IncrementingPollingCounter
7a5ac13a5270      11         880 System.Collections.Generic.Dictionary<System.String, System.Resources.ResourceSet>
7a5ac13a8a88      11         880 System.Collections.Generic.Dictionary<System.String, System.Resources.ResourceLocator>
7a5ac3566668      11         880 System.Collections.Generic.Dictionary<System.Int32, Microsoft.EntityFrameworkCore.ChangeTracking.Internal.InternalEntityEntry>
7a5ac3589e90       5         880 System.Text.Json.JsonSerializerOptions
7a5ac060e768      14         896 System.Collections.Generic.HashSet<System.Type>
7a5ac0e43dc8      16         896 System.Collections.Immutable.RefAsValueType<System.Collections.Immutable.ImmutableSortedDictionary<System.Int32, System.ValueTuple<System.Nullable<Microsoft.EntityFrameworkCore.WarningBehavior>, System.Nullable<Microsoft.Extensions.Logging.LogLevel>>>+Node>[]
7a5ac1724868      28         896 Microsoft.EntityFrameworkCore.Metadata.Internal.InternalEntityTypeBuilder
7a5ac1833168      14         896 System.Func<Microsoft.EntityFrameworkCore.Storage.ValueConversion.ValueConverterInfo, Microsoft.EntityFrameworkCore.Storage.ValueConversion.ValueConverter>
7a5ac1909280      28         896 Microsoft.EntityFrameworkCore.Metadata.Internal.InternalKeyBuilder
7a5ac3344210      28         896 Microsoft.EntityFrameworkCore.Query.SqlExpressions.OrderingExpression
7a5ac1dba980      28         896 System.Linq.Expressions.Expression1<System.Func<System.Nullable<System.DateTime>, System.Int32>>
7a5ac1dbae30      28         896 System.Linq.Expressions.Expression1<System.Func<System.Nullable<System.DateTime>, System.Nullable<System.DateTime>>>
7a5ac1fcd660      28         896 System.Collections.Generic.List<Microsoft.EntityFrameworkCore.Metadata.RuntimeForeignKey>
7a5ac1fd5ad8      14         896 System.Func<Microsoft.EntityFrameworkCore.Infrastructure.IAnnotation, System.String>
7a5ac1fd5d90      14         896 System.Func<Microsoft.EntityFrameworkCore.Infrastructure.IAnnotation, System.Object>
7a5ac38a5950       4         896 Newtonsoft.Json.JsonSerializer
7a5ac37e7180      16         896 Microsoft.AspNetCore.Http.ParameterBindingMethodCache+<>c__DisplayClass18_0
7a5ac3a6e308      21         896 Microsoft.AspNetCore.Routing.Template.TemplateSegment[]
7a5ac3a10238      14         896 Microsoft.AspNetCore.Mvc.Razor.ViewLocationCacheKey
7a5ac5d1e078      14         896 System.Func<ForexExchange.Models.BankAccountBalance, System.Boolean>
7a5ac3f806d8       7         896 Microsoft.AspNetCore.Server.Kestrel.Core.Internal.Infrastructure.KestrelConnection<Microsoft.AspNetCore.Connections.ConnectionContext>
7a5ac3f98018       7         896 Microsoft.AspNetCore.Server.Kestrel.Core.Internal.Infrastructure.PipeWriterHelpers.ConcurrentPipeWriter
7a5ac3f9a260       7         896 Microsoft.AspNetCore.Connections.ConnectionAbortedException
7a5ac50d9ea0       8         896 Microsoft.EntityFrameworkCore.ChangeTracking.Internal.Snapshot<System.Int32, System.Int32, System.Int32, System.Decimal, System.String, System.Int32, System.Boolean, System.DateTime, System.String, ForexExchange.Models.PoolRiskLevel, System.Decimal, System.Decimal>
7a5ac0599d48      19         912 Microsoft.Extensions.DependencyInjection.ServiceLookup.ServiceProviderEngineScope
7a5ac163d1e0       1         912 System.Collections.Generic.Dictionary<System.Type, Microsoft.EntityFrameworkCore.Storage.RelationalTypeMapping>+Entry[]
7a5ac203a018      18         912 Microsoft.Extensions.Primitives.IChangeToken[]
7a5ac32bf480       1         912 System.Collections.Generic.Dictionary<System.String, Microsoft.EntityFrameworkCore.Metadata.Internal.TableBase>+Entry[]
7a5ac37e1cf8       1         912 System.Collections.Generic.Dictionary<System.Object, System.ComponentModel.ReflectTypeDescriptionProvider+IntrinsicTypeConverterData>+Entry[]
7a5ac3922d38       1         912 System.Collections.Generic.Dictionary<System.String, System.Type>+Entry[]
7a5ac45ecf80       1         912 System.Collections.Generic.Dictionary<System.String, System.String[]>+Entry[]
7a5ac49983a0       1         912 System.Collections.Generic.Dictionary<System.Type, System.Text.Json.Serialization.JsonConverter>+Entry[]
7a5ac744cce0      19         912 System.Diagnostics.Metrics.InstrumentState<System.Diagnostics.Metrics.Aggregator>
7a5ac744d130      19         912 System.Collections.Concurrent.ConcurrentDictionary<System.Diagnostics.Metrics.Instrument, System.Diagnostics.Metrics.InstrumentState>+Node
7a5ac744da60       1         912 System.Collections.Generic.Dictionary<System.Diagnostics.Metrics.Instrument, System.Boolean>+Entry[]
7a5abdf65058      23         920 System.Runtime.CompilerServices.ConditionalWeakTable<System.Buffers.SharedArrayPoolThreadLocalArray[], System.Object>
7a5ac3e03aa8      23         920 System.Buffers.MemoryPoolBlock
7a5ac466b388       5         920 System.Runtime.CompilerServices.PoolingAsyncValueTaskMethodBuilder<System.Int32>+StateMachineBox<System.IO.Strategies.BufferedFileStreamStrategy+<ReadAsyncSlowPath>d__37>
7a5ac1777520      29         928 Microsoft.EntityFrameworkCore.Metadata.Internal.InternalForeignKeyBuilder
7a5ac190b518      29         928 System.Collections.Generic.List<Microsoft.EntityFrameworkCore.Metadata.Internal.ForeignKey>
7a5ac05963f0      29         928 System.Text.Json.JsonEncodedText
7a5ac3a38a10      29         928 System.Collections.Generic.List<Microsoft.AspNetCore.Mvc.ModelBinding.ModelMetadata>
7a5ac44ca398      29         928 Microsoft.AspNetCore.Mvc.Controllers.ControllerFactoryProvider+<>c__DisplayClass6_0
7a5abcdbe158      39         936 System.TimeSpan
7a5ac3334cb0      17         952 Microsoft.EntityFrameworkCore.Query.SqlExpressions.LeftJoinExpression
7a5ac4791ed0      17         952 System.Linq.Enumerable+ArrayWhereSelectIterator<System.String, System.String>
7a5abdf80d68      24         960 System.Gen2GcCallback
7a5ac0e1e8e0       6         960 Microsoft.EntityFrameworkCore.Infrastructure.CoreOptionsExtension
7a5ac161e880       5         960 System.Collections.Generic.Dictionary<System.Type, Microsoft.EntityFrameworkCore.Diagnostics.IInterceptorAggregator>+Entry[]
7a5ac165d550       3         960 System.Collections.Concurrent.ConcurrentDictionary<System.String, Microsoft.Extensions.Caching.Memory.CacheEntry>+VolatileNode[]
7a5ac1865910      15         960 System.Collections.Generic.HashSet<Microsoft.EntityFrameworkCore.Metadata.Internal.Property>
7a5ac1dab330      30         960 System.Linq.Expressions.Expression1<System.Func<System.Int32, System.Int32>>
7a5ac3104890       5         960 System.Collections.Generic.Dictionary<System.String, Microsoft.AspNetCore.Identity.IUserTwoFactorTokenProvider<ForexExchange.Models.ApplicationUser>>+Entry[]
7a5ac36a7a00       3         960 System.Collections.Concurrent.ConcurrentDictionary<System.Type, Newtonsoft.Json.Serialization.JsonContract>+VolatileNode[]
7a5ac1bb2018      15         960 System.Func<ForexExchange.Models.Customer, System.String>
7a5ac15b2b58      30         960 System.Linq.Expressions.LabelTarget
7a5ac57c4668      20         960 Microsoft.CSharp.RuntimeBinder.Semantics.ExpressionBinder+BinOpSig
7a5ac57e4a00       3         960 System.Collections.Concurrent.ConcurrentDictionary<System.Reflection.MemberInfo, System.Func<System.Object, System.String>>+VolatileNode[]
7a5ac3a3bdf8      30         960 Microsoft.AspNetCore.Mvc.DataAnnotations.DataAnnotationsMetadataProvider+<>c__DisplayClass5_2
7a5ac5fbbaf8       3         960 System.Collections.Concurrent.ConcurrentDictionary<System.Type, Microsoft.Extensions.Internal.PropertyHelper[]>+VolatileNode[]
7a5ac2261fd8       3         960 System.Collections.Concurrent.ConcurrentDictionary<System.Byte[], System.IDisposable>+VolatileNode[]
7a5ac2240418      15         960 System.Func<System.Object, Microsoft.Data.Sqlite.SqliteValueReader, System.Nullable<System.Decimal>>
7a5ac13bc7d0       8         960 ForexExchange.Models.CurrencyPool
7a5ac1914fc8      31         976 Microsoft.EntityFrameworkCore.Metadata.Internal.ForeignKey[]
7a5ac06ae1c8       1         984 Microsoft.Extensions.DependencyModel.RuntimeLibrary[]
7a5abe8cf120      31         992 System.Collections.Generic.List<System.Diagnostics.Metrics.Instrument>
7a5ac06aba48       2         992 Microsoft.Extensions.DependencyModel.CompilationLibrary[]
7a5ac1982b98      31         992 Microsoft.EntityFrameworkCore.Metadata.Internal.InternalNavigationBuilder
7a5ac66092a8       4         992 System.Text.Json.Serialization.Metadata.JsonPropertyInfo<System.Decimal>
7a5abc18a4e0      25       1,000 System.Diagnostics.Tracing.EventProviderImpl
7a5ac35f8e70      25       1,000 System.Diagnostics.DebuggerTypeProxyAttribute
7a5ac1ad54d8       2       1,008 System.Collections.Generic.Dictionary<System.Reflection.MemberInfo, System.Reflection.NullabilityState>+Entry[]
7a5ac44cd348      18       1,008 Microsoft.AspNetCore.Mvc.Controllers.ControllerBinderDelegateProvider+<>c__DisplayClass0_0
7a5ac393f510      18       1,008 Microsoft.AspNetCore.Mvc.Razor.RazorPagePropertyActivator
7a5ac4558528      18       1,008 System.Collections.Concurrent.ConcurrentDictionary<Microsoft.AspNetCore.Mvc.Razor.RazorPageActivator+CacheKey, Microsoft.AspNetCore.Mvc.Razor.RazorPagePropertyActivator>+Node
7a5ac6e19e50      18       1,008 System.Runtime.CompilerServices.CallSite<System.Action<System.Runtime.CompilerServices.CallSite, AspNetCoreGeneratedDocument.Views_Orders_Index, System.Object>>
7a5abd6646c0      24       1,016 System.IDisposable[]
7a5abdeb6f70      16       1,024 System.Collections.Concurrent.ConcurrentDictionary<System.String, Microsoft.Extensions.FileProviders.Physical.PhysicalFilesWatcher+ChangeTokenInfo>+Node
7a5ac58d7b50      16       1,024 System.Func<ForexExchange.Models.CustomerBalance, System.Boolean>
7a5ac190a738      32       1,024 System.Collections.Generic.List<Microsoft.EntityFrameworkCore.Metadata.Internal.Key>
7a5ac1feae08      32       1,024 System.Collections.Generic.List<Microsoft.EntityFrameworkCore.Metadata.RuntimeKey>
7a5ac1fec1d8      32       1,024 Microsoft.EntityFrameworkCore.Metadata.RuntimeKey[]
7a5ac27ad4f8      16       1,024 System.Action<Microsoft.Extensions.Logging.ILogger, System.Guid, System.Exception>
7a5ac37e2d18      16       1,024 System.Func<System.Linq.Expressions.ParameterExpression, System.Linq.Expressions.Expression, System.Linq.Expressions.Expression>
7a5ac5275d88      16       1,024 System.Func<Microsoft.EntityFrameworkCore.ChangeTracking.Internal.InternalEntityEntry, System.Int64>
7a5ac4637590       3       1,032 System.ArraySegment<System.Byte>[]
7a5ac1372558      26       1,040 Microsoft.EntityFrameworkCore.Query.RelationalParameterBasedSqlProcessorDependencies
7a5ac33fa920      13       1,040 System.Reflection.RuntimeConstructorInfo[][]
7a5ac186bb88      13       1,040 System.Collections.Concurrent.ConcurrentDictionary<System.ValueTuple<System.Type, System.Type>, Microsoft.EntityFrameworkCore.Storage.ValueConversion.ValueConverterInfo>+Node
7a5ac1e35250      26       1,040 System.Linq.Expressions.Expression2<System.Func<System.Nullable<System.Int32>, System.Nullable<System.Int32>, System.Boolean>>
7a5ac334f998      13       1,040 Microsoft.EntityFrameworkCore.Query.SqlExpressions.SqlFunctionExpression
7a5ac157c008       1       1,048 System.Dynamic.Utils.CacheDict<System.Reflection.MethodBase, System.Reflection.ParameterInfo[]>+Entry[]
7a5ac203eb18       7       1,048 Microsoft.EntityFrameworkCore.Query.IMethodCallTranslator[]
7a5abd837930      33       1,056 System.Collections.Generic.List<Microsoft.Extensions.DependencyInjection.ServiceDescriptor>
7a5ac13a4218      11       1,056 System.Resources.ResourceManager
7a5ac13a6e20      11       1,056 System.Reflection.RuntimeAssembly+ManifestResourceStream
7a5ac13a9eb8      11       1,056 System.Collections.Generic.Dictionary<System.String, System.Resources.ResourceSet>+Entry[]
7a5ac35ac578       2       1,056 System.Collections.Concurrent.ConcurrentDictionary<System.Type, System.Text.Json.JsonSerializerOptions+CachingContext+CacheEntry>+VolatileNode[]
7a5ac37e5af0       2       1,056 System.Collections.Concurrent.ConcurrentDictionary<System.Type, System.Func<System.Linq.Expressions.ParameterExpression, System.Linq.Expressions.Expression, System.Linq.Expressions.Expression>>+VolatileNode[]
7a5ac5d6cdc0      22       1,056 Microsoft.AspNetCore.Mvc.ModelBinding.Binders.ComplexObjectModelBinder
7a5ac3f84f50       7       1,064 Microsoft.AspNetCore.Server.Kestrel.Core.Internal.Infrastructure.TimeoutControl
7a5ac1612b20       2       1,072 System.Collections.Concurrent.ConcurrentQueueSegment<System.Object>+Slot[]
7a5ac191a6e0      34       1,072 Microsoft.EntityFrameworkCore.Metadata.Internal.Key[]
7a5ac62cad50       2       1,072 ForexExchange.Models.CurrencyPoolHistory[]
7a5ac1379a70       5       1,080 Microsoft.EntityFrameworkCore.ChangeTracking.Internal.StateManager
7a5ac32ab0d0      27       1,080 System.Collections.Generic.SortedDictionary<System.String, Microsoft.EntityFrameworkCore.Metadata.Internal.UniqueConstraint>
7a5ac32ab9c8      27       1,080 System.Collections.Generic.SortedDictionary<System.String, Microsoft.EntityFrameworkCore.Metadata.Internal.TableIndex>
7a5ac32df8a8      27       1,080 System.Collections.Generic.SortedDictionary<System.String, Microsoft.EntityFrameworkCore.Metadata.Internal.CheckConstraint>
7a5ac32e0018      27       1,080 System.Collections.Generic.SortedDictionary<System.String, Microsoft.EntityFrameworkCore.Metadata.ITrigger>
7a5ac223fee0       3       1,080 System.Collections.Generic.Dictionary<System.ValueTuple<System.String, System.Int32>, System.ValueTuple<System.Int32, System.Object, SQLitePCL.delegate_function_scalar>>+Entry[]
7a5ac1665438       8       1,088 Microsoft.Data.Sqlite.SqliteConnection
7a5ac6280768       1       1,096 System.Linq.IGrouping<<>f__AnonymousType131<System.Int32, System.String>, <>f__AnonymousType226<System.Int32, System.String, System.DateTime, System.String, System.String, System.Nullable<System.Int32>, System.Decimal, System.String>>[]
7a5abd665b88      23       1,104 Microsoft.Extensions.Primitives.ChangeToken+ChangeTokenRegistration<System.Action>
7a5ac1e53d68      23       1,104 Microsoft.Extensions.Logging.LoggerMessage+<>c__DisplayClass12_0<System.String, System.String>
7a5ac1731e08      28       1,120 System.Collections.Generic.SortedDictionary<System.String, Microsoft.EntityFrameworkCore.Metadata.Internal.Navigation>
7a5ac17332f8      28       1,120 System.Collections.Generic.SortedDictionary<System.String, Microsoft.EntityFrameworkCore.Metadata.Internal.SkipNavigation>
7a5ac1734420      28       1,120 System.Collections.Generic.SortedDictionary<System.String, Microsoft.EntityFrameworkCore.Metadata.Internal.ServiceProperty>
7a5ac1735af0      28       1,120 System.Collections.Generic.SortedDictionary<System.Collections.Generic.IReadOnlyList<Microsoft.EntityFrameworkCore.Metadata.IReadOnlyProperty>, Microsoft.EntityFrameworkCore.Metadata.Internal.Index>
7a5ac17360f8      28       1,120 System.Collections.Generic.SortedDictionary<System.String, Microsoft.EntityFrameworkCore.Metadata.Internal.Index>
7a5ac1737278      28       1,120 System.Collections.Generic.SortedDictionary<System.Collections.Generic.IReadOnlyList<Microsoft.EntityFrameworkCore.Metadata.IReadOnlyProperty>, Microsoft.EntityFrameworkCore.Metadata.Internal.Key>
7a5ac1737ec0      28       1,120 System.Collections.Generic.SortedDictionary<System.String, Microsoft.EntityFrameworkCore.Metadata.Internal.Trigger>
7a5ac173c0f8      28       1,120 System.Collections.Generic.SortedDictionary<System.String, Microsoft.EntityFrameworkCore.Metadata.Internal.ComplexProperty>
7a5ac173fd58      28       1,120 System.Collections.Generic.SortedDictionary<System.String, Microsoft.EntityFrameworkCore.Metadata.Internal.Property>
7a5ac175c7e8      28       1,120 System.Collections.Generic.SortedDictionary<System.String, System.Reflection.PropertyInfo>
7a5ac175eb78      28       1,120 System.Collections.Generic.SortedDictionary<System.String, System.Reflection.FieldInfo>
7a5ac1db5890      28       1,120 System.Linq.Expressions.Expression2<System.Func<System.Nullable<System.DateTime>, System.Nullable<System.DateTime>, System.Boolean>>
7a5abe8c4150      10       1,120 System.Net.Sockets.Socket
7a5ac411efd0      20       1,120 System.Collections.Frozen.LengthBucketsFrozenDictionary<System.Int32>
7a5ac495dd30      35       1,120 System.Runtime.CompilerServices.RuleCache<System.Func<System.Runtime.CompilerServices.CallSite, System.Object, System.Object>>
7a5ac3b18790      35       1,136 Microsoft.Extensions.DependencyInjection.ActivatorUtilities+ConstructorInfoEx[]
7a5ac1da1018      36       1,152 Microsoft.EntityFrameworkCore.ChangeTracking.EntryCurrentValueComparer<System.Int32>
7a5ac47922c0      24       1,152 System.Collections.Concurrent.ConcurrentDictionary<Microsoft.AspNetCore.Http.Endpoint, Microsoft.AspNetCore.Authorization.AuthorizationPolicy>+Node
7a5abc1906c0      36       1,152 System.Decimal
7a5ac4554f40      18       1,152 System.Func<Microsoft.AspNetCore.Mvc.ModelBinding.IModelMetadataProvider, Microsoft.AspNetCore.Mvc.ModelBinding.ModelStateDictionary, Microsoft.AspNetCore.Mvc.ViewFeatures.ViewDataDictionary>
7a5ac44cd1d8      18       1,152 Microsoft.AspNetCore.Mvc.Controllers.ControllerBinderDelegate
7a5ac4555550      18       1,152 System.Func<Microsoft.AspNetCore.Mvc.ViewFeatures.ViewDataDictionary, Microsoft.AspNetCore.Mvc.ViewFeatures.ViewDataDictionary>
7a5ac4557b68      18       1,152 System.Action<Microsoft.AspNetCore.Mvc.Razor.RazorPageBase, System.Diagnostics.DiagnosticSource>
7a5ac4557cf8      18       1,152 System.Action<Microsoft.AspNetCore.Mvc.Razor.RazorPageBase, System.Text.Encodings.Web.HtmlEncoder>
7a5ac57cd2f0      24       1,152 System.Collections.Concurrent.ConcurrentDictionary<System.Linq.Expressions.LambdaExpression, System.String>+Node
7a5ac5c70598       8       1,152 System.Collections.Generic.KeyValuePair<Microsoft.AspNetCore.Mvc.ModelBinding.EnumGroupAndName, System.String>[]
7a5ac3f7af68       9       1,152 System.Net.Sockets.SocketAsyncContext+BufferMemoryReceiveOperation
7a5ac1bd2018      18       1,152 System.Func<ForexExchange.Models.AdminActivity, System.String>
7a5ac7466818      18       1,152 System.Diagnostics.Metrics.AggregatorLookupFunc<System.Diagnostics.Metrics.Aggregator>
7a5ac44cb1c0      29       1,160 System.Action<Microsoft.AspNetCore.Mvc.ControllerContext, System.Object>[]
7a5ac3344ab0      23       1,176 Microsoft.EntityFrameworkCore.Query.SqlExpressions.OrderingExpression[]
7a5ac1577bf0      49       1,176 System.Linq.Expressions.PrimitiveParameterExpression<System.String>
7a5ac3a6d348      49       1,176 Microsoft.AspNetCore.Routing.Template.TemplateSegment
7a5ac6334df0      21       1,176 System.Linq.Grouping<System.Int32, System.ValueTuple<System.Int32, System.String, System.DateTime, System.String, System.Nullable<System.Int32>, System.Decimal, System.String>>
7a5ac0dd1398       8       1,200 System.Collections.Generic.Dictionary<System.String, System.Collections.Generic.List<System.Diagnostics.Metrics.Instrument>>+Entry[]
7a5ac18382f0      25       1,200 System.Collections.Generic.SortedSet<System.Type>+Node
7a5ac1da6d30      15       1,200 Microsoft.EntityFrameworkCore.ChangeTracking.ValueComparer+DefaultValueComparer<System.Int32>
7a5ac3129dd0       5       1,200 System.Net.Http.HttpConnectionSettings
7a5ac45bc620      22       1,200 Microsoft.AspNetCore.Routing.DecisionTree.DecisionCriterion<Microsoft.AspNetCore.Routing.Tree.OutboundMatch>[]
7a5ac32e2188       1       1,208 System.Collections.Generic.Dictionary<System.ValueTuple<System.String, System.String>, Microsoft.EntityFrameworkCore.Metadata.Internal.Table>+Entry[]
7a5ac63395c8       1       1,208 System.Collections.Generic.Dictionary<System.Int32, System.Decimal>+Entry[]
7a5ac46413c0      19       1,216 System.Func<System.String, System.Int32, System.Int32, System.Int32>
7a5ac57c5650      19       1,216 Microsoft.CSharp.RuntimeBinder.Semantics.ExpressionBinder+PfnBindBinOp
7a5ac744c840      19       1,216 System.Func<System.Diagnostics.Metrics.Aggregator>
7a5ac3a456c8      51       1,224 Microsoft.AspNetCore.Mvc.ValidateAntiForgeryTokenAttribute
7a5ac47984b0      18       1,232 Microsoft.AspNetCore.Mvc.Controllers.ControllerBinderDelegateProvider+BinderItem[]
7a5ac3f812f0      14       1,232 System.Collections.Generic.KeyValuePair<System.Type, System.Object>[]
7a5ac126ef20      26       1,248 Microsoft.EntityFrameworkCore.Sqlite.Query.Internal.SqliteSqlExpressionFactory
7a5ac41698e8      15       1,256 System.Collections.Generic.KeyValuePair<System.Func<System.Object, System.Threading.Tasks.Task>, System.Object>[]
7a5abdeb2550       4       1,280 System.Collections.Concurrent.ConcurrentDictionary<System.String, Microsoft.Extensions.FileProviders.Physical.PhysicalFilesWatcher+ChangeTokenInfo>+VolatileNode[]
7a5ac1713278       4       1,280 System.Collections.Concurrent.ConcurrentDictionary<System.Type, System.Reflection.PropertyInfo>+VolatileNode[]
7a5ac1d818a0      20       1,280 System.Func<System.Boolean, Microsoft.EntityFrameworkCore.ChangeTracking.Internal.IIdentityMap>
7a5ac1dbe0e0      16       1,280 System.Collections.Generic.Dictionary<System.Type, System.Reflection.MethodInfo>
7a5ac35b19e0      20       1,280 System.Func<System.Reflection.ICustomAttributeProvider>
7a5ac37e11d0      32       1,280 System.ComponentModel.ReflectTypeDescriptionProvider+IntrinsicTypeConverterData
7a5ac6361f18      20       1,280 Microsoft.EntityFrameworkCore.ChangeTracking.Internal.Snapshot<System.Int32, System.Decimal, System.Int32, System.String, System.DateTime, System.String>
7a5ac6e0a4c8      20       1,280 System.Func<System.Runtime.CompilerServices.CallSite, System.Object, System.Int32, System.Object>
7a5ac6552b48       4       1,280 System.Collections.Concurrent.ConcurrentDictionary<System.Reflection.MemberInfo, System.Func<ForexExchange.Models.Order, System.Object>>+VolatileNode[]
7a5ac6553608       4       1,280 System.Collections.Concurrent.ConcurrentDictionary<Microsoft.AspNetCore.Mvc.ViewFeatures.MemberExpressionCacheKey, System.Func<ForexExchange.Models.Order, System.Object>>+VolatileNode[]
7a5ac7464420       4       1,280 System.Collections.Concurrent.ConcurrentDictionary<System.Diagnostics.Metrics.StringSequence1, System.Collections.Concurrent.ConcurrentDictionary<System.Diagnostics.Metrics.ObjectSequence1, System.Diagnostics.Metrics.Aggregator>>+VolatileNode[]
7a5ac7465a70       4       1,280 System.Collections.Concurrent.ConcurrentDictionary<System.Diagnostics.Metrics.ObjectSequence1, System.Diagnostics.Metrics.Aggregator>+VolatileNode[]
7a5ac57c2e08      23       1,288 System.Runtime.CompilerServices.CallSite<System.Func<System.Runtime.CompilerServices.CallSite, System.Object, System.Boolean>>
7a5ac3f7d9f0       7       1,288 System.Runtime.CompilerServices.AsyncTaskMethodBuilder<System.Threading.Tasks.VoidTaskResult>+AsyncStateMachineBox<Microsoft.AspNetCore.Server.Kestrel.Transport.Sockets.Internal.SocketConnection+<DoReceive>d__27>
7a5ac7450410      23       1,288 System.Diagnostics.Tracing.PropertyAnalysis
7a5ac32bec68      54       1,296 System.Collections.Generic.SortedDictionary<System.String, Microsoft.EntityFrameworkCore.Metadata.IColumnBase>+KeyValuePairComparer
7a5ac32e05f8      27       1,296 System.Collections.Generic.TreeSet<System.Collections.Generic.KeyValuePair<System.String, Microsoft.EntityFrameworkCore.Metadata.Internal.UniqueConstraint>>
7a5ac32e0d28      27       1,296 System.Collections.Generic.TreeSet<System.Collections.Generic.KeyValuePair<System.String, Microsoft.EntityFrameworkCore.Metadata.Internal.TableIndex>>
7a5ac32e1458      27       1,296 System.Collections.Generic.TreeSet<System.Collections.Generic.KeyValuePair<System.String, Microsoft.EntityFrameworkCore.Metadata.Internal.CheckConstraint>>
7a5ac32e1b88      27       1,296 System.Collections.Generic.TreeSet<System.Collections.Generic.KeyValuePair<System.String, Microsoft.EntityFrameworkCore.Metadata.ITrigger>>
7a5ac32fb9b8      27       1,296 System.Collections.Generic.SortedSet<Microsoft.EntityFrameworkCore.Metadata.IKey>
7a5ac32fb5f0      27       1,296 System.Collections.Generic.SortedSet<Microsoft.EntityFrameworkCore.Metadata.Internal.UniqueConstraint>
7a5ac3307f48      27       1,296 System.Collections.Generic.SortedSet<Microsoft.EntityFrameworkCore.Metadata.Internal.UniqueConstraint>+Node
7a5ac3308080      27       1,296 System.Collections.Generic.SortedSet<Microsoft.EntityFrameworkCore.Metadata.IKey>+Node
7a5ac33d5148      27       1,296 Microsoft.EntityFrameworkCore.Metadata.Internal.PropertyCounts
7a5ac3a30330      18       1,296 Microsoft.AspNetCore.Mvc.ModelBinding.BindingInfo
7a5ac3a132f0      41       1,312 Microsoft.AspNetCore.Mvc.Razor.RazorPagePropertyActivator+<>c__DisplayClass8_0
7a5ac45bc090      41       1,312 System.Collections.Generic.List<Microsoft.AspNetCore.Routing.DecisionTree.DecisionCriterion<Microsoft.AspNetCore.Routing.Tree.OutboundMatch>>
7a5ac45be9e0      41       1,312 Microsoft.AspNetCore.Routing.DecisionTree.DecisionTreeNode<Microsoft.AspNetCore.Routing.Tree.OutboundMatch>
7a5ac516b2e8       5       1,320 Newtonsoft.Json.Serialization.JsonDictionaryContract
7a5ac6e14f10      41       1,336 System.Func<System.Runtime.CompilerServices.CallSite, System.Object, System.Int32, System.Object>[]
7a5abd85c088       3       1,344 System.Globalization.CultureData
7a5abdf804c8      42       1,344 System.Collections.Generic.List<System.IO.FileSystemWatcher+RunningInstance+WatchedDirectory>
7a5ac1738768      28       1,344 System.Collections.Generic.TreeSet<System.Collections.Generic.KeyValuePair<System.String, Microsoft.EntityFrameworkCore.Metadata.Internal.Navigation>>
7a5ac1738e98      28       1,344 System.Collections.Generic.TreeSet<System.Collections.Generic.KeyValuePair<System.String, Microsoft.EntityFrameworkCore.Metadata.Internal.SkipNavigation>>
7a5ac17395c8      28       1,344 System.Collections.Generic.TreeSet<System.Collections.Generic.KeyValuePair<System.String, Microsoft.EntityFrameworkCore.Metadata.Internal.ServiceProperty>>
7a5ac1739d18      28       1,344 System.Collections.Generic.TreeSet<System.Collections.Generic.KeyValuePair<System.Collections.Generic.IReadOnlyList<Microsoft.EntityFrameworkCore.Metadata.IReadOnlyProperty>, Microsoft.EntityFrameworkCore.Metadata.Internal.Index>>
7a5ac173a448      28       1,344 System.Collections.Generic.TreeSet<System.Collections.Generic.KeyValuePair<System.String, Microsoft.EntityFrameworkCore.Metadata.Internal.Index>>
7a5ac173ab78      28       1,344 System.Collections.Generic.TreeSet<System.Collections.Generic.KeyValuePair<System.Collections.Generic.IReadOnlyList<Microsoft.EntityFrameworkCore.Metadata.IReadOnlyProperty>, Microsoft.EntityFrameworkCore.Metadata.Internal.Key>>
7a5ac173b2a8      28       1,344 System.Collections.Generic.TreeSet<System.Collections.Generic.KeyValuePair<System.String, Microsoft.EntityFrameworkCore.Metadata.Internal.Trigger>>
7a5ac1750618      28       1,344 System.Collections.Generic.TreeSet<System.Collections.Generic.KeyValuePair<System.String, Microsoft.EntityFrameworkCore.Metadata.Internal.ComplexProperty>>
7a5ac173c700      28       1,344 System.Collections.Generic.SortedSet<Microsoft.EntityFrameworkCore.Metadata.Internal.TypeBase>
7a5ac173cd88      56       1,344 Microsoft.EntityFrameworkCore.Metadata.Internal.PropertyNameComparer
7a5ac17524b0      28       1,344 System.Collections.Generic.TreeSet<System.Collections.Generic.KeyValuePair<System.String, Microsoft.EntityFrameworkCore.Metadata.Internal.Property>>
7a5ac175d650      28       1,344 System.Collections.Generic.TreeSet<System.Collections.Generic.KeyValuePair<System.String, System.Reflection.PropertyInfo>>
7a5ac175fa80      28       1,344 System.Collections.Generic.TreeSet<System.Collections.Generic.KeyValuePair<System.String, System.Reflection.FieldInfo>>
7a5ac51f3e10      21       1,344 Newtonsoft.Json.Serialization.ObjectConstructor<System.Object>
7a5ac57eb370      24       1,344 System.Collections.Concurrent.ConcurrentDictionary<Microsoft.AspNetCore.Mvc.ModelBinding.ModelMetadata, Microsoft.AspNetCore.Mvc.ModelBinding.Validation.ClientValidatorCache+CacheEntry>+Node
7a5ac3f8edd8       7       1,344 Microsoft.AspNetCore.Server.Kestrel.Core.Internal.Http.Http1OutputProducer
7a5ac68f7748      24       1,344 System.Net.Http.Headers.GenericHeaderParser
7a5ac223c6a8      21       1,344 SQLitePCL.delegate_function_scalar
7a5ac57c38c8      19       1,368 Microsoft.CSharp.RuntimeBinder.CSharpBinaryOperationBinder
7a5ac45ae470      43       1,376 System.Collections.Generic.List<Microsoft.AspNetCore.Routing.Tree.OutboundMatch>
7a5ac35b6a30      23       1,384 System.Text.Json.Serialization.Metadata.JsonPropertyInfo[]
7a5ac330cc38      29       1,392 System.Collections.Generic.SortedSet<Microsoft.EntityFrameworkCore.Metadata.IForeignKey>
7a5ac3324ef0      29       1,392 System.Collections.Generic.SortedSet<Microsoft.EntityFrameworkCore.Metadata.IForeignKey>+Node
7a5ac7467028      29       1,392 System.Diagnostics.Metrics.ObservableCounterAggregator
7a5abdf65cd0      25       1,400 System.Runtime.CompilerServices.ConditionalWeakTable<System.Buffers.SharedArrayPoolThreadLocalArray[], System.Object>+Container
7a5ac39327e0      35       1,400 Microsoft.AspNetCore.Authorization.AuthorizeAttribute
7a5abd666ca8      44       1,408 System.Threading.CancellationTokenRegistration
7a5ac13a7a28      11       1,408 System.Resources.ResourceReader
7a5ac0a67f10      32       1,416 Serilog.Parsing.PropertyToken[]
7a5ac35cc690      11       1,440 System.Collections.Generic.Dictionary<System.String, System.Text.Json.Serialization.Metadata.JsonPropertyInfo>+Entry[]
7a5ac49120a8       1       1,440 System.Collections.Generic.Dictionary<System.String, Microsoft.CSharp.RuntimeBinder.Syntax.PredefinedType>+Entry[]
7a5ac13beba0      20       1,440 ForexExchange.Models.BankAccountBalance
7a5ac49b74e8      45       1,440 System.Text.Json.Serialization.Metadata.ReflectionEmitCachingMemberAccessor+Cache<System.ValueTuple<System.String, System.Type, System.Reflection.MemberInfo>>+CacheEntry
7a5ac7440728      18       1,440 System.Diagnostics.Tracing.PollingCounter
7a5ac44c6bb0      29       1,456 Microsoft.AspNetCore.Mvc.Filters.FilterItem[]
7a5ac6e0a5c8      26       1,456 System.Runtime.CompilerServices.CallSite<System.Func<System.Runtime.CompilerServices.CallSite, System.Object, System.Int32, System.Object>>
7a5ac1dba770      61       1,464 System.Linq.Expressions.DefaultExpression
7a5ac1261aa0       1       1,472 Microsoft.EntityFrameworkCore.Sqlite.Diagnostics.Internal.SqliteLoggingDefinitions
7a5ac1e532c0      23       1,472 System.Action<Microsoft.Extensions.Logging.ILogger, System.String, System.String, System.Exception>
7a5ac454b190      23       1,472 System.Func<Microsoft.AspNetCore.Mvc.Razor.IRazorPage>
7a5ac214df88      23       1,472 <>f__AnonymousType220<System.Int64, System.Int32, System.Decimal, System.DateTime, System.String>
7a5ac74515f8      23       1,472 System.Func<System.Diagnostics.Tracing.PropertyValue, System.Diagnostics.Tracing.PropertyValue>
7a5ac45af0d8      23       1,480 Microsoft.AspNetCore.Routing.Tree.OutboundMatch[]
7a5ac1634e88       6       1,488 Microsoft.EntityFrameworkCore.Sqlite.Storage.Internal.SqliteStringTypeMapping
7a5ac5202c58      31       1,488 System.Collections.Concurrent.ConcurrentDictionary<System.Object, Newtonsoft.Json.JsonObjectAttribute>+Node
7a5ac15e4230      27       1,512 System.Collections.Concurrent.ConcurrentDictionary<System.ValueTuple<System.Type, System.String>, System.Func<Microsoft.EntityFrameworkCore.DbContext, System.String, System.Object>>+Node
7a5ac3307b80      27       1,512 System.Collections.Generic.SortedSet<System.Collections.Generic.KeyValuePair<System.String, Microsoft.EntityFrameworkCore.Metadata.Internal.UniqueConstraint>>+Node
7a5ac0d53c60      27       1,512 Serilog.Extensions.Logging.SerilogLoggerScope
7a5ac059ac90      19       1,520 System.Collections.Generic.Dictionary<Microsoft.Extensions.DependencyInjection.ServiceLookup.ServiceCacheKey, System.Object>
7a5ac3e17c30      10       1,520 System.Net.Sockets.SocketAsyncContext
7a5ac32be500      28       1,536 Microsoft.EntityFrameworkCore.Metadata.Internal.TableMappingBase<Microsoft.EntityFrameworkCore.Metadata.Internal.ColumnMappingBase>[]
7a5ac32dd1d0      28       1,536 Microsoft.EntityFrameworkCore.Metadata.Internal.TableMapping[]
7a5ac36aeca0      31       1,536 Microsoft.AspNetCore.Mvc.Filters.IFilterMetadata[]
7a5ac44c8fc8      24       1,536 Microsoft.Extensions.Internal.ObjectMethodExecutor+MethodExecutorAsync
7a5ac4946fc0      16       1,536 Microsoft.CSharp.RuntimeBinder.CSharpInvokeMemberBinder
7a5ac57e5ed0      64       1,536 System.Collections.ObjectModel.ReadOnlyCollection<System.Object>
7a5ac35b54a0      12       1,536 System.Text.Json.Utf8JsonWriter
7a5ac68f78b8      24       1,536 System.Net.Http.Headers.GenericHeaderParser+GetParsedValueLengthDelegate
7a5ac525eb38      24       1,536 System.Func<ForexExchange.Models.VapidConfiguration, System.Boolean>
7a5ac1575248      40       1,544 System.Linq.Expressions.ParameterExpression[]
7a5ac3334800      28       1,568 Microsoft.EntityFrameworkCore.Query.SqlExpressions.InnerJoinExpression
7a5ac1753788      28       1,568 System.Collections.Generic.SortedSet<System.Collections.Generic.KeyValuePair<System.String, Microsoft.EntityFrameworkCore.Metadata.Internal.EntityType>>+Node
7a5ac191a5a8      28       1,568 System.Collections.Generic.SortedSet<System.Collections.Generic.KeyValuePair<System.Collections.Generic.IReadOnlyList<Microsoft.EntityFrameworkCore.Metadata.IReadOnlyProperty>, Microsoft.EntityFrameworkCore.Metadata.Internal.Key>>+Node
7a5ac33fabf0      28       1,568 System.RuntimeType+RuntimeTypeCache+MemberInfoCache<System.Reflection.RuntimeEventInfo>
7a5ac3f796e0      24       1,568 System.IO.Pipelines.BufferSegmentStack+SegmentAsValueType[]
7a5ac2269410      22       1,584 System.Threading.Tasks.Task<System.Int32>
7a5ac324a790      66       1,584 Microsoft.EntityFrameworkCore.Query.SqlAliasManager
7a5ac13aa8b0      33       1,584 Microsoft.Extensions.Logging.LoggerMessage+<>c__DisplayClass8_0
7a5abc183468      25       1,600 System.Func<System.Diagnostics.Tracing.EventSource>
7a5abc18ac48      25       1,600 System.Diagnostics.Tracing.EventPipeEventProvider
7a5abd664a40      25       1,600 System.Func<Microsoft.Extensions.Primitives.IChangeToken>
7a5abc19c620      25       1,600 System.Threading.Tasks.Task
7a5ac16569b8       1       1,600 System.Collections.Concurrent.ConcurrentDictionary<System.ValueTuple<Microsoft.EntityFrameworkCore.Storage.RelationalTypeMappingInfo, System.Type, Microsoft.EntityFrameworkCore.Storage.ValueConversion.ValueConverter, Microsoft.EntityFrameworkCore.Storage.CoreTypeMapping>, Microsoft.EntityFrameworkCore.Storage.RelationalTypeMapping>+VolatileNode[]
7a5ac1e59660       5       1,600 System.Collections.Concurrent.ConcurrentDictionary<System.String, System.String>+VolatileNode[]
7a5ac36022a0      20       1,600 System.Text.Json.Serialization.Metadata.JsonParameterInfo<System.String>
7a5ac1e56bf8       8       1,600 System.Diagnostics.Activity
7a5ac49b8258       1       1,600 System.Collections.Concurrent.ConcurrentDictionary<System.ValueTuple<System.String, System.Type, System.Reflection.MemberInfo>, System.Text.Json.Serialization.Metadata.ReflectionEmitCachingMemberAccessor+Cache<System.ValueTuple<System.String, System.Type, System.Reflection.MemberInfo>>+CacheEntry>+VolatileNode[]
7a5ac491f458       1       1,600 System.Collections.Concurrent.ConcurrentDictionary<Microsoft.CSharp.RuntimeBinder.ICSharpBinder, Microsoft.CSharp.RuntimeBinder.ICSharpBinder>+VolatileNode[]
7a5ac34e96f0       1       1,616 System.Globalization.DateTimeFormatInfo+TokenHashValue[]
7a5ac18666f0      15       1,624 System.Collections.Generic.HashSet<Microsoft.EntityFrameworkCore.Metadata.Internal.Property>+Entry[]
7a5ac5d13b18      50       1,624 Microsoft.AspNetCore.Mvc.ModelBinding.Validation.IModelValidator[]
7a5ac33f9618      34       1,632 System.Collections.Concurrent.ConcurrentDictionary<System.Type, System.Reflection.MethodInfo>+Node
7a5ac76c5cc8       4       1,632 System.Collections.Generic.Dictionary<System.Diagnostics.Metrics.Instrument, System.Object>+Entry[]
7a5ac3495800      26       1,664 System.Func<Microsoft.EntityFrameworkCore.ChangeTracking.Internal.ISnapshot>
7a5ac4103548      52       1,664 Microsoft.AspNetCore.Routing.Matching.LinearSearchJumpTable
7a5ac1b96cf8      26       1,664 System.Func<ForexExchange.Models.ApplicationUser, System.String>
7a5ac6cbb998      26       1,664 System.Func<ForexExchange.Models.PushNotificationLog, System.Boolean>
7a5ac3b19798      35       1,680 System.Collections.Concurrent.ConcurrentDictionary<System.Type, Microsoft.Extensions.DependencyInjection.ActivatorUtilities+ConstructorInfoEx[]>+Node
7a5ac45bea98      21       1,680 System.Collections.Generic.Dictionary<System.Object, Microsoft.AspNetCore.Routing.DecisionTree.DecisionTreeNode<Microsoft.AspNetCore.Routing.Tree.OutboundMatch>>
7a5ac17135f0       4       1,696 System.Collections.Concurrent.ConcurrentDictionary<System.Type, System.String>+VolatileNode[]
7a5abea4e038      17       1,728 System.Collections.Generic.Dictionary<System.Object, System.Object>+Entry[]
7a5ac13ae8c0      27       1,728 System.Func<Microsoft.EntityFrameworkCore.DbContext, System.String, System.Object>
7a5abee68b10      54       1,728 Serilog.Events.LogEventProperty
7a5ac32bc430      27       1,728 Microsoft.EntityFrameworkCore.Metadata.Internal.TableMappingBase<Microsoft.EntityFrameworkCore.Metadata.Internal.ColumnMappingBase>
7a5ac48fba38       9       1,728 Microsoft.CSharp.RuntimeBinder.Semantics.PropertySymbol
7a5ac51f42d0      54       1,728 System.Collections.Generic.List<Newtonsoft.Json.Serialization.JsonProperty>
7a5ac16381e0       7       1,736 Microsoft.EntityFrameworkCore.Sqlite.Storage.Internal.SqliteDecimalTypeMapping
7a5ac19832c0      31       1,736 System.Collections.Generic.SortedSet<System.Collections.Generic.KeyValuePair<System.String, Microsoft.EntityFrameworkCore.Metadata.Internal.Navigation>>+Node
7a5ac35f9090      31       1,736 System.Diagnostics.DebuggerDisplayAttribute
7a5ac3f76c70       7       1,736 Microsoft.AspNetCore.Server.Kestrel.Transport.Sockets.Internal.SocketReceiver
7a5ac3f7f560       7       1,736 System.Runtime.CompilerServices.AsyncTaskMethodBuilder<System.Threading.Tasks.VoidTaskResult>+AsyncStateMachineBox<Microsoft.AspNetCore.Server.Kestrel.Transport.Sockets.Internal.SocketConnection+<DoSend>d__28>
7a5ac5d6ce78      22       1,760 System.Collections.Generic.Dictionary<Microsoft.AspNetCore.Mvc.ModelBinding.ModelMetadata, Microsoft.AspNetCore.Mvc.ModelBinding.IModelBinder>
7a5ac4642dd8      17       1,768 System.Runtime.CompilerServices.AsyncTaskMethodBuilder<System.Threading.Tasks.VoidTaskResult>+AsyncStateMachineBox<Microsoft.AspNetCore.Routing.Matching.ILEmitTrieJumpTable+<InitializeILDelegateAsync>d__12>
7a5ac1788798      28       1,792 Microsoft.EntityFrameworkCore.Utilities.OrderedDictionary<System.Reflection.PropertyInfo, System.ValueTuple<System.Type, System.Nullable<System.Boolean>>>
7a5ac1fd24e8      28       1,792 Microsoft.EntityFrameworkCore.Utilities.OrderedDictionary<System.String, Microsoft.EntityFrameworkCore.Metadata.RuntimeProperty>
7a5ac1fce800      28       1,792 Microsoft.EntityFrameworkCore.Utilities.OrderedDictionary<System.String, Microsoft.EntityFrameworkCore.Metadata.RuntimeNavigation>
7a5ac1fcefd0      28       1,792 Microsoft.EntityFrameworkCore.Utilities.OrderedDictionary<System.Collections.Generic.IReadOnlyList<Microsoft.EntityFrameworkCore.Metadata.IReadOnlyProperty>, Microsoft.EntityFrameworkCore.Metadata.RuntimeIndex>
7a5ac1fd07e8      28       1,792 Microsoft.EntityFrameworkCore.Utilities.OrderedDictionary<System.String, Microsoft.EntityFrameworkCore.Metadata.RuntimeIndex>
7a5ac1fcf7a0      28       1,792 Microsoft.EntityFrameworkCore.Utilities.OrderedDictionary<System.Collections.Generic.IReadOnlyList<Microsoft.EntityFrameworkCore.Metadata.IReadOnlyProperty>, Microsoft.EntityFrameworkCore.Metadata.RuntimeKey>
7a5ac1fae8c0      28       1,792 Microsoft.EntityFrameworkCore.Metadata.RuntimeKey
7a5ac3a33288      28       1,792 System.Action<Microsoft.AspNetCore.Mvc.Controller, Microsoft.AspNetCore.Mvc.ViewFeatures.ViewDataDictionary>
7a5ac334f228      45       1,800 Microsoft.EntityFrameworkCore.Query.SqlExpressions.SqlConstantExpression
7a5ac392b370      57       1,816 Microsoft.Extensions.Internal.PropertyActivator<Microsoft.AspNetCore.Mvc.ControllerContext>[]
7a5ac3a6e558      54       1,816 Microsoft.AspNetCore.Routing.Template.TemplatePart[]
7a5ac0d54bc8       5       1,824 System.Collections.Generic.Dictionary<System.Type, System.String>+Entry[]
7a5ac3479ce8      29       1,856 System.Func<Microsoft.EntityFrameworkCore.ChangeTracking.Internal.IDependentsMap>
7a5ac44c8610      29       1,856 Microsoft.Extensions.Internal.ObjectMethodExecutor+MethodExecutor
7a5ac50cef78      29       1,856 System.Func<ForexExchange.Models.CurrencyPool, System.Boolean>
7a5ac74408a8      29       1,856 System.Func<System.Double>
7a5ac62fb818      78       1,872 Microsoft.EntityFrameworkCore.ChangeTracking.Internal.Snapshot<System.Int64>
7a5abc2d4968       5       1,880 ForexExchange.Models.ForexDbContext
7a5ac34e9678      59       1,888 System.Globalization.DateTimeFormatInfo+TokenHashValue
7a5ac33e7f30      79       1,896 System.Collections.Generic.Dictionary<Microsoft.EntityFrameworkCore.Metadata.IProperty, System.Int32>+ValueCollection
7a5ac0603428       2       1,920 System.Collections.Concurrent.ConcurrentDictionary<Microsoft.Extensions.DependencyInjection.ServiceLookup.ServiceIdentifier, Microsoft.Extensions.DependencyInjection.ServiceProvider+ServiceAccessor>+VolatileNode[]
7a5ac172fc90      40       1,920 System.Collections.Generic.SortedSet<Microsoft.EntityFrameworkCore.Metadata.Internal.ForeignKey>
7a5ac17550e0      30       1,920 System.Func<System.Reflection.MethodInfo, System.Boolean>
7a5ac3240f58      80       1,920 Microsoft.EntityFrameworkCore.Storage.ValueBuffer
7a5ac34e9a48      20       1,920 System.DateTimeParse+DS[]
7a5ac48f4f48      24       1,920 Microsoft.CSharp.RuntimeBinder.CSharpSetMemberBinder
7a5ac2262498       6       1,920 System.Collections.Concurrent.ConcurrentDictionary<SQLitePCL.FuncName, System.IDisposable>+VolatileNode[]
7a5ac660d770      30       1,920 System.Func<ForexExchange.Models.AdminActivity, System.Boolean>
7a5ac68e59a0      30       1,920 System.Func<ForexExchange.Models.PushSubscription, System.Boolean>
7a5ac1659878      35       1,928 Microsoft.EntityFrameworkCore.Storage.IRelationalParameter[]
7a5abc0dfbe8      27       1,944 System.Threading.Thread
7a5abd825f18      27       1,944 System.Collections.Hashtable
7a5ac32a4378      27       1,944 Microsoft.EntityFrameworkCore.Metadata.Internal.UniqueConstraint
7a5abe3b4b40      49       1,960 System.Reflection.CerHashtable<System.String, System.Reflection.RuntimeFieldInfo[]>+Table
7a5ac48ffe28      49       1,960 Microsoft.CSharp.RuntimeBinder.Semantics.PredefinedTypeFacts+PredefinedTypeInfo
7a5ac324edd8      82       1,968 Microsoft.EntityFrameworkCore.Query.SqlAliasManager+MutableInt
7a5ac1fd3c30      18       1,968 Microsoft.EntityFrameworkCore.Utilities.OrderedDictionary<System.String, Microsoft.EntityFrameworkCore.Metadata.RuntimeNavigation>+Entry[]
7a5ac201ebd0      41       1,968 System.Collections.Generic.SortedSet<Microsoft.EntityFrameworkCore.Metadata.RuntimeForeignKey>
7a5ac3287520      41       1,968 Microsoft.EntityFrameworkCore.Query.SqlExpressions.SqlParameterExpression
7a5ac3d0a448       2       1,968 System.Xml.XmlWellFormedWriter+State[]
7a5ac3a36a18      31       1,984 System.Action<Microsoft.AspNetCore.Mvc.ControllerBase, Microsoft.AspNetCore.Mvc.ControllerContext>
7a5ac353a370      31       1,984 System.Func<ForexExchange.Models.Currency, System.Boolean>
7a5ac334aef8      42       2,016 Microsoft.EntityFrameworkCore.Query.SqlExpressions.SqlUnaryExpression
7a5abe380cb0      84       2,016 System.Runtime.InteropServices.OptionalAttribute
7a5ac45b07a0      21       2,016 Microsoft.AspNetCore.Routing.Tree.OutboundRouteEntry
7a5ac5d13530      51       2,040 Microsoft.AspNetCore.Mvc.DataAnnotations.DataAnnotationsModelValidator
7a5ac37e1b30      32       2,048 System.Func<System.Type, System.ComponentModel.TypeConverter>
7a5ac1bd8a60      32       2,048 System.Func<ForexExchange.Models.AccountingDocument, System.String>
7a5ac69a69f8      32       2,048 Org.BouncyCastle.Math.EC.Custom.Sec.SecP256R1Point
7a5ac3b18718      37       2,072 Microsoft.Extensions.DependencyInjection.ActivatorUtilities+ConstructorInfoEx
7a5ac0ca53c0       1       2,072 System.Collections.Concurrent.ConcurrentQueueSegment<Serilog.Events.LogEvent>+Slot[]
7a5ac44c5920      29       2,088 Microsoft.AspNetCore.Mvc.Infrastructure.ControllerActionInvokerCacheEntry
7a5ac4557f00      33       2,104 Microsoft.Extensions.Internal.PropertyActivator<Microsoft.AspNetCore.Mvc.Rendering.ViewContext>[]
7a5abd664960      33       2,112 System.Action
7a5ac13a38c0      33       2,112 System.Action<Microsoft.Extensions.Logging.ILogger, System.Exception>
7a5ac19bf320      66       2,112 Microsoft.EntityFrameworkCore.Metadata.Internal.InternalIndexBuilder
7a5ac226faf8      44       2,112 Microsoft.Extensions.Logging.LoggerMessage+<>c__DisplayClass10_0<System.String>
7a5abe3b4840      33       2,112 System.Reflection.MdFieldInfo
7a5ac32aa7d8      54       2,160 System.Collections.Generic.SortedDictionary<System.String, Microsoft.EntityFrameworkCore.Metadata.IColumnBase>
7a5ac3466b60      45       2,160 Microsoft.EntityFrameworkCore.Storage.Internal.TypeMappedRelationalParameter
7a5ac4609fd8       1       2,160 System.Collections.Generic.Dictionary<System.Int32, System.String>+Entry[]
7a5ac50feca0       1       2,160 System.Collections.Generic.Dictionary<System.Type, Newtonsoft.Json.Utilities.PrimitiveTypeCode>+Entry[]
7a5ac74134f8       2       2,160 System.Diagnostics.Tracing.EventSource+EventMetadata[]
7a5ac516a808      17       2,176 Newtonsoft.Json.Serialization.JsonPrimitiveContract
7a5ac57c3ec8      68       2,176 Microsoft.CSharp.RuntimeBinder.Semantics.Operators+OperatorInfo
7a5ac62839e8      34       2,176 System.Func<ForexExchange.Models.CurrencyPoolHistory, System.Boolean>
7a5ac6283308      34       2,176 System.Func<ForexExchange.Models.BankAccountBalanceHistory, System.Boolean>
7a5ac221b660      91       2,184 Microsoft.AspNetCore.Html.HtmlString
7a5ac33a49e0      70       2,240 Microsoft.EntityFrameworkCore.Query.RelationalParameterBasedSqlProcessorParameters
7a5ac33a6c80      70       2,240 Microsoft.EntityFrameworkCore.Sqlite.Query.Internal.SqliteParameterBasedSqlProcessor
7a5ac1736fa0      28       2,240 Microsoft.EntityFrameworkCore.Metadata.Internal.Key
7a5ac3436758      70       2,240 Microsoft.EntityFrameworkCore.Query.Internal.RelationalCommandCache+CommandCacheKey
7a5ac392b2a8      56       2,240 Microsoft.Extensions.Internal.PropertyActivator<Microsoft.AspNetCore.Mvc.ControllerContext>
7a5ac165d8c8       3       2,240 System.Collections.Concurrent.ConcurrentDictionary<System.Object, Microsoft.Extensions.Caching.Memory.CacheEntry>+VolatileNode[]
7a5ac3a6d7e8      70       2,240 System.Collections.Generic.List<Microsoft.AspNetCore.Routing.Template.TemplatePart>
7a5ac5c74888       7       2,240 System.Collections.Concurrent.ConcurrentDictionary<System.Reflection.MemberInfo, System.Func<ForexExchange.Models.AccountingDocument, System.Object>>+VolatileNode[]
7a5ac5c75348       7       2,240 System.Collections.Concurrent.ConcurrentDictionary<Microsoft.AspNetCore.Mvc.ViewFeatures.MemberExpressionCacheKey, System.Func<ForexExchange.Models.AccountingDocument, System.Object>>+VolatileNode[]
7a5ac428b708       2       2,256 System.Collections.Generic.Dictionary<System.Reflection.MethodInfo, System.String>+Entry[]
7a5ac69a6e28      95       2,280 Org.BouncyCastle.Math.EC.Custom.Sec.SecP256R1FieldElement
7a5ac1e346d0      26       2,288 Microsoft.EntityFrameworkCore.ChangeTracking.Internal.NullableValueComparer<System.Int32>
7a5abe8cfd88      32       2,304 System.Diagnostics.Metrics.Instrument[]
7a5ac48f71a0      32       2,304 Microsoft.CSharp.RuntimeBinder.Semantics.NamespaceSymbol
7a5ac0dd48a0      15       2,328 System.Double[]
7a5ac06027c8       2       2,336 System.Collections.Concurrent.ConcurrentDictionary<Microsoft.Extensions.DependencyInjection.ServiceLookup.ServiceCacheKey, Microsoft.Extensions.DependencyInjection.ServiceLookup.ILEmitResolverBuilder+GeneratedMethod>+VolatileNode[]
7a5ac0709750       1       2,352 System.Reflection.Metadata.MetadataReader
7a5ac1e8e7d8       6       2,352 System.Collections.Generic.Dictionary<System.String, Serilog.Events.LogEventPropertyValue>+Entry[]
7a5ac4959c78      37       2,368 System.Func<System.Runtime.CompilerServices.CallSite, System.Object, System.Object>
7a5ac32dbe40      27       2,376 Microsoft.EntityFrameworkCore.Metadata.Internal.TableMapping
7a5ac170c4e8      30       2,400 System.Collections.Generic.Dictionary<System.String, Microsoft.EntityFrameworkCore.Metadata.ConfigurationSource>
7a5ac35c0e50      75       2,400 System.Text.Json.Serialization.Metadata.JsonTypeInfo+JsonPropertyInfoList
7a5ac35c06f0      75       2,400 System.Collections.Generic.List<System.Text.Json.Serialization.Metadata.JsonPropertyInfo>
7a5ac3f76980       7       2,408 Microsoft.AspNetCore.Server.Kestrel.Transport.Sockets.Internal.SocketConnection
7a5ac0e45c00       8       2,432 System.Collections.Immutable.RefAsValueType<System.Collections.Immutable.SecurePooledObject<System.Collections.Generic.Stack<System.Collections.Immutable.RefAsValueType<System.Collections.Immutable.ImmutableSortedDictionary<System.Int32, System.ValueTuple<System.Nullable<Microsoft.EntityFrameworkCore.WarningBehavior>, System.Nullable<Microsoft.Extensions.Logging.LogLevel>>>+Node>>>>[]
7a5ac1197818       8       2,432 System.Collections.Immutable.RefAsValueType<System.Collections.Immutable.SecurePooledObject<System.Collections.Generic.Stack<System.Collections.Immutable.RefAsValueType<System.Collections.Immutable.ImmutableSortedDictionary<System.Type, System.ValueTuple<Microsoft.EntityFrameworkCore.Infrastructure.IDbContextOptionsExtension, System.Int32>>+Node>>>>[]
7a5ac1658f40      76       2,432 System.Collections.Generic.List<Microsoft.EntityFrameworkCore.Storage.IRelationalParameter>
7a5ac5ba8c68      38       2,432 System.Func<ForexExchange.Models.CustomerBalanceHistory, System.Boolean>
7a5ac5e9d8d8      38       2,432 System.Func<Microsoft.EntityFrameworkCore.Update.IReadOnlyModificationCommand, System.ValueTuple<System.Int32, System.Boolean>>
7a5ac6973128      68       2,456 Org.BouncyCastle.Math.EC.ECFieldElement[]
7a5ac3289f80      77       2,464 System.Collections.Generic.List<Microsoft.EntityFrameworkCore.Query.SqlExpressions.TableExpressionBase>
7a5ac33332f8      77       2,464 System.Collections.Generic.List<Microsoft.EntityFrameworkCore.Query.SqlExpressions.ProjectionExpression>
7a5ac3344390      77       2,464 System.Collections.Generic.List<Microsoft.EntityFrameworkCore.Query.SqlExpressions.OrderingExpression>
7a5ac1575308      77       2,464 System.Collections.Generic.List<System.Linq.Expressions.Expression>
7a5ac1db49e8      28       2,464 Microsoft.EntityFrameworkCore.ChangeTracking.Internal.NullableValueComparer<System.DateTime>
7a5ac178cb98      18       2,480 Microsoft.EntityFrameworkCore.Utilities.OrderedDictionary<System.Reflection.PropertyInfo, System.ValueTuple<System.Type, System.Nullable<System.Boolean>>>+Entry[]
7a5ac516af68      10       2,480 Newtonsoft.Json.Serialization.JsonArrayContract
7a5abea43080      78       2,496 System.Diagnostics.DiagLinkedList<System.Diagnostics.Metrics.ListenerSubscription>
7a5ac0c8c0a0      26       2,496 System.Threading.TimerQueueTimer
7a5ac19d8178      79       2,528 System.Collections.Generic.List<Microsoft.EntityFrameworkCore.Metadata.Internal.Index>
7a5ac1fecd28      79       2,528 System.Collections.Generic.List<Microsoft.EntityFrameworkCore.Metadata.RuntimeIndex>
7a5ac44c8490      29       2,552 Microsoft.Extensions.Internal.ObjectMethodExecutor
7a5ac1b4cbc0      40       2,560 System.Func<ForexExchange.Models.Order, System.Boolean>
7a5ac32bee98      54       2,592 System.Collections.Generic.TreeSet<System.Collections.Generic.KeyValuePair<System.String, Microsoft.EntityFrameworkCore.Metadata.IColumnBase>>
7a5ac32db978      54       2,592 System.Collections.Generic.SortedSet<Microsoft.EntityFrameworkCore.Metadata.ITableMappingBase>+Node
7a5ac4543110       1       2,592 System.Collections.Generic.Dictionary<System.String, System.Threading.Tasks.Task<Microsoft.AspNetCore.Mvc.Razor.Compilation.CompiledViewDescriptor>>+Entry[]
7a5ac16b7948      36       2,592 System.ComponentModel.DataAnnotations.StringLengthAttribute
7a5ac51f0310      54       2,592 System.Collections.Concurrent.ConcurrentDictionary<System.Object, Newtonsoft.Json.JsonContainerAttribute>+Node
7a5ac1fedc20      79       2,600 Microsoft.EntityFrameworkCore.Metadata.RuntimeIndex[]
7a5ac157fe60       2       2,608 System.Dynamic.Utils.CacheDict<System.Type, System.Reflection.MethodInfo>+Entry[]
7a5ac15a4fd8      43       2,632 System.Linq.Expressions.Expression[]
7a5abdd43ea0      33       2,640 System.Buffers.AsciiCharSearchValues<System.Buffers.IndexOfAnyAsciiSearcher+Default>
7a5ac1cac3d0      83       2,656 System.Collections.Generic.List<Microsoft.EntityFrameworkCore.Metadata.ParameterBinding>
7a5ac1cace50      83       2,656 Microsoft.EntityFrameworkCore.Metadata.ConstructorBinding
7a5abdf80a58      43       2,664 System.IO.FileSystemWatcher+RunningInstance+WatchedDirectory[]
7a5ac353bc30      42       2,688 System.Func<ForexExchange.Models.Customer, System.Boolean>
7a5ac516f298      56       2,688 System.Collections.Concurrent.ConcurrentDictionary<System.Type, System.Type>+Node
7a5ac51f61b8      56       2,688 System.Collections.Concurrent.ConcurrentDictionary<System.Object, System.Runtime.Serialization.DataContractAttribute>+Node
7a5ac6972708      42       2,688 Org.BouncyCastle.Math.EC.FpPoint
7a5ac19d89e0      81       2,704 Microsoft.EntityFrameworkCore.Metadata.Internal.Index[]
7a5ac34bd340      20       2,704 Microsoft.EntityFrameworkCore.Metadata.RuntimePropertyBase[]
7a5ac3284518     113       2,712 Microsoft.EntityFrameworkCore.Query.ProjectionMember
7a5ac1dafa58      85       2,720 System.Linq.Expressions.InstanceMethodCallExpression0
7a5ac4945ee8      34       2,720 Microsoft.CSharp.RuntimeBinder.CSharpGetMemberBinder
7a5ac35c5530      11       2,728 System.Text.Json.Serialization.Metadata.JsonPropertyInfo<System.Int32>
7a5ac1fd46a8      29       2,736 Microsoft.EntityFrameworkCore.Utilities.OrderedDictionary<System.Collections.Generic.IReadOnlyList<Microsoft.EntityFrameworkCore.Metadata.IReadOnlyProperty>, Microsoft.EntityFrameworkCore.Metadata.RuntimeKey>+Entry[]
7a5ac3a6d768      49       2,744 Microsoft.AspNetCore.Routing.Template.TemplatePart
7a5ac1578438     116       2,784 System.Linq.Expressions.PrimitiveParameterExpression<System.Int32>
7a5ac32a53f8      29       2,784 Microsoft.EntityFrameworkCore.Metadata.Internal.ForeignKeyConstraint
7a5ac218b968      35       2,800 System.Security.Claims.Claim
7a5ac214d550      39       2,808 <>f__AnonymousType219<System.Int64, System.Int32, System.String, System.Decimal, System.DateTime, System.String>
7a5abd665eb0      44       2,816 System.Action<System.Object>
7a5ac13a3128      44       2,816 System.Func<Microsoft.EntityFrameworkCore.Diagnostics.IDiagnosticsLogger, Microsoft.EntityFrameworkCore.Diagnostics.EventDefinitionBase>
7a5ac226f560      44       2,816 System.Action<Microsoft.Extensions.Logging.ILogger, System.String, System.Exception>
7a5ac3509038      44       2,816 System.Func<Microsoft.EntityFrameworkCore.ChangeTracking.Internal.InternalEntityEntry, System.Nullable<System.DateTime>>
7a5ac44ca538      44       2,816 System.Func<System.IServiceProvider, System.Object[], System.Object>
7a5ac3929988      44       2,816 Microsoft.Extensions.DependencyInjection.ObjectFactory
7a5ac45bf8c8      21       2,832 System.Collections.Generic.Dictionary<System.Object, Microsoft.AspNetCore.Routing.DecisionTree.DecisionTreeNode<Microsoft.AspNetCore.Routing.Tree.OutboundMatch>>+Entry[]
7a5ac3f97180       7       2,856 Microsoft.AspNetCore.Server.Kestrel.Core.Internal.Http.HttpResponseHeaders
7a5abea42610      40       2,880 System.Diagnostics.Metrics.ObservableCounter<System.Int64>
7a5ac3288378      90       2,880 System.Collections.Generic.List<Microsoft.EntityFrameworkCore.Query.SqlExpressions.SqlExpression>
7a5ac49ba0b0      45       2,880 System.Collections.Concurrent.ConcurrentDictionary<System.ValueTuple<System.String, System.Type, System.Reflection.MemberInfo>, System.Text.Json.Serialization.Metadata.ReflectionEmitCachingMemberAccessor+Cache<System.ValueTuple<System.String, System.Type, System.Reflection.MemberInfo>>+CacheEntry>+Node
7a5ac0609af0     121       2,904 Microsoft.Extensions.DependencyInjection.ServiceProvider+<>c__DisplayClass33_0
7a5ac1da5cd8      73       2,920 System.Dynamic.Utils.CacheDict<System.Type, System.Func<System.Linq.Expressions.Expression, System.String, System.Boolean, System.Collections.ObjectModel.ReadOnlyCollection<System.Linq.Expressions.ParameterExpression>, System.Linq.Expressions.LambdaExpression>>+Entry
7a5ac3343fc8      77       2,944 Microsoft.EntityFrameworkCore.Query.SqlExpressions.TableExpressionBase[]
7a5abc18a060      26       2,960 System.IntPtr[]
7a5ac34bc950      47       3,008 System.Func<Microsoft.EntityFrameworkCore.ChangeTracking.Internal.InternalEntityEntry, Microsoft.EntityFrameworkCore.ChangeTracking.Internal.ISnapshot>
7a5ac32a1af8      27       3,024 Microsoft.EntityFrameworkCore.Metadata.Internal.TableBase
7a5abdf605a8       2       3,072 System.Collections.Generic.Dictionary<System.Int32, System.IO.FileSystemWatcher+RunningInstance+WatchedDirectory>+Entry[]
7a5ac3500888      48       3,072 System.Func<Microsoft.EntityFrameworkCore.ChangeTracking.Internal.InternalEntityEntry, System.Nullable<System.Int32>>
7a5ac4546d20      48       3,072 System.Func<Microsoft.AspNetCore.Mvc.Rendering.ViewContext, System.Object>
7a5abdf817f0      11       3,080 System.Array[]
7a5ac06a8c90      77       3,080 Microsoft.Extensions.DependencyModel.RuntimeAssetGroup
7a5ac5d13fc0      55       3,080 System.Collections.Concurrent.ConcurrentDictionary<Microsoft.AspNetCore.Mvc.ModelBinding.ModelMetadata, Microsoft.AspNetCore.Mvc.ModelBinding.Validation.ValidatorCache+CacheEntry>+Node
7a5ac32fc1d8      66       3,168 System.Collections.Generic.SortedSet<Microsoft.EntityFrameworkCore.Metadata.IIndex>
7a5ac32fbe10      66       3,168 System.Collections.Generic.SortedSet<Microsoft.EntityFrameworkCore.Metadata.Internal.TableIndex>
7a5ac33091a0      66       3,168 System.Collections.Generic.SortedSet<Microsoft.EntityFrameworkCore.Metadata.Internal.TableIndex>+Node
7a5ac33092d8      66       3,168 System.Collections.Generic.SortedSet<Microsoft.EntityFrameworkCore.Metadata.IIndex>+Node
7a5ac3a47cf0      66       3,168 Microsoft.AspNetCore.Mvc.HttpGetAttribute
7a5abc18b358      50       3,200 System.Diagnostics.Tracing.EventSource+OverrideEventProvider
7a5abe8cec40      50       3,200 System.Func<System.Int64>
7a5ac35c2978      50       3,200 System.Func<System.Object, System.String>
7a5ac3242400      50       3,200 System.Func<System.Object>
7a5ac1fd3ef0      27       3,216 Microsoft.EntityFrameworkCore.Utilities.OrderedDictionary<System.Collections.Generic.IReadOnlyList<Microsoft.EntityFrameworkCore.Metadata.IReadOnlyProperty>, Microsoft.EntityFrameworkCore.Metadata.RuntimeIndex>+Entry[]
7a5ac3fbace8       9       3,216 System.Collections.Generic.Dictionary<System.String, Microsoft.Extensions.Primitives.StringValues>+Entry[]
7a5ac1faf8f8      29       3,248 Microsoft.EntityFrameworkCore.Metadata.RuntimeForeignKey
7a5ac1857928     102       3,264 System.Collections.Generic.List<Microsoft.EntityFrameworkCore.Metadata.Internal.Property>
7a5ac1aecd90      51       3,264 System.Func<System.String, System.String>
7a5ac493ecd8     102       3,264 Microsoft.CSharp.RuntimeBinder.Semantics.TypeParameterType
7a5abc0e63c8      41       3,280 System.Collections.Generic.Dictionary<System.String, System.Object>
7a5abd666f78      52       3,328 System.Threading.CancellationTokenSource+Registrations
7a5ac06ad978      56       3,328 Microsoft.Extensions.DependencyModel.RuntimeAssetGroup[]
7a5ac3a1a850     139       3,336 Microsoft.AspNetCore.Mvc.ActionConstraints.HttpMethodActionConstraint
7a5ac33ad738      70       3,360 Microsoft.EntityFrameworkCore.Query.Internal.RelationalCommandCache
7a5ac3f7bfe8      35       3,360 System.IO.Pipelines.BufferSegment
7a5ac37ec908      71       3,408 System.Collections.Concurrent.ConcurrentDictionary<System.Type, System.Func<System.Linq.Expressions.ParameterExpression, System.Linq.Expressions.Expression, System.Linq.Expressions.Expression>>+Node
7a5ac0e22578      61       3,416 System.Collections.Immutable.ImmutableSortedDictionary<System.Int32, System.ValueTuple<System.Nullable<Microsoft.EntityFrameworkCore.WarningBehavior>, System.Nullable<Microsoft.Extensions.Logging.LogLevel>>>+Node
7a5ac3f94350       7       3,416 Microsoft.AspNetCore.Server.Kestrel.Core.Internal.Http.HttpRequestHeaders
7a5abdf80ff0      54       3,456 System.Func<System.Object, System.Boolean>
7a5ac3a1fc70      72       3,456 System.Collections.Concurrent.ConcurrentDictionary<System.Type, Microsoft.Extensions.Internal.PropertyHelper[]>+Node
7a5ac3aff358      54       3,456 System.Action<System.Object, System.Action>
7a5ac51f1aa0      54       3,456 Newtonsoft.Json.Serialization.JsonPropertyCollection
7a5ac37cd998       1       3,472 System.Collections.Concurrent.ConcurrentDictionary<System.Type, System.Object>+VolatileNode[]
7a5ac37c5eb8       1       3,472 System.Collections.Concurrent.ConcurrentDictionary<Microsoft.AspNetCore.Mvc.ModelBinding.Metadata.ModelMetadataIdentity, Microsoft.AspNetCore.Mvc.ModelBinding.Metadata.DefaultModelMetadataProvider+ModelMetadataCacheEntry>+VolatileNode[]
7a5ac51f6f80       1       3,472 System.Collections.Concurrent.ConcurrentDictionary<System.Object, Newtonsoft.Json.JsonConverterAttribute>+VolatileNode[]
7a5ac3926150       1       3,472 System.Collections.Concurrent.ConcurrentDictionary<Microsoft.AspNetCore.Mvc.ModelBinding.ModelBinderFactory+Key, Microsoft.AspNetCore.Mvc.ModelBinding.IModelBinder>+VolatileNode[]
7a5ac3a45578      73       3,504 Microsoft.AspNetCore.Mvc.HttpPostAttribute
7a5ac3570168      56       3,584 System.Collections.Generic.HashSet<System.Object>
7a5ac1952460     113       3,616 System.Collections.Generic.List<System.Reflection.MemberInfo>
7a5ac226a1f8      76       3,648 Microsoft.EntityFrameworkCore.Storage.RelationalCommand
7a5ac47abd10      97       3,672 Microsoft.CSharp.RuntimeBinder.CSharpArgumentInfo[]
7a5abd663130      77       3,696 System.Threading.CancellationTokenSource
7a5ac1b066c8      66       3,696 System.Collections.Generic.SortedSet<System.Collections.Generic.KeyValuePair<System.Collections.Generic.IReadOnlyList<Microsoft.EntityFrameworkCore.Metadata.IReadOnlyProperty>, Microsoft.EntityFrameworkCore.Metadata.Internal.Index>>+Node
7a5ac3308dd8      66       3,696 System.Collections.Generic.SortedSet<System.Collections.Generic.KeyValuePair<System.String, Microsoft.EntityFrameworkCore.Metadata.Internal.TableIndex>>+Node
7a5ac392a928      59       3,776 System.Action<Microsoft.AspNetCore.Mvc.ControllerContext, System.Object>
7a5abd9a9e40      95       3,800 System.Reflection.RuntimeModule
7a5ac44c65a8      95       3,800 Microsoft.AspNetCore.Mvc.Filters.FilterItem
7a5ac157fda8      95       3,800 System.Dynamic.Utils.CacheDict<System.Type, System.Reflection.MethodInfo>+Entry
7a5ac34e0f40      60       3,840 System.Func<ForexExchange.Models.ApplicationUser, System.Boolean>
7a5ac49732a0      81       3,888 Microsoft.CSharp.RuntimeBinder.Semantics.PredefinedMethodInfo
7a5ac495df20     122       3,896 System.Func<System.Runtime.CompilerServices.CallSite, System.Object, System.Object>[]
7a5ac32473a8      70       3,920 Microsoft.EntityFrameworkCore.Query.RelationalCompiledQueryCacheKeyGenerator+RelationalCompiledQueryCacheKey
7a5ac1daf2c8      70       3,920 System.Linq.Expressions.MethodBinaryExpression
7a5ac1fea078     123       3,936 System.Collections.Generic.List<Microsoft.EntityFrameworkCore.Metadata.RuntimeProperty>
7a5ac343aa30      33       3,960 System.Collections.Generic.Dictionary<System.String, Microsoft.EntityFrameworkCore.Query.Internal.RelationalCommandCache+ParameterInfo>+Entry[]
7a5ac36a59a0       5       3,960 Newtonsoft.Json.DefaultJsonNameTable+Entry[]
7a5abeb82378     166       3,984 System.Collections.ObjectModel.ReadOnlyCollection<System.String>
7a5ac32ac3c8      83       3,984 System.Collections.Generic.SortedSet<Microsoft.EntityFrameworkCore.Metadata.Internal.ForeignKeyConstraint>
7a5ac161a170       1       4,024 System.Threading.PortableThreadPool+HillClimbing+LogEntry[]
7a5ac3d7b9c0     126       4,032 Microsoft.AspNetCore.Server.Kestrel.Core.Internal.Http.DateHeaderValueManager+DateHeaderValues
7a5ac214f4d8      39       4,056 <>f__AnonymousType222<System.Int32, System.Int32, System.DateTime, System.Decimal, System.Decimal, System.Decimal, System.String, System.String, System.String>
7a5ac479be18     127       4,064 Microsoft.AspNetCore.Mvc.ModelBinding.Binders.SimpleTypeModelBinder
7a5abc0eb810      31       4,080 System.Collections.Generic.Dictionary<System.String, System.Object>+Entry[]
7a5ac05997b0      51       4,080 Microsoft.Extensions.DependencyInjection.ServiceLookup.ConstantCallSite
7a5ac520dcb0      51       4,080 System.Collections.Generic.Dictionary<System.String, Newtonsoft.Json.Serialization.JsonProperty>
7a5ac745a368      73       4,088 System.Diagnostics.Metrics.RuntimeMetrics+<GetGarbageCollectionCounts>d__8
7a5ac7467b20      73       4,088 System.Diagnostics.Metrics.RuntimeMetrics+<GetHeapSizes>d__10
7a5ac7467e38      73       4,088 System.Diagnostics.Metrics.RuntimeMetrics+<GetHeapFragmentation>d__11
7a5ac7469150      73       4,088 System.Diagnostics.Metrics.RuntimeMetrics+<GetCpuTime>d__9
7a5ac060d4e8      64       4,096 System.Func<System.Threading.Tasks.Task>
7a5ac32fb530     122       4,112 Microsoft.EntityFrameworkCore.Metadata.Internal.Column[]
7a5ac48f7930       1       4,120 Microsoft.CSharp.RuntimeBinder.Syntax.NameTable+Entry[]
7a5abdeddfa8      86       4,128 System.IO.FileSystemWatcher+RunningInstance+WatchedDirectory
7a5ac35680a0       2       4,144 ForexExchange.Models.CustomerBalance[]
7a5ac6368b08       2       4,144 <>f__AnonymousType225<System.Int32, System.Int32, System.DateTime, System.Decimal, System.Decimal, System.String, System.String, System.String>[]
7a5ac1bf1e60     173       4,152 System.Collections.Generic.Dictionary<System.String, Microsoft.EntityFrameworkCore.Infrastructure.Annotation>+ValueCollection
7a5ac1904458      87       4,176 System.Collections.Generic.SortedSet<Microsoft.EntityFrameworkCore.Metadata.Internal.ForeignKey>+Node
7a5ac201fe28      87       4,176 System.Collections.Generic.SortedSet<Microsoft.EntityFrameworkCore.Metadata.RuntimeForeignKey>+Node
7a5ac3324348      87       4,176 System.Collections.Generic.SortedSet<Microsoft.EntityFrameworkCore.Metadata.Internal.ForeignKeyConstraint>+Node
7a5ac1992c38     174       4,176 System.Reflection.DefaultMemberAttribute
7a5ac1fafd50      31       4,216 Microsoft.EntityFrameworkCore.Metadata.RuntimeNavigation
7a5ac424ad60       4       4,264 System.Linq.Expressions.Interpreter.Instruction[]
7a5ac1bbca28     134       4,288 <>f__AnonymousType131<System.Int32, System.String>
7a5abdf66418      25       4,312 System.Runtime.CompilerServices.ConditionalWeakTable<System.Buffers.SharedArrayPoolThreadLocalArray[], System.Object>+Entry[]
7a5ac1285590       2       4,320 System.Collections.Generic.Dictionary<System.Type, Microsoft.EntityFrameworkCore.Infrastructure.ServiceCharacteristics>+Entry[]
7a5ac35aaa48      91       4,368 System.Text.Json.JsonSerializerOptions+CachingContext+CacheEntry
7a5ac35be9c0      91       4,368 System.Collections.Concurrent.ConcurrentDictionary<System.Type, System.Text.Json.JsonSerializerOptions+CachingContext+CacheEntry>+Node
7a5ac3a45228     183       4,392 System.Runtime.CompilerServices.AsyncStateMachineAttribute
7a5ac060c848      50       4,400 Microsoft.Extensions.DependencyInjection.ServiceLookup.FactoryCallSite
7a5ac1b4cdc0      69       4,416 System.Func<ForexExchange.Models.AccountingDocument, System.Boolean>
7a5ac3a1acc0     139       4,448 System.Collections.Generic.List<Microsoft.AspNetCore.Mvc.ActionConstraints.IActionConstraintMetadata>
7a5ac1cc3948      93       4,464 Microsoft.EntityFrameworkCore.Query.EntityQueryRootExpression
7a5ac1731888      31       4,464 Microsoft.EntityFrameworkCore.Metadata.Internal.Navigation
7a5ac3a1b250     140       4,472 Microsoft.AspNetCore.Mvc.ActionConstraints.IActionConstraintMetadata[]
7a5ac3a1aae8     140       4,480 Microsoft.AspNetCore.Routing.HttpMethodMetadata
7a5abea4aed8       5       4,488 System.Collections.Generic.HashSet<System.String>+Entry[]
7a5ac35f0868     187       4,488 System.Runtime.CompilerServices.IsReadOnlyAttribute
7a5ac13aa608      11       4,520 System.Collections.Generic.Dictionary<System.String, System.Resources.ResourceLocator>+Entry[]
7a5ac32a21b0      27       4,536 Microsoft.EntityFrameworkCore.Metadata.Internal.Table
7a5ac4541780      95       4,560 Microsoft.AspNetCore.Razor.Hosting.DefaultRazorCompiledItem
7a5ac3a11550      95       4,560 Microsoft.AspNetCore.Mvc.Razor.Compilation.CompiledViewDescriptor
7a5ac1726338      96       4,608 System.Collections.Concurrent.ConcurrentDictionary<System.Type, System.String>+Node
7a5ac51f45a8      53       4,664 Newtonsoft.Json.Serialization.JsonProperty[]
7a5ac1da5b20      73       4,672 System.Func<System.Linq.Expressions.Expression, System.String, System.Boolean, System.Collections.ObjectModel.ReadOnlyCollection<System.Linq.Expressions.ParameterExpression>, System.Linq.Expressions.LambdaExpression>
7a5ac7468c20     146       4,672 System.SZGenericArrayEnumerator<System.Diagnostics.Metrics.Measurement<System.Double>>
7a5ac157cee8     197       4,728 System.Collections.ObjectModel.ReadOnlyCollection<System.Linq.Expressions.ParameterExpression>
7a5ac062d9a8     148       4,736 System.IO.FileStream
7a5ac74692f8      74       4,736 System.Collections.Concurrent.ConcurrentDictionary<System.Diagnostics.Metrics.Instrument, System.Diagnostics.Metrics.InstrumentState>+Enumerator
7a5ac18647b8     106       4,744 Microsoft.EntityFrameworkCore.Metadata.Internal.Property[]
7a5ac1faecf0      66       4,752 Microsoft.EntityFrameworkCore.Metadata.RuntimeIndex
7a5ac4943cd8       1       4,752 System.Collections.Generic.HashSet<Microsoft.CSharp.RuntimeBinder.SymbolTable+NameHashKey>+Entry[]
7a5ac6971d88     120       4,800 Org.BouncyCastle.Math.EC.FpFieldElement
7a5ac4959d70      86       4,816 System.Runtime.CompilerServices.CallSite<System.Func<System.Runtime.CompilerServices.CallSite, System.Object, System.Object>>
7a5ac1dba508     121       4,840 System.Linq.Expressions.FullConditionalExpression
7a5ac4161188      76       4,864 System.Func<System.String, Microsoft.AspNetCore.Routing.Matching.PathSegment, System.Int32>
7a5ac3d59440     203       4,872 Microsoft.AspNetCore.Routing.DataTokensMetadata
7a5ac3d59900     203       4,872 Microsoft.AspNetCore.Routing.SuppressLinkGenerationMetadata
7a5ac1da3630      61       4,880 System.Collections.Generic.Dictionary<System.Type, System.Linq.Expressions.Compiler.DelegateHelpers+TypeInfo>
7a5ac15a46b0     205       4,920 System.Collections.ObjectModel.ReadOnlyCollection<System.Linq.Expressions.Expression>
7a5ac328aae0     154       4,928 System.Collections.Generic.List<System.ValueTuple<Microsoft.EntityFrameworkCore.Query.SqlExpressions.ColumnExpression, Microsoft.EntityFrameworkCore.ChangeTracking.ValueComparer>>
7a5ac491fce8     103       4,944 System.Collections.Concurrent.ConcurrentDictionary<Microsoft.CSharp.RuntimeBinder.ICSharpBinder, Microsoft.CSharp.RuntimeBinder.ICSharpBinder>+Node
7a5ac68fdef8     125       5,000 Org.BouncyCastle.Math.BigInteger
7a5abd6670c8      63       5,040 System.Threading.CancellationTokenSource+CallbackNode
7a5ac16b7158      70       5,040 System.ComponentModel.DataAnnotations.RequiredAttribute
7a5ac06a2e40      79       5,064 Microsoft.Extensions.DependencyModel.RuntimeFile[]
7a5ac37ce260       2       5,072 System.Collections.Concurrent.ConcurrentDictionary<System.Type, System.ComponentModel.ReflectTypeDescriptionProvider+ReflectedTypeData>+VolatileNode[]
7a5ac3257190       3       5,136 System.Collections.Generic.Dictionary<System.Reflection.MethodInfo, System.Reflection.MethodInfo>+Entry[]
7a5ac32bcc10     108       5,184 System.Collections.Generic.SortedSet<Microsoft.EntityFrameworkCore.Metadata.ITableMappingBase>
7a5ac324ee58      66       5,280 System.Collections.Generic.Dictionary<System.Char, Microsoft.EntityFrameworkCore.Query.SqlAliasManager+MutableInt>
7a5ac0e1fd50     165       5,280 Microsoft.Extensions.Logging.EventId
7a5ac32a4ae8      66       5,280 Microsoft.EntityFrameworkCore.Metadata.Internal.TableIndex
7a5ac1770570      91       5,288 System.Reflection.MemberInfo[]
7a5ac1199c90     223       5,352 System.Collections.Generic.Dictionary<System.String, System.String>+KeyCollection
7a5ac0a66460      84       5,376 Serilog.Parsing.PropertyToken
7a5ac3d59758     224       5,376 Microsoft.AspNetCore.Routing.RouteNameMetadata
7a5ac0c8b8a0     135       5,400 System.Reflection.RuntimeParameterInfo[]
7a5ac36a5928     135       5,400 Newtonsoft.Json.DefaultJsonNameTable+Entry
7a5ac47abc78     169       5,408 Microsoft.CSharp.RuntimeBinder.CSharpArgumentInfo
7a5abe3a4a08     226       5,424 System.Reflection.Emit.OpCode
7a5ac4160cc8      76       5,472 Microsoft.AspNetCore.Routing.Matching.ILEmitTrieJumpTable
7a5ac392aa18      86       5,504 System.Func<Microsoft.AspNetCore.Mvc.ControllerContext, System.Object>
7a5abdf66710      23       5,520 System.Buffers.SharedArrayPoolPartitions[]
7a5ac4970778     170       5,548 System.Runtime.InteropServices.UnmanagedType[]
7a5ac3438f38      70       5,600 System.Collections.Generic.Dictionary<System.String, Microsoft.EntityFrameworkCore.Query.Internal.RelationalCommandCache+ParameterInfo>
7a5abd9af308      44       5,632 System.ArgumentNullException
7a5ac4517b60      88       5,632 System.Func<Microsoft.EntityFrameworkCore.ChangeTracking.Internal.InternalEntityEntry, System.Decimal>
7a5ac7468890     146       5,840 System.Diagnostics.Metrics.Measurement<System.Double>[]
7a5ac16167f0     183       5,856 Microsoft.Extensions.DependencyInjection.ServiceLookup.ILEmitResolverBuilder+ILEmitResolverBuilderRuntimeContext
7a5ac3f8e0d0       7       5,880 Microsoft.AspNetCore.Server.Kestrel.Core.Internal.Http.Http1Connection<Microsoft.AspNetCore.Hosting.HostingApplication+Context>
7a5ac47a7fc0     123       5,904 Microsoft.AspNetCore.Mvc.ModelBinding.Metadata.ValidationMetadata
7a5ac35cb300      24       5,952 System.Text.Json.Serialization.Metadata.JsonPropertyInfo<System.String>
7a5ac35c0018      75       6,000 System.Collections.Generic.Dictionary<System.String, System.Text.Json.Serialization.Metadata.JsonPropertyInfo>
7a5ac15e7a90       5       6,040 System.Collections.Generic.Dictionary<System.ValueTuple<System.Type, System.String>, System.Object>+Entry[]
7a5ac4575db0     153       6,120 Microsoft.AspNetCore.Razor.TagHelpers.TagHelperAttribute
7a5ac495fc70     192       6,144 System.Collections.Generic.List<Microsoft.CSharp.RuntimeBinder.Syntax.Name>
7a5abe3b35a8     110       6,160 System.RuntimeType+RuntimeTypeCache+MemberInfoCache<System.Reflection.RuntimeFieldInfo>
7a5ac32845e8      77       6,160 System.Collections.Generic.Dictionary<Microsoft.EntityFrameworkCore.Query.ProjectionMember, System.Linq.Expressions.Expression>
7a5ac172f670      29       6,264 Microsoft.EntityFrameworkCore.Metadata.Internal.ForeignKey
7a5ac35f1e70     261       6,264 System.Runtime.Versioning.NonVersionableAttribute
7a5ac1b8ee68     196       6,272 System.Dynamic.Utils.ListParameterProvider
7a5ac338f470      79       6,320 System.Collections.Generic.Dictionary<Microsoft.EntityFrameworkCore.Metadata.IProperty, System.Int32>
7a5ac333d2c8      66       6,336 System.Collections.Generic.Dictionary<System.Char, Microsoft.EntityFrameworkCore.Query.SqlAliasManager+MutableInt>+Entry[]
7a5ac1576180     266       6,384 System.Linq.Expressions.ConstantExpression
7a5ac34eff40     100       6,400 System.Func<Microsoft.EntityFrameworkCore.ChangeTracking.Internal.InternalEntityEntry, System.DateTime>
7a5ac059d468     202       6,464 Microsoft.Extensions.DependencyInjection.ServiceProvider+ServiceAccessor
7a5ac3a663a0     202       6,464 System.Collections.Generic.List<Microsoft.AspNetCore.Routing.Patterns.RoutePatternPathSegment>
7a5ac3a37e48      43       6,496 Microsoft.AspNetCore.Mvc.ModelBinding.ModelMetadata[]
7a5ac321da00     204       6,528 System.Dynamic.Utils.ListArgumentProvider
7a5ac0ca6f80     102       6,528 System.Threading.ContextCallback
7a5ac45b0258     205       6,544 Microsoft.AspNetCore.Routing.ISuppressLinkGenerationMetadata[]
7a5ac4554738     164       6,560 Microsoft.Extensions.Internal.PropertyActivator<Microsoft.AspNetCore.Mvc.Rendering.ViewContext>
7a5abe3b4c48      49       6,592 System.Reflection.RuntimeFieldInfo[][]
7a5ac3a68800     206       6,592 System.Collections.Generic.List<Microsoft.AspNetCore.Routing.Patterns.RoutePatternParameterPart>
7a5ac0d50c98      14       6,608 System.Collections.Generic.HashSet<System.Type>+Entry[]
7a5ac3331780     119       6,664 Microsoft.EntityFrameworkCore.Query.SqlExpressions.TableExpression
7a5ac3a85638     158       6,664 Microsoft.AspNetCore.Mvc.Abstractions.ParameterDescriptor[]
7a5ac1635be0      27       6,696 Microsoft.EntityFrameworkCore.Storage.IntTypeMapping
7a5abe38d0c8     168       6,720 System.Reflection.CerHashtable<System.String, System.Reflection.RuntimePropertyInfo[]>+Table
7a5ac453f078      95       6,840 System.Threading.Tasks.Task<Microsoft.AspNetCore.Mvc.Razor.Compilation.CompiledViewDescriptor>
7a5ac68f5dc0      95       6,840 System.Net.Http.Headers.KnownHeader
7a5ac17357d0      66       6,864 Microsoft.EntityFrameworkCore.Metadata.Internal.Index
7a5ac0a65ca8     287       6,888 Serilog.Parsing.TextToken
7a5ac1df81f8      16       6,912 System.Collections.Generic.Dictionary<System.Type, System.Reflection.MethodInfo>+Entry[]
7a5ac35013f8     108       6,912 System.Func<Microsoft.EntityFrameworkCore.ChangeTracking.Internal.InternalEntityEntry, System.Boolean>
7a5ac3f78368      24       6,912 System.IO.Pipelines.Pipe
7a5ac3343c50      77       6,968 System.ValueTuple<Microsoft.EntityFrameworkCore.Query.SqlExpressions.ColumnExpression, Microsoft.EntityFrameworkCore.ChangeTracking.ValueComparer>[]
7a5ac4970410     170       7,016 Microsoft.CSharp.RuntimeBinder.Semantics.ConstVal[]
7a5ac520a240     293       7,032 Newtonsoft.Json.Serialization.ReflectionAttributeProvider
7a5ac1da35a0     220       7,040 System.Linq.Expressions.Compiler.DelegateHelpers+TypeInfo
7a5ac17763f0      88       7,040 System.ComponentModel.DataAnnotations.DisplayAttribute
7a5abdeb5d78      37       7,104 System.IO.FileInfo
7a5ac3a890d8     223       7,136 System.Collections.Generic.List<Microsoft.AspNetCore.Mvc.Filters.FilterDescriptor>
7a5ac45af468     226       7,216 Microsoft.AspNetCore.Routing.IRouteNameMetadata[]
7a5ac52377d8       4       7,264 System.Collections.Generic.Dictionary<Newtonsoft.Json.Utilities.StructMultiKey<System.Type, System.Type>, Newtonsoft.Json.Serialization.JsonContract>+Entry[]
7a5abc2d8010     308       7,392 System.DateTime
7a5ac203a658     156       7,488 System.Collections.Concurrent.ConcurrentDictionary<System.Object, Microsoft.Extensions.Caching.Memory.CacheEntry>+Node
7a5ac636f8a0     134       7,504 System.Linq.Grouping<<>f__AnonymousType131<System.Int32, System.String>, <>f__AnonymousType226<System.Int32, System.String, System.DateTime, System.String, System.String, System.Nullable<System.Int32>, System.Decimal, System.String>>
7a5ac13aab88     189       7,560 Microsoft.Extensions.Logging.LogValuesFormatter
7a5ac1e755a0      73       7,592 System.TimeZoneInfo+AdjustmentRule
7a5ac06a8d08     240       7,680 System.Collections.Generic.List<Microsoft.Extensions.DependencyModel.RuntimeAssetGroup>
7a5abe387230     322       7,728 System.Runtime.CompilerServices.NullableAttribute
7a5ac3d7ecf0     121       7,744 System.Collections.Concurrent.ConcurrentDictionary<System.Int64, Microsoft.AspNetCore.Server.Kestrel.Core.Internal.Infrastructure.ConnectionReference>+Enumerator
7a5ac3e3b070     121       7,744 System.Collections.Concurrent.ConcurrentDictionary<System.String, Microsoft.AspNetCore.Http.Connections.Internal.HttpConnectionContext>+Enumerator
7a5ac6372ec0       1       7,904 System.Collections.Generic.Dictionary<System.ValueTuple<System.Int32, System.String>, System.Decimal>+Entry[]
7a5ac1dbb830     204       8,160 System.Linq.Expressions.MethodCallExpression2
7a5ac6989b90       1       8,216 Org.BouncyCastle.Asn1.DerObjectIdentifier[]
7a5ac360bf00       2       8,240 Microsoft.AspNetCore.StaticAssets.StaticAssetDescriptor[]
7a5ac6335d88       2       8,240 ForexExchange.Models.BankAccountBalanceHistory[]
7a5ac520a5b8     209       8,360 Newtonsoft.Json.Serialization.ExpressionValueProvider
7a5ac3a1d060      61       8,504 Microsoft.Extensions.Internal.PropertyHelper[]
7a5ac334b288     152       8,512 Microsoft.EntityFrameworkCore.Query.SqlExpressions.SqlBinaryExpression
7a5ac0a680e0     233       8,528 Serilog.Parsing.MessageTemplateToken[]
7a5ac62c80b8       3       8,776 System.ValueTuple<System.String, System.DateTime, System.String, System.Nullable<System.Int32>, System.Decimal, System.String, System.String>[]
7a5ac0e001e8     110       8,800 System.Collections.Generic.Dictionary<System.Type, System.Object>
7a5ac3d58720     223       8,920 Microsoft.AspNetCore.Mvc.Routing.ControllerRequestDelegateFactory+<>c__DisplayClass12_0
7a5ac1fd3880      29       8,976 Microsoft.EntityFrameworkCore.Utilities.OrderedDictionary<System.String, Microsoft.EntityFrameworkCore.Metadata.RuntimeProperty>+Entry[]
7a5ac1fd43e8      29       8,976 Microsoft.EntityFrameworkCore.Utilities.OrderedDictionary<System.String, Microsoft.EntityFrameworkCore.Metadata.RuntimeIndex>+Entry[]
7a5ac48fc4b0     102       8,976 Microsoft.CSharp.RuntimeBinder.Semantics.TypeParameterSymbol
7a5ac516a6e0      33       8,976 Newtonsoft.Json.Serialization.JsonObjectContract
7a5ac178b600     226       9,040 Microsoft.EntityFrameworkCore.Metadata.Internal.ConventionAnnotation
7a5ac13aad88     189       9,072 System.Text.CompositeFormat
7a5abd9a74a8     190       9,120 System.Reflection.RuntimeAssembly
7a5ac0caa540     380       9,120 Serilog.Core.Enrichers.SafeAggregateEnricher
7a5ac1d1a1e8      28       9,184 Microsoft.EntityFrameworkCore.Metadata.RuntimeEntityType
7a5ac34ed9f0     144       9,216 System.Func<Microsoft.EntityFrameworkCore.ChangeTracking.Internal.InternalEntityEntry, System.Int32>
7a5ac3930b00     226       9,256 Microsoft.AspNetCore.Mvc.Abstractions.ActionDescriptor[]
7a5ac1751e20     166       9,296 System.RuntimeType+RuntimeTypeCache+MemberInfoCache<System.RuntimeType>
7a5ac33455a8      76       9,312 System.Collections.Generic.Dictionary<Microsoft.EntityFrameworkCore.Query.ProjectionMember, System.Linq.Expressions.Expression>+Entry[]
7a5ac1856ed8     294       9,408 Microsoft.EntityFrameworkCore.Metadata.Internal.InternalPropertyBuilder
7a5abe3a3658     108       9,424 System.UInt32[]
7a5ac062f998     148       9,472 System.IO.Strategies.UnixFileStreamStrategy
7a5abe3b36c0     140       9,800 System.Reflection.RuntimeFieldInfo[]
7a5ac1da3df0      63       9,840 System.Collections.Generic.Dictionary<System.Type, System.Linq.Expressions.Compiler.DelegateHelpers+TypeInfo>+Entry[]
7a5abdedd198     154       9,856 Microsoft.Win32.SafeHandles.SafeFileHandle
7a5ac48fd048     412       9,888 Microsoft.CSharp.RuntimeBinder.Semantics.TypeArray
7a5ac3a6c020     208       9,968 Microsoft.AspNetCore.Routing.Patterns.RoutePatternParameterPart[]
7a5ac48f74e8     416       9,984 Microsoft.CSharp.RuntimeBinder.Syntax.Name
7a5abea4a938     158      10,112 System.Collections.Generic.HashSet<System.String>
7a5ac32d0920     319      10,208 System.Collections.Generic.List<Microsoft.EntityFrameworkCore.Metadata.Internal.ColumnMappingBase>
7a5ac32e2360     319      10,208 System.Collections.Generic.List<Microsoft.EntityFrameworkCore.Metadata.Internal.ColumnMapping>
7a5abd9aee18     193      10,240 System.Type[]
7a5ac35f0950     439      10,536 System.Runtime.CompilerServices.TypeForwardedFromAttribute
7a5abe380320     441      10,584 System.SerializableAttribute
7a5ac48f7590     171      10,640 Microsoft.CSharp.RuntimeBinder.Syntax.Name[]
7a5ac17089b0      28      10,752 Microsoft.EntityFrameworkCore.Metadata.Internal.EntityType
7a5ac0606040       2      10,848 System.Collections.Concurrent.ConcurrentDictionary<Microsoft.Extensions.DependencyInjection.ServiceLookup.ServiceCacheKey, Microsoft.Extensions.DependencyInjection.ServiceLookup.ServiceCallSite>+VolatileNode[]
7a5ac06063e8       2      10,848 System.Collections.Concurrent.ConcurrentDictionary<Microsoft.Extensions.DependencyInjection.ServiceLookup.ServiceIdentifier, System.Object>+VolatileNode[]
7a5abe387140     454      10,896 System.Runtime.CompilerServices.NullableContextAttribute
7a5ac37e0520     105      10,920 System.ComponentModel.AttributeCollection+AttributeEntry[]
7a5ac2260300     343      10,976 SQLitePCL.hook_handle
7a5abeb8acb8     344      11,008 Microsoft.AspNetCore.Routing.ContentEncodingMetadata
7a5ac37cf020     276      11,040 System.ComponentModel.AttributeCollection
7a5ac40f8928     346      11,056 Microsoft.AspNetCore.Routing.ContentEncodingMetadata[]
7a5ac0a65268     233      11,184 Serilog.Events.MessageTemplate
7a5abd837d10      36      11,256 Microsoft.Extensions.DependencyInjection.ServiceDescriptor[]
7a5ac060d5d8     202      11,312 System.Collections.Concurrent.ConcurrentDictionary<Microsoft.Extensions.DependencyInjection.ServiceLookup.ServiceIdentifier, Microsoft.Extensions.DependencyInjection.ServiceProvider+ServiceAccessor>+Node
7a5ac067b648     118      11,328 Microsoft.Extensions.DependencyModel.CompilationLibrary
7a5ac3a857a8     224      11,344 Microsoft.AspNetCore.Mvc.Filters.FilterDescriptor[]
7a5ac06a2b90     160      11,712 Microsoft.Extensions.DependencyModel.Dependency[]
7a5ac5d6d990      22      11,712 System.Collections.Generic.Dictionary<Microsoft.AspNetCore.Mvc.ModelBinding.ModelMetadata, Microsoft.AspNetCore.Mvc.ModelBinding.IModelBinder>+Entry[]
7a5abe3b0018     294      11,760 System.Reflection.CerHashtable<System.String, System.Reflection.RuntimeMethodInfo[]>+Table
7a5ac0d55d38     491      11,784 Serilog.Events.ScalarValue
7a5ac479c6e0     211      11,816 System.Collections.Concurrent.ConcurrentDictionary<Microsoft.AspNetCore.Mvc.ModelBinding.ModelBinderFactory+Key, Microsoft.AspNetCore.Mvc.ModelBinding.IModelBinder>+Node
7a5ac157bf50     297      11,880 System.Dynamic.Utils.CacheDict<System.Reflection.MethodBase, System.Reflection.ParameterInfo[]>+Entry
7a5ac520e470      51      12,048 System.Collections.Generic.Dictionary<System.String, Newtonsoft.Json.Serialization.JsonProperty>+Entry[]
7a5ac0d54fc8     380      12,160 Serilog.Extensions.Logging.SerilogLogger
7a5ac0d55ae8     380      12,160 Serilog.Core.Enrichers.FixedPropertyEnricher
7a5ac0623880     382      12,208 Serilog.Core.ILogEventEnricher[]
7a5ac50dd4a8     383      12,256 Microsoft.EntityFrameworkCore.ChangeTracking.Internal.Snapshot<System.Int32, System.Int32, System.Object>
7a5ac1feaa38     177      12,328 Microsoft.EntityFrameworkCore.Metadata.RuntimeProperty[]
7a5ac0e00868     110      12,576 System.Collections.Generic.Dictionary<System.Type, System.Object>+Entry[]
7a5ac35687b0      10      12,720 System.Collections.Generic.Dictionary<System.Int32, Microsoft.EntityFrameworkCore.ChangeTracking.Internal.InternalEntityEntry>+Entry[]
7a5ac161c0f8     161      12,880 System.Collections.Concurrent.ConcurrentDictionary<Microsoft.Extensions.DependencyInjection.ServiceLookup.ServiceCacheKey, Microsoft.Extensions.DependencyInjection.ServiceLookup.ILEmitResolverBuilder+GeneratedMethod>+Node
7a5ac33d4b88     323      12,920 Microsoft.EntityFrameworkCore.Metadata.Internal.PropertyIndexes
7a5ac1563d68      78      13,104 ForexExchange.Models.CurrencyPoolHistory
7a5ac62fc8f0      78      13,104 Microsoft.EntityFrameworkCore.ChangeTracking.Internal.Snapshot<System.Int64, System.Decimal, System.Decimal, System.DateTime, System.String, System.String, System.Nullable<System.DateTime>, System.String, System.String, System.Boolean, System.String, System.Nullable<System.Int32>, System.Decimal, System.DateTime, System.String, ForexExchange.Models.CurrencyPoolTransactionType>
7a5ac37ce510     275      13,200 System.Collections.Concurrent.ConcurrentDictionary<System.Type, System.ComponentModel.ReflectTypeDescriptionProvider+ReflectedTypeData>+Node
7a5ac067b998     120      13,440 Microsoft.Extensions.DependencyModel.RuntimeLibrary
7a5ac6950790     420      13,440 Org.BouncyCastle.Asn1.DerObjectIdentifier
7a5ac37cdf48     281      13,488 System.Collections.Concurrent.ConcurrentDictionary<System.Type, System.Object>+Node
7a5ac3286750      77      13,552 Microsoft.EntityFrameworkCore.Query.SqlExpressions.SelectExpression
7a5ac1daab08     344      13,760 System.Linq.Expressions.LogicalBinaryExpression
7a5ac35af3a0     344      13,760 Microsoft.AspNetCore.StaticAssets.StaticAssetSelector
7a5ac48fcb08       1      13,816 System.Collections.Generic.Dictionary<Microsoft.CSharp.RuntimeBinder.Semantics.SymbolStore+Key, Microsoft.CSharp.RuntimeBinder.Semantics.Symbol>+Entry[]
7a5ac491e2f0       1      13,816 System.Collections.Generic.Dictionary<Microsoft.CSharp.RuntimeBinder.Semantics.TypeArray+TypeArrayKey, Microsoft.CSharp.RuntimeBinder.Semantics.TypeArray>+Entry[]
7a5ac32d4cd8     292      14,016 System.Collections.Generic.SortedSet<Microsoft.EntityFrameworkCore.Metadata.Internal.ColumnMappingBase>
7a5ac32d9fc0     292      14,016 System.Collections.Generic.SortedSet<Microsoft.EntityFrameworkCore.Metadata.Internal.ColumnMappingBase>+Node
7a5ac32e2b48     292      14,016 System.Collections.Generic.SortedSet<Microsoft.EntityFrameworkCore.Metadata.Internal.ColumnMapping>
7a5ac32e30a8     292      14,016 System.Collections.Generic.SortedSet<Microsoft.EntityFrameworkCore.Metadata.Internal.ColumnMapping>+Node
7a5ac161c7e0     161      14,168 System.Reflection.Emit.__ExceptionInfo
7a5ac3a86fa8     446      14,272 System.Collections.Generic.List<Microsoft.AspNetCore.Mvc.Abstractions.ParameterDescriptor>
7a5ac3472e30     258      14,448 Microsoft.EntityFrameworkCore.Metadata.Internal.PropertyAccessors
7a5ac1d1e1e0     456      14,592 System.Collections.Concurrent.ConcurrentDictionary<System.String, Microsoft.EntityFrameworkCore.Infrastructure.Annotation>
7a5abe38a6a0     261      14,616 System.RuntimeType+RuntimeTypeCache+MemberInfoCache<System.Reflection.RuntimePropertyInfo>
7a5ac3a89f68     309      14,832 Microsoft.AspNetCore.Mvc.Controllers.ControllerParameterDescriptor
7a5abeedb1a0     533      15,046 System.Boolean[]
7a5ac3344930      77      15,200 Microsoft.EntityFrameworkCore.Query.SqlExpressions.ProjectionExpression[]
7a5ac1837548     101      15,352 System.Collections.Concurrent.ConcurrentDictionary<System.ValueTuple<Microsoft.EntityFrameworkCore.Storage.RelationalTypeMappingInfo, System.Type, Microsoft.EntityFrameworkCore.Storage.ValueConversion.ValueConverter, Microsoft.EntityFrameworkCore.Storage.CoreTypeMapping>, Microsoft.EntityFrameworkCore.Storage.RelationalTypeMapping>+Node
7a5ac7455618     657      15,768 System.Diagnostics.Tracing.IncrementingPollingCounterPayloadType
7a5ac0a4ea28     180      15,840 Microsoft.Extensions.DependencyInjection.ServiceLookup.IEnumerableCallSite
7a5ac068f8c0     396      15,840 Microsoft.Extensions.DependencyModel.RuntimeFile
7a5ac631fe28       2      16,432 <>f__AnonymousType223<System.Int32, System.DateTime, System.String, System.Decimal, System.String, ForexExchange.Models.PayerType, System.Nullable<System.Int32>, ForexExchange.Models.ReceiverType, System.Nullable<System.Int32>>[]
7a5ac64ab690       2      16,432 ForexExchange.Models.AccountingDocument[]
7a5ac6365890       2      16,432 <>f__AnonymousType224<System.Int32, System.DateTime, System.String, System.Decimal, System.String, System.String, ForexExchange.Models.PayerType, System.Nullable<System.Int32>, ForexExchange.Models.ReceiverType, System.Nullable<System.Int32>>[]
7a5ac18657d8     294      16,464 System.Collections.Generic.SortedSet<System.Collections.Generic.KeyValuePair<System.String, Microsoft.EntityFrameworkCore.Metadata.Internal.Property>>+Node
7a5abe3a3bb8     258      16,512 System.Reflection.InvokerEmitUtil+InvokeFunc_ObjSpanArgs
7a5ac3473cf0     258      16,512 System.Func<Microsoft.EntityFrameworkCore.Storage.ValueBuffer, System.Object>
7a5ac48f78b8     416      16,640 Microsoft.CSharp.RuntimeBinder.Syntax.NameTable+Entry
7a5ac51f7de0     347      16,656 System.Collections.Concurrent.ConcurrentDictionary<System.Object, Newtonsoft.Json.JsonConverterAttribute>+Node
7a5ac1770148     305      17,080 System.Collections.Generic.SortedSet<System.Collections.Generic.KeyValuePair<System.String, System.Reflection.FieldInfo>>+Node
7a5abe38fd28     459      17,544 System.Attribute[]
7a5ac157b6f0     552      17,664 System.Linq.Expressions.PropertyExpression
7a5ac165c458     170      17,680 Microsoft.Extensions.Caching.Memory.CacheEntry
7a5ac7441b28      75      17,824 System.Diagnostics.Tracing.DiagnosticCounter[]
7a5ac161c970     483      18,032 System.Reflection.Emit.__ExceptionInfo[]
7a5ac32a3930     292      18,688 Microsoft.EntityFrameworkCore.Metadata.Internal.ColumnMappingBase
7a5ac32a3c60     292      18,688 Microsoft.EntityFrameworkCore.Metadata.Internal.ColumnMapping
7a5abc199ac8     591      18,912 System.Collections.Generic.List<System.String>
7a5ac7469868     296      18,944 System.Collections.Concurrent.ConcurrentDictionary<System.Diagnostics.Metrics.StringSequence1, System.Collections.Concurrent.ConcurrentDictionary<System.Diagnostics.Metrics.ObjectSequence1, System.Diagnostics.Metrics.Aggregator>>+Enumerator
7a5ac7469eb8     296      18,944 System.Collections.Concurrent.ConcurrentDictionary<System.Diagnostics.Metrics.ObjectSequence1, System.Diagnostics.Metrics.Aggregator>+Enumerator
7a5ac3617ec0     475      19,000 Microsoft.AspNetCore.Routing.RouteValueDictionary
7a5ac175dce0     342      19,152 System.Collections.Generic.SortedSet<System.Collections.Generic.KeyValuePair<System.String, System.Reflection.PropertyInfo>>+Node
7a5ac3615e38     346      19,312 Microsoft.AspNetCore.StaticAssets.StaticAssetSelector[]
7a5ac15775b8     612      19,584 System.Linq.Expressions.TypedParameterExpression
7a5ac060b098     314      20,096 System.Func<Microsoft.Extensions.DependencyInjection.ServiceLookup.ServiceProviderEngineScope, System.Object>
7a5ac32d0eb0     320      20,096 Microsoft.EntityFrameworkCore.Metadata.Internal.ColumnMappingBase[]
7a5ac32e28f0     320      20,096 Microsoft.EntityFrameworkCore.Metadata.Internal.ColumnMapping[]
7a5abd664fa8     253      20,240 System.Collections.Generic.Dictionary<System.String, System.String>
7a5ac4101eb8      76      20,352 System.ValueTuple<System.String, System.Int32>[]
7a5abdf64b30      46      20,976 System.Buffers.SharedArrayPoolThreadLocalArray[]
7a5ac1ad36a0     440      21,120 System.ComponentModel.DataAnnotations.LocalizableString
7a5abe38d1e0     168      21,344 System.Reflection.RuntimePropertyInfo[][]
7a5ac13ad0c8     190      21,528 System.ValueTuple<System.String, System.Int32, System.Int32, System.String>[]
7a5ac3a67788     389      21,784 Microsoft.AspNetCore.Routing.Patterns.RoutePatternParameterPart
7a5ac37cbf90     275      22,000 System.ComponentModel.ReflectTypeDescriptionProvider+ReflectedTypeData
7a5ac457f590      42      22,512 Microsoft.AspNetCore.Mvc.ViewFeatures.Buffers.ViewBufferValue[]
7a5ac5d36b70     355      22,720 Microsoft.EntityFrameworkCore.ChangeTracking.Internal.Snapshot<System.Int32, System.Decimal, System.String, System.Int32, System.DateTime, System.String>
7a5ac3a85260     746      23,872 Microsoft.AspNetCore.Mvc.Filters.FilterDescriptor
7a5ac060f440     627      24,720 Microsoft.Extensions.DependencyInjection.ServiceLookup.ServiceCallSite[]
7a5ac06068e8       2      25,168 System.Collections.Generic.Dictionary<Microsoft.Extensions.DependencyInjection.ServiceLookup.ServiceIdentifier, Microsoft.Extensions.DependencyInjection.ServiceLookup.CallSiteFactory+ServiceDescriptorCacheItem>+Entry[]
7a5ac37c6b88     526      25,248 Microsoft.AspNetCore.Mvc.ModelBinding.ModelAttributes
7a5ac3a1cf90     529      25,392 Microsoft.Extensions.Internal.PropertyHelper
7a5ac4108808     530      25,440 Microsoft.AspNetCore.Routing.Matching.HttpMethodSingleEntryPolicyJumpTable
7a5ac20c4560     795      25,440 System.Collections.Generic.List<ForexExchange.Models.CurrencyPool>
7a5ac1d1f308     456      25,536 System.Collections.Concurrent.ConcurrentDictionary<System.String, Microsoft.EntityFrameworkCore.Infrastructure.Annotation>+Tables
7a5ac13bf1d0     355      25,560 ForexExchange.Models.CustomerBalance
7a5ac1ab2188     409      26,176 System.Func<System.String>
7a5abe38ec98     844      26,404 System.Reflection.MethodBase+InvokerArgFlags[]
7a5ac3d55bd0   1,106      26,544 Microsoft.AspNetCore.Routing.RouteEndpointBuilder+RouteDiagnosticsMetadata
7a5ac35ca2e8     425      27,200 System.Action<System.Object, System.Object>
7a5ac48fb0e8     162      27,216 Microsoft.CSharp.RuntimeBinder.Semantics.AggregateSymbol
7a5ac41050a0     688      27,520 Microsoft.AspNetCore.Routing.Matching.ContentEncodingNegotiationMatcherPolicy+ContentEncodingPolicyJumpTable
7a5ac178b708     345      27,600 System.Collections.Generic.Dictionary<System.String, Microsoft.EntityFrameworkCore.Infrastructure.Annotation>
7a5ac3474d28     432      27,648 System.Func<Microsoft.EntityFrameworkCore.ChangeTracking.Internal.InternalEntityEntry, System.String>
7a5ac1d8a348     435      27,840 System.Func<System.Object, System.Object>
7a5ac32bd488     292      28,032 Microsoft.EntityFrameworkCore.Metadata.Internal.ColumnBase<Microsoft.EntityFrameworkCore.Metadata.Internal.ColumnMappingBase>
7a5ac3604490     876      28,032 System.Collections.Generic.List<Microsoft.AspNetCore.StaticAssets.StaticAssetSelector>
7a5ac3607718     876      28,032 System.Collections.Generic.List<Microsoft.AspNetCore.StaticAssets.StaticAssetProperty>
7a5ac74677d8     876      28,032 System.SZGenericArrayEnumerator<System.Diagnostics.Metrics.Measurement<System.Int64>>
7a5abb264910   1,216      29,184 System.Object
7a5ac3a30720     332      29,216 System.Collections.Concurrent.ConcurrentDictionary<Microsoft.AspNetCore.Mvc.ModelBinding.Metadata.ModelMetadataIdentity, Microsoft.AspNetCore.Mvc.ModelBinding.Metadata.DefaultModelMetadataProvider+ModelMetadataCacheEntry>+Node
7a5ac32a3638     292      30,368 Microsoft.EntityFrameworkCore.Metadata.Internal.Column
7a5abe38ca48     543      30,408 System.RuntimeType+RuntimeTypeCache+MemberInfoCache<System.Reflection.RuntimeMethodInfo>
7a5ac48ff4b8     582      30,936 Microsoft.CSharp.RuntimeBinder.Semantics.CType[]
7a5abe3b0120     294      31,248 System.Reflection.RuntimeMethodInfo[][]
7a5ac0226fe0     856      31,536 System.Reflection.RuntimeConstructorInfo[]
7a5ac744e220   1,314      31,536 System.Diagnostics.Tracing.PollingPayloadType
7a5abd854750     247      31,584 System.Collections.Generic.Dictionary<System.String, System.String>+Entry[]
7a5ac3a39b08     247      31,616 Microsoft.AspNetCore.Mvc.ModelBinding.Metadata.DisplayMetadata
7a5ac40f79f0   1,017      32,528 Microsoft.AspNetCore.Routing.IHttpMethodMetadata[]
7a5ac32d4ba0     584      32,704 System.Collections.Generic.SortedSet<System.Collections.Generic.KeyValuePair<System.String, Microsoft.EntityFrameworkCore.Metadata.IColumnBase>>+Node
7a5ac5ec2b28       4      32,896 Microsoft.EntityFrameworkCore.Update.IReadOnlyModificationCommand[]
7a5ac3a82518     223      33,896 Microsoft.AspNetCore.Mvc.Controllers.ControllerActionDescriptor
7a5ac41086a0   1,064      34,048 Microsoft.AspNetCore.Routing.Matching.HttpMethodDictionaryPolicyJumpTable
7a5abe38a7c8     671      34,072 System.Reflection.RuntimePropertyInfo[]
7a5ac2152e18     393      34,584 <>f__AnonymousType225<System.Int32, System.Int32, System.DateTime, System.Decimal, System.Decimal, System.String, System.String, System.String>
7a5ac7459fe0     876      35,040 System.Diagnostics.Metrics.Measurement<System.Int64>[]
7a5ac3d53800     877      35,080 Microsoft.Net.Http.Headers.EntityTagHeaderValue
7a5ac1575b70     735      35,280 System.Linq.Expressions.UnaryExpression
7a5ac3d55990   1,107      35,424 Microsoft.AspNetCore.Http.EndpointMetadataCollection
7a5ac3d55ef8   1,107      35,424 System.Collections.Concurrent.ConcurrentDictionary<System.Type, System.Object[]>
7a5ac3333190   1,115      35,680 Microsoft.EntityFrameworkCore.Query.SqlExpressions.ProjectionExpression
7a5ac3a428f0     498      35,856 Microsoft.AspNetCore.Mvc.ModelBinding.Metadata.BindingMetadata
7a5ac40fd178   1,504      36,096 Microsoft.AspNetCore.Routing.Matching.HttpMethodMatcherPolicy+<>c__DisplayClass13_0
7a5ac3396000      79      36,288 System.Collections.Generic.Dictionary<Microsoft.EntityFrameworkCore.Metadata.IProperty, System.Int32>+Entry[]
7a5ac178b4b8   1,139      36,448 Microsoft.EntityFrameworkCore.Infrastructure.Annotation
7a5ac178d178     345      36,768 System.Collections.Generic.Dictionary<System.String, Microsoft.EntityFrameworkCore.Infrastructure.Annotation>+Entry[]
7a5ac358eed0       4      37,056 System.Text.Encodings.Web.OptimizedInboxTextEncoder
7a5ac40de6d0     948      37,888 System.ValueTuple<System.String, System.Int32, System.Int32>[]
7a5ac48fbfc8     183      38,064 Microsoft.CSharp.RuntimeBinder.Semantics.MethodSymbol
7a5abd856e30     476      38,080 System.Collections.Generic.Dictionary<System.Object, System.Object>
7a5ac1d1fa78     794      38,112 System.Collections.Concurrent.ConcurrentDictionary<System.String, Microsoft.EntityFrameworkCore.Infrastructure.Annotation>+Node
7a5ac060be00     720      40,320 System.Collections.Concurrent.ConcurrentDictionary<Microsoft.Extensions.DependencyInjection.ServiceLookup.ServiceIdentifier, System.Object>+Node
7a5abcdb7448     635      40,640 Microsoft.Extensions.DependencyInjection.ServiceDescriptor
7a5ac5baf9c8       3      41,032 ForexExchange.Models.CustomerBalanceHistory[]
7a5ac636eb28     134      43,976 <>f__AnonymousType226<System.Int32, System.String, System.DateTime, System.String, System.String, System.Nullable<System.Int32>, System.Decimal, System.String>[]
7a5ac4105318     688      44,032 Microsoft.AspNetCore.Routing.Matching.ContentEncodingNegotiationMatcherPolicy+ContentEncodingDestinationsLookUp
7a5ac40db220   1,378      44,080 Microsoft.AspNetCore.Routing.Matching.IEndpointSelectorPolicy[]
7a5abd851708   1,116      44,880 System.Collections.Generic.KeyValuePair<System.String, System.String>[]
7a5ac0226e00     874      48,944 System.RuntimeType+RuntimeTypeCache+MemberInfoCache<System.Reflection.RuntimeConstructorInfo>
7a5ac3615fa8     878      49,104 Microsoft.AspNetCore.StaticAssets.StaticAssetProperty[]
7a5ac4163d08       6      51,552 System.Collections.Frozen.FrozenHashTable+Bucket[]
7a5abe3b3d68     718      51,696 System.Reflection.RtFieldInfo
7a5ac3d2e1b0       6      52,432 Microsoft.AspNetCore.Http.Endpoint[]
7a5ac060e688     552      52,992 Microsoft.Extensions.DependencyInjection.ServiceLookup.ConstructorCallSite
7a5ac0e4aa48      10      53,280 System.Collections.Generic.Dictionary<Microsoft.Extensions.DependencyInjection.ServiceLookup.ServiceCacheKey, System.Object>+Entry[]
7a5ac0608470     835      53,440 System.Collections.Concurrent.ConcurrentDictionary<Microsoft.Extensions.DependencyInjection.ServiceLookup.ServiceCacheKey, Microsoft.Extensions.DependencyInjection.ServiceLookup.ServiceCallSite>+Node
7a5abe38e6f0     845      54,080 System.Reflection.InvokerEmitUtil+InvokeFunc_RefArgs
7a5ac4106790     688      55,040 System.Collections.Generic.Dictionary<System.String, System.ValueTuple<System.Int32, System.Double>>
7a5ac35aefd8     876      56,064 Microsoft.AspNetCore.StaticAssets.StaticAssetDescriptor
7a5ac36098e8   1,752      56,064 System.Collections.Generic.List<Microsoft.AspNetCore.StaticAssets.StaticAssetResponseHeader>
7a5ac35af110   1,752      56,064 Microsoft.AspNetCore.StaticAssets.StaticAssetProperty
7a5ac7458d18   1,406      56,240 System.Diagnostics.Metrics.AggregationManager+<>c__DisplayClass50_0
7a5abd8261f0      28      57,312 System.Collections.Hashtable+Bucket[]
7a5ac74554c0     657      57,816 System.Diagnostics.Tracing.IncrementingCounterPayload
7a5ac3a66950   1,102      58,016 Microsoft.AspNetCore.Routing.Patterns.RoutePatternPathSegment[]
7a5abeb8cc38   1,504      60,160 Microsoft.AspNetCore.Http.Endpoint
7a5abee68610     761      60,880 Serilog.Core.Logger
7a5ac3d556c8   1,106      61,936 Microsoft.AspNetCore.Routing.RouteEndpoint
7a5ac3d56900   1,107      61,992 System.Collections.Concurrent.ConcurrentDictionary<System.Type, System.Object[]>+Tables
7a5ac51f2600     293      63,288 Newtonsoft.Json.Serialization.JsonProperty
7a5abc0874f0   2,703      64,872 System.Int32
7a5ac13ba938     393      66,024 ForexExchange.Models.Order
7a5abe38e4d8     835      66,800 System.Reflection.MethodBaseInvoker
7a5ac41085b8   1,064      68,096 Microsoft.AspNetCore.Routing.Matching.HttpMethodDestinationsLookup
7a5ac328a7d0   1,222      68,432 Microsoft.EntityFrameworkCore.Query.SqlExpressions.ColumnExpression
7a5ac74458d8   2,146      68,672 System.Diagnostics.Metrics.LabeledAggregationStatistics
7a5ac3567e60   1,181      70,168 ForexExchange.Models.Order[]
7a5ac37c6900     526      71,536 Microsoft.AspNetCore.Mvc.ModelBinding.Metadata.DefaultMetadataDetails
7a5ac1f5f3e8     294      75,264 Microsoft.EntityFrameworkCore.Metadata.RuntimeProperty
7a5ac21b0868   2,382      76,224 System.Collections.Generic.List<ForexExchange.Models.ExchangeRate>
7a5ac6332e90      21      76,984 System.ValueTuple<System.Int32, System.String, System.DateTime, System.String, System.Nullable<System.Int32>, System.Decimal, System.String>[]
7a5ac491d210       1      77,264 System.Collections.Generic.Dictionary<Microsoft.CSharp.RuntimeBinder.Semantics.TypeTable+KeyPair<Microsoft.CSharp.RuntimeBinder.Semantics.AggregateSymbol, Microsoft.CSharp.RuntimeBinder.Semantics.TypeTable+KeyPair<Microsoft.CSharp.RuntimeBinder.Semantics.AggregateType, Microsoft.CSharp.RuntimeBinder.Semantics.TypeArray>>, Microsoft.CSharp.RuntimeBinder.Semantics.AggregateType>+Entry[]
7a5ac173f478     294      79,968 Microsoft.EntityFrameworkCore.Metadata.Internal.Property
7a5ac4107cb0     688      82,560 System.Collections.Generic.Dictionary<System.String, System.ValueTuple<System.Int32, System.Double>>+Entry[]
7a5ac3d2e468     876      84,096 Microsoft.AspNetCore.StaticAssets.StaticAssetsInvoker
7a5abe3af400   2,704      86,528 System.Reflection.Emit.GenericMethodInfo
7a5ac3a66328   3,723      89,352 Microsoft.AspNetCore.Routing.Patterns.RoutePatternPathSegment
7a5ac7458da8   1,406      89,984 System.Action<System.Diagnostics.Metrics.LabeledAggregationStatistics>
7a5ac4913a30   1,023      90,024 Microsoft.CSharp.RuntimeBinder.Semantics.AggregateType
7a5ac0c87480     595      94,472 System.Reflection.Emit.__LabelInfo[]
7a5ac13bcf80     794      95,280 ForexExchange.Models.Currency
7a5ac5e7c590       3      95,800 System.Collections.Generic.HashSet<Microsoft.EntityFrameworkCore.Update.IReadOnlyModificationCommand>+Entry[]
7a5ac36a8a38     499      95,808 Microsoft.AspNetCore.Mvc.ModelBinding.Metadata.DefaultModelBindingMessageProvider
7a5abe3ac768   4,002      96,048 System.Reflection.Emit.DynamicScope
7a5ac35679e8   3,067      98,144 System.Collections.Generic.List<ForexExchange.Models.Notification>
7a5ac213d6e8   3,067      98,144 System.Collections.Generic.List<ForexExchange.Models.BankAccount>
7a5ac2153bd8   3,068      98,176 System.Collections.Generic.List<ForexExchange.Models.CustomerBalance>
7a5abdf801b0   2,088     100,224 System.Text.StringBuilder
7a5ac15b2828   3,150     100,800 System.Runtime.CompilerServices.Closure
7a5ac746a228   2,146     103,008 System.Diagnostics.Metrics.CounterStatistics
7a5ac1617970     365     105,120 System.GCMemoryInfoData
7a5ac3a68768   1,103     105,888 Microsoft.AspNetCore.Routing.Patterns.RoutePattern
7a5ac3a67350   3,334     106,688 Microsoft.AspNetCore.Routing.Patterns.RoutePatternLiteralPart
7a5ac3a66c40   3,340     106,880 System.Collections.Generic.List<Microsoft.AspNetCore.Routing.Patterns.RoutePatternPart>
7a5ac5ec9ce8   3,457     110,624 System.Collections.Generic.List<Microsoft.EntityFrameworkCore.Update.IColumnModification>
7a5ac5e69d00   3,458     110,656 System.Collections.Generic.List<Microsoft.EntityFrameworkCore.Update.IUpdateEntry>
7a5ac7468dc8      73     112,712 System.Reflection.RuntimeAssembly[]
7a5abc1990d8   1,372     114,448 System.String[]
7a5ac2150c10   1,373     120,824 <>f__AnonymousType223<System.Int32, System.DateTime, System.String, System.Decimal, System.String, ForexExchange.Models.PayerType, System.Nullable<System.Int32>, ForexExchange.Models.ReceiverType, System.Nullable<System.Int32>>
7a5ac5bb5620       4     121,536 System.Collections.Generic.Dictionary<System.Int64, Microsoft.EntityFrameworkCore.ChangeTracking.Internal.InternalEntityEntry>+Entry[]
7a5ac37c8b98     526     130,448 Microsoft.AspNetCore.Mvc.ModelBinding.Metadata.DefaultModelMetadata
7a5ac744e0c8   1,314     136,656 System.Diagnostics.Tracing.CounterPayload
7a5ac633eb18     857     137,120 Microsoft.EntityFrameworkCore.ChangeTracking.Internal.Snapshot<System.Int64, System.Decimal, System.Decimal, System.Int32, System.DateTime, System.String, System.Nullable<System.DateTime>, System.String, System.String, System.Boolean, System.Nullable<System.Int32>, System.Decimal, System.DateTime, System.String, ForexExchange.Models.BankAccountTransactionType>
7a5abe3adb10   4,361     139,552 System.Collections.Generic.List<System.Object>
7a5abe387b10   1,374     142,896 System.Reflection.RuntimeConstructorInfo
7a5ac15646e0     857     143,976 ForexExchange.Models.BankAccountBalanceHistory
7a5ac1d1f130     456     145,920 System.Collections.Concurrent.ConcurrentDictionary<System.String, Microsoft.EntityFrameworkCore.Infrastructure.Annotation>+VolatileNode[]
7a5ac1e5c940   2,556     155,776 System.Collections.Generic.KeyValuePair<System.String, System.Object>[]
7a5ac3616118   1,754     159,216 Microsoft.AspNetCore.StaticAssets.StaticAssetResponseHeader[]
7a5ac13be120   1,062     161,424 ForexExchange.Models.BankAccount
7a5ac0e00e98   2,621     167,744 Microsoft.AspNetCore.Http.RequestDelegate
7a5ac5bb8c50   4,353     174,120 Microsoft.EntityFrameworkCore.ChangeTracking.Internal.Snapshot<System.Int64, System.Int32, System.Object>
7a5abe38df78   4,446     177,800 System.Reflection.ParameterInfo[]
7a5ac21522e0   1,866     179,136 <>f__AnonymousType224<System.Int32, System.DateTime, System.String, System.Decimal, System.String, System.String, ForexExchange.Models.PayerType, System.Nullable<System.Int32>, ForexExchange.Models.ReceiverType, System.Nullable<System.Int32>>
7a5ac21552f8   5,718     182,976 System.Collections.Generic.List<ForexExchange.Models.Order>
7a5abe388fb0   1,803     187,512 System.Reflection.RuntimePropertyInfo
7a5abe3b4ee8   5,969     191,008 System.Reflection.Emit.GenericFieldInfo
7a5abdca0e98   1,197     191,520 System.RuntimeType+RuntimeTypeCache
7a5abe3ac8f8   4,002     192,096 System.Reflection.Emit.ScopeTree
7a5abe3a8740   4,003     192,144 System.Reflection.Emit.SignatureHelper
7a5abda22368   8,025     192,600 System.RuntimeTypeHandle
7a5ac5ed4980   3,462     194,480 Microsoft.EntityFrameworkCore.Update.IColumnModification[]
7a5ac3a671d0   3,724     199,320 Microsoft.AspNetCore.Routing.Patterns.RoutePatternPart[]
7a5ac4103960   8,840     212,160 Microsoft.AspNetCore.Routing.Matching.ZeroEntryJumpTable
7a5ac585c9d8   2,312     215,200 System.Diagnostics.Tracing.EventSource+EventSourcePrimitive[]
7a5ac0c877c0     595     220,104 System.Reflection.Emit.__FixupData[]
7a5ac34b8a58   3,460     221,320 Microsoft.EntityFrameworkCore.Update.IUpdateEntry[]
7a5ac35af240   6,976     223,232 Microsoft.AspNetCore.StaticAssets.StaticAssetResponseHeader
7a5abe38cba8   1,004     233,720 System.Reflection.RuntimeMethodInfo[]
7a5ac4101c80       2     285,616 Microsoft.AspNetCore.Routing.Matching.DfaState[]
7a5abe3b07f0   4,002     288,144 System.Reflection.Emit.DynamicResolver
7a5ac2153930   3,496     307,648 <>f__AnonymousType226<System.Int32, System.String, System.DateTime, System.String, System.String, System.Nullable<System.Int32>, System.Decimal, System.String>
7a5ac13b95e0   3,067     318,968 ForexExchange.Models.Customer
7a5abe3865f0  13,866     332,784 System.RuntimeMethodHandle
7a5abc187da0   2,155     347,374 System.Char[]
7a5ac349ece0      10     351,408 System.Collections.Generic.Dictionary<System.Object, Microsoft.EntityFrameworkCore.ChangeTracking.Internal.InternalEntityEntry>+Entry[]
7a5ac3d56728   1,107     354,240 System.Collections.Concurrent.ConcurrentDictionary<System.Type, System.Object[]>+VolatileNode[]
7a5ac5e7a3e8   3,457     359,528 Microsoft.EntityFrameworkCore.Sqlite.Update.Internal.SqliteModificationCommand
7a5abe3b2920   4,013     385,248 System.RuntimeMethodInfoStub
7a5abda22648  12,017     432,416 System.RuntimeType[]
7a5abb26a160  11,569     462,760 System.RuntimeType
7a5ac1560b60   1,867     463,016 ForexExchange.Models.AccountingDocument
7a5ac1d80f30   4,839     464,544 Microsoft.EntityFrameworkCore.ChangeTracking.Internal.InternalEntityEntry
7a5abe3a42b8   4,002     512,256 System.Reflection.Emit.DynamicMethod
7a5ac40df268  10,746     515,808 System.Collections.Concurrent.ConcurrentDictionary<System.Type, System.Object[]>+Node
7a5abe3a7e08   4,002     608,304 System.Reflection.Emit.DynamicILGenerator
7a5ac5bb92d0   3,496     615,296 Microsoft.EntityFrameworkCore.ChangeTracking.Internal.Snapshot<System.Int64, System.Decimal, System.Decimal, System.DateTime, System.String, System.String, System.Int32, System.Nullable<System.DateTime>, System.String, System.String, System.Boolean, System.String, System.Nullable<System.Int32>, System.Decimal, System.DateTime, System.String, ForexExchange.Models.CustomerBalanceTransactionType>
7a5abe38de18   7,933     634,640 System.Signature
7a5ac15633b0   3,496     643,264 ForexExchange.Models.CustomerBalanceHistory
7a5abc0d8d38   9,927     649,704 System.Int32[]
7a5ac4102638   6,591     673,768 Microsoft.AspNetCore.Routing.Matching.Candidate[]
7a5abe38d838   8,878     781,264 System.Reflection.RuntimeParameterInfo
58948f01fab0   9,002     931,960 Free
7a5abc082278  12,100   1,163,568 System.Object[]
7a5ac5ed6a60  11,762   1,505,536 Microsoft.EntityFrameworkCore.Update.ColumnModification
7a5abdca2988  16,960   1,763,840 System.Reflection.RuntimeMethodInfo
7a5abc0dbe30 114,952   8,496,328 System.String
7a5abd9a8ff0  22,518 221,113,582 System.Byte[]
Total 600,085 objects, 262,168,614 bytes
> dumpheap -stat                                                                                                                                                                                     
Statistics: